::1 - - [10/Jul/2023:08:41:18 +0000] "GET /admin/auth HTTP/1.1" 200 401 "http://localhost:4200/" "Mozilla/5.0 (Macintosh; Intel Mac OS X 10_15_7) AppleWebKit/537.36 (KHTML, like Gecko) Chrome/114.0.0.0 Safari/537.36"
::1 - - [10/Jul/2023:08:41:18 +0000] "OPTIONS /admin/notification/active-devices HTTP/1.1" 204 0 "http://localhost:4200/" "Mozilla/5.0 (Macintosh; Intel Mac OS X 10_15_7) AppleWebKit/537.36 (KHTML, like Gecko) Chrome/114.0.0.0 Safari/537.36"
::1 - - [10/Jul/2023:08:41:19 +0000] "GET /admin/notification/active-devices HTTP/1.1" 304 - "http://localhost:4200/" "Mozilla/5.0 (Macintosh; Intel Mac OS X 10_15_7) AppleWebKit/537.36 (KHTML, like Gecko) Chrome/114.0.0.0 Safari/537.36"
::1 - - [10/Jul/2023:08:41:35 +0000] "OPTIONS /admin/notification/active-devices HTTP/1.1" 204 0 "http://localhost:4200/" "Mozilla/5.0 (Macintosh; Intel Mac OS X 10_15_7) AppleWebKit/537.36 (KHTML, like Gecko) Chrome/114.0.0.0 Safari/537.36"
::1 - - [10/Jul/2023:08:41:35 +0000] "GET /admin/notification/active-devices HTTP/1.1" 304 - "http://localhost:4200/" "Mozilla/5.0 (Macintosh; Intel Mac OS X 10_15_7) AppleWebKit/537.36 (KHTML, like Gecko) Chrome/114.0.0.0 Safari/537.36"
::1 - - [10/Jul/2023:08:41:44 +0000] "OPTIONS /admin/notification/active-devices HTTP/1.1" 204 0 "http://localhost:4200/" "Mozilla/5.0 (Macintosh; Intel Mac OS X 10_15_7) AppleWebKit/537.36 (KHTML, like Gecko) Chrome/114.0.0.0 Safari/537.36"
::1 - - [10/Jul/2023:08:41:45 +0000] "GET /admin/notification/active-devices HTTP/1.1" 304 - "http://localhost:4200/" "Mozilla/5.0 (Macintosh; Intel Mac OS X 10_15_7) AppleWebKit/537.36 (KHTML, like Gecko) Chrome/114.0.0.0 Safari/537.36"
::1 - - [10/Jul/2023:08:42:32 +0000] "OPTIONS /admin/notification/active-devices HTTP/1.1" 204 0 "http://localhost:4200/" "Mozilla/5.0 (Macintosh; Intel Mac OS X 10_15_7) AppleWebKit/537.36 (KHTML, like Gecko) Chrome/114.0.0.0 Safari/537.36"
::1 - - [10/Jul/2023:08:42:33 +0000] "GET /admin/notification/active-devices HTTP/1.1" 304 - "http://localhost:4200/" "Mozilla/5.0 (Macintosh; Intel Mac OS X 10_15_7) AppleWebKit/537.36 (KHTML, like Gecko) Chrome/114.0.0.0 Safari/537.36"
::1 - - [10/Jul/2023:08:42:39 +0000] "OPTIONS /admin/auth HTTP/1.1" 204 0 "http://localhost:4200/" "Mozilla/5.0 (Macintosh; Intel Mac OS X 10_15_7) AppleWebKit/537.36 (KHTML, like Gecko) Chrome/114.0.0.0 Safari/537.36"
::1 - - [10/Jul/2023:08:42:39 +0000] "GET /admin/auth HTTP/1.1" 304 - "http://localhost:4200/" "Mozilla/5.0 (Macintosh; Intel Mac OS X 10_15_7) AppleWebKit/537.36 (KHTML, like Gecko) Chrome/114.0.0.0 Safari/537.36"
::1 - - [10/Jul/2023:08:42:39 +0000] "OPTIONS /admin/notification/active-devices HTTP/1.1" 204 0 "http://localhost:4200/" "Mozilla/5.0 (Macintosh; Intel Mac OS X 10_15_7) AppleWebKit/537.36 (KHTML, like Gecko) Chrome/114.0.0.0 Safari/537.36"
::1 - - [10/Jul/2023:08:42:40 +0000] "GET /admin/notification/active-devices HTTP/1.1" 304 - "http://localhost:4200/" "Mozilla/5.0 (Macintosh; Intel Mac OS X 10_15_7) AppleWebKit/537.36 (KHTML, like Gecko) Chrome/114.0.0.0 Safari/537.36"
::1 - - [10/Jul/2023:08:43:22 +0000] "OPTIONS /admin/notification/active-devices HTTP/1.1" 204 0 "http://localhost:4200/" "Mozilla/5.0 (Macintosh; Intel Mac OS X 10_15_7) AppleWebKit/537.36 (KHTML, like Gecko) Chrome/114.0.0.0 Safari/537.36"
::1 - - [10/Jul/2023:08:43:23 +0000] "GET /admin/notification/active-devices HTTP/1.1" 304 - "http://localhost:4200/" "Mozilla/5.0 (Macintosh; Intel Mac OS X 10_15_7) AppleWebKit/537.36 (KHTML, like Gecko) Chrome/114.0.0.0 Safari/537.36"
::1 - - [10/Jul/2023:08:43:57 +0000] "OPTIONS /admin/notification/active-devices HTTP/1.1" 204 0 "http://localhost:4200/" "Mozilla/5.0 (Macintosh; Intel Mac OS X 10_15_7) AppleWebKit/537.36 (KHTML, like Gecko) Chrome/114.0.0.0 Safari/537.36"
::1 - - [10/Jul/2023:08:43:58 +0000] "GET /admin/notification/active-devices HTTP/1.1" 304 - "http://localhost:4200/" "Mozilla/5.0 (Macintosh; Intel Mac OS X 10_15_7) AppleWebKit/537.36 (KHTML, like Gecko) Chrome/114.0.0.0 Safari/537.36"
::1 - - [10/Jul/2023:08:44:20 +0000] "OPTIONS /admin/notification/active-devices HTTP/1.1" 204 0 "http://localhost:4200/" "Mozilla/5.0 (Macintosh; Intel Mac OS X 10_15_7) AppleWebKit/537.36 (KHTML, like Gecko) Chrome/114.0.0.0 Safari/537.36"
::1 - - [10/Jul/2023:08:44:20 +0000] "GET /admin/notification/active-devices HTTP/1.1" 304 - "http://localhost:4200/" "Mozilla/5.0 (Macintosh; Intel Mac OS X 10_15_7) AppleWebKit/537.36 (KHTML, like Gecko) Chrome/114.0.0.0 Safari/537.36"
::1 - - [10/Jul/2023:08:44:28 +0000] "OPTIONS /admin/notification/active-devices HTTP/1.1" 204 0 "http://localhost:4200/" "Mozilla/5.0 (Macintosh; Intel Mac OS X 10_15_7) AppleWebKit/537.36 (KHTML, like Gecko) Chrome/114.0.0.0 Safari/537.36"
::1 - - [10/Jul/2023:08:44:29 +0000] "GET /admin/notification/active-devices HTTP/1.1" 304 - "http://localhost:4200/" "Mozilla/5.0 (Macintosh; Intel Mac OS X 10_15_7) AppleWebKit/537.36 (KHTML, like Gecko) Chrome/114.0.0.0 Safari/537.36"
::1 - - [10/Jul/2023:08:44:33 +0000] "OPTIONS /admin/auth HTTP/1.1" 204 0 "http://localhost:4200/" "Mozilla/5.0 (Macintosh; Intel Mac OS X 10_15_7) AppleWebKit/537.36 (KHTML, like Gecko) Chrome/114.0.0.0 Safari/537.36"
::1 - - [10/Jul/2023:08:44:33 +0000] "GET /admin/auth HTTP/1.1" 304 - "http://localhost:4200/" "Mozilla/5.0 (Macintosh; Intel Mac OS X 10_15_7) AppleWebKit/537.36 (KHTML, like Gecko) Chrome/114.0.0.0 Safari/537.36"
::1 - - [10/Jul/2023:08:44:34 +0000] "OPTIONS /admin/notification/active-devices HTTP/1.1" 204 0 "http://localhost:4200/" "Mozilla/5.0 (Macintosh; Intel Mac OS X 10_15_7) AppleWebKit/537.36 (KHTML, like Gecko) Chrome/114.0.0.0 Safari/537.36"
::1 - - [10/Jul/2023:08:44:34 +0000] "GET /admin/notification/active-devices HTTP/1.1" 304 - "http://localhost:4200/" "Mozilla/5.0 (Macintosh; Intel Mac OS X 10_15_7) AppleWebKit/537.36 (KHTML, like Gecko) Chrome/114.0.0.0 Safari/537.36"
::1 - - [10/Jul/2023:08:44:41 +0000] "OPTIONS /admin/notification/active-devices HTTP/1.1" 204 0 "http://localhost:4200/" "Mozilla/5.0 (Macintosh; Intel Mac OS X 10_15_7) AppleWebKit/537.36 (KHTML, like Gecko) Chrome/114.0.0.0 Safari/537.36"
::1 - - [10/Jul/2023:08:44:42 +0000] "GET /admin/notification/active-devices HTTP/1.1" 304 - "http://localhost:4200/" "Mozilla/5.0 (Macintosh; Intel Mac OS X 10_15_7) AppleWebKit/537.36 (KHTML, like Gecko) Chrome/114.0.0.0 Safari/537.36"
::1 - - [10/Jul/2023:08:45:03 +0000] "OPTIONS /admin/notification/active-devices HTTP/1.1" 204 0 "http://localhost:4200/" "Mozilla/5.0 (Macintosh; Intel Mac OS X 10_15_7) AppleWebKit/537.36 (KHTML, like Gecko) Chrome/114.0.0.0 Safari/537.36"
::1 - - [10/Jul/2023:08:45:04 +0000] "GET /admin/notification/active-devices HTTP/1.1" 304 - "http://localhost:4200/" "Mozilla/5.0 (Macintosh; Intel Mac OS X 10_15_7) AppleWebKit/537.36 (KHTML, like Gecko) Chrome/114.0.0.0 Safari/537.36"
::1 - - [10/Jul/2023:10:19:18 +0000] "OPTIONS /admin/auth HTTP/1.1" 204 0 "http://localhost:4200/" "Mozilla/5.0 (Macintosh; Intel Mac OS X 10_15_7) AppleWebKit/537.36 (KHTML, like Gecko) Chrome/114.0.0.0 Safari/537.36"
::1 - - [10/Jul/2023:10:19:18 +0000] "GET /admin/auth HTTP/1.1" 401 45 "http://localhost:4200/" "Mozilla/5.0 (Macintosh; Intel Mac OS X 10_15_7) AppleWebKit/537.36 (KHTML, like Gecko) Chrome/114.0.0.0 Safari/537.36"
::1 - - [10/Jul/2023:10:19:18 +0000] "GET /admin/auth/refresh HTTP/1.1" 304 - "http://localhost:4200/" "Mozilla/5.0 (Macintosh; Intel Mac OS X 10_15_7) AppleWebKit/537.36 (KHTML, like Gecko) Chrome/114.0.0.0 Safari/537.36"
::1 - - [10/Jul/2023:10:19:20 +0000] "GET /admin/auth HTTP/1.1" 304 - "http://localhost:4200/" "Mozilla/5.0 (Macintosh; Intel Mac OS X 10_15_7) AppleWebKit/537.36 (KHTML, like Gecko) Chrome/114.0.0.0 Safari/537.36"
::1 - - [10/Jul/2023:10:19:20 +0000] "OPTIONS /admin/notification/active-devices HTTP/1.1" 204 0 "http://localhost:4200/" "Mozilla/5.0 (Macintosh; Intel Mac OS X 10_15_7) AppleWebKit/537.36 (KHTML, like Gecko) Chrome/114.0.0.0 Safari/537.36"
::1 - - [10/Jul/2023:10:19:21 +0000] "GET /admin/notification/active-devices HTTP/1.1" 200 97145 "http://localhost:4200/" "Mozilla/5.0 (Macintosh; Intel Mac OS X 10_15_7) AppleWebKit/537.36 (KHTML, like Gecko) Chrome/114.0.0.0 Safari/537.36"
::1 - - [10/Jul/2023:10:28:22 +0000] "OPTIONS /admin/notification/active-devices HTTP/1.1" 204 0 "http://localhost:4200/" "Mozilla/5.0 (Macintosh; Intel Mac OS X 10_15_7) AppleWebKit/537.36 (KHTML, like Gecko) Chrome/114.0.0.0 Safari/537.36"
::1 - - [10/Jul/2023:10:28:23 +0000] "GET /admin/notification/active-devices HTTP/1.1" 304 - "http://localhost:4200/" "Mozilla/5.0 (Macintosh; Intel Mac OS X 10_15_7) AppleWebKit/537.36 (KHTML, like Gecko) Chrome/114.0.0.0 Safari/537.36"
::1 - - [10/Jul/2023:10:28:34 +0000] "OPTIONS /admin/auth HTTP/1.1" 204 0 "http://localhost:4200/" "Mozilla/5.0 (Macintosh; Intel Mac OS X 10_15_7) AppleWebKit/537.36 (KHTML, like Gecko) Chrome/114.0.0.0 Safari/537.36"
::1 - - [10/Jul/2023:10:28:34 +0000] "GET /admin/auth HTTP/1.1" 304 - "http://localhost:4200/" "Mozilla/5.0 (Macintosh; Intel Mac OS X 10_15_7) AppleWebKit/537.36 (KHTML, like Gecko) Chrome/114.0.0.0 Safari/537.36"
::1 - - [10/Jul/2023:10:28:34 +0000] "OPTIONS /admin/notification/active-devices HTTP/1.1" 204 0 "http://localhost:4200/" "Mozilla/5.0 (Macintosh; Intel Mac OS X 10_15_7) AppleWebKit/537.36 (KHTML, like Gecko) Chrome/114.0.0.0 Safari/537.36"
::1 - - [10/Jul/2023:10:28:35 +0000] "GET /admin/notification/active-devices HTTP/1.1" 304 - "http://localhost:4200/" "Mozilla/5.0 (Macintosh; Intel Mac OS X 10_15_7) AppleWebKit/537.36 (KHTML, like Gecko) Chrome/114.0.0.0 Safari/537.36"
::ffff:192.168.29.104 - - [10/Jul/2023:10:33:02 +0000] "POST /user/ HTTP/1.1" 200 877 "-" "okhttp/4.9.2"
::ffff:192.168.29.104 - - [10/Jul/2023:10:33:02 +0000] "POST /notification/destroy-notifications/ HTTP/1.1" 200 55 "-" "okhttp/4.9.2"
::ffff:192.168.29.104 - - [10/Jul/2023:10:33:59 +0000] "POST /user HTTP/1.1" 200 652 "-" "okhttp/4.9.2"
::ffff:192.168.29.104 - - [10/Jul/2023:10:33:59 +0000] "GET /backup HTTP/1.1" 200 41 "-" "okhttp/4.9.2"
::ffff:192.168.29.104 - - [10/Jul/2023:10:34:00 +0000] "POST /notification/enable-notifications/ HTTP/1.1" 200 48 "-" "okhttp/4.9.2"
::ffff:192.168.29.104 - - [10/Jul/2023:10:34:58 +0000] "GET /user/ HTTP/1.1" 200 485 "-" "okhttp/4.9.2"
::ffff:192.168.29.104 - - [10/Jul/2023:10:34:59 +0000] "GET /backup HTTP/1.1" 304 - "-" "okhttp/4.9.2"
::1 - - [10/Jul/2023:10:35:42 +0000] "OPTIONS /admin/auth HTTP/1.1" 204 0 "http://localhost:4200/" "Mozilla/5.0 (Macintosh; Intel Mac OS X 10_15_7) AppleWebKit/537.36 (KHTML, like Gecko) Chrome/114.0.0.0 Safari/537.36"
::1 - - [10/Jul/2023:10:35:42 +0000] "GET /admin/auth HTTP/1.1" 304 - "http://localhost:4200/" "Mozilla/5.0 (Macintosh; Intel Mac OS X 10_15_7) AppleWebKit/537.36 (KHTML, like Gecko) Chrome/114.0.0.0 Safari/537.36"
::1 - - [10/Jul/2023:10:35:42 +0000] "OPTIONS /admin/notification/active-devices HTTP/1.1" 204 0 "http://localhost:4200/" "Mozilla/5.0 (Macintosh; Intel Mac OS X 10_15_7) AppleWebKit/537.36 (KHTML, like Gecko) Chrome/114.0.0.0 Safari/537.36"
::1 - - [10/Jul/2023:10:35:43 +0000] "GET /admin/notification/active-devices HTTP/1.1" 200 96696 "http://localhost:4200/" "Mozilla/5.0 (Macintosh; Intel Mac OS X 10_15_7) AppleWebKit/537.36 (KHTML, like Gecko) Chrome/114.0.0.0 Safari/537.36"
::ffff:192.168.29.104 - - [10/Jul/2023:10:37:10 +0000] "POST /user HTTP/1.1" 200 652 "-" "okhttp/4.9.2"
::ffff:192.168.29.104 - - [10/Jul/2023:10:37:10 +0000] "GET /backup HTTP/1.1" 200 41 "-" "okhttp/4.9.2"
::ffff:192.168.29.104 - - [10/Jul/2023:10:37:10 +0000] "POST /notification/enable-notifications/ HTTP/1.1" 200 48 "-" "okhttp/4.9.2"
::1 - - [10/Jul/2023:10:44:07 +0000] "OPTIONS /admin/auth HTTP/1.1" 204 0 "http://localhost:4200/" "Mozilla/5.0 (Macintosh; Intel Mac OS X 10_15_7) AppleWebKit/537.36 (KHTML, like Gecko) Chrome/114.0.0.0 Safari/537.36"
::1 - - [10/Jul/2023:10:44:07 +0000] "GET /admin/auth HTTP/1.1" 304 - "http://localhost:4200/" "Mozilla/5.0 (Macintosh; Intel Mac OS X 10_15_7) AppleWebKit/537.36 (KHTML, like Gecko) Chrome/114.0.0.0 Safari/537.36"
::1 - - [10/Jul/2023:10:44:07 +0000] "OPTIONS /admin/notification/active-devices HTTP/1.1" 204 0 "http://localhost:4200/" "Mozilla/5.0 (Macintosh; Intel Mac OS X 10_15_7) AppleWebKit/537.36 (KHTML, like Gecko) Chrome/114.0.0.0 Safari/537.36"
::1 - - [10/Jul/2023:10:44:08 +0000] "GET /admin/notification/active-devices HTTP/1.1" 200 97385 "http://localhost:4200/" "Mozilla/5.0 (Macintosh; Intel Mac OS X 10_15_7) AppleWebKit/537.36 (KHTML, like Gecko) Chrome/114.0.0.0 Safari/537.36"
::1 - - [10/Jul/2023:10:44:20 +0000] "OPTIONS /admin/notification/ HTTP/1.1" 204 0 "http://localhost:4200/" "Mozilla/5.0 (Macintosh; Intel Mac OS X 10_15_7) AppleWebKit/537.36 (KHTML, like Gecko) Chrome/114.0.0.0 Safari/537.36"
::1 - - [10/Jul/2023:10:44:20 +0000] "POST /admin/notification/ HTTP/1.1" 400 46 "http://localhost:4200/" "Mozilla/5.0 (Macintosh; Intel Mac OS X 10_15_7) AppleWebKit/537.36 (KHTML, like Gecko) Chrome/114.0.0.0 Safari/537.36"
::1 - - [10/Jul/2023:10:46:25 +0000] "OPTIONS /admin/notification/ HTTP/1.1" 204 0 "http://localhost:4200/" "Mozilla/5.0 (Macintosh; Intel Mac OS X 10_15_7) AppleWebKit/537.36 (KHTML, like Gecko) Chrome/114.0.0.0 Safari/537.36"
::1 - - [10/Jul/2023:10:46:25 +0000] "POST /admin/notification/ HTTP/1.1" 400 46 "http://localhost:4200/" "Mozilla/5.0 (Macintosh; Intel Mac OS X 10_15_7) AppleWebKit/537.36 (KHTML, like Gecko) Chrome/114.0.0.0 Safari/537.36"
::1 - - [10/Jul/2023:10:46:55 +0000] "OPTIONS /admin/notification/ HTTP/1.1" 204 0 "http://localhost:4200/" "Mozilla/5.0 (Macintosh; Intel Mac OS X 10_15_7) AppleWebKit/537.36 (KHTML, like Gecko) Chrome/114.0.0.0 Safari/537.36"
::1 - - [10/Jul/2023:10:46:55 +0000] "POST /admin/notification/ HTTP/1.1" 400 46 "http://localhost:4200/" "Mozilla/5.0 (Macintosh; Intel Mac OS X 10_15_7) AppleWebKit/537.36 (KHTML, like Gecko) Chrome/114.0.0.0 Safari/537.36"
::1 - - [10/Jul/2023:10:47:31 +0000] "OPTIONS /admin/notification/ HTTP/1.1" 204 0 "http://localhost:4200/" "Mozilla/5.0 (Macintosh; Intel Mac OS X 10_15_7) AppleWebKit/537.36 (KHTML, like Gecko) Chrome/114.0.0.0 Safari/537.36"
::1 - - [10/Jul/2023:10:47:31 +0000] "POST /admin/notification/ HTTP/1.1" 400 46 "http://localhost:4200/" "Mozilla/5.0 (Macintosh; Intel Mac OS X 10_15_7) AppleWebKit/537.36 (KHTML, like Gecko) Chrome/114.0.0.0 Safari/537.36"
::1 - - [10/Jul/2023:10:48:17 +0000] "OPTIONS /admin/notification/ HTTP/1.1" 204 0 "http://localhost:4200/" "Mozilla/5.0 (Macintosh; Intel Mac OS X 10_15_7) AppleWebKit/537.36 (KHTML, like Gecko) Chrome/114.0.0.0 Safari/537.36"
::1 - - [10/Jul/2023:10:48:17 +0000] "POST /admin/notification/ HTTP/1.1" 400 46 "http://localhost:4200/" "Mozilla/5.0 (Macintosh; Intel Mac OS X 10_15_7) AppleWebKit/537.36 (KHTML, like Gecko) Chrome/114.0.0.0 Safari/537.36"
::1 - - [10/Jul/2023:10:48:50 +0000] "OPTIONS /admin/notification/active-devices HTTP/1.1" 204 0 "http://localhost:4200/" "Mozilla/5.0 (Macintosh; Intel Mac OS X 10_15_7) AppleWebKit/537.36 (KHTML, like Gecko) Chrome/114.0.0.0 Safari/537.36"
::1 - - [10/Jul/2023:10:48:51 +0000] "GET /admin/notification/active-devices HTTP/1.1" 304 - "http://localhost:4200/" "Mozilla/5.0 (Macintosh; Intel Mac OS X 10_15_7) AppleWebKit/537.36 (KHTML, like Gecko) Chrome/114.0.0.0 Safari/537.36"
::1 - - [10/Jul/2023:10:49:00 +0000] "OPTIONS /admin/auth HTTP/1.1" 204 0 "http://localhost:4200/" "Mozilla/5.0 (Macintosh; Intel Mac OS X 10_15_7) AppleWebKit/537.36 (KHTML, like Gecko) Chrome/114.0.0.0 Safari/537.36"
::1 - - [10/Jul/2023:10:49:00 +0000] "GET /admin/auth HTTP/1.1" 304 - "http://localhost:4200/" "Mozilla/5.0 (Macintosh; Intel Mac OS X 10_15_7) AppleWebKit/537.36 (KHTML, like Gecko) Chrome/114.0.0.0 Safari/537.36"
::1 - - [10/Jul/2023:10:49:00 +0000] "OPTIONS /admin/notification/active-devices HTTP/1.1" 204 0 "http://localhost:4200/" "Mozilla/5.0 (Macintosh; Intel Mac OS X 10_15_7) AppleWebKit/537.36 (KHTML, like Gecko) Chrome/114.0.0.0 Safari/537.36"
::1 - - [10/Jul/2023:10:49:01 +0000] "GET /admin/notification/active-devices HTTP/1.1" 304 - "http://localhost:4200/" "Mozilla/5.0 (Macintosh; Intel Mac OS X 10_15_7) AppleWebKit/537.36 (KHTML, like Gecko) Chrome/114.0.0.0 Safari/537.36"
::1 - - [10/Jul/2023:10:49:12 +0000] "OPTIONS /admin/notification/ HTTP/1.1" 204 0 "http://localhost:4200/" "Mozilla/5.0 (Macintosh; Intel Mac OS X 10_15_7) AppleWebKit/537.36 (KHTML, like Gecko) Chrome/114.0.0.0 Safari/537.36"
::1 - - [10/Jul/2023:10:49:12 +0000] "POST /admin/notification/ HTTP/1.1" 400 46 "http://localhost:4200/" "Mozilla/5.0 (Macintosh; Intel Mac OS X 10_15_7) AppleWebKit/537.36 (KHTML, like Gecko) Chrome/114.0.0.0 Safari/537.36"
::1 - - [10/Jul/2023:10:49:29 +0000] "OPTIONS /admin/notification/active-devices HTTP/1.1" 204 0 "http://localhost:4200/" "Mozilla/5.0 (Macintosh; Intel Mac OS X 10_15_7) AppleWebKit/537.36 (KHTML, like Gecko) Chrome/114.0.0.0 Safari/537.36"
::1 - - [10/Jul/2023:10:49:30 +0000] "GET /admin/notification/active-devices HTTP/1.1" 304 - "http://localhost:4200/" "Mozilla/5.0 (Macintosh; Intel Mac OS X 10_15_7) AppleWebKit/537.36 (KHTML, like Gecko) Chrome/114.0.0.0 Safari/537.36"
::1 - - [10/Jul/2023:10:50:10 +0000] "OPTIONS /admin/notification/active-devices HTTP/1.1" 204 0 "http://localhost:4200/" "Mozilla/5.0 (Macintosh; Intel Mac OS X 10_15_7) AppleWebKit/537.36 (KHTML, like Gecko) Chrome/114.0.0.0 Safari/537.36"
::1 - - [10/Jul/2023:10:50:11 +0000] "GET /admin/notification/active-devices HTTP/1.1" - - "http://localhost:4200/" "Mozilla/5.0 (Macintosh; Intel Mac OS X 10_15_7) AppleWebKit/537.36 (KHTML, like Gecko) Chrome/114.0.0.0 Safari/537.36"
::1 - - [10/Jul/2023:10:50:11 +0000] "OPTIONS /admin/auth HTTP/1.1" 204 0 "http://localhost:4200/" "Mozilla/5.0 (Macintosh; Intel Mac OS X 10_15_7) AppleWebKit/537.36 (KHTML, like Gecko) Chrome/114.0.0.0 Safari/537.36"
::1 - - [10/Jul/2023:10:50:11 +0000] "GET /admin/auth HTTP/1.1" 304 - "http://localhost:4200/" "Mozilla/5.0 (Macintosh; Intel Mac OS X 10_15_7) AppleWebKit/537.36 (KHTML, like Gecko) Chrome/114.0.0.0 Safari/537.36"
::1 - - [10/Jul/2023:10:50:12 +0000] "GET /admin/notification/active-devices HTTP/1.1" 200 97385 "http://localhost:4200/" "Mozilla/5.0 (Macintosh; Intel Mac OS X 10_15_7) AppleWebKit/537.36 (KHTML, like Gecko) Chrome/114.0.0.0 Safari/537.36"
::1 - - [10/Jul/2023:10:50:19 +0000] "OPTIONS /admin/notification/ HTTP/1.1" 204 0 "http://localhost:4200/" "Mozilla/5.0 (Macintosh; Intel Mac OS X 10_15_7) AppleWebKit/537.36 (KHTML, like Gecko) Chrome/114.0.0.0 Safari/537.36"
::1 - - [10/Jul/2023:10:50:19 +0000] "POST /admin/notification/ HTTP/1.1" 400 46 "http://localhost:4200/" "Mozilla/5.0 (Macintosh; Intel Mac OS X 10_15_7) AppleWebKit/537.36 (KHTML, like Gecko) Chrome/114.0.0.0 Safari/537.36"
::1 - - [10/Jul/2023:10:52:19 +0000] "OPTIONS /admin/notification/ HTTP/1.1" 204 0 "http://localhost:4200/" "Mozilla/5.0 (Macintosh; Intel Mac OS X 10_15_7) AppleWebKit/537.36 (KHTML, like Gecko) Chrome/114.0.0.0 Safari/537.36"
::1 - - [10/Jul/2023:10:54:28 +0000] "OPTIONS /admin/notification/ HTTP/1.1" 204 0 "http://localhost:4200/" "Mozilla/5.0 (Macintosh; Intel Mac OS X 10_15_7) AppleWebKit/537.36 (KHTML, like Gecko) Chrome/114.0.0.0 Safari/537.36"
::ffff:192.168.29.104 - - [10/Jul/2023:10:54:30 +0000] "GET /public/notification/wallet.jpeg HTTP/1.1" 200 19914 "-" "Dalvik/2.1.0 (Linux; U; Android 13; sdk_gphone64_arm64 Build/TE1A.220922.012)"
::ffff:192.168.29.104 - - [10/Jul/2023:10:54:30 +0000] "GET /public/notification/daily_backup.jpeg HTTP/1.1" 200 100247 "-" "Dalvik/2.1.0 (Linux; U; Android 13; sdk_gphone64_arm64 Build/TE1A.220922.012)"
::ffff:192.168.29.104 - - [10/Jul/2023:10:56:41 +0000] "GET /user/ HTTP/1.1" 200 485 "-" "okhttp/4.9.2"
::ffff:192.168.29.104 - - [10/Jul/2023:10:56:42 +0000] "GET /backup HTTP/1.1" 304 - "-" "okhttp/4.9.2"
::1 - - [10/Jul/2023:10:56:44 +0000] "OPTIONS /admin/auth HTTP/1.1" 204 0 "http://localhost:4200/" "Mozilla/5.0 (Macintosh; Intel Mac OS X 10_15_7) AppleWebKit/537.36 (KHTML, like Gecko) Chrome/114.0.0.0 Safari/537.36"
::1 - - [10/Jul/2023:10:56:44 +0000] "GET /admin/auth HTTP/1.1" 304 - "http://localhost:4200/" "Mozilla/5.0 (Macintosh; Intel Mac OS X 10_15_7) AppleWebKit/537.36 (KHTML, like Gecko) Chrome/114.0.0.0 Safari/537.36"
::1 - - [10/Jul/2023:10:56:44 +0000] "OPTIONS /admin/notification/active-devices HTTP/1.1" 204 0 "http://localhost:4200/" "Mozilla/5.0 (Macintosh; Intel Mac OS X 10_15_7) AppleWebKit/537.36 (KHTML, like Gecko) Chrome/114.0.0.0 Safari/537.36"
::1 - - [10/Jul/2023:10:56:45 +0000] "GET /admin/notification/active-devices HTTP/1.1" 200 97385 "http://localhost:4200/" "Mozilla/5.0 (Macintosh; Intel Mac OS X 10_15_7) AppleWebKit/537.36 (KHTML, like Gecko) Chrome/114.0.0.0 Safari/537.36"
::1 - - [10/Jul/2023:10:57:59 +0000] "OPTIONS /admin/notification/ HTTP/1.1" 204 0 "http://localhost:4200/" "Mozilla/5.0 (Macintosh; Intel Mac OS X 10_15_7) AppleWebKit/537.36 (KHTML, like Gecko) Chrome/114.0.0.0 Safari/537.36"
::ffff:192.168.29.104 - - [10/Jul/2023:10:58:00 +0000] "GET /public/notification/wallet.jpeg HTTP/1.1" 200 19914 "-" "Dalvik/2.1.0 (Linux; U; Android 13; sdk_gphone64_arm64 Build/TE1A.220922.012)"
::1 - - [10/Jul/2023:11:01:11 +0000] "OPTIONS /admin/notification/active-devices HTTP/1.1" 204 0 "http://localhost:4200/" "Mozilla/5.0 (Macintosh; Intel Mac OS X 10_15_7) AppleWebKit/537.36 (KHTML, like Gecko) Chrome/114.0.0.0 Safari/537.36"
::1 - - [10/Jul/2023:11:01:11 +0000] "GET /admin/notification/active-devices HTTP/1.1" 304 - "http://localhost:4200/" "Mozilla/5.0 (Macintosh; Intel Mac OS X 10_15_7) AppleWebKit/537.36 (KHTML, like Gecko) Chrome/114.0.0.0 Safari/537.36"
::1 - - [10/Jul/2023:11:02:23 +0000] "OPTIONS /admin/notification/active-devices HTTP/1.1" 204 0 "http://localhost:4200/" "Mozilla/5.0 (Macintosh; Intel Mac OS X 10_15_7) AppleWebKit/537.36 (KHTML, like Gecko) Chrome/114.0.0.0 Safari/537.36"
::1 - - [10/Jul/2023:11:02:24 +0000] "GET /admin/notification/active-devices HTTP/1.1" 304 - "http://localhost:4200/" "Mozilla/5.0 (Macintosh; Intel Mac OS X 10_15_7) AppleWebKit/537.36 (KHTML, like Gecko) Chrome/114.0.0.0 Safari/537.36"
::1 - - [10/Jul/2023:11:02:43 +0000] "OPTIONS /admin/notification/ HTTP/1.1" 204 0 "http://localhost:4200/" "Mozilla/5.0 (Macintosh; Intel Mac OS X 10_15_7) AppleWebKit/537.36 (KHTML, like Gecko) Chrome/114.0.0.0 Safari/537.36"
::ffff:192.168.29.104 - - [10/Jul/2023:11:02:44 +0000] "GET /public/notification/wallet.jpeg HTTP/1.1" 200 19914 "-" "Dalvik/2.1.0 (Linux; U; Android 13; sdk_gphone64_arm64 Build/TE1A.220922.012)"
::1 - - [10/Jul/2023:11:05:07 +0000] "OPTIONS /admin/notification/ HTTP/1.1" 204 0 "http://localhost:4200/" "Mozilla/5.0 (Macintosh; Intel Mac OS X 10_15_7) AppleWebKit/537.36 (KHTML, like Gecko) Chrome/114.0.0.0 Safari/537.36"
::ffff:192.168.29.104 - - [10/Jul/2023:11:05:08 +0000] "GET /public/notification/wallet.jpeg HTTP/1.1" 200 19914 "-" "Dalvik/2.1.0 (Linux; U; Android 13; sdk_gphone64_arm64 Build/TE1A.220922.012)"
::1 - - [10/Jul/2023:11:06:14 +0000] "OPTIONS /admin/notification/ HTTP/1.1" 204 0 "http://localhost:4200/" "Mozilla/5.0 (Macintosh; Intel Mac OS X 10_15_7) AppleWebKit/537.36 (KHTML, like Gecko) Chrome/114.0.0.0 Safari/537.36"
::ffff:192.168.29.104 - - [10/Jul/2023:11:06:16 +0000] "GET /public/notification/wallet.jpeg HTTP/1.1" 200 19914 "-" "Dalvik/2.1.0 (Linux; U; Android 13; sdk_gphone64_arm64 Build/TE1A.220922.012)"
::1 - - [10/Jul/2023:11:07:37 +0000] "OPTIONS /admin/notification/ HTTP/1.1" 204 0 "http://localhost:4200/" "Mozilla/5.0 (Macintosh; Intel Mac OS X 10_15_7) AppleWebKit/537.36 (KHTML, like Gecko) Chrome/114.0.0.0 Safari/537.36"
::ffff:192.168.29.104 - - [10/Jul/2023:11:07:38 +0000] "GET /public/notification/wallet.jpeg HTTP/1.1" 200 19914 "-" "Dalvik/2.1.0 (Linux; U; Android 13; sdk_gphone64_arm64 Build/TE1A.220922.012)"
::1 - - [10/Jul/2023:11:09:39 +0000] "OPTIONS /admin/notification/ HTTP/1.1" 204 0 "http://localhost:4200/" "Mozilla/5.0 (Macintosh; Intel Mac OS X 10_15_7) AppleWebKit/537.36 (KHTML, like Gecko) Chrome/114.0.0.0 Safari/537.36"
::ffff:192.168.29.104 - - [10/Jul/2023:11:09:40 +0000] "GET /public/notification/wallet.jpeg HTTP/1.1" 200 19914 "-" "Dalvik/2.1.0 (Linux; U; Android 13; sdk_gphone64_arm64 Build/TE1A.220922.012)"
::1 - - [10/Jul/2023:11:10:21 +0000] "OPTIONS /admin/notification/ HTTP/1.1" 204 0 "http://localhost:4200/" "Mozilla/5.0 (Macintosh; Intel Mac OS X 10_15_7) AppleWebKit/537.36 (KHTML, like Gecko) Chrome/114.0.0.0 Safari/537.36"
::ffff:192.168.29.104 - - [10/Jul/2023:11:10:22 +0000] "GET /public/notification/wallet.jpeg HTTP/1.1" 200 19914 "-" "Dalvik/2.1.0 (Linux; U; Android 13; sdk_gphone64_arm64 Build/TE1A.220922.012)"
::1 - - [10/Jul/2023:11:11:19 +0000] "OPTIONS /admin/notification/ HTTP/1.1" 204 0 "http://localhost:4200/" "Mozilla/5.0 (Macintosh; Intel Mac OS X 10_15_7) AppleWebKit/537.36 (KHTML, like Gecko) Chrome/114.0.0.0 Safari/537.36"
::ffff:192.168.29.104 - - [10/Jul/2023:11:11:20 +0000] "GET /public/notification/wallet.jpeg HTTP/1.1" 200 19914 "-" "Dalvik/2.1.0 (Linux; U; Android 13; sdk_gphone64_arm64 Build/TE1A.220922.012)"
::1 - - [10/Jul/2023:11:12:42 +0000] "OPTIONS /admin/notification/ HTTP/1.1" 204 0 "http://localhost:4200/" "Mozilla/5.0 (Macintosh; Intel Mac OS X 10_15_7) AppleWebKit/537.36 (KHTML, like Gecko) Chrome/114.0.0.0 Safari/537.36"
::ffff:192.168.29.104 - - [10/Jul/2023:11:12:43 +0000] "GET /public/notification/wallet.jpeg HTTP/1.1" 200 19914 "-" "Dalvik/2.1.0 (Linux; U; Android 13; sdk_gphone64_arm64 Build/TE1A.220922.012)"
::1 - - [10/Jul/2023:11:12:57 +0000] "OPTIONS /admin/notification/ HTTP/1.1" 204 0 "http://localhost:4200/" "Mozilla/5.0 (Macintosh; Intel Mac OS X 10_15_7) AppleWebKit/537.36 (KHTML, like Gecko) Chrome/114.0.0.0 Safari/537.36"
::ffff:192.168.29.104 - - [10/Jul/2023:11:12:58 +0000] "GET /public/notification/wallet.jpeg HTTP/1.1" 200 19914 "-" "Dalvik/2.1.0 (Linux; U; Android 13; sdk_gphone64_arm64 Build/TE1A.220922.012)"
::1 - - [10/Jul/2023:11:19:06 +0000] "OPTIONS /admin/notification/ HTTP/1.1" 204 0 "http://localhost:4200/" "Mozilla/5.0 (Macintosh; Intel Mac OS X 10_15_7) AppleWebKit/537.36 (KHTML, like Gecko) Chrome/114.0.0.0 Safari/537.36"
::ffff:192.168.29.104 - - [10/Jul/2023:11:19:07 +0000] "GET /public/notification/wallet.jpeg HTTP/1.1" 200 19914 "-" "Dalvik/2.1.0 (Linux; U; Android 13; sdk_gphone64_arm64 Build/TE1A.220922.012)"
::1 - - [10/Jul/2023:11:19:42 +0000] "OPTIONS /admin/notification/ HTTP/1.1" 204 0 "http://localhost:4200/" "Mozilla/5.0 (Macintosh; Intel Mac OS X 10_15_7) AppleWebKit/537.36 (KHTML, like Gecko) Chrome/114.0.0.0 Safari/537.36"
::ffff:192.168.29.104 - - [10/Jul/2023:11:19:43 +0000] "GET /public/notification/wallet.jpeg HTTP/1.1" 200 19914 "-" "Dalvik/2.1.0 (Linux; U; Android 13; sdk_gphone64_arm64 Build/TE1A.220922.012)"
::1 - - [10/Jul/2023:11:19:46 +0000] "POST /admin/notification/ HTTP/1.1" 200 128 "http://localhost:4200/" "Mozilla/5.0 (Macintosh; Intel Mac OS X 10_15_7) AppleWebKit/537.36 (KHTML, like Gecko) Chrome/114.0.0.0 Safari/537.36"
::1 - - [10/Jul/2023:11:19:46 +0000] "OPTIONS /admin/notification/active-devices HTTP/1.1" 204 0 "http://localhost:4200/" "Mozilla/5.0 (Macintosh; Intel Mac OS X 10_15_7) AppleWebKit/537.36 (KHTML, like Gecko) Chrome/114.0.0.0 Safari/537.36"
::1 - - [10/Jul/2023:11:19:46 +0000] "GET /admin/notification/active-devices HTTP/1.1" 401 45 "http://localhost:4200/" "Mozilla/5.0 (Macintosh; Intel Mac OS X 10_15_7) AppleWebKit/537.36 (KHTML, like Gecko) Chrome/114.0.0.0 Safari/537.36"
::1 - - [10/Jul/2023:11:19:46 +0000] "GET /admin/auth/refresh HTTP/1.1" 304 - "http://localhost:4200/" "Mozilla/5.0 (Macintosh; Intel Mac OS X 10_15_7) AppleWebKit/537.36 (KHTML, like Gecko) Chrome/114.0.0.0 Safari/537.36"
::1 - - [10/Jul/2023:11:20:17 +0000] "OPTIONS /admin/notification/ HTTP/1.1" 204 0 "http://localhost:4200/" "Mozilla/5.0 (Macintosh; Intel Mac OS X 10_15_7) AppleWebKit/537.36 (KHTML, like Gecko) Chrome/114.0.0.0 Safari/537.36"
::ffff:192.168.29.104 - - [10/Jul/2023:11:20:18 +0000] "GET /public/notification/wallet.jpeg HTTP/1.1" 200 19914 "-" "Dalvik/2.1.0 (Linux; U; Android 13; sdk_gphone64_arm64 Build/TE1A.220922.012)"
::1 - - [10/Jul/2023:11:20:22 +0000] "POST /admin/notification/ HTTP/1.1" 200 128 "http://localhost:4200/" "Mozilla/5.0 (Macintosh; Intel Mac OS X 10_15_7) AppleWebKit/537.36 (KHTML, like Gecko) Chrome/114.0.0.0 Safari/537.36"
::1 - - [10/Jul/2023:11:20:22 +0000] "OPTIONS /admin/notification/active-devices HTTP/1.1" 204 0 "http://localhost:4200/" "Mozilla/5.0 (Macintosh; Intel Mac OS X 10_15_7) AppleWebKit/537.36 (KHTML, like Gecko) Chrome/114.0.0.0 Safari/537.36"
::1 - - [10/Jul/2023:11:20:22 +0000] "GET /admin/notification/active-devices HTTP/1.1" 304 - "http://localhost:4200/" "Mozilla/5.0 (Macintosh; Intel Mac OS X 10_15_7) AppleWebKit/537.36 (KHTML, like Gecko) Chrome/114.0.0.0 Safari/537.36"
::1 - - [10/Jul/2023:11:21:17 +0000] "OPTIONS /admin/notification/ HTTP/1.1" 204 0 "http://localhost:4200/" "Mozilla/5.0 (Macintosh; Intel Mac OS X 10_15_7) AppleWebKit/537.36 (KHTML, like Gecko) Chrome/114.0.0.0 Safari/537.36"
::ffff:192.168.29.104 - - [10/Jul/2023:11:21:18 +0000] "GET /public/notification/wallet.jpeg HTTP/1.1" 200 19914 "-" "Dalvik/2.1.0 (Linux; U; Android 13; sdk_gphone64_arm64 Build/TE1A.220922.012)"
::1 - - [10/Jul/2023:11:21:21 +0000] "POST /admin/notification/ HTTP/1.1" 200 128 "http://localhost:4200/" "Mozilla/5.0 (Macintosh; Intel Mac OS X 10_15_7) AppleWebKit/537.36 (KHTML, like Gecko) Chrome/114.0.0.0 Safari/537.36"
::1 - - [10/Jul/2023:11:21:21 +0000] "OPTIONS /admin/notification/active-devices HTTP/1.1" 204 0 "http://localhost:4200/" "Mozilla/5.0 (Macintosh; Intel Mac OS X 10_15_7) AppleWebKit/537.36 (KHTML, like Gecko) Chrome/114.0.0.0 Safari/537.36"
::1 - - [10/Jul/2023:11:21:22 +0000] "GET /admin/notification/active-devices HTTP/1.1" 304 - "http://localhost:4200/" "Mozilla/5.0 (Macintosh; Intel Mac OS X 10_15_7) AppleWebKit/537.36 (KHTML, like Gecko) Chrome/114.0.0.0 Safari/537.36"
::1 - - [10/Jul/2023:11:22:14 +0000] "OPTIONS /admin/notification/ HTTP/1.1" 204 0 "http://localhost:4200/" "Mozilla/5.0 (Macintosh; Intel Mac OS X 10_15_7) AppleWebKit/537.36 (KHTML, like Gecko) Chrome/114.0.0.0 Safari/537.36"
::ffff:192.168.29.104 - - [10/Jul/2023:11:22:15 +0000] "GET /public/notification/wallet.jpeg HTTP/1.1" 200 19914 "-" "Dalvik/2.1.0 (Linux; U; Android 13; sdk_gphone64_arm64 Build/TE1A.220922.012)"
::1 - - [10/Jul/2023:11:22:18 +0000] "POST /admin/notification/ HTTP/1.1" 200 128 "http://localhost:4200/" "Mozilla/5.0 (Macintosh; Intel Mac OS X 10_15_7) AppleWebKit/537.36 (KHTML, like Gecko) Chrome/114.0.0.0 Safari/537.36"
::1 - - [10/Jul/2023:11:22:18 +0000] "OPTIONS /admin/notification/active-devices HTTP/1.1" 204 0 "http://localhost:4200/" "Mozilla/5.0 (Macintosh; Intel Mac OS X 10_15_7) AppleWebKit/537.36 (KHTML, like Gecko) Chrome/114.0.0.0 Safari/537.36"
::1 - - [10/Jul/2023:11:22:19 +0000] "GET /admin/notification/active-devices HTTP/1.1" 304 - "http://localhost:4200/" "Mozilla/5.0 (Macintosh; Intel Mac OS X 10_15_7) AppleWebKit/537.36 (KHTML, like Gecko) Chrome/114.0.0.0 Safari/537.36"
::1 - - [10/Jul/2023:11:22:58 +0000] "OPTIONS /admin/notification/ HTTP/1.1" 204 0 "http://localhost:4200/" "Mozilla/5.0 (Macintosh; Intel Mac OS X 10_15_7) AppleWebKit/537.36 (KHTML, like Gecko) Chrome/114.0.0.0 Safari/537.36"
::ffff:192.168.29.104 - - [10/Jul/2023:11:22:59 +0000] "GET /public/notification/wallet.jpeg HTTP/1.1" 200 19914 "-" "Dalvik/2.1.0 (Linux; U; Android 13; sdk_gphone64_arm64 Build/TE1A.220922.012)"
::1 - - [10/Jul/2023:11:23:02 +0000] "POST /admin/notification/ HTTP/1.1" 200 96 "http://localhost:4200/" "Mozilla/5.0 (Macintosh; Intel Mac OS X 10_15_7) AppleWebKit/537.36 (KHTML, like Gecko) Chrome/114.0.0.0 Safari/537.36"
::1 - - [10/Jul/2023:11:23:02 +0000] "OPTIONS /admin/notification/active-devices HTTP/1.1" 204 0 "http://localhost:4200/" "Mozilla/5.0 (Macintosh; Intel Mac OS X 10_15_7) AppleWebKit/537.36 (KHTML, like Gecko) Chrome/114.0.0.0 Safari/537.36"
::1 - - [10/Jul/2023:11:23:03 +0000] "GET /admin/notification/active-devices HTTP/1.1" 304 - "http://localhost:4200/" "Mozilla/5.0 (Macintosh; Intel Mac OS X 10_15_7) AppleWebKit/537.36 (KHTML, like Gecko) Chrome/114.0.0.0 Safari/537.36"
::1 - - [10/Jul/2023:11:23:21 +0000] "OPTIONS /admin/notification/ HTTP/1.1" 204 0 "http://localhost:4200/" "Mozilla/5.0 (Macintosh; Intel Mac OS X 10_15_7) AppleWebKit/537.36 (KHTML, like Gecko) Chrome/114.0.0.0 Safari/537.36"
::ffff:192.168.29.104 - - [10/Jul/2023:11:23:22 +0000] "GET /public/notification/wallet.jpeg HTTP/1.1" 200 19914 "-" "Dalvik/2.1.0 (Linux; U; Android 13; sdk_gphone64_arm64 Build/TE1A.220922.012)"
::1 - - [10/Jul/2023:11:23:24 +0000] "POST /admin/notification/ HTTP/1.1" 200 96 "http://localhost:4200/" "Mozilla/5.0 (Macintosh; Intel Mac OS X 10_15_7) AppleWebKit/537.36 (KHTML, like Gecko) Chrome/114.0.0.0 Safari/537.36"
::1 - - [10/Jul/2023:11:23:24 +0000] "OPTIONS /admin/notification/active-devices HTTP/1.1" 204 0 "http://localhost:4200/" "Mozilla/5.0 (Macintosh; Intel Mac OS X 10_15_7) AppleWebKit/537.36 (KHTML, like Gecko) Chrome/114.0.0.0 Safari/537.36"
::1 - - [10/Jul/2023:11:23:25 +0000] "GET /admin/notification/active-devices HTTP/1.1" 304 - "http://localhost:4200/" "Mozilla/5.0 (Macintosh; Intel Mac OS X 10_15_7) AppleWebKit/537.36 (KHTML, like Gecko) Chrome/114.0.0.0 Safari/537.36"
::1 - - [10/Jul/2023:11:23:40 +0000] "OPTIONS /admin/notification/ HTTP/1.1" 204 0 "http://localhost:4200/" "Mozilla/5.0 (Macintosh; Intel Mac OS X 10_15_7) AppleWebKit/537.36 (KHTML, like Gecko) Chrome/114.0.0.0 Safari/537.36"
::ffff:192.168.29.104 - - [10/Jul/2023:11:23:41 +0000] "GET /public/notification/wallet.jpeg HTTP/1.1" 200 19914 "-" "Dalvik/2.1.0 (Linux; U; Android 13; sdk_gphone64_arm64 Build/TE1A.220922.012)"
::1 - - [10/Jul/2023:11:23:41 +0000] "POST /admin/notification/ HTTP/1.1" 200 96 "http://localhost:4200/" "Mozilla/5.0 (Macintosh; Intel Mac OS X 10_15_7) AppleWebKit/537.36 (KHTML, like Gecko) Chrome/114.0.0.0 Safari/537.36"
::1 - - [10/Jul/2023:11:23:41 +0000] "OPTIONS /admin/notification/active-devices HTTP/1.1" 204 0 "http://localhost:4200/" "Mozilla/5.0 (Macintosh; Intel Mac OS X 10_15_7) AppleWebKit/537.36 (KHTML, like Gecko) Chrome/114.0.0.0 Safari/537.36"
::1 - - [10/Jul/2023:11:23:42 +0000] "GET /admin/notification/active-devices HTTP/1.1" 304 - "http://localhost:4200/" "Mozilla/5.0 (Macintosh; Intel Mac OS X 10_15_7) AppleWebKit/537.36 (KHTML, like Gecko) Chrome/114.0.0.0 Safari/537.36"
::1 - - [10/Jul/2023:11:23:54 +0000] "OPTIONS /admin/notification/ HTTP/1.1" 204 0 "http://localhost:4200/" "Mozilla/5.0 (Macintosh; Intel Mac OS X 10_15_7) AppleWebKit/537.36 (KHTML, like Gecko) Chrome/114.0.0.0 Safari/537.36"
::ffff:192.168.29.104 - - [10/Jul/2023:11:23:55 +0000] "GET /public/notification/wallet.jpeg HTTP/1.1" 200 19914 "-" "Dalvik/2.1.0 (Linux; U; Android 13; sdk_gphone64_arm64 Build/TE1A.220922.012)"
::1 - - [10/Jul/2023:11:23:55 +0000] "POST /admin/notification/ HTTP/1.1" 200 96 "http://localhost:4200/" "Mozilla/5.0 (Macintosh; Intel Mac OS X 10_15_7) AppleWebKit/537.36 (KHTML, like Gecko) Chrome/114.0.0.0 Safari/537.36"
::1 - - [10/Jul/2023:11:23:55 +0000] "OPTIONS /admin/notification/active-devices HTTP/1.1" 204 0 "http://localhost:4200/" "Mozilla/5.0 (Macintosh; Intel Mac OS X 10_15_7) AppleWebKit/537.36 (KHTML, like Gecko) Chrome/114.0.0.0 Safari/537.36"
::1 - - [10/Jul/2023:11:23:56 +0000] "GET /admin/notification/active-devices HTTP/1.1" 304 - "http://localhost:4200/" "Mozilla/5.0 (Macintosh; Intel Mac OS X 10_15_7) AppleWebKit/537.36 (KHTML, like Gecko) Chrome/114.0.0.0 Safari/537.36"
