::ffff:10.0.0.7 - - [25/Mar/2025:04:23:49 +0000] "POST /bank-account/balance/ HTTP/1.1" 200 367 "-" "expensesmanager/8 CFNetwork/1568.200.51 Darwin/24.2.0"
::1 - - [25/Mar/2025:04:23:51 +0000] "OPTIONS /admin/plaid HTTP/1.1" 204 0 "http://localhost:4200/" "Mozilla/5.0 (Macintosh; Intel Mac OS X 10_15_7) AppleWebKit/537.36 (KHTML, like Gecko) Chrome/134.0.0.0 Safari/537.36"
::1 - - [25/Mar/2025:04:23:51 +0000] "GET /admin/plaid HTTP/1.1" 200 198 "http://localhost:4200/" "Mozilla/5.0 (Macintosh; Intel Mac OS X 10_15_7) AppleWebKit/537.36 (KHTML, like Gecko) Chrome/134.0.0.0 Safari/537.36"
::1 - - [25/Mar/2025:04:23:53 +0000] "GET /admin/plaid HTTP/1.1" 304 - "http://localhost:4200/" "Mozilla/5.0 (Macintosh; Intel Mac OS X 10_15_7) AppleWebKit/537.36 (KHTML, like Gecko) Chrome/134.0.0.0 Safari/537.36"
::ffff:10.0.0.7 - - [25/Mar/2025:04:28:14 +0000] "POST /bank-account/balance/ HTTP/1.1" 200 367 "-" "expensesmanager/8 CFNetwork/1568.200.51 Darwin/24.2.0"
::ffff:10.0.0.7 - - [25/Mar/2025:04:28:29 +0000] "POST /bank-account/transactions/ HTTP/1.1" 200 18318 "-" "expensesmanager/8 CFNetwork/1568.200.51 Darwin/24.2.0"
::1 - - [25/Mar/2025:04:28:34 +0000] "OPTIONS /admin/plaid HTTP/1.1" 204 0 "http://localhost:4200/" "Mozilla/5.0 (Macintosh; Intel Mac OS X 10_15_7) AppleWebKit/537.36 (KHTML, like Gecko) Chrome/134.0.0.0 Safari/537.36"
::1 - - [25/Mar/2025:04:28:35 +0000] "GET /admin/plaid HTTP/1.1" 200 252 "http://localhost:4200/" "Mozilla/5.0 (Macintosh; Intel Mac OS X 10_15_7) AppleWebKit/537.36 (KHTML, like Gecko) Chrome/134.0.0.0 Safari/537.36"
::1 - - [25/Mar/2025:04:29:33 +0000] "OPTIONS /admin/plaid HTTP/1.1" 204 0 "http://localhost:4200/" "Mozilla/5.0 (Macintosh; Intel Mac OS X 10_15_7) AppleWebKit/537.36 (KHTML, like Gecko) Chrome/134.0.0.0 Safari/537.36"
::1 - - [25/Mar/2025:04:29:33 +0000] "GET /admin/plaid HTTP/1.1" 304 - "http://localhost:4200/" "Mozilla/5.0 (Macintosh; Intel Mac OS X 10_15_7) AppleWebKit/537.36 (KHTML, like Gecko) Chrome/134.0.0.0 Safari/537.36"
::1 - - [25/Mar/2025:04:29:39 +0000] "OPTIONS /admin/plaid HTTP/1.1" 204 0 "http://localhost:4200/" "Mozilla/5.0 (Macintosh; Intel Mac OS X 10_15_7) AppleWebKit/537.36 (KHTML, like Gecko) Chrome/134.0.0.0 Safari/537.36"
::1 - - [25/Mar/2025:04:29:39 +0000] "GET /admin/plaid HTTP/1.1" 304 - "http://localhost:4200/" "Mozilla/5.0 (Macintosh; Intel Mac OS X 10_15_7) AppleWebKit/537.36 (KHTML, like Gecko) Chrome/134.0.0.0 Safari/537.36"
::1 - - [25/Mar/2025:04:29:44 +0000] "GET /admin/plaid HTTP/1.1" 304 - "http://localhost:4200/" "Mozilla/5.0 (Macintosh; Intel Mac OS X 10_15_7) AppleWebKit/537.36 (KHTML, like Gecko) Chrome/134.0.0.0 Safari/537.36"
::1 - - [25/Mar/2025:04:34:01 +0000] "OPTIONS /admin/plaid HTTP/1.1" 204 0 "http://localhost:4200/" "Mozilla/5.0 (Macintosh; Intel Mac OS X 10_15_7) AppleWebKit/537.36 (KHTML, like Gecko) Chrome/134.0.0.0 Safari/537.36"
::1 - - [25/Mar/2025:04:34:01 +0000] "GET /admin/plaid HTTP/1.1" 304 - "http://localhost:4200/" "Mozilla/5.0 (Macintosh; Intel Mac OS X 10_15_7) AppleWebKit/537.36 (KHTML, like Gecko) Chrome/134.0.0.0 Safari/537.36"
::1 - - [25/Mar/2025:04:34:04 +0000] "GET /admin/plaid HTTP/1.1" 304 - "http://localhost:4200/" "Mozilla/5.0 (Macintosh; Intel Mac OS X 10_15_7) AppleWebKit/537.36 (KHTML, like Gecko) Chrome/134.0.0.0 Safari/537.36"
::1 - - [25/Mar/2025:04:38:03 +0000] "OPTIONS /admin/plaid HTTP/1.1" 204 0 "http://localhost:4200/" "Mozilla/5.0 (Macintosh; Intel Mac OS X 10_15_7) AppleWebKit/537.36 (KHTML, like Gecko) Chrome/134.0.0.0 Safari/537.36"
::1 - - [25/Mar/2025:04:38:03 +0000] "GET /admin/plaid HTTP/1.1" 304 - "http://localhost:4200/" "Mozilla/5.0 (Macintosh; Intel Mac OS X 10_15_7) AppleWebKit/537.36 (KHTML, like Gecko) Chrome/134.0.0.0 Safari/537.36"
::1 - - [25/Mar/2025:04:40:46 +0000] "OPTIONS /admin/plaid HTTP/1.1" 204 0 "http://localhost:4200/" "Mozilla/5.0 (Macintosh; Intel Mac OS X 10_15_7) AppleWebKit/537.36 (KHTML, like Gecko) Chrome/134.0.0.0 Safari/537.36"
::1 - - [25/Mar/2025:04:40:46 +0000] "GET /admin/plaid HTTP/1.1" 304 - "http://localhost:4200/" "Mozilla/5.0 (Macintosh; Intel Mac OS X 10_15_7) AppleWebKit/537.36 (KHTML, like Gecko) Chrome/134.0.0.0 Safari/537.36"
::ffff:10.0.0.7 - - [25/Mar/2025:04:42:21 +0000] "GET /bank-account/accounts/ HTTP/1.1" 304 - "-" "expensesmanager/8 CFNetwork/1568.200.51 Darwin/24.2.0"
::ffff:10.0.0.7 - - [25/Mar/2025:04:45:05 +0000] "GET /bank-account/accounts/ HTTP/1.1" 304 - "-" "expensesmanager/8 CFNetwork/1568.200.51 Darwin/24.2.0"
::ffff:10.0.0.7 - - [25/Mar/2025:04:45:47 +0000] "GET /bank-account/accounts/ HTTP/1.1" 304 - "-" "expensesmanager/8 CFNetwork/1568.200.51 Darwin/24.2.0"
::ffff:10.0.0.7 - - [25/Mar/2025:04:46:12 +0000] "GET /bank-account/accounts/ HTTP/1.1" 304 - "-" "expensesmanager/8 CFNetwork/1568.200.51 Darwin/24.2.0"
::ffff:10.0.0.7 - - [25/Mar/2025:04:46:33 +0000] "GET /bank-account/accounts/ HTTP/1.1" 304 - "-" "expensesmanager/8 CFNetwork/1568.200.51 Darwin/24.2.0"
::ffff:10.0.0.7 - - [25/Mar/2025:04:47:00 +0000] "GET /bank-account/accounts/ HTTP/1.1" 304 - "-" "expensesmanager/8 CFNetwork/1568.200.51 Darwin/24.2.0"
::ffff:10.0.0.7 - - [25/Mar/2025:04:47:44 +0000] "GET /bank-account/accounts/ HTTP/1.1" 304 - "-" "expensesmanager/8 CFNetwork/1568.200.51 Darwin/24.2.0"
::ffff:10.0.0.7 - - [25/Mar/2025:04:47:49 +0000] "GET /bank-account/link-token/ HTTP/1.1" 200 109 "-" "expensesmanager/8 CFNetwork/1568.200.51 Darwin/24.2.0"
::1 - - [25/Mar/2025:04:47:52 +0000] "POST /bank-account/publicTokenWebhook?uid=LW0Uhs2oTiVOWCQBct1s8wle7Jv1 HTTP/1.1" 400 36 "-" "Go-http-client/2.0"
::ffff:10.0.0.7 - - [25/Mar/2025:04:47:58 +0000] "GET /bank-account/accounts/ HTTP/1.1" 304 - "-" "expensesmanager/8 CFNetwork/1568.200.51 Darwin/24.2.0"
::ffff:10.0.0.7 - - [25/Mar/2025:04:48:01 +0000] "GET /bank-account/link-token/ HTTP/1.1" 200 109 "-" "expensesmanager/8 CFNetwork/1568.200.51 Darwin/24.2.0"
::ffff:10.0.0.7 - - [25/Mar/2025:04:48:06 +0000] "GET /bank-account/accounts/ HTTP/1.1" 304 - "-" "expensesmanager/8 CFNetwork/1568.200.51 Darwin/24.2.0"
::1 - - [25/Mar/2025:04:48:06 +0000] "POST /bank-account/publicTokenWebhook?uid=LW0Uhs2oTiVOWCQBct1s8wle7Jv1 HTTP/1.1" 400 36 "-" "Go-http-client/2.0"
::1 - - [25/Mar/2025:04:48:22 +0000] "POST /bank-account/publicTokenWebhook?uid=LW0Uhs2oTiVOWCQBct1s8wle7Jv1 HTTP/1.1" 400 36 "-" "Go-http-client/2.0"
::ffff:10.0.0.7 - - [25/Mar/2025:04:48:26 +0000] "GET /bank-account/accounts/ HTTP/1.1" 304 - "-" "expensesmanager/8 CFNetwork/1568.200.51 Darwin/24.2.0"
::1 - - [25/Mar/2025:04:48:37 +0000] "POST /bank-account/publicTokenWebhook?uid=LW0Uhs2oTiVOWCQBct1s8wle7Jv1 HTTP/1.1" 400 36 "-" "Go-http-client/2.0"
::ffff:10.0.0.7 - - [25/Mar/2025:04:48:51 +0000] "GET /bank-account/accounts/ HTTP/1.1" 304 - "-" "expensesmanager/8 CFNetwork/1568.200.51 Darwin/24.2.0"
::ffff:10.0.0.7 - - [25/Mar/2025:04:48:53 +0000] "GET /bank-account/link-token/ HTTP/1.1" 200 109 "-" "expensesmanager/8 CFNetwork/1568.200.51 Darwin/24.2.0"
::1 - - [25/Mar/2025:04:48:55 +0000] "OPTIONS /admin/plaid HTTP/1.1" 204 0 "http://localhost:4200/" "Mozilla/5.0 (Macintosh; Intel Mac OS X 10_15_7) AppleWebKit/537.36 (KHTML, like Gecko) Chrome/134.0.0.0 Safari/537.36"
::1 - - [25/Mar/2025:04:48:55 +0000] "GET /admin/plaid HTTP/1.1" 304 - "http://localhost:4200/" "Mozilla/5.0 (Macintosh; Intel Mac OS X 10_15_7) AppleWebKit/537.36 (KHTML, like Gecko) Chrome/134.0.0.0 Safari/537.36"
::1 - - [25/Mar/2025:04:49:20 +0000] "POST /bank-account/publicTokenWebhook?uid=LW0Uhs2oTiVOWCQBct1s8wle7Jv1 HTTP/1.1" 400 36 "-" "Go-http-client/2.0"
::1 - - [25/Mar/2025:04:49:24 +0000] "POST /bank-account/publicTokenWebhook?uid=LW0Uhs2oTiVOWCQBct1s8wle7Jv1 HTTP/1.1" 400 36 "-" "Go-http-client/2.0"
::1 - - [25/Mar/2025:04:49:24 +0000] "POST /bank-account/publicTokenWebhook?uid=LW0Uhs2oTiVOWCQBct1s8wle7Jv1 HTTP/1.1" 200 384 "-" "Go-http-client/2.0"
::1 - - [25/Mar/2025:04:49:26 +0000] "POST /bank-account/publicTokenWebhook?uid=LW0Uhs2oTiVOWCQBct1s8wle7Jv1 HTTP/1.1" 400 36 "-" "Go-http-client/2.0"
::1 - - [25/Mar/2025:04:49:41 +0000] "OPTIONS /admin/plaid HTTP/1.1" 204 0 "http://localhost:4200/" "Mozilla/5.0 (Macintosh; Intel Mac OS X 10_15_7) AppleWebKit/537.36 (KHTML, like Gecko) Chrome/134.0.0.0 Safari/537.36"
::1 - - [25/Mar/2025:04:49:41 +0000] "GET /admin/plaid HTTP/1.1" 200 311 "http://localhost:4200/" "Mozilla/5.0 (Macintosh; Intel Mac OS X 10_15_7) AppleWebKit/537.36 (KHTML, like Gecko) Chrome/134.0.0.0 Safari/537.36"
::1 - - [25/Mar/2025:04:49:50 +0000] "POST /bank-account/publicTokenWebhook?uid=LW0Uhs2oTiVOWCQBct1s8wle7Jv1 HTTP/1.1" 400 36 "-" "Go-http-client/2.0"
::1 - - [25/Mar/2025:04:49:54 +0000] "POST /bank-account/publicTokenWebhook?uid=LW0Uhs2oTiVOWCQBct1s8wle7Jv1 HTTP/1.1" 400 36 "-" "Go-http-client/2.0"
::1 - - [25/Mar/2025:04:49:56 +0000] "POST /bank-account/publicTokenWebhook?uid=LW0Uhs2oTiVOWCQBct1s8wle7Jv1 HTTP/1.1" 400 36 "-" "Go-http-client/2.0"
::1 - - [25/Mar/2025:04:50:23 +0000] "POST /bank-account/publicTokenWebhook?uid=LW0Uhs2oTiVOWCQBct1s8wle7Jv1 HTTP/1.1" 400 36 "-" "Go-http-client/2.0"
::1 - - [25/Mar/2025:04:50:37 +0000] "POST /bank-account/publicTokenWebhook?uid=LW0Uhs2oTiVOWCQBct1s8wle7Jv1 HTTP/1.1" 400 36 "-" "Go-http-client/2.0"
::ffff:10.0.0.7 - - [25/Mar/2025:04:50:49 +0000] "GET /bank-account/accounts/ HTTP/1.1" 200 17191 "-" "expensesmanager/8 CFNetwork/1568.200.51 Darwin/24.2.0"
::ffff:10.0.0.7 - - [25/Mar/2025:04:50:54 +0000] "POST /bank-account/unlink/ HTTP/1.1" 200 49 "-" "expensesmanager/8 CFNetwork/1568.200.51 Darwin/24.2.0"
::1 - - [25/Mar/2025:04:51:02 +0000] "OPTIONS /admin/plaid HTTP/1.1" 204 0 "http://localhost:4200/" "Mozilla/5.0 (Macintosh; Intel Mac OS X 10_15_7) AppleWebKit/537.36 (KHTML, like Gecko) Chrome/134.0.0.0 Safari/537.36"
::1 - - [25/Mar/2025:04:51:02 +0000] "GET /admin/plaid HTTP/1.1" 200 374 "http://localhost:4200/" "Mozilla/5.0 (Macintosh; Intel Mac OS X 10_15_7) AppleWebKit/537.36 (KHTML, like Gecko) Chrome/134.0.0.0 Safari/537.36"
::ffff:10.0.0.7 - - [25/Mar/2025:04:51:07 +0000] "GET /bank-account/accounts/ HTTP/1.1" 200 10876 "-" "expensesmanager/8 CFNetwork/1568.200.51 Darwin/24.2.0"
::ffff:10.0.0.7 - - [25/Mar/2025:04:51:14 +0000] "POST /notification/enable-notifications/ HTTP/1.1" 200 48 "-" "expensesmanager/8 CFNetwork/1568.200.51 Darwin/24.2.0"
::ffff:10.0.0.7 - - [25/Mar/2025:04:51:19 +0000] "GET /bank-account/accounts/ HTTP/1.1" 304 - "-" "expensesmanager/8 CFNetwork/1568.200.51 Darwin/24.2.0"
::ffff:10.0.0.7 - - [25/Mar/2025:04:51:21 +0000] "GET /bank-account/link-token/ HTTP/1.1" 200 109 "-" "expensesmanager/8 CFNetwork/1568.200.51 Darwin/24.2.0"
::1 - - [25/Mar/2025:04:51:47 +0000] "POST /bank-account/publicTokenWebhook?uid=LW0Uhs2oTiVOWCQBct1s8wle7Jv1 HTTP/1.1" 400 36 "-" "Go-http-client/2.0"
::1 - - [25/Mar/2025:04:51:50 +0000] "POST /bank-account/publicTokenWebhook?uid=LW0Uhs2oTiVOWCQBct1s8wle7Jv1 HTTP/1.1" 200 384 "-" "Go-http-client/2.0"
::1 - - [25/Mar/2025:04:51:50 +0000] "POST /bank-account/publicTokenWebhook?uid=LW0Uhs2oTiVOWCQBct1s8wle7Jv1 HTTP/1.1" 400 36 "-" "Go-http-client/2.0"
::ffff:10.0.0.7 - - [25/Mar/2025:04:51:50 +0000] "GET /bank-account/accounts/ HTTP/1.1" 200 16701 "-" "expensesmanager/8 CFNetwork/1568.200.51 Darwin/24.2.0"
::1 - - [25/Mar/2025:04:51:50 +0000] "POST /bank-account/publicTokenWebhook?uid=LW0Uhs2oTiVOWCQBct1s8wle7Jv1 HTTP/1.1" 400 36 "-" "Go-http-client/2.0"
::1 - - [25/Mar/2025:04:51:51 +0000] "POST /bank-account/publicTokenWebhook?uid=LW0Uhs2oTiVOWCQBct1s8wle7Jv1 HTTP/1.1" 400 36 "-" "Go-http-client/2.0"
::1 - - [25/Mar/2025:04:51:54 +0000] "POST /bank-account/publicTokenWebhook?uid=LW0Uhs2oTiVOWCQBct1s8wle7Jv1 HTTP/1.1" 400 36 "-" "Go-http-client/2.0"
::1 - - [25/Mar/2025:04:51:56 +0000] "POST /bank-account/publicTokenWebhook?uid=LW0Uhs2oTiVOWCQBct1s8wle7Jv1 HTTP/1.1" 400 36 "-" "Go-http-client/2.0"
::1 - - [25/Mar/2025:04:52:17 +0000] "POST /bank-account/publicTokenWebhook?uid=LW0Uhs2oTiVOWCQBct1s8wle7Jv1 HTTP/1.1" 400 36 "-" "Go-http-client/2.0"
::1 - - [25/Mar/2025:04:52:20 +0000] "POST /bank-account/publicTokenWebhook?uid=LW0Uhs2oTiVOWCQBct1s8wle7Jv1 HTTP/1.1" 400 36 "-" "Go-http-client/2.0"
::1 - - [25/Mar/2025:04:52:22 +0000] "POST /bank-account/publicTokenWebhook?uid=LW0Uhs2oTiVOWCQBct1s8wle7Jv1 HTTP/1.1" 400 36 "-" "Go-http-client/2.0"
::ffff:10.0.0.7 - - [25/Mar/2025:04:52:32 +0000] "GET /bank-account/accounts/ HTTP/1.1" 304 - "-" "expensesmanager/8 CFNetwork/1568.200.51 Darwin/24.2.0"
::ffff:10.0.0.7 - - [25/Mar/2025:04:52:39 +0000] "POST /bank-account/unlink/ HTTP/1.1" 200 49 "-" "expensesmanager/8 CFNetwork/1568.200.51 Darwin/24.2.0"
::ffff:10.0.0.7 - - [25/Mar/2025:04:52:40 +0000] "GET /bank-account/accounts/ HTTP/1.1" 200 10876 "-" "expensesmanager/8 CFNetwork/1568.200.51 Darwin/24.2.0"
::ffff:10.0.0.7 - - [25/Mar/2025:04:52:40 +0000] "GET /bank-account/accounts/ HTTP/1.1" 200 10876 "-" "expensesmanager/8 CFNetwork/1568.200.51 Darwin/24.2.0"
::ffff:10.0.0.7 - - [25/Mar/2025:04:52:43 +0000] "GET /bank-account/accounts/ HTTP/1.1" 304 - "-" "expensesmanager/8 CFNetwork/1568.200.51 Darwin/24.2.0"
::ffff:10.0.0.7 - - [25/Mar/2025:04:52:45 +0000] "GET /bank-account/accounts/ HTTP/1.1" 304 - "-" "expensesmanager/8 CFNetwork/1568.200.51 Darwin/24.2.0"
::ffff:10.0.0.7 - - [25/Mar/2025:04:52:46 +0000] "GET /bank-account/link-token/ HTTP/1.1" 200 109 "-" "expensesmanager/8 CFNetwork/1568.200.51 Darwin/24.2.0"
::1 - - [25/Mar/2025:04:53:06 +0000] "POST /bank-account/publicTokenWebhook?uid=LW0Uhs2oTiVOWCQBct1s8wle7Jv1 HTTP/1.1" 400 36 "-" "Go-http-client/2.0"
::1 - - [25/Mar/2025:04:53:10 +0000] "POST /bank-account/publicTokenWebhook?uid=LW0Uhs2oTiVOWCQBct1s8wle7Jv1 HTTP/1.1" 200 384 "-" "Go-http-client/2.0"
::1 - - [25/Mar/2025:04:53:10 +0000] "POST /bank-account/publicTokenWebhook?uid=LW0Uhs2oTiVOWCQBct1s8wle7Jv1 HTTP/1.1" 400 36 "-" "Go-http-client/2.0"
::ffff:10.0.0.7 - - [25/Mar/2025:04:53:11 +0000] "GET /bank-account/accounts/ HTTP/1.1" 200 16701 "-" "expensesmanager/8 CFNetwork/1568.200.51 Darwin/24.2.0"
::ffff:10.0.0.7 - - [25/Mar/2025:04:53:11 +0000] "GET /bank-account/accounts/ HTTP/1.1" 200 16701 "-" "expensesmanager/8 CFNetwork/1568.200.51 Darwin/24.2.0"
::ffff:10.0.0.7 - - [25/Mar/2025:04:53:11 +0000] "GET /bank-account/accounts/ HTTP/1.1" 200 16701 "-" "expensesmanager/8 CFNetwork/1568.200.51 Darwin/24.2.0"
::ffff:10.0.0.7 - - [25/Mar/2025:04:53:11 +0000] "GET /bank-account/accounts/ HTTP/1.1" 200 16701 "-" "expensesmanager/8 CFNetwork/1568.200.51 Darwin/24.2.0"
::1 - - [25/Mar/2025:04:53:12 +0000] "POST /bank-account/publicTokenWebhook?uid=LW0Uhs2oTiVOWCQBct1s8wle7Jv1 HTTP/1.1" 400 36 "-" "Go-http-client/2.0"
::ffff:10.0.0.7 - - [25/Mar/2025:04:53:23 +0000] "GET /bank-account/accounts/ HTTP/1.1" 304 - "-" "expensesmanager/8 CFNetwork/1568.200.51 Darwin/24.2.0"
::ffff:10.0.0.7 - - [25/Mar/2025:04:53:28 +0000] "GET /bank-account/accounts/ HTTP/1.1" 304 - "-" "expensesmanager/8 CFNetwork/1568.200.51 Darwin/24.2.0"
::ffff:10.0.0.7 - - [25/Mar/2025:04:53:31 +0000] "GET /bank-account/accounts/ HTTP/1.1" 304 - "-" "expensesmanager/8 CFNetwork/1568.200.51 Darwin/24.2.0"
::1 - - [25/Mar/2025:04:53:36 +0000] "POST /bank-account/publicTokenWebhook?uid=LW0Uhs2oTiVOWCQBct1s8wle7Jv1 HTTP/1.1" 400 36 "-" "Go-http-client/2.0"
::ffff:10.0.0.7 - - [25/Mar/2025:04:53:39 +0000] "GET /bank-account/accounts/ HTTP/1.1" 304 - "-" "expensesmanager/8 CFNetwork/1568.200.51 Darwin/24.2.0"
::1 - - [25/Mar/2025:04:53:40 +0000] "POST /bank-account/publicTokenWebhook?uid=LW0Uhs2oTiVOWCQBct1s8wle7Jv1 HTTP/1.1" 400 36 "-" "Go-http-client/2.0"
::1 - - [25/Mar/2025:04:53:42 +0000] "POST /bank-account/publicTokenWebhook?uid=LW0Uhs2oTiVOWCQBct1s8wle7Jv1 HTTP/1.1" 400 36 "-" "Go-http-client/2.0"
::ffff:10.0.0.7 - - [25/Mar/2025:04:53:49 +0000] "GET /bank-account/accounts/ HTTP/1.1" 304 - "-" "expensesmanager/8 CFNetwork/1568.200.51 Darwin/24.2.0"
::ffff:10.0.0.7 - - [25/Mar/2025:04:54:04 +0000] "GET /bank-account/link-token/ HTTP/1.1" 200 109 "-" "expensesmanager/8 CFNetwork/1568.200.51 Darwin/24.2.0"
::1 - - [25/Mar/2025:04:54:17 +0000] "POST /bank-account/publicTokenWebhook?uid=LW0Uhs2oTiVOWCQBct1s8wle7Jv1 HTTP/1.1" 400 36 "-" "Go-http-client/2.0"
::1 - - [25/Mar/2025:04:54:20 +0000] "POST /bank-account/publicTokenWebhook?uid=LW0Uhs2oTiVOWCQBct1s8wle7Jv1 HTTP/1.1" 400 36 "-" "Go-http-client/2.0"
::1 - - [25/Mar/2025:04:54:22 +0000] "POST /bank-account/publicTokenWebhook?uid=LW0Uhs2oTiVOWCQBct1s8wle7Jv1 HTTP/1.1" 400 36 "-" "Go-http-client/2.0"
::1 - - [25/Mar/2025:04:54:30 +0000] "POST /bank-account/publicTokenWebhook?uid=LW0Uhs2oTiVOWCQBct1s8wle7Jv1 HTTP/1.1" 400 36 "-" "Go-http-client/2.0"
::1 - - [25/Mar/2025:04:54:33 +0000] "POST /bank-account/publicTokenWebhook?uid=LW0Uhs2oTiVOWCQBct1s8wle7Jv1 HTTP/1.1" 200 544 "-" "Go-http-client/2.0"
::ffff:10.0.0.7 - - [25/Mar/2025:04:54:33 +0000] "GET /bank-account/accounts/ HTTP/1.1" 200 25979 "-" "expensesmanager/8 CFNetwork/1568.200.51 Darwin/24.2.0"
::1 - - [25/Mar/2025:04:54:33 +0000] "POST /bank-account/publicTokenWebhook?uid=LW0Uhs2oTiVOWCQBct1s8wle7Jv1 HTTP/1.1" 400 36 "-" "Go-http-client/2.0"
::1 - - [25/Mar/2025:04:54:35 +0000] "POST /bank-account/publicTokenWebhook?uid=LW0Uhs2oTiVOWCQBct1s8wle7Jv1 HTTP/1.1" 400 36 "-" "Go-http-client/2.0"
::ffff:10.0.0.7 - - [25/Mar/2025:04:54:55 +0000] "GET /bank-account/accounts/ HTTP/1.1" 304 - "-" "expensesmanager/8 CFNetwork/1568.200.51 Darwin/24.2.0"
::ffff:10.0.0.7 - - [25/Mar/2025:04:55:00 +0000] "GET /bank-account/accounts/ HTTP/1.1" 304 - "-" "expensesmanager/8 CFNetwork/1568.200.51 Darwin/24.2.0"
::1 - - [25/Mar/2025:04:55:00 +0000] "POST /bank-account/publicTokenWebhook?uid=LW0Uhs2oTiVOWCQBct1s8wle7Jv1 HTTP/1.1" 400 36 "-" "Go-http-client/2.0"
::ffff:10.0.0.7 - - [25/Mar/2025:04:55:02 +0000] "GET /bank-account/accounts/ HTTP/1.1" 304 - "-" "expensesmanager/8 CFNetwork/1568.200.51 Darwin/24.2.0"
::1 - - [25/Mar/2025:04:55:03 +0000] "POST /bank-account/publicTokenWebhook?uid=LW0Uhs2oTiVOWCQBct1s8wle7Jv1 HTTP/1.1" 400 36 "-" "Go-http-client/2.0"
::1 - - [25/Mar/2025:04:55:05 +0000] "POST /bank-account/publicTokenWebhook?uid=LW0Uhs2oTiVOWCQBct1s8wle7Jv1 HTTP/1.1" 400 36 "-" "Go-http-client/2.0"
::ffff:10.0.0.7 - - [25/Mar/2025:04:55:06 +0000] "GET /bank-account/link-token/ HTTP/1.1" 200 109 "-" "expensesmanager/8 CFNetwork/1568.200.51 Darwin/24.2.0"
::1 - - [25/Mar/2025:04:55:24 +0000] "POST /bank-account/publicTokenWebhook?uid=LW0Uhs2oTiVOWCQBct1s8wle7Jv1 HTTP/1.1" 400 36 "-" "Go-http-client/2.0"
::1 - - [25/Mar/2025:04:55:28 +0000] "POST /bank-account/publicTokenWebhook?uid=LW0Uhs2oTiVOWCQBct1s8wle7Jv1 HTTP/1.1" 200 704 "-" "Go-http-client/2.0"
::1 - - [25/Mar/2025:04:55:30 +0000] "POST /bank-account/publicTokenWebhook?uid=LW0Uhs2oTiVOWCQBct1s8wle7Jv1 HTTP/1.1" 400 36 "-" "Go-http-client/2.0"
::1 - - [25/Mar/2025:04:55:30 +0000] "POST /bank-account/publicTokenWebhook?uid=LW0Uhs2oTiVOWCQBct1s8wle7Jv1 HTTP/1.1" 400 36 "-" "Go-http-client/2.0"
::ffff:10.0.0.7 - - [25/Mar/2025:04:55:33 +0000] "GET /bank-account/accounts/ HTTP/1.1" 200 29531 "-" "expensesmanager/8 CFNetwork/1568.200.51 Darwin/24.2.0"
::1 - - [25/Mar/2025:04:55:37 +0000] "POST /bank-account/publicTokenWebhook?uid=LW0Uhs2oTiVOWCQBct1s8wle7Jv1 HTTP/1.1" 400 36 "-" "Go-http-client/2.0"
::1 - - [25/Mar/2025:04:55:40 +0000] "POST /bank-account/publicTokenWebhook?uid=LW0Uhs2oTiVOWCQBct1s8wle7Jv1 HTTP/1.1" 400 36 "-" "Go-http-client/2.0"
::ffff:10.0.0.7 - - [25/Mar/2025:04:55:41 +0000] "GET /bank-account/accounts/ HTTP/1.1" 200 29531 "-" "expensesmanager/8 CFNetwork/1568.200.51 Darwin/24.2.0"
::1 - - [25/Mar/2025:04:55:42 +0000] "POST /bank-account/publicTokenWebhook?uid=LW0Uhs2oTiVOWCQBct1s8wle7Jv1 HTTP/1.1" 400 36 "-" "Go-http-client/2.0"
::ffff:10.0.0.7 - - [25/Mar/2025:04:55:46 +0000] "GET /bank-account/link-token/ HTTP/1.1" 200 109 "-" "expensesmanager/8 CFNetwork/1568.200.51 Darwin/24.2.0"
::1 - - [25/Mar/2025:04:55:49 +0000] "POST /bank-account/publicTokenWebhook?uid=LW0Uhs2oTiVOWCQBct1s8wle7Jv1 HTTP/1.1" 400 36 "-" "Go-http-client/2.0"
::1 - - [25/Mar/2025:04:55:54 +0000] "POST /bank-account/publicTokenWebhook?uid=LW0Uhs2oTiVOWCQBct1s8wle7Jv1 HTTP/1.1" 400 36 "-" "Go-http-client/2.0"
::ffff:10.0.0.7 - - [25/Mar/2025:04:55:58 +0000] "GET /bank-account/link-token/ HTTP/1.1" 200 109 "-" "expensesmanager/8 CFNetwork/1568.200.51 Darwin/24.2.0"
::1 - - [25/Mar/2025:04:56:00 +0000] "POST /bank-account/publicTokenWebhook?uid=LW0Uhs2oTiVOWCQBct1s8wle7Jv1 HTTP/1.1" 400 36 "-" "Go-http-client/2.0"
::1 - - [25/Mar/2025:04:56:00 +0000] "POST /bank-account/publicTokenWebhook?uid=LW0Uhs2oTiVOWCQBct1s8wle7Jv1 HTTP/1.1" 400 36 "-" "Go-http-client/2.0"
::1 - - [25/Mar/2025:04:56:17 +0000] "POST /bank-account/publicTokenWebhook?uid=LW0Uhs2oTiVOWCQBct1s8wle7Jv1 HTTP/1.1" 400 36 "-" "Go-http-client/2.0"
::1 - - [25/Mar/2025:04:56:19 +0000] "POST /bank-account/publicTokenWebhook?uid=LW0Uhs2oTiVOWCQBct1s8wle7Jv1 HTTP/1.1" 400 36 "-" "Go-http-client/2.0"
::1 - - [25/Mar/2025:04:56:20 +0000] "POST /bank-account/publicTokenWebhook?uid=LW0Uhs2oTiVOWCQBct1s8wle7Jv1 HTTP/1.1" 400 36 "-" "Go-http-client/2.0"
::1 - - [25/Mar/2025:04:56:20 +0000] "POST /bank-account/publicTokenWebhook?uid=LW0Uhs2oTiVOWCQBct1s8wle7Jv1 HTTP/1.1" 200 864 "-" "Go-http-client/2.0"
::1 - - [25/Mar/2025:04:56:23 +0000] "POST /bank-account/publicTokenWebhook?uid=LW0Uhs2oTiVOWCQBct1s8wle7Jv1 HTTP/1.1" 400 36 "-" "Go-http-client/2.0"
::ffff:10.0.0.7 - - [25/Mar/2025:04:56:26 +0000] "GET /bank-account/accounts/ HTTP/1.1" 200 35846 "-" "expensesmanager/8 CFNetwork/1568.200.51 Darwin/24.2.0"
::ffff:10.0.0.7 - - [25/Mar/2025:04:56:31 +0000] "POST /bank-account/unlink/ HTTP/1.1" 200 49 "-" "expensesmanager/8 CFNetwork/1568.200.51 Darwin/24.2.0"
::ffff:10.0.0.7 - - [25/Mar/2025:04:56:32 +0000] "GET /bank-account/accounts/ HTTP/1.1" 200 32294 "-" "expensesmanager/8 CFNetwork/1568.200.51 Darwin/24.2.0"
::ffff:10.0.0.7 - - [25/Mar/2025:04:56:32 +0000] "GET /bank-account/accounts/ HTTP/1.1" 200 32294 "-" "expensesmanager/8 CFNetwork/1568.200.51 Darwin/24.2.0"
::ffff:10.0.0.7 - - [25/Mar/2025:04:56:32 +0000] "GET /bank-account/accounts/ HTTP/1.1" 200 32294 "-" "expensesmanager/8 CFNetwork/1568.200.51 Darwin/24.2.0"
::ffff:10.0.0.7 - - [25/Mar/2025:04:56:32 +0000] "GET /bank-account/accounts/ HTTP/1.1" 200 32294 "-" "expensesmanager/8 CFNetwork/1568.200.51 Darwin/24.2.0"
::ffff:10.0.0.7 - - [25/Mar/2025:04:56:32 +0000] "GET /bank-account/accounts/ HTTP/1.1" 200 32294 "-" "expensesmanager/8 CFNetwork/1568.200.51 Darwin/24.2.0"
::ffff:10.0.0.7 - - [25/Mar/2025:04:56:32 +0000] "GET /bank-account/accounts/ HTTP/1.1" 200 32294 "-" "expensesmanager/8 CFNetwork/1568.200.51 Darwin/24.2.0"
::ffff:10.0.0.7 - - [25/Mar/2025:04:56:32 +0000] "GET /bank-account/accounts/ HTTP/1.1" 200 32294 "-" "expensesmanager/8 CFNetwork/1568.200.51 Darwin/24.2.0"
::ffff:10.0.0.7 - - [25/Mar/2025:04:56:32 +0000] "GET /bank-account/accounts/ HTTP/1.1" 200 32294 "-" "expensesmanager/8 CFNetwork/1568.200.51 Darwin/24.2.0"
::ffff:10.0.0.7 - - [25/Mar/2025:04:56:32 +0000] "GET /bank-account/accounts/ HTTP/1.1" 200 32294 "-" "expensesmanager/8 CFNetwork/1568.200.51 Darwin/24.2.0"
::ffff:10.0.0.7 - - [25/Mar/2025:04:56:32 +0000] "GET /bank-account/accounts/ HTTP/1.1" 200 32294 "-" "expensesmanager/8 CFNetwork/1568.200.51 Darwin/24.2.0"
::ffff:10.0.0.7 - - [25/Mar/2025:04:56:32 +0000] "GET /bank-account/accounts/ HTTP/1.1" 200 32294 "-" "expensesmanager/8 CFNetwork/1568.200.51 Darwin/24.2.0"
::ffff:10.0.0.7 - - [25/Mar/2025:04:56:32 +0000] "GET /bank-account/accounts/ HTTP/1.1" 200 32294 "-" "expensesmanager/8 CFNetwork/1568.200.51 Darwin/24.2.0"
::ffff:10.0.0.7 - - [25/Mar/2025:04:56:33 +0000] "GET /bank-account/accounts/ HTTP/1.1" 200 32294 "-" "expensesmanager/8 CFNetwork/1568.200.51 Darwin/24.2.0"
::ffff:10.0.0.7 - - [25/Mar/2025:04:56:33 +0000] "GET /bank-account/accounts/ HTTP/1.1" 200 32294 "-" "expensesmanager/8 CFNetwork/1568.200.51 Darwin/24.2.0"
::1 - - [25/Mar/2025:04:56:47 +0000] "POST /bank-account/publicTokenWebhook?uid=LW0Uhs2oTiVOWCQBct1s8wle7Jv1 HTTP/1.1" 400 36 "-" "Go-http-client/2.0"
::1 - - [25/Mar/2025:04:56:50 +0000] "OPTIONS /admin/plaid HTTP/1.1" 204 0 "http://localhost:4200/" "Mozilla/5.0 (Macintosh; Intel Mac OS X 10_15_7) AppleWebKit/537.36 (KHTML, like Gecko) Chrome/134.0.0.0 Safari/537.36"
::1 - - [25/Mar/2025:04:56:50 +0000] "POST /bank-account/publicTokenWebhook?uid=LW0Uhs2oTiVOWCQBct1s8wle7Jv1 HTTP/1.1" 400 36 "-" "Go-http-client/2.0"
::1 - - [25/Mar/2025:04:56:51 +0000] "GET /admin/plaid HTTP/1.1" 200 374 "http://localhost:4200/" "Mozilla/5.0 (Macintosh; Intel Mac OS X 10_15_7) AppleWebKit/537.36 (KHTML, like Gecko) Chrome/134.0.0.0 Safari/537.36"
::1 - - [25/Mar/2025:04:56:53 +0000] "POST /bank-account/publicTokenWebhook?uid=LW0Uhs2oTiVOWCQBct1s8wle7Jv1 HTTP/1.1" 400 36 "-" "Go-http-client/2.0"
::1 - - [25/Mar/2025:04:57:00 +0000] "POST /bank-account/publicTokenWebhook?uid=LW0Uhs2oTiVOWCQBct1s8wle7Jv1 HTTP/1.1" 400 36 "-" "Go-http-client/2.0"
::1 - - [25/Mar/2025:04:57:03 +0000] "POST /bank-account/publicTokenWebhook?uid=LW0Uhs2oTiVOWCQBct1s8wle7Jv1 HTTP/1.1" 400 36 "-" "Go-http-client/2.0"
::1 - - [25/Mar/2025:04:57:05 +0000] "POST /bank-account/publicTokenWebhook?uid=LW0Uhs2oTiVOWCQBct1s8wle7Jv1 HTTP/1.1" 400 36 "-" "Go-http-client/2.0"
::1 - - [25/Mar/2025:04:57:54 +0000] "POST /bank-account/publicTokenWebhook?uid=LW0Uhs2oTiVOWCQBct1s8wle7Jv1 HTTP/1.1" 400 36 "-" "Go-http-client/2.0"
::1 - - [25/Mar/2025:04:58:00 +0000] "POST /bank-account/publicTokenWebhook?uid=LW0Uhs2oTiVOWCQBct1s8wle7Jv1 HTTP/1.1" 400 36 "-" "Go-http-client/2.0"
::1 - - [25/Mar/2025:04:58:00 +0000] "POST /bank-account/publicTokenWebhook?uid=LW0Uhs2oTiVOWCQBct1s8wle7Jv1 HTTP/1.1" 400 36 "-" "Go-http-client/2.0"
::1 - - [25/Mar/2025:04:58:19 +0000] "POST /bank-account/publicTokenWebhook?uid=LW0Uhs2oTiVOWCQBct1s8wle7Jv1 HTTP/1.1" 400 36 "-" "Go-http-client/2.0"
::1 - - [25/Mar/2025:04:58:23 +0000] "POST /bank-account/publicTokenWebhook?uid=LW0Uhs2oTiVOWCQBct1s8wle7Jv1 HTTP/1.1" 400 36 "-" "Go-http-client/2.0"
::1 - - [25/Mar/2025:04:58:37 +0000] "POST /bank-account/publicTokenWebhook?uid=LW0Uhs2oTiVOWCQBct1s8wle7Jv1 HTTP/1.1" 400 36 "-" "Go-http-client/2.0"
::1 - - [25/Mar/2025:04:58:47 +0000] "POST /bank-account/publicTokenWebhook?uid=LW0Uhs2oTiVOWCQBct1s8wle7Jv1 HTTP/1.1" 400 36 "-" "Go-http-client/2.0"
::1 - - [25/Mar/2025:04:58:50 +0000] "POST /bank-account/publicTokenWebhook?uid=LW0Uhs2oTiVOWCQBct1s8wle7Jv1 HTTP/1.1" 400 36 "-" "Go-http-client/2.0"
::1 - - [25/Mar/2025:04:58:53 +0000] "POST /bank-account/publicTokenWebhook?uid=LW0Uhs2oTiVOWCQBct1s8wle7Jv1 HTTP/1.1" 400 36 "-" "Go-http-client/2.0"
::1 - - [25/Mar/2025:04:59:51 +0000] "POST /bank-account/publicTokenWebhook?uid=LW0Uhs2oTiVOWCQBct1s8wle7Jv1 HTTP/1.1" 400 36 "-" "Go-http-client/2.0"
::1 - - [25/Mar/2025:04:59:54 +0000] "POST /bank-account/publicTokenWebhook?uid=LW0Uhs2oTiVOWCQBct1s8wle7Jv1 HTTP/1.1" 400 36 "-" "Go-http-client/2.0"
::1 - - [25/Mar/2025:04:59:56 +0000] "POST /bank-account/publicTokenWebhook?uid=LW0Uhs2oTiVOWCQBct1s8wle7Jv1 HTTP/1.1" 400 36 "-" "Go-http-client/2.0"
::1 - - [25/Mar/2025:05:00:08 +0000] "OPTIONS /admin/plaid HTTP/1.1" 204 0 "http://localhost:4200/" "Mozilla/5.0 (Macintosh; Intel Mac OS X 10_15_7) AppleWebKit/537.36 (KHTML, like Gecko) Chrome/134.0.0.0 Safari/537.36"
::1 - - [25/Mar/2025:05:00:09 +0000] "GET /admin/plaid HTTP/1.1" 304 - "http://localhost:4200/" "Mozilla/5.0 (Macintosh; Intel Mac OS X 10_15_7) AppleWebKit/537.36 (KHTML, like Gecko) Chrome/134.0.0.0 Safari/537.36"
::1 - - [25/Mar/2025:05:00:12 +0000] "GET /admin/plaid HTTP/1.1" 304 - "http://localhost:4200/" "Mozilla/5.0 (Macintosh; Intel Mac OS X 10_15_7) AppleWebKit/537.36 (KHTML, like Gecko) Chrome/134.0.0.0 Safari/537.36"
::1 - - [25/Mar/2025:05:00:13 +0000] "OPTIONS /admin/plaid HTTP/1.1" 204 0 "http://localhost:4200/" "Mozilla/5.0 (Macintosh; Intel Mac OS X 10_15_7) AppleWebKit/537.36 (KHTML, like Gecko) Chrome/134.0.0.0 Safari/537.36"
::1 - - [25/Mar/2025:05:00:13 +0000] "GET /admin/plaid HTTP/1.1" 304 - "http://localhost:4200/" "Mozilla/5.0 (Macintosh; Intel Mac OS X 10_15_7) AppleWebKit/537.36 (KHTML, like Gecko) Chrome/134.0.0.0 Safari/537.36"
::1 - - [25/Mar/2025:05:00:14 +0000] "GET /admin/plaid HTTP/1.1" 304 - "http://localhost:4200/" "Mozilla/5.0 (Macintosh; Intel Mac OS X 10_15_7) AppleWebKit/537.36 (KHTML, like Gecko) Chrome/134.0.0.0 Safari/537.36"
::1 - - [25/Mar/2025:05:00:15 +0000] "GET /admin/plaid HTTP/1.1" 304 - "http://localhost:4200/" "Mozilla/5.0 (Macintosh; Intel Mac OS X 10_15_7) AppleWebKit/537.36 (KHTML, like Gecko) Chrome/134.0.0.0 Safari/537.36"
::1 - - [25/Mar/2025:05:02:17 +0000] "POST /bank-account/publicTokenWebhook?uid=LW0Uhs2oTiVOWCQBct1s8wle7Jv1 HTTP/1.1" 400 36 "-" "Go-http-client/2.0"
::1 - - [25/Mar/2025:05:02:21 +0000] "POST /bank-account/publicTokenWebhook?uid=LW0Uhs2oTiVOWCQBct1s8wle7Jv1 HTTP/1.1" 400 36 "-" "Go-http-client/2.0"
::1 - - [25/Mar/2025:05:02:22 +0000] "POST /bank-account/publicTokenWebhook?uid=LW0Uhs2oTiVOWCQBct1s8wle7Jv1 HTTP/1.1" 400 36 "-" "Go-http-client/2.0"
::ffff:10.0.0.7 - - [25/Mar/2025:05:02:29 +0000] "GET /bank-account/accounts/ HTTP/1.1" 304 - "-" "expensesmanager/8 CFNetwork/1568.200.51 Darwin/24.2.0"
::ffff:10.0.0.7 - - [25/Mar/2025:05:02:54 +0000] "POST /bank-account/transactions/ HTTP/1.1" 200 18318 "-" "expensesmanager/8 CFNetwork/1568.200.51 Darwin/24.2.0"
::ffff:10.0.0.7 - - [25/Mar/2025:05:03:03 +0000] "POST /bank-account/balance/ HTTP/1.1" 200 355 "-" "expensesmanager/8 CFNetwork/1568.200.51 Darwin/24.2.0"
::ffff:10.0.0.7 - - [25/Mar/2025:05:03:07 +0000] "POST /bank-account/transactions/ HTTP/1.1" 200 2546 "-" "expensesmanager/8 CFNetwork/1568.200.51 Darwin/24.2.0"
::ffff:10.0.0.7 - - [25/Mar/2025:05:03:16 +0000] "POST /bank-account/transactions/ HTTP/1.1" 200 2546 "-" "expensesmanager/8 CFNetwork/1568.200.51 Darwin/24.2.0"
::1 - - [25/Mar/2025:05:03:37 +0000] "POST /bank-account/publicTokenWebhook?uid=LW0Uhs2oTiVOWCQBct1s8wle7Jv1 HTTP/1.1" 400 36 "-" "Go-http-client/2.0"
::1 - - [25/Mar/2025:05:03:41 +0000] "POST /bank-account/publicTokenWebhook?uid=LW0Uhs2oTiVOWCQBct1s8wle7Jv1 HTTP/1.1" 400 36 "-" "Go-http-client/2.0"
::1 - - [25/Mar/2025:05:03:42 +0000] "POST /bank-account/publicTokenWebhook?uid=LW0Uhs2oTiVOWCQBct1s8wle7Jv1 HTTP/1.1" 400 36 "-" "Go-http-client/2.0"
::ffff:10.0.0.7 - - [25/Mar/2025:05:04:01 +0000] "POST /bank-account/balance/ HTTP/1.1" 200 367 "-" "expensesmanager/8 CFNetwork/1568.200.51 Darwin/24.2.0"
::ffff:10.0.0.7 - - [25/Mar/2025:05:04:08 +0000] "POST /bank-account/unlink/ HTTP/1.1" 200 49 "-" "expensesmanager/8 CFNetwork/1568.200.51 Darwin/24.2.0"
::ffff:10.0.0.7 - - [25/Mar/2025:05:04:17 +0000] "GET /bank-account/accounts/ HTTP/1.1" 200 23016 "-" "expensesmanager/8 CFNetwork/1568.200.51 Darwin/24.2.0"
::1 - - [25/Mar/2025:05:04:30 +0000] "OPTIONS /admin/plaid HTTP/1.1" 204 0 "http://localhost:4200/" "Mozilla/5.0 (Macintosh; Intel Mac OS X 10_15_7) AppleWebKit/537.36 (KHTML, like Gecko) Chrome/134.0.0.0 Safari/537.36"
::1 - - [25/Mar/2025:05:04:30 +0000] "GET /admin/plaid HTTP/1.1" 200 673 "http://localhost:4200/" "Mozilla/5.0 (Macintosh; Intel Mac OS X 10_15_7) AppleWebKit/537.36 (KHTML, like Gecko) Chrome/134.0.0.0 Safari/537.36"
::ffff:10.0.0.7 - - [25/Mar/2025:05:04:44 +0000] "GET /bank-account/link-token/ HTTP/1.1" 200 109 "-" "expensesmanager/8 CFNetwork/1568.200.51 Darwin/24.2.0"
::1 - - [25/Mar/2025:05:05:04 +0000] "POST /bank-account/publicTokenWebhook?uid=LW0Uhs2oTiVOWCQBct1s8wle7Jv1 HTTP/1.1" 400 36 "-" "Go-http-client/2.0"
::1 - - [25/Mar/2025:05:05:04 +0000] "POST /bank-account/publicTokenWebhook?uid=LW0Uhs2oTiVOWCQBct1s8wle7Jv1 HTTP/1.1" 400 36 "-" "Go-http-client/2.0"
::1 - - [25/Mar/2025:05:05:05 +0000] "POST /bank-account/publicTokenWebhook?uid=LW0Uhs2oTiVOWCQBct1s8wle7Jv1 HTTP/1.1" 400 36 "-" "Go-http-client/2.0"
::1 - - [25/Mar/2025:05:05:08 +0000] "POST /bank-account/publicTokenWebhook?uid=LW0Uhs2oTiVOWCQBct1s8wle7Jv1 HTTP/1.1" 400 36 "-" "Go-http-client/2.0"
::1 - - [25/Mar/2025:05:05:12 +0000] "POST /bank-account/publicTokenWebhook?uid=LW0Uhs2oTiVOWCQBct1s8wle7Jv1 HTTP/1.1" 400 36 "-" "Go-http-client/2.0"
::1 - - [25/Mar/2025:05:05:12 +0000] "POST /bank-account/publicTokenWebhook?uid=LW0Uhs2oTiVOWCQBct1s8wle7Jv1 HTTP/1.1" 200 704 "-" "Go-http-client/2.0"
::ffff:10.0.0.7 - - [25/Mar/2025:05:05:13 +0000] "GET /bank-account/accounts/ HTTP/1.1" 200 26568 "-" "expensesmanager/8 CFNetwork/1568.200.51 Darwin/24.2.0"
::ffff:10.0.0.7 - - [25/Mar/2025:05:05:13 +0000] "GET /bank-account/accounts/ HTTP/1.1" 200 26568 "-" "expensesmanager/8 CFNetwork/1568.200.51 Darwin/24.2.0"
::ffff:10.0.0.7 - - [25/Mar/2025:05:05:13 +0000] "GET /bank-account/accounts/ HTTP/1.1" 200 26568 "-" "expensesmanager/8 CFNetwork/1568.200.51 Darwin/24.2.0"
::ffff:10.0.0.7 - - [25/Mar/2025:05:05:13 +0000] "GET /bank-account/accounts/ HTTP/1.1" 200 26568 "-" "expensesmanager/8 CFNetwork/1568.200.51 Darwin/24.2.0"
::ffff:10.0.0.7 - - [25/Mar/2025:05:05:13 +0000] "GET /bank-account/accounts/ HTTP/1.1" 200 26568 "-" "expensesmanager/8 CFNetwork/1568.200.51 Darwin/24.2.0"
::ffff:10.0.0.7 - - [25/Mar/2025:05:05:13 +0000] "GET /bank-account/accounts/ HTTP/1.1" 200 26568 "-" "expensesmanager/8 CFNetwork/1568.200.51 Darwin/24.2.0"
::ffff:10.0.0.7 - - [25/Mar/2025:05:05:13 +0000] "GET /bank-account/accounts/ HTTP/1.1" 200 26568 "-" "expensesmanager/8 CFNetwork/1568.200.51 Darwin/24.2.0"
::ffff:10.0.0.7 - - [25/Mar/2025:05:05:13 +0000] "GET /bank-account/accounts/ HTTP/1.1" 200 26568 "-" "expensesmanager/8 CFNetwork/1568.200.51 Darwin/24.2.0"
::ffff:10.0.0.7 - - [25/Mar/2025:05:05:13 +0000] "GET /bank-account/accounts/ HTTP/1.1" 200 26568 "-" "expensesmanager/8 CFNetwork/1568.200.51 Darwin/24.2.0"
::ffff:10.0.0.7 - - [25/Mar/2025:05:05:13 +0000] "GET /bank-account/accounts/ HTTP/1.1" 200 26568 "-" "expensesmanager/8 CFNetwork/1568.200.51 Darwin/24.2.0"
::ffff:10.0.0.7 - - [25/Mar/2025:05:05:14 +0000] "GET /bank-account/accounts/ HTTP/1.1" 200 26568 "-" "expensesmanager/8 CFNetwork/1568.200.51 Darwin/24.2.0"
::ffff:10.0.0.7 - - [25/Mar/2025:05:05:14 +0000] "GET /bank-account/accounts/ HTTP/1.1" 200 26568 "-" "expensesmanager/8 CFNetwork/1568.200.51 Darwin/24.2.0"
::ffff:10.0.0.7 - - [25/Mar/2025:05:05:14 +0000] "GET /bank-account/accounts/ HTTP/1.1" 200 26568 "-" "expensesmanager/8 CFNetwork/1568.200.51 Darwin/24.2.0"
::ffff:10.0.0.7 - - [25/Mar/2025:05:05:14 +0000] "GET /bank-account/accounts/ HTTP/1.1" 200 26568 "-" "expensesmanager/8 CFNetwork/1568.200.51 Darwin/24.2.0"
::ffff:10.0.0.7 - - [25/Mar/2025:05:05:14 +0000] "GET /bank-account/accounts/ HTTP/1.1" 200 26568 "-" "expensesmanager/8 CFNetwork/1568.200.51 Darwin/24.2.0"
::ffff:10.0.0.7 - - [25/Mar/2025:05:05:15 +0000] "GET /bank-account/accounts/ HTTP/1.1" 200 26568 "-" "expensesmanager/8 CFNetwork/1568.200.51 Darwin/24.2.0"
::1 - - [25/Mar/2025:05:05:15 +0000] "POST /bank-account/publicTokenWebhook?uid=LW0Uhs2oTiVOWCQBct1s8wle7Jv1 HTTP/1.1" 400 36 "-" "Go-http-client/2.0"
::ffff:10.0.0.7 - - [25/Mar/2025:05:05:15 +0000] "GET /bank-account/accounts/ HTTP/1.1" 200 26568 "-" "expensesmanager/8 CFNetwork/1568.200.51 Darwin/24.2.0"
::ffff:10.0.0.7 - - [25/Mar/2025:05:05:16 +0000] "GET /bank-account/accounts/ HTTP/1.1" 200 26568 "-" "expensesmanager/8 CFNetwork/1568.200.51 Darwin/24.2.0"
::ffff:10.0.0.7 - - [25/Mar/2025:05:05:16 +0000] "GET /bank-account/accounts/ HTTP/1.1" 200 26568 "-" "expensesmanager/8 CFNetwork/1568.200.51 Darwin/24.2.0"
::ffff:10.0.0.7 - - [25/Mar/2025:05:05:18 +0000] "GET /bank-account/accounts/ HTTP/1.1" 200 26568 "-" "expensesmanager/8 CFNetwork/1568.200.51 Darwin/24.2.0"
::ffff:10.0.0.7 - - [25/Mar/2025:05:05:18 +0000] "GET /bank-account/accounts/ HTTP/1.1" 200 26568 "-" "expensesmanager/8 CFNetwork/1568.200.51 Darwin/24.2.0"
::ffff:10.0.0.7 - - [25/Mar/2025:05:05:18 +0000] "GET /bank-account/accounts/ HTTP/1.1" 200 26568 "-" "expensesmanager/8 CFNetwork/1568.200.51 Darwin/24.2.0"
::ffff:10.0.0.7 - - [25/Mar/2025:05:05:18 +0000] "GET /bank-account/accounts/ HTTP/1.1" 200 26568 "-" "expensesmanager/8 CFNetwork/1568.200.51 Darwin/24.2.0"
::ffff:10.0.0.7 - - [25/Mar/2025:05:05:19 +0000] "GET /bank-account/accounts/ HTTP/1.1" 200 23016 "-" "expensesmanager/8 CFNetwork/1568.200.51 Darwin/24.2.0"
::ffff:10.0.0.7 - - [25/Mar/2025:05:05:25 +0000] "POST /bank-account/unlink/ HTTP/1.1" 200 49 "-" "expensesmanager/8 CFNetwork/1568.200.51 Darwin/24.2.0"
::ffff:10.0.0.7 - - [25/Mar/2025:05:05:25 +0000] "GET /bank-account/accounts/ HTTP/1.1" 200 23016 "-" "expensesmanager/8 CFNetwork/1568.200.51 Darwin/24.2.0"
::ffff:10.0.0.7 - - [25/Mar/2025:05:05:26 +0000] "GET /bank-account/accounts/ HTTP/1.1" 200 23016 "-" "expensesmanager/8 CFNetwork/1568.200.51 Darwin/24.2.0"
::ffff:10.0.0.7 - - [25/Mar/2025:05:05:26 +0000] "GET /bank-account/accounts/ HTTP/1.1" 200 23016 "-" "expensesmanager/8 CFNetwork/1568.200.51 Darwin/24.2.0"
::ffff:10.0.0.7 - - [25/Mar/2025:05:05:26 +0000] "GET /bank-account/accounts/ HTTP/1.1" 200 23016 "-" "expensesmanager/8 CFNetwork/1568.200.51 Darwin/24.2.0"
::ffff:10.0.0.7 - - [25/Mar/2025:05:05:26 +0000] "GET /bank-account/accounts/ HTTP/1.1" 200 23016 "-" "expensesmanager/8 CFNetwork/1568.200.51 Darwin/24.2.0"
::ffff:10.0.0.7 - - [25/Mar/2025:05:05:26 +0000] "GET /bank-account/accounts/ HTTP/1.1" 200 23016 "-" "expensesmanager/8 CFNetwork/1568.200.51 Darwin/24.2.0"
::ffff:10.0.0.7 - - [25/Mar/2025:05:05:26 +0000] "GET /bank-account/accounts/ HTTP/1.1" 200 23016 "-" "expensesmanager/8 CFNetwork/1568.200.51 Darwin/24.2.0"
::ffff:10.0.0.7 - - [25/Mar/2025:05:05:26 +0000] "GET /bank-account/accounts/ HTTP/1.1" 200 23016 "-" "expensesmanager/8 CFNetwork/1568.200.51 Darwin/24.2.0"
::ffff:10.0.0.7 - - [25/Mar/2025:05:05:26 +0000] "GET /bank-account/accounts/ HTTP/1.1" 200 23016 "-" "expensesmanager/8 CFNetwork/1568.200.51 Darwin/24.2.0"
::ffff:10.0.0.7 - - [25/Mar/2025:05:05:26 +0000] "GET /bank-account/accounts/ HTTP/1.1" 200 23016 "-" "expensesmanager/8 CFNetwork/1568.200.51 Darwin/24.2.0"
::ffff:10.0.0.7 - - [25/Mar/2025:05:05:26 +0000] "GET /bank-account/accounts/ HTTP/1.1" 200 23016 "-" "expensesmanager/8 CFNetwork/1568.200.51 Darwin/24.2.0"
::ffff:10.0.0.7 - - [25/Mar/2025:05:05:26 +0000] "GET /bank-account/accounts/ HTTP/1.1" 200 23016 "-" "expensesmanager/8 CFNetwork/1568.200.51 Darwin/24.2.0"
::ffff:10.0.0.7 - - [25/Mar/2025:05:05:27 +0000] "GET /bank-account/accounts/ HTTP/1.1" 200 23016 "-" "expensesmanager/8 CFNetwork/1568.200.51 Darwin/24.2.0"
::ffff:10.0.0.7 - - [25/Mar/2025:05:05:27 +0000] "GET /bank-account/accounts/ HTTP/1.1" 200 23016 "-" "expensesmanager/8 CFNetwork/1568.200.51 Darwin/24.2.0"
::ffff:10.0.0.7 - - [25/Mar/2025:05:05:27 +0000] "GET /bank-account/accounts/ HTTP/1.1" 200 23016 "-" "expensesmanager/8 CFNetwork/1568.200.51 Darwin/24.2.0"
::ffff:10.0.0.7 - - [25/Mar/2025:05:05:27 +0000] "GET /bank-account/accounts/ HTTP/1.1" 200 23016 "-" "expensesmanager/8 CFNetwork/1568.200.51 Darwin/24.2.0"
::ffff:10.0.0.7 - - [25/Mar/2025:05:05:27 +0000] "GET /bank-account/accounts/ HTTP/1.1" 200 23016 "-" "expensesmanager/8 CFNetwork/1568.200.51 Darwin/24.2.0"
::ffff:10.0.0.7 - - [25/Mar/2025:05:05:27 +0000] "GET /bank-account/accounts/ HTTP/1.1" 200 23016 "-" "expensesmanager/8 CFNetwork/1568.200.51 Darwin/24.2.0"
::ffff:10.0.0.7 - - [25/Mar/2025:05:05:27 +0000] "GET /bank-account/accounts/ HTTP/1.1" 200 23016 "-" "expensesmanager/8 CFNetwork/1568.200.51 Darwin/24.2.0"
::ffff:10.0.0.7 - - [25/Mar/2025:05:05:27 +0000] "GET /bank-account/accounts/ HTTP/1.1" 200 23016 "-" "expensesmanager/8 CFNetwork/1568.200.51 Darwin/24.2.0"
::ffff:10.0.0.7 - - [25/Mar/2025:05:05:28 +0000] "GET /bank-account/accounts/ HTTP/1.1" 200 23016 "-" "expensesmanager/8 CFNetwork/1568.200.51 Darwin/24.2.0"
::ffff:10.0.0.7 - - [25/Mar/2025:05:05:28 +0000] "GET /bank-account/accounts/ HTTP/1.1" 200 23016 "-" "expensesmanager/8 CFNetwork/1568.200.51 Darwin/24.2.0"
::ffff:10.0.0.7 - - [25/Mar/2025:05:05:31 +0000] "GET /bank-account/accounts/ HTTP/1.1" 200 23016 "-" "expensesmanager/8 CFNetwork/1568.200.51 Darwin/24.2.0"
::ffff:10.0.0.7 - - [25/Mar/2025:05:05:32 +0000] "GET /bank-account/accounts/ HTTP/1.1" 200 23016 "-" "expensesmanager/8 CFNetwork/1568.200.51 Darwin/24.2.0"
::1 - - [25/Mar/2025:05:05:33 +0000] "OPTIONS /admin/plaid HTTP/1.1" 204 0 "http://localhost:4200/" "Mozilla/5.0 (Macintosh; Intel Mac OS X 10_15_7) AppleWebKit/537.36 (KHTML, like Gecko) Chrome/134.0.0.0 Safari/537.36"
::1 - - [25/Mar/2025:05:05:33 +0000] "GET /admin/plaid HTTP/1.1" 200 762 "http://localhost:4200/" "Mozilla/5.0 (Macintosh; Intel Mac OS X 10_15_7) AppleWebKit/537.36 (KHTML, like Gecko) Chrome/134.0.0.0 Safari/537.36"
::1 - - [25/Mar/2025:05:05:39 +0000] "POST /bank-account/publicTokenWebhook?uid=LW0Uhs2oTiVOWCQBct1s8wle7Jv1 HTTP/1.1" 400 36 "-" "Go-http-client/2.0"
::1 - - [25/Mar/2025:05:05:46 +0000] "POST /bank-account/publicTokenWebhook?uid=LW0Uhs2oTiVOWCQBct1s8wle7Jv1 HTTP/1.1" 400 36 "-" "Go-http-client/2.0"
::1 - - [25/Mar/2025:05:05:46 +0000] "OPTIONS /admin/plaid HTTP/1.1" 204 0 "http://localhost:4200/" "Mozilla/5.0 (Macintosh; Intel Mac OS X 10_15_7) AppleWebKit/537.36 (KHTML, like Gecko) Chrome/134.0.0.0 Safari/537.36"
::1 - - [25/Mar/2025:05:05:46 +0000] "POST /bank-account/publicTokenWebhook?uid=LW0Uhs2oTiVOWCQBct1s8wle7Jv1 HTTP/1.1" 400 36 "-" "Go-http-client/2.0"
::1 - - [25/Mar/2025:05:05:46 +0000] "GET /admin/plaid HTTP/1.1" 304 - "http://localhost:4200/" "Mozilla/5.0 (Macintosh; Intel Mac OS X 10_15_7) AppleWebKit/537.36 (KHTML, like Gecko) Chrome/134.0.0.0 Safari/537.36"
::1 - - [25/Mar/2025:05:05:54 +0000] "POST /bank-account/publicTokenWebhook?uid=LW0Uhs2oTiVOWCQBct1s8wle7Jv1 HTTP/1.1" 400 36 "-" "Go-http-client/2.0"
::1 - - [25/Mar/2025:05:06:00 +0000] "POST /bank-account/publicTokenWebhook?uid=LW0Uhs2oTiVOWCQBct1s8wle7Jv1 HTTP/1.1" 400 36 "-" "Go-http-client/2.0"
::1 - - [25/Mar/2025:05:06:00 +0000] "POST /bank-account/publicTokenWebhook?uid=LW0Uhs2oTiVOWCQBct1s8wle7Jv1 HTTP/1.1" 400 36 "-" "Go-http-client/2.0"
::1 - - [25/Mar/2025:05:06:07 +0000] "OPTIONS /admin/plaid HTTP/1.1" 204 0 "http://localhost:4200/" "Mozilla/5.0 (Macintosh; Intel Mac OS X 10_15_7) AppleWebKit/537.36 (KHTML, like Gecko) Chrome/134.0.0.0 Safari/537.36"
::1 - - [25/Mar/2025:05:06:07 +0000] "GET /admin/plaid HTTP/1.1" 304 - "http://localhost:4200/" "Mozilla/5.0 (Macintosh; Intel Mac OS X 10_15_7) AppleWebKit/537.36 (KHTML, like Gecko) Chrome/134.0.0.0 Safari/537.36"
::1 - - [25/Mar/2025:05:06:19 +0000] "POST /bank-account/publicTokenWebhook?uid=LW0Uhs2oTiVOWCQBct1s8wle7Jv1 HTTP/1.1" 400 36 "-" "Go-http-client/2.0"
::1 - - [25/Mar/2025:05:06:51 +0000] "POST /bank-account/publicTokenWebhook?uid=LW0Uhs2oTiVOWCQBct1s8wle7Jv1 HTTP/1.1" 400 36 "-" "Go-http-client/2.0"
::1 - - [25/Mar/2025:05:06:53 +0000] "POST /bank-account/publicTokenWebhook?uid=LW0Uhs2oTiVOWCQBct1s8wle7Jv1 HTTP/1.1" 400 36 "-" "Go-http-client/2.0"
::1 - - [25/Mar/2025:05:06:53 +0000] "POST /bank-account/publicTokenWebhook?uid=LW0Uhs2oTiVOWCQBct1s8wle7Jv1 HTTP/1.1" 400 36 "-" "Go-http-client/2.0"
::1 - - [25/Mar/2025:05:07:40 +0000] "POST /bank-account/publicTokenWebhook?uid=LW0Uhs2oTiVOWCQBct1s8wle7Jv1 HTTP/1.1" 400 36 "-" "Go-http-client/2.0"
::1 - - [25/Mar/2025:05:07:46 +0000] "POST /bank-account/publicTokenWebhook?uid=LW0Uhs2oTiVOWCQBct1s8wle7Jv1 HTTP/1.1" 400 36 "-" "Go-http-client/2.0"
::1 - - [25/Mar/2025:05:07:48 +0000] "POST /bank-account/publicTokenWebhook?uid=LW0Uhs2oTiVOWCQBct1s8wle7Jv1 HTTP/1.1" 400 36 "-" "Go-http-client/2.0"
::1 - - [25/Mar/2025:05:08:30 +0000] "OPTIONS /admin/plaid HTTP/1.1" 204 0 "http://localhost:4200/" "Mozilla/5.0 (Macintosh; Intel Mac OS X 10_15_7) AppleWebKit/537.36 (KHTML, like Gecko) Chrome/134.0.0.0 Safari/537.36"
::1 - - [25/Mar/2025:05:08:30 +0000] "GET /admin/plaid HTTP/1.1" 304 - "http://localhost:4200/" "Mozilla/5.0 (Macintosh; Intel Mac OS X 10_15_7) AppleWebKit/537.36 (KHTML, like Gecko) Chrome/134.0.0.0 Safari/537.36"
::1 - - [25/Mar/2025:05:08:55 +0000] "OPTIONS /admin/plaid HTTP/1.1" 204 0 "http://localhost:4200/" "Mozilla/5.0 (Macintosh; Intel Mac OS X 10_15_7) AppleWebKit/537.36 (KHTML, like Gecko) Chrome/134.0.0.0 Safari/537.36"
::1 - - [25/Mar/2025:05:08:55 +0000] "GET /admin/plaid HTTP/1.1" 304 - "http://localhost:4200/" "Mozilla/5.0 (Macintosh; Intel Mac OS X 10_15_7) AppleWebKit/537.36 (KHTML, like Gecko) Chrome/134.0.0.0 Safari/537.36"
::1 - - [25/Mar/2025:05:09:06 +0000] "OPTIONS /admin/plaid HTTP/1.1" 204 0 "http://localhost:4200/" "Mozilla/5.0 (Macintosh; Intel Mac OS X 10_15_7) AppleWebKit/537.36 (KHTML, like Gecko) Chrome/134.0.0.0 Safari/537.36"
::1 - - [25/Mar/2025:05:09:06 +0000] "GET /admin/plaid HTTP/1.1" 304 - "http://localhost:4200/" "Mozilla/5.0 (Macintosh; Intel Mac OS X 10_15_7) AppleWebKit/537.36 (KHTML, like Gecko) Chrome/134.0.0.0 Safari/537.36"
::1 - - [25/Mar/2025:05:09:23 +0000] "OPTIONS /admin/plaid HTTP/1.1" 204 0 "http://localhost:4200/" "Mozilla/5.0 (Macintosh; Intel Mac OS X 10_15_7) AppleWebKit/537.36 (KHTML, like Gecko) Chrome/134.0.0.0 Safari/537.36"
::1 - - [25/Mar/2025:05:09:23 +0000] "GET /admin/plaid HTTP/1.1" 304 - "http://localhost:4200/" "Mozilla/5.0 (Macintosh; Intel Mac OS X 10_15_7) AppleWebKit/537.36 (KHTML, like Gecko) Chrome/134.0.0.0 Safari/537.36"
::1 - - [25/Mar/2025:05:09:27 +0000] "GET /admin/plaid HTTP/1.1" 304 - "http://localhost:4200/" "Mozilla/5.0 (Macintosh; Intel Mac OS X 10_15_7) AppleWebKit/537.36 (KHTML, like Gecko) Chrome/134.0.0.0 Safari/537.36"
::1 - - [25/Mar/2025:05:11:20 +0000] "OPTIONS /admin/plaid HTTP/1.1" 204 0 "http://localhost:4200/" "Mozilla/5.0 (Macintosh; Intel Mac OS X 10_15_7) AppleWebKit/537.36 (KHTML, like Gecko) Chrome/134.0.0.0 Safari/537.36"
::1 - - [25/Mar/2025:05:11:20 +0000] "GET /admin/plaid HTTP/1.1" 304 - "http://localhost:4200/" "Mozilla/5.0 (Macintosh; Intel Mac OS X 10_15_7) AppleWebKit/537.36 (KHTML, like Gecko) Chrome/134.0.0.0 Safari/537.36"
::1 - - [25/Mar/2025:05:13:03 +0000] "OPTIONS /admin/plaid HTTP/1.1" 204 0 "http://localhost:4200/" "Mozilla/5.0 (Macintosh; Intel Mac OS X 10_15_7) AppleWebKit/537.36 (KHTML, like Gecko) Chrome/134.0.0.0 Safari/537.36"
::1 - - [25/Mar/2025:05:13:03 +0000] "GET /admin/plaid HTTP/1.1" 304 - "http://localhost:4200/" "Mozilla/5.0 (Macintosh; Intel Mac OS X 10_15_7) AppleWebKit/537.36 (KHTML, like Gecko) Chrome/134.0.0.0 Safari/537.36"
::1 - - [25/Mar/2025:05:13:50 +0000] "OPTIONS /admin/plaid HTTP/1.1" 204 0 "http://localhost:4200/" "Mozilla/5.0 (Macintosh; Intel Mac OS X 10_15_7) AppleWebKit/537.36 (KHTML, like Gecko) Chrome/134.0.0.0 Safari/537.36"
::1 - - [25/Mar/2025:05:13:51 +0000] "GET /admin/plaid HTTP/1.1" 304 - "http://localhost:4200/" "Mozilla/5.0 (Macintosh; Intel Mac OS X 10_15_7) AppleWebKit/537.36 (KHTML, like Gecko) Chrome/134.0.0.0 Safari/537.36"
::1 - - [25/Mar/2025:05:15:33 +0000] "OPTIONS /admin/plaid HTTP/1.1" 204 0 "http://localhost:4200/" "Mozilla/5.0 (Macintosh; Intel Mac OS X 10_15_7) AppleWebKit/537.36 (KHTML, like Gecko) Chrome/134.0.0.0 Safari/537.36"
::1 - - [25/Mar/2025:05:15:34 +0000] "GET /admin/plaid HTTP/1.1" 304 - "http://localhost:4200/" "Mozilla/5.0 (Macintosh; Intel Mac OS X 10_15_7) AppleWebKit/537.36 (KHTML, like Gecko) Chrome/134.0.0.0 Safari/537.36"
::1 - - [25/Mar/2025:05:15:41 +0000] "POST /bank-account/publicTokenWebhook?uid=LW0Uhs2oTiVOWCQBct1s8wle7Jv1 HTTP/1.1" 400 36 "-" "Go-http-client/2.0"
::1 - - [25/Mar/2025:05:15:46 +0000] "POST /bank-account/publicTokenWebhook?uid=LW0Uhs2oTiVOWCQBct1s8wle7Jv1 HTTP/1.1" 400 36 "-" "Go-http-client/2.0"
::1 - - [25/Mar/2025:05:15:48 +0000] "POST /bank-account/publicTokenWebhook?uid=LW0Uhs2oTiVOWCQBct1s8wle7Jv1 HTTP/1.1" 400 36 "-" "Go-http-client/2.0"
::1 - - [25/Mar/2025:05:16:54 +0000] "OPTIONS /admin/plaid HTTP/1.1" 204 0 "http://localhost:4200/" "Mozilla/5.0 (Macintosh; Intel Mac OS X 10_15_7) AppleWebKit/537.36 (KHTML, like Gecko) Chrome/134.0.0.0 Safari/537.36"
::1 - - [25/Mar/2025:05:16:54 +0000] "GET /admin/plaid HTTP/1.1" 304 - "http://localhost:4200/" "Mozilla/5.0 (Macintosh; Intel Mac OS X 10_15_7) AppleWebKit/537.36 (KHTML, like Gecko) Chrome/134.0.0.0 Safari/537.36"
::1 - - [25/Mar/2025:05:17:09 +0000] "OPTIONS /admin/plaid HTTP/1.1" 204 0 "http://localhost:4200/" "Mozilla/5.0 (Macintosh; Intel Mac OS X 10_15_7) AppleWebKit/537.36 (KHTML, like Gecko) Chrome/134.0.0.0 Safari/537.36"
::1 - - [25/Mar/2025:05:17:09 +0000] "GET /admin/plaid HTTP/1.1" 304 - "http://localhost:4200/" "Mozilla/5.0 (Macintosh; Intel Mac OS X 10_15_7) AppleWebKit/537.36 (KHTML, like Gecko) Chrome/134.0.0.0 Safari/537.36"
::1 - - [25/Mar/2025:05:18:32 +0000] "OPTIONS /admin/plaid HTTP/1.1" 204 0 "http://localhost:4200/" "Mozilla/5.0 (Macintosh; Intel Mac OS X 10_15_7) AppleWebKit/537.36 (KHTML, like Gecko) Chrome/134.0.0.0 Safari/537.36"
::1 - - [25/Mar/2025:05:18:32 +0000] "GET /admin/plaid HTTP/1.1" 304 - "http://localhost:4200/" "Mozilla/5.0 (Macintosh; Intel Mac OS X 10_15_7) AppleWebKit/537.36 (KHTML, like Gecko) Chrome/134.0.0.0 Safari/537.36"
::1 - - [25/Mar/2025:05:18:40 +0000] "OPTIONS /admin/plaid HTTP/1.1" 204 0 "http://localhost:4200/" "Mozilla/5.0 (Macintosh; Intel Mac OS X 10_15_7) AppleWebKit/537.36 (KHTML, like Gecko) Chrome/134.0.0.0 Safari/537.36"
::1 - - [25/Mar/2025:05:18:40 +0000] "GET /admin/plaid HTTP/1.1" 304 - "http://localhost:4200/" "Mozilla/5.0 (Macintosh; Intel Mac OS X 10_15_7) AppleWebKit/537.36 (KHTML, like Gecko) Chrome/134.0.0.0 Safari/537.36"
::1 - - [25/Mar/2025:05:18:55 +0000] "OPTIONS /admin/plaid HTTP/1.1" 204 0 "http://localhost:4200/" "Mozilla/5.0 (Macintosh; Intel Mac OS X 10_15_7) AppleWebKit/537.36 (KHTML, like Gecko) Chrome/134.0.0.0 Safari/537.36"
::1 - - [25/Mar/2025:05:18:55 +0000] "GET /admin/plaid HTTP/1.1" 304 - "http://localhost:4200/" "Mozilla/5.0 (Macintosh; Intel Mac OS X 10_15_7) AppleWebKit/537.36 (KHTML, like Gecko) Chrome/134.0.0.0 Safari/537.36"
::1 - - [25/Mar/2025:05:18:57 +0000] "GET /admin/plaid HTTP/1.1" 304 - "http://localhost:4200/" "Mozilla/5.0 (Macintosh; Intel Mac OS X 10_15_7) AppleWebKit/537.36 (KHTML, like Gecko) Chrome/134.0.0.0 Safari/537.36"
