::1 - - [26/Mar/2025:18:36:30 +0000] "OPTIONS /admin/plaid HTTP/1.1" 204 0 "http://localhost:4200/" "Mozilla/5.0 (Macintosh; Intel Mac OS X 10_15_7) AppleWebKit/537.36 (KHTML, like Gecko) Chrome/134.0.0.0 Safari/537.36"
::1 - - [26/Mar/2025:18:36:31 +0000] "POST /admin/plaid HTTP/1.1" 200 862 "http://localhost:4200/" "Mozilla/5.0 (Macintosh; Intel Mac OS X 10_15_7) AppleWebKit/537.36 (KHTML, like Gecko) Chrome/134.0.0.0 Safari/537.36"
::1 - - [26/Mar/2025:18:36:59 +0000] "OPTIONS /admin/plaid HTTP/1.1" 204 0 "http://localhost:4200/" "Mozilla/5.0 (Macintosh; Intel Mac OS X 10_15_7) AppleWebKit/537.36 (KHTML, like Gecko) Chrome/134.0.0.0 Safari/537.36"
::1 - - [26/Mar/2025:18:36:59 +0000] "POST /admin/plaid HTTP/1.1" 200 862 "http://localhost:4200/" "Mozilla/5.0 (Macintosh; Intel Mac OS X 10_15_7) AppleWebKit/537.36 (KHTML, like Gecko) Chrome/134.0.0.0 Safari/537.36"
::1 - - [26/Mar/2025:18:37:03 +0000] "POST /admin/plaid HTTP/1.1" 200 862 "http://localhost:4200/" "Mozilla/5.0 (Macintosh; Intel Mac OS X 10_15_7) AppleWebKit/537.36 (KHTML, like Gecko) Chrome/134.0.0.0 Safari/537.36"
::1 - - [26/Mar/2025:18:37:35 +0000] "OPTIONS /admin/plaid HTTP/1.1" 204 0 "http://localhost:4200/" "Mozilla/5.0 (Macintosh; Intel Mac OS X 10_15_7) AppleWebKit/537.36 (KHTML, like Gecko) Chrome/134.0.0.0 Safari/537.36"
::1 - - [26/Mar/2025:18:37:35 +0000] "POST /admin/plaid HTTP/1.1" 200 862 "http://localhost:4200/" "Mozilla/5.0 (Macintosh; Intel Mac OS X 10_15_7) AppleWebKit/537.36 (KHTML, like Gecko) Chrome/134.0.0.0 Safari/537.36"
::1 - - [26/Mar/2025:18:46:58 +0000] "OPTIONS /admin/plaid HTTP/1.1" 204 0 "http://localhost:4200/" "Mozilla/5.0 (Macintosh; Intel Mac OS X 10_15_7) AppleWebKit/537.36 (KHTML, like Gecko) Chrome/134.0.0.0 Safari/537.36"
::1 - - [26/Mar/2025:18:46:59 +0000] "POST /admin/plaid HTTP/1.1" 200 862 "http://localhost:4200/" "Mozilla/5.0 (Macintosh; Intel Mac OS X 10_15_7) AppleWebKit/537.36 (KHTML, like Gecko) Chrome/134.0.0.0 Safari/537.36"
::1 - - [26/Mar/2025:18:47:02 +0000] "POST /admin/plaid HTTP/1.1" 200 862 "http://localhost:4200/" "Mozilla/5.0 (Macintosh; Intel Mac OS X 10_15_7) AppleWebKit/537.36 (KHTML, like Gecko) Chrome/134.0.0.0 Safari/537.36"
::1 - - [26/Mar/2025:18:47:26 +0000] "OPTIONS /admin/plaid HTTP/1.1" 204 0 "http://localhost:4200/" "Mozilla/5.0 (Macintosh; Intel Mac OS X 10_15_7) AppleWebKit/537.36 (KHTML, like Gecko) Chrome/134.0.0.0 Safari/537.36"
::1 - - [26/Mar/2025:18:47:27 +0000] "POST /admin/plaid HTTP/1.1" 200 1060 "http://localhost:4200/" "Mozilla/5.0 (Macintosh; Intel Mac OS X 10_15_7) AppleWebKit/537.36 (KHTML, like Gecko) Chrome/134.0.0.0 Safari/537.36"
::1 - - [26/Mar/2025:18:50:30 +0000] "OPTIONS /admin/plaid HTTP/1.1" 204 0 "http://localhost:4200/" "Mozilla/5.0 (Macintosh; Intel Mac OS X 10_15_7) AppleWebKit/537.36 (KHTML, like Gecko) Chrome/134.0.0.0 Safari/537.36"
::1 - - [26/Mar/2025:18:50:31 +0000] "POST /admin/plaid HTTP/1.1" 200 1433 "http://localhost:4200/" "Mozilla/5.0 (Macintosh; Intel Mac OS X 10_15_7) AppleWebKit/537.36 (KHTML, like Gecko) Chrome/134.0.0.0 Safari/537.36"
::1 - - [26/Mar/2025:18:50:50 +0000] "OPTIONS /admin/plaid HTTP/1.1" 204 0 "http://localhost:4200/" "Mozilla/5.0 (Macintosh; Intel Mac OS X 10_15_7) AppleWebKit/537.36 (KHTML, like Gecko) Chrome/134.0.0.0 Safari/537.36"
::1 - - [26/Mar/2025:18:50:51 +0000] "POST /admin/plaid HTTP/1.1" 200 557 "http://localhost:4200/" "Mozilla/5.0 (Macintosh; Intel Mac OS X 10_15_7) AppleWebKit/537.36 (KHTML, like Gecko) Chrome/134.0.0.0 Safari/537.36"
::1 - - [26/Mar/2025:18:51:03 +0000] "OPTIONS /admin/plaid HTTP/1.1" 204 0 "http://localhost:4200/" "Mozilla/5.0 (Macintosh; Intel Mac OS X 10_15_7) AppleWebKit/537.36 (KHTML, like Gecko) Chrome/134.0.0.0 Safari/537.36"
::1 - - [26/Mar/2025:18:51:04 +0000] "POST /admin/plaid HTTP/1.1" 200 1428 "http://localhost:4200/" "Mozilla/5.0 (Macintosh; Intel Mac OS X 10_15_7) AppleWebKit/537.36 (KHTML, like Gecko) Chrome/134.0.0.0 Safari/537.36"
::1 - - [26/Mar/2025:18:53:35 +0000] "OPTIONS /admin/plaid HTTP/1.1" 204 0 "http://localhost:4200/" "Mozilla/5.0 (Macintosh; Intel Mac OS X 10_15_7) AppleWebKit/537.36 (KHTML, like Gecko) Chrome/134.0.0.0 Safari/537.36"
::1 - - [26/Mar/2025:18:53:36 +0000] "POST /admin/plaid HTTP/1.1" 200 1428 "http://localhost:4200/" "Mozilla/5.0 (Macintosh; Intel Mac OS X 10_15_7) AppleWebKit/537.36 (KHTML, like Gecko) Chrome/134.0.0.0 Safari/537.36"
::1 - - [26/Mar/2025:18:53:42 +0000] "OPTIONS /admin/plaid HTTP/1.1" 204 0 "http://localhost:4200/" "Mozilla/5.0 (Macintosh; Intel Mac OS X 10_15_7) AppleWebKit/537.36 (KHTML, like Gecko) Chrome/134.0.0.0 Safari/537.36"
::1 - - [26/Mar/2025:18:53:42 +0000] "POST /admin/plaid HTTP/1.1" 200 1428 "http://localhost:4200/" "Mozilla/5.0 (Macintosh; Intel Mac OS X 10_15_7) AppleWebKit/537.36 (KHTML, like Gecko) Chrome/134.0.0.0 Safari/537.36"
::1 - - [26/Mar/2025:18:53:49 +0000] "OPTIONS /admin/plaid HTTP/1.1" 204 0 "http://localhost:4200/" "Mozilla/5.0 (Macintosh; Intel Mac OS X 10_15_7) AppleWebKit/537.36 (KHTML, like Gecko) Chrome/134.0.0.0 Safari/537.36"
::1 - - [26/Mar/2025:18:53:50 +0000] "POST /admin/plaid HTTP/1.1" 200 416 "http://localhost:4200/" "Mozilla/5.0 (Macintosh; Intel Mac OS X 10_15_7) AppleWebKit/537.36 (KHTML, like Gecko) Chrome/134.0.0.0 Safari/537.36"
::1 - - [26/Mar/2025:18:53:55 +0000] "OPTIONS /admin/plaid HTTP/1.1" 204 0 "http://localhost:4200/" "Mozilla/5.0 (Macintosh; Intel Mac OS X 10_15_7) AppleWebKit/537.36 (KHTML, like Gecko) Chrome/134.0.0.0 Safari/537.36"
::1 - - [26/Mar/2025:18:53:55 +0000] "POST /admin/plaid HTTP/1.1" 200 1433 "http://localhost:4200/" "Mozilla/5.0 (Macintosh; Intel Mac OS X 10_15_7) AppleWebKit/537.36 (KHTML, like Gecko) Chrome/134.0.0.0 Safari/537.36"
::1 - - [26/Mar/2025:18:55:04 +0000] "OPTIONS /admin/plaid HTTP/1.1" 204 0 "http://localhost:4200/" "Mozilla/5.0 (Macintosh; Intel Mac OS X 10_15_7) AppleWebKit/537.36 (KHTML, like Gecko) Chrome/134.0.0.0 Safari/537.36"
::1 - - [26/Mar/2025:18:55:04 +0000] "POST /admin/plaid HTTP/1.1" 200 1433 "http://localhost:4200/" "Mozilla/5.0 (Macintosh; Intel Mac OS X 10_15_7) AppleWebKit/537.36 (KHTML, like Gecko) Chrome/134.0.0.0 Safari/537.36"
::1 - - [26/Mar/2025:18:55:09 +0000] "POST /admin/plaid HTTP/1.1" 200 1433 "http://localhost:4200/" "Mozilla/5.0 (Macintosh; Intel Mac OS X 10_15_7) AppleWebKit/537.36 (KHTML, like Gecko) Chrome/134.0.0.0 Safari/537.36"
::1 - - [26/Mar/2025:18:55:18 +0000] "OPTIONS /admin/plaid HTTP/1.1" 204 0 "http://localhost:4200/" "Mozilla/5.0 (Macintosh; Intel Mac OS X 10_15_7) AppleWebKit/537.36 (KHTML, like Gecko) Chrome/134.0.0.0 Safari/537.36"
::1 - - [26/Mar/2025:18:55:20 +0000] "POST /admin/plaid HTTP/1.1" 200 1428 "http://localhost:4200/" "Mozilla/5.0 (Macintosh; Intel Mac OS X 10_15_7) AppleWebKit/537.36 (KHTML, like Gecko) Chrome/134.0.0.0 Safari/537.36"
::1 - - [26/Mar/2025:18:55:22 +0000] "POST /admin/plaid HTTP/1.1" 200 1433 "http://localhost:4200/" "Mozilla/5.0 (Macintosh; Intel Mac OS X 10_15_7) AppleWebKit/537.36 (KHTML, like Gecko) Chrome/134.0.0.0 Safari/537.36"
::ffff:10.0.0.7 - - [26/Mar/2025:18:57:47 +0000] "GET /bank-account/accounts/ HTTP/1.1" 304 - "-" "expensesmanager/8 CFNetwork/1568.200.51 Darwin/24.2.0"
::ffff:10.0.0.7 - - [26/Mar/2025:18:57:50 +0000] "GET /bank-account/link-token/ HTTP/1.1" 500 120 "-" "expensesmanager/8 CFNetwork/1568.200.51 Darwin/24.2.0"
::ffff:10.0.0.7 - - [26/Mar/2025:18:58:14 +0000] "GET /bank-account/link-token/ HTTP/1.1" 200 109 "-" "expensesmanager/8 CFNetwork/1568.200.51 Darwin/24.2.0"
::1 - - [26/Mar/2025:18:59:27 +0000] "POST /bank-account/publicTokenWebhook?uid=iyWQr1RjYGYoZgnuevZ4p6zVtuw1 HTTP/1.1" 400 36 "-" "Go-http-client/2.0"
::1 - - [26/Mar/2025:18:59:45 +0000] "POST /bank-account/publicTokenWebhook?uid=iyWQr1RjYGYoZgnuevZ4p6zVtuw1 HTTP/1.1" 200 224 "-" "Go-http-client/2.0"
::ffff:10.0.0.7 - - [26/Mar/2025:18:59:46 +0000] "GET /bank-account/accounts/ HTTP/1.1" 200 5892 "-" "expensesmanager/8 CFNetwork/1568.200.51 Darwin/24.2.0"
::ffff:10.0.0.7 - - [26/Mar/2025:18:59:46 +0000] "GET /bank-account/accounts/ HTTP/1.1" 200 5892 "-" "expensesmanager/8 CFNetwork/1568.200.51 Darwin/24.2.0"
::ffff:10.0.0.7 - - [26/Mar/2025:18:59:46 +0000] "GET /bank-account/accounts/ HTTP/1.1" 200 5892 "-" "expensesmanager/8 CFNetwork/1568.200.51 Darwin/24.2.0"
::1 - - [26/Mar/2025:18:59:47 +0000] "POST /bank-account/publicTokenWebhook?uid=iyWQr1RjYGYoZgnuevZ4p6zVtuw1 HTTP/1.1" 400 36 "-" "Go-http-client/2.0"
::1 - - [26/Mar/2025:18:59:56 +0000] "POST /bank-account/publicTokenWebhook?uid=iyWQr1RjYGYoZgnuevZ4p6zVtuw1 HTTP/1.1" 400 36 "-" "Go-http-client/2.0"
::1 - - [26/Mar/2025:18:59:57 +0000] "POST /bank-account/publicTokenWebhook?uid=iyWQr1RjYGYoZgnuevZ4p6zVtuw1 HTTP/1.1" 400 36 "-" "Go-http-client/2.0"
::1 - - [26/Mar/2025:19:00:18 +0000] "POST /bank-account/publicTokenWebhook?uid=iyWQr1RjYGYoZgnuevZ4p6zVtuw1 HTTP/1.1" 400 36 "-" "Go-http-client/2.0"
::1 - - [26/Mar/2025:19:00:26 +0000] "POST /bank-account/publicTokenWebhook?uid=iyWQr1RjYGYoZgnuevZ4p6zVtuw1 HTTP/1.1" 400 36 "-" "Go-http-client/2.0"
::1 - - [26/Mar/2025:19:00:41 +0000] "OPTIONS /admin/plaid HTTP/1.1" 204 0 "http://localhost:4200/" "Mozilla/5.0 (Macintosh; Intel Mac OS X 10_15_7) AppleWebKit/537.36 (KHTML, like Gecko) Chrome/134.0.0.0 Safari/537.36"
::1 - - [26/Mar/2025:19:00:41 +0000] "POST /admin/plaid HTTP/1.1" 200 279 "http://localhost:4200/" "Mozilla/5.0 (Macintosh; Intel Mac OS X 10_15_7) AppleWebKit/537.36 (KHTML, like Gecko) Chrome/134.0.0.0 Safari/537.36"
::1 - - [26/Mar/2025:19:01:58 +0000] "POST /bank-account/publicTokenWebhook?uid=iyWQr1RjYGYoZgnuevZ4p6zVtuw1 HTTP/1.1" 400 36 "-" "Go-http-client/2.0"
::1 - - [26/Mar/2025:19:02:18 +0000] "POST /bank-account/publicTokenWebhook?uid=iyWQr1RjYGYoZgnuevZ4p6zVtuw1 HTTP/1.1" 400 36 "-" "Go-http-client/2.0"
::1 - - [26/Mar/2025:19:02:26 +0000] "POST /bank-account/publicTokenWebhook?uid=iyWQr1RjYGYoZgnuevZ4p6zVtuw1 HTTP/1.1" 400 36 "-" "Go-http-client/2.0"
::1 - - [26/Mar/2025:19:09:58 +0000] "POST /bank-account/publicTokenWebhook?uid=iyWQr1RjYGYoZgnuevZ4p6zVtuw1 HTTP/1.1" 400 36 "-" "Go-http-client/2.0"
::1 - - [26/Mar/2025:19:10:19 +0000] "POST /bank-account/publicTokenWebhook?uid=iyWQr1RjYGYoZgnuevZ4p6zVtuw1 HTTP/1.1" 400 36 "-" "Go-http-client/2.0"
::1 - - [26/Mar/2025:19:10:27 +0000] "POST /bank-account/publicTokenWebhook?uid=iyWQr1RjYGYoZgnuevZ4p6zVtuw1 HTTP/1.1" 400 36 "-" "Go-http-client/2.0"
::1 - - [26/Mar/2025:19:16:58 +0000] "OPTIONS /admin/plaid HTTP/1.1" 204 0 "http://localhost:4200/" "Mozilla/5.0 (Macintosh; Intel Mac OS X 10_15_7) AppleWebKit/537.36 (KHTML, like Gecko) Chrome/134.0.0.0 Safari/537.36"
::1 - - [26/Mar/2025:19:16:59 +0000] "POST /admin/plaid HTTP/1.1" 200 279 "http://localhost:4200/" "Mozilla/5.0 (Macintosh; Intel Mac OS X 10_15_7) AppleWebKit/537.36 (KHTML, like Gecko) Chrome/134.0.0.0 Safari/537.36"
::1 - - [26/Mar/2025:19:18:10 +0000] "OPTIONS /admin/plaid HTTP/1.1" 204 0 "http://localhost:4200/" "Mozilla/5.0 (Macintosh; Intel Mac OS X 10_15_7) AppleWebKit/537.36 (KHTML, like Gecko) Chrome/134.0.0.0 Safari/537.36"
::1 - - [26/Mar/2025:19:18:11 +0000] "POST /admin/plaid HTTP/1.1" 200 279 "http://localhost:4200/" "Mozilla/5.0 (Macintosh; Intel Mac OS X 10_15_7) AppleWebKit/537.36 (KHTML, like Gecko) Chrome/134.0.0.0 Safari/537.36"
::1 - - [26/Mar/2025:19:18:21 +0000] "OPTIONS /admin/plaid HTTP/1.1" 204 0 "http://localhost:4200/" "Mozilla/5.0 (Macintosh; Intel Mac OS X 10_15_7) AppleWebKit/537.36 (KHTML, like Gecko) Chrome/134.0.0.0 Safari/537.36"
::1 - - [26/Mar/2025:19:18:21 +0000] "POST /admin/plaid HTTP/1.1" 200 279 "http://localhost:4200/" "Mozilla/5.0 (Macintosh; Intel Mac OS X 10_15_7) AppleWebKit/537.36 (KHTML, like Gecko) Chrome/134.0.0.0 Safari/537.36"
::1 - - [26/Mar/2025:19:18:26 +0000] "POST /admin/plaid HTTP/1.1" 200 279 "http://localhost:4200/" "Mozilla/5.0 (Macintosh; Intel Mac OS X 10_15_7) AppleWebKit/537.36 (KHTML, like Gecko) Chrome/134.0.0.0 Safari/537.36"
::1 - - [26/Mar/2025:19:19:49 +0000] "OPTIONS /admin/plaid HTTP/1.1" 204 0 "http://localhost:4200/" "Mozilla/5.0 (Macintosh; Intel Mac OS X 10_15_7) AppleWebKit/537.36 (KHTML, like Gecko) Chrome/134.0.0.0 Safari/537.36"
::1 - - [26/Mar/2025:19:19:50 +0000] "POST /admin/plaid HTTP/1.1" 200 279 "http://localhost:4200/" "Mozilla/5.0 (Macintosh; Intel Mac OS X 10_15_7) AppleWebKit/537.36 (KHTML, like Gecko) Chrome/134.0.0.0 Safari/537.36"
::1 - - [26/Mar/2025:19:19:53 +0000] "POST /admin/plaid HTTP/1.1" 200 279 "http://localhost:4200/" "Mozilla/5.0 (Macintosh; Intel Mac OS X 10_15_7) AppleWebKit/537.36 (KHTML, like Gecko) Chrome/134.0.0.0 Safari/537.36"
::1 - - [26/Mar/2025:19:19:56 +0000] "OPTIONS /admin/plaid HTTP/1.1" 204 0 "http://localhost:4200/" "Mozilla/5.0 (Macintosh; Intel Mac OS X 10_15_7) AppleWebKit/537.36 (KHTML, like Gecko) Chrome/134.0.0.0 Safari/537.36"
::1 - - [26/Mar/2025:19:19:56 +0000] "POST /admin/plaid HTTP/1.1" 200 279 "http://localhost:4200/" "Mozilla/5.0 (Macintosh; Intel Mac OS X 10_15_7) AppleWebKit/537.36 (KHTML, like Gecko) Chrome/134.0.0.0 Safari/537.36"
::1 - - [26/Mar/2025:19:20:09 +0000] "OPTIONS /admin/plaid HTTP/1.1" 204 0 "http://localhost:4200/" "Mozilla/5.0 (Macintosh; Intel Mac OS X 10_15_7) AppleWebKit/537.36 (KHTML, like Gecko) Chrome/134.0.0.0 Safari/537.36"
::1 - - [26/Mar/2025:19:20:10 +0000] "POST /admin/plaid HTTP/1.1" 200 279 "http://localhost:4200/" "Mozilla/5.0 (Macintosh; Intel Mac OS X 10_15_7) AppleWebKit/537.36 (KHTML, like Gecko) Chrome/134.0.0.0 Safari/537.36"
::1 - - [26/Mar/2025:19:23:26 +0000] "OPTIONS /admin/plaid HTTP/1.1" 204 0 "http://localhost:4200/" "Mozilla/5.0 (Macintosh; Intel Mac OS X 10_15_7) AppleWebKit/537.36 (KHTML, like Gecko) Chrome/134.0.0.0 Safari/537.36"
::1 - - [26/Mar/2025:19:23:27 +0000] "POST /admin/plaid HTTP/1.1" 200 319 "http://localhost:4200/" "Mozilla/5.0 (Macintosh; Intel Mac OS X 10_15_7) AppleWebKit/537.36 (KHTML, like Gecko) Chrome/134.0.0.0 Safari/537.36"
::1 - - [26/Mar/2025:19:23:45 +0000] "OPTIONS /admin/plaid HTTP/1.1" 204 0 "http://localhost:4200/" "Mozilla/5.0 (Macintosh; Intel Mac OS X 10_15_7) AppleWebKit/537.36 (KHTML, like Gecko) Chrome/134.0.0.0 Safari/537.36"
::1 - - [26/Mar/2025:19:23:46 +0000] "POST /admin/plaid HTTP/1.1" 200 319 "http://localhost:4200/" "Mozilla/5.0 (Macintosh; Intel Mac OS X 10_15_7) AppleWebKit/537.36 (KHTML, like Gecko) Chrome/134.0.0.0 Safari/537.36"
::1 - - [26/Mar/2025:19:24:50 +0000] "OPTIONS /admin/plaid HTTP/1.1" 204 0 "http://localhost:4200/" "Mozilla/5.0 (Macintosh; Intel Mac OS X 10_15_7) AppleWebKit/537.36 (KHTML, like Gecko) Chrome/134.0.0.0 Safari/537.36"
::1 - - [26/Mar/2025:19:24:50 +0000] "POST /admin/plaid HTTP/1.1" 200 319 "http://localhost:4200/" "Mozilla/5.0 (Macintosh; Intel Mac OS X 10_15_7) AppleWebKit/537.36 (KHTML, like Gecko) Chrome/134.0.0.0 Safari/537.36"
::1 - - [26/Mar/2025:19:24:56 +0000] "OPTIONS /admin/plaid HTTP/1.1" 204 0 "http://localhost:4200/" "Mozilla/5.0 (Macintosh; Intel Mac OS X 10_15_7) AppleWebKit/537.36 (KHTML, like Gecko) Chrome/134.0.0.0 Safari/537.36"
::1 - - [26/Mar/2025:19:24:57 +0000] "POST /admin/plaid HTTP/1.1" 200 319 "http://localhost:4200/" "Mozilla/5.0 (Macintosh; Intel Mac OS X 10_15_7) AppleWebKit/537.36 (KHTML, like Gecko) Chrome/134.0.0.0 Safari/537.36"
::ffff:10.0.0.7 - - [26/Mar/2025:19:26:23 +0000] "POST /bank-account/transactions/ HTTP/1.1" 200 18318 "-" "expensesmanager/8 CFNetwork/1568.200.51 Darwin/24.2.0"
::1 - - [26/Mar/2025:19:26:25 +0000] "OPTIONS /admin/plaid HTTP/1.1" 204 0 "http://localhost:4200/" "Mozilla/5.0 (Macintosh; Intel Mac OS X 10_15_7) AppleWebKit/537.36 (KHTML, like Gecko) Chrome/134.0.0.0 Safari/537.36"
::1 - - [26/Mar/2025:19:26:25 +0000] "POST /admin/plaid HTTP/1.1" 200 445 "http://localhost:4200/" "Mozilla/5.0 (Macintosh; Intel Mac OS X 10_15_7) AppleWebKit/537.36 (KHTML, like Gecko) Chrome/134.0.0.0 Safari/537.36"
::ffff:10.0.0.7 - - [26/Mar/2025:19:26:34 +0000] "POST /bank-account/balance/ HTTP/1.1" 200 367 "-" "expensesmanager/8 CFNetwork/1568.200.51 Darwin/24.2.0"
::ffff:10.0.0.7 - - [26/Mar/2025:19:26:42 +0000] "POST /bank-account/transactions/ HTTP/1.1" 200 4874 "-" "expensesmanager/8 CFNetwork/1568.200.51 Darwin/24.2.0"
::1 - - [26/Mar/2025:19:26:43 +0000] "OPTIONS /admin/plaid HTTP/1.1" 204 0 "http://localhost:4200/" "Mozilla/5.0 (Macintosh; Intel Mac OS X 10_15_7) AppleWebKit/537.36 (KHTML, like Gecko) Chrome/134.0.0.0 Safari/537.36"
::1 - - [26/Mar/2025:19:26:43 +0000] "POST /admin/plaid HTTP/1.1" 200 633 "http://localhost:4200/" "Mozilla/5.0 (Macintosh; Intel Mac OS X 10_15_7) AppleWebKit/537.36 (KHTML, like Gecko) Chrome/134.0.0.0 Safari/537.36"
::ffff:10.0.0.7 - - [26/Mar/2025:19:26:49 +0000] "POST /bank-account/transactions/ HTTP/1.1" 200 4874 "-" "expensesmanager/8 CFNetwork/1568.200.51 Darwin/24.2.0"
::1 - - [26/Mar/2025:19:26:52 +0000] "OPTIONS /admin/plaid HTTP/1.1" 204 0 "http://localhost:4200/" "Mozilla/5.0 (Macintosh; Intel Mac OS X 10_15_7) AppleWebKit/537.36 (KHTML, like Gecko) Chrome/134.0.0.0 Safari/537.36"
::1 - - [26/Mar/2025:19:26:53 +0000] "POST /admin/plaid HTTP/1.1" 200 633 "http://localhost:4200/" "Mozilla/5.0 (Macintosh; Intel Mac OS X 10_15_7) AppleWebKit/537.36 (KHTML, like Gecko) Chrome/134.0.0.0 Safari/537.36"
::ffff:10.0.0.7 - - [26/Mar/2025:19:27:01 +0000] "GET /bank-account/link-token/ HTTP/1.1" 200 109 "-" "expensesmanager/8 CFNetwork/1568.200.51 Darwin/24.2.0"
::1 - - [26/Mar/2025:19:27:23 +0000] "POST /bank-account/publicTokenWebhook?uid=iyWQr1RjYGYoZgnuevZ4p6zVtuw1 HTTP/1.1" 400 36 "-" "Go-http-client/2.0"
::1 - - [26/Mar/2025:19:27:26 +0000] "POST /bank-account/publicTokenWebhook?uid=iyWQr1RjYGYoZgnuevZ4p6zVtuw1 HTTP/1.1" 200 384 "-" "Go-http-client/2.0"
::1 - - [26/Mar/2025:19:27:28 +0000] "POST /bank-account/publicTokenWebhook?uid=iyWQr1RjYGYoZgnuevZ4p6zVtuw1 HTTP/1.1" 400 36 "-" "Go-http-client/2.0"
::ffff:10.0.0.7 - - [26/Mar/2025:19:27:28 +0000] "GET /bank-account/accounts/ HTTP/1.1" 200 16701 "-" "expensesmanager/8 CFNetwork/1568.200.51 Darwin/24.2.0"
::ffff:10.0.0.7 - - [26/Mar/2025:19:27:28 +0000] "GET /bank-account/accounts/ HTTP/1.1" 200 16701 "-" "expensesmanager/8 CFNetwork/1568.200.51 Darwin/24.2.0"
::ffff:10.0.0.7 - - [26/Mar/2025:19:27:28 +0000] "GET /bank-account/accounts/ HTTP/1.1" 200 16701 "-" "expensesmanager/8 CFNetwork/1568.200.51 Darwin/24.2.0"
::ffff:10.0.0.7 - - [26/Mar/2025:19:27:28 +0000] "GET /bank-account/accounts/ HTTP/1.1" 200 16701 "-" "expensesmanager/8 CFNetwork/1568.200.51 Darwin/24.2.0"
::ffff:10.0.0.7 - - [26/Mar/2025:19:27:28 +0000] "GET /bank-account/accounts/ HTTP/1.1" 200 16701 "-" "expensesmanager/8 CFNetwork/1568.200.51 Darwin/24.2.0"
::ffff:10.0.0.7 - - [26/Mar/2025:19:27:28 +0000] "GET /bank-account/accounts/ HTTP/1.1" 200 16701 "-" "expensesmanager/8 CFNetwork/1568.200.51 Darwin/24.2.0"
::1 - - [26/Mar/2025:19:27:28 +0000] "POST /bank-account/publicTokenWebhook?uid=iyWQr1RjYGYoZgnuevZ4p6zVtuw1 HTTP/1.1" 400 36 "-" "Go-http-client/2.0"
::ffff:10.0.0.7 - - [26/Mar/2025:19:27:29 +0000] "GET /bank-account/accounts/ HTTP/1.1" 200 16701 "-" "expensesmanager/8 CFNetwork/1568.200.51 Darwin/24.2.0"
::ffff:10.0.0.7 - - [26/Mar/2025:19:27:34 +0000] "GET /bank-account/link-token/ HTTP/1.1" 200 109 "-" "expensesmanager/8 CFNetwork/1568.200.51 Darwin/24.2.0"
::1 - - [26/Mar/2025:19:27:53 +0000] "POST /bank-account/publicTokenWebhook?uid=iyWQr1RjYGYoZgnuevZ4p6zVtuw1 HTTP/1.1" 400 36 "-" "Go-http-client/2.0"
::1 - - [26/Mar/2025:19:27:53 +0000] "POST /bank-account/publicTokenWebhook?uid=iyWQr1RjYGYoZgnuevZ4p6zVtuw1 HTTP/1.1" 400 36 "-" "Go-http-client/2.0"
::1 - - [26/Mar/2025:19:27:57 +0000] "POST /bank-account/publicTokenWebhook?uid=iyWQr1RjYGYoZgnuevZ4p6zVtuw1 HTTP/1.1" 200 544 "-" "Go-http-client/2.0"
::ffff:10.0.0.7 - - [26/Mar/2025:19:27:58 +0000] "GET /bank-account/accounts/ HTTP/1.1" 200 23016 "-" "expensesmanager/8 CFNetwork/1568.200.51 Darwin/24.2.0"
::ffff:10.0.0.7 - - [26/Mar/2025:19:27:58 +0000] "GET /bank-account/accounts/ HTTP/1.1" 200 23016 "-" "expensesmanager/8 CFNetwork/1568.200.51 Darwin/24.2.0"
::ffff:10.0.0.7 - - [26/Mar/2025:19:27:58 +0000] "GET /bank-account/accounts/ HTTP/1.1" 200 23016 "-" "expensesmanager/8 CFNetwork/1568.200.51 Darwin/24.2.0"
::ffff:10.0.0.7 - - [26/Mar/2025:19:27:58 +0000] "GET /bank-account/accounts/ HTTP/1.1" 200 23016 "-" "expensesmanager/8 CFNetwork/1568.200.51 Darwin/24.2.0"
::ffff:10.0.0.7 - - [26/Mar/2025:19:27:58 +0000] "GET /bank-account/accounts/ HTTP/1.1" 200 23016 "-" "expensesmanager/8 CFNetwork/1568.200.51 Darwin/24.2.0"
::ffff:10.0.0.7 - - [26/Mar/2025:19:27:58 +0000] "GET /bank-account/accounts/ HTTP/1.1" 200 23016 "-" "expensesmanager/8 CFNetwork/1568.200.51 Darwin/24.2.0"
::1 - - [26/Mar/2025:19:27:58 +0000] "POST /bank-account/publicTokenWebhook?uid=iyWQr1RjYGYoZgnuevZ4p6zVtuw1 HTTP/1.1" 400 36 "-" "Go-http-client/2.0"
::1 - - [26/Mar/2025:19:27:58 +0000] "POST /bank-account/publicTokenWebhook?uid=iyWQr1RjYGYoZgnuevZ4p6zVtuw1 HTTP/1.1" 400 36 "-" "Go-http-client/2.0"
::1 - - [26/Mar/2025:19:27:58 +0000] "POST /bank-account/publicTokenWebhook?uid=iyWQr1RjYGYoZgnuevZ4p6zVtuw1 HTTP/1.1" 400 36 "-" "Go-http-client/2.0"
::ffff:10.0.0.7 - - [26/Mar/2025:19:27:58 +0000] "GET /bank-account/accounts/ HTTP/1.1" 200 23016 "-" "expensesmanager/8 CFNetwork/1568.200.51 Darwin/24.2.0"
::ffff:10.0.0.7 - - [26/Mar/2025:19:27:58 +0000] "GET /bank-account/accounts/ HTTP/1.1" 200 23016 "-" "expensesmanager/8 CFNetwork/1568.200.51 Darwin/24.2.0"
::1 - - [26/Mar/2025:19:27:59 +0000] "POST /bank-account/publicTokenWebhook?uid=iyWQr1RjYGYoZgnuevZ4p6zVtuw1 HTTP/1.1" 400 36 "-" "Go-http-client/2.0"
::ffff:10.0.0.7 - - [26/Mar/2025:19:28:02 +0000] "POST /bank-account/unlink/ HTTP/1.1" 200 49 "-" "expensesmanager/8 CFNetwork/1568.200.51 Darwin/24.2.0"
::ffff:10.0.0.7 - - [26/Mar/2025:19:28:03 +0000] "GET /bank-account/accounts/ HTTP/1.1" 200 17191 "-" "expensesmanager/8 CFNetwork/1568.200.51 Darwin/24.2.0"
::ffff:10.0.0.7 - - [26/Mar/2025:19:28:03 +0000] "GET /bank-account/accounts/ HTTP/1.1" 200 17191 "-" "expensesmanager/8 CFNetwork/1568.200.51 Darwin/24.2.0"
::ffff:10.0.0.7 - - [26/Mar/2025:19:28:03 +0000] "GET /bank-account/accounts/ HTTP/1.1" 200 17191 "-" "expensesmanager/8 CFNetwork/1568.200.51 Darwin/24.2.0"
::ffff:10.0.0.7 - - [26/Mar/2025:19:28:03 +0000] "GET /bank-account/accounts/ HTTP/1.1" 200 17191 "-" "expensesmanager/8 CFNetwork/1568.200.51 Darwin/24.2.0"
::ffff:10.0.0.7 - - [26/Mar/2025:19:28:03 +0000] "GET /bank-account/accounts/ HTTP/1.1" 200 17191 "-" "expensesmanager/8 CFNetwork/1568.200.51 Darwin/24.2.0"
::ffff:10.0.0.7 - - [26/Mar/2025:19:28:03 +0000] "GET /bank-account/accounts/ HTTP/1.1" 200 17191 "-" "expensesmanager/8 CFNetwork/1568.200.51 Darwin/24.2.0"
::ffff:10.0.0.7 - - [26/Mar/2025:19:28:04 +0000] "GET /bank-account/accounts/ HTTP/1.1" 200 17191 "-" "expensesmanager/8 CFNetwork/1568.200.51 Darwin/24.2.0"
::ffff:10.0.0.7 - - [26/Mar/2025:19:28:04 +0000] "GET /bank-account/accounts/ HTTP/1.1" 200 17191 "-" "expensesmanager/8 CFNetwork/1568.200.51 Darwin/24.2.0"
::ffff:10.0.0.7 - - [26/Mar/2025:19:28:18 +0000] "POST /bank-account/balance/ HTTP/1.1" 200 367 "-" "expensesmanager/8 CFNetwork/1568.200.51 Darwin/24.2.0"
::1 - - [26/Mar/2025:19:28:23 +0000] "POST /bank-account/publicTokenWebhook?uid=iyWQr1RjYGYoZgnuevZ4p6zVtuw1 HTTP/1.1" 400 36 "-" "Go-http-client/2.0"
::ffff:10.0.0.7 - - [26/Mar/2025:19:28:24 +0000] "POST /bank-account/balance/ HTTP/1.1" 200 382 "-" "expensesmanager/8 CFNetwork/1568.200.51 Darwin/24.2.0"
::ffff:10.0.0.7 - - [26/Mar/2025:19:28:31 +0000] "POST /bank-account/transactions/ HTTP/1.1" 200 90 "-" "expensesmanager/8 CFNetwork/1568.200.51 Darwin/24.2.0"
::ffff:10.0.0.7 - - [26/Mar/2025:19:28:38 +0000] "POST /bank-account/transactions/ HTTP/1.1" 200 90 "-" "expensesmanager/8 CFNetwork/1568.200.51 Darwin/24.2.0"
::ffff:10.0.0.7 - - [26/Mar/2025:19:28:45 +0000] "POST /bank-account/transactions/ HTTP/1.1" 200 4874 "-" "expensesmanager/8 CFNetwork/1568.200.51 Darwin/24.2.0"
::ffff:10.0.0.7 - - [26/Mar/2025:19:28:51 +0000] "POST /bank-account/transactions/ HTTP/1.1" 200 4874 "-" "expensesmanager/8 CFNetwork/1568.200.51 Darwin/24.2.0"
::ffff:10.0.0.7 - - [26/Mar/2025:19:28:55 +0000] "POST /bank-account/transactions/ HTTP/1.1" 200 4874 "-" "expensesmanager/8 CFNetwork/1568.200.51 Darwin/24.2.0"
::ffff:10.0.0.7 - - [26/Mar/2025:19:28:58 +0000] "POST /bank-account/transactions/ HTTP/1.1" 200 4874 "-" "expensesmanager/8 CFNetwork/1568.200.51 Darwin/24.2.0"
::ffff:10.0.0.7 - - [26/Mar/2025:19:29:01 +0000] "POST /bank-account/transactions/ HTTP/1.1" 200 4874 "-" "expensesmanager/8 CFNetwork/1568.200.51 Darwin/24.2.0"
::ffff:10.0.0.7 - - [26/Mar/2025:19:29:09 +0000] "POST /bank-account/balance/ HTTP/1.1" 200 367 "-" "expensesmanager/8 CFNetwork/1568.200.51 Darwin/24.2.0"
::1 - - [26/Mar/2025:19:29:10 +0000] "OPTIONS /admin/plaid HTTP/1.1" 204 0 "http://localhost:4200/" "Mozilla/5.0 (Macintosh; Intel Mac OS X 10_15_7) AppleWebKit/537.36 (KHTML, like Gecko) Chrome/134.0.0.0 Safari/537.36"
::1 - - [26/Mar/2025:19:29:11 +0000] "POST /admin/plaid HTTP/1.1" 200 1279 "http://localhost:4200/" "Mozilla/5.0 (Macintosh; Intel Mac OS X 10_15_7) AppleWebKit/537.36 (KHTML, like Gecko) Chrome/134.0.0.0 Safari/537.36"
::ffff:10.0.0.7 - - [26/Mar/2025:19:29:30 +0000] "POST /bank-account/balance/ HTTP/1.1" 200 366 "-" "expensesmanager/8 CFNetwork/1568.200.51 Darwin/24.2.0"
::ffff:10.0.0.7 - - [26/Mar/2025:19:29:33 +0000] "POST /bank-account/transactions/ HTTP/1.1" 200 2546 "-" "expensesmanager/8 CFNetwork/1568.200.51 Darwin/24.2.0"
::1 - - [26/Mar/2025:19:29:36 +0000] "OPTIONS /admin/plaid HTTP/1.1" 204 0 "http://localhost:4200/" "Mozilla/5.0 (Macintosh; Intel Mac OS X 10_15_7) AppleWebKit/537.36 (KHTML, like Gecko) Chrome/134.0.0.0 Safari/537.36"
::1 - - [26/Mar/2025:19:29:36 +0000] "POST /admin/plaid HTTP/1.1" 200 1332 "http://localhost:4200/" "Mozilla/5.0 (Macintosh; Intel Mac OS X 10_15_7) AppleWebKit/537.36 (KHTML, like Gecko) Chrome/134.0.0.0 Safari/537.36"
::1 - - [26/Mar/2025:19:29:50 +0000] "OPTIONS /admin/plaid HTTP/1.1" 204 0 "http://localhost:4200/" "Mozilla/5.0 (Macintosh; Intel Mac OS X 10_15_7) AppleWebKit/537.36 (KHTML, like Gecko) Chrome/134.0.0.0 Safari/537.36"
::1 - - [26/Mar/2025:19:29:50 +0000] "POST /admin/plaid HTTP/1.1" 200 548 "http://localhost:4200/" "Mozilla/5.0 (Macintosh; Intel Mac OS X 10_15_7) AppleWebKit/537.36 (KHTML, like Gecko) Chrome/134.0.0.0 Safari/537.36"
::1 - - [26/Mar/2025:19:29:53 +0000] "POST /bank-account/publicTokenWebhook?uid=iyWQr1RjYGYoZgnuevZ4p6zVtuw1 HTTP/1.1" 400 36 "-" "Go-http-client/2.0"
::1 - - [26/Mar/2025:19:29:58 +0000] "POST /bank-account/publicTokenWebhook?uid=iyWQr1RjYGYoZgnuevZ4p6zVtuw1 HTTP/1.1" 400 36 "-" "Go-http-client/2.0"
::1 - - [26/Mar/2025:19:29:59 +0000] "POST /bank-account/publicTokenWebhook?uid=iyWQr1RjYGYoZgnuevZ4p6zVtuw1 HTTP/1.1" 400 36 "-" "Go-http-client/2.0"
::1 - - [26/Mar/2025:19:30:23 +0000] "POST /bank-account/publicTokenWebhook?uid=iyWQr1RjYGYoZgnuevZ4p6zVtuw1 HTTP/1.1" 400 36 "-" "Go-http-client/2.0"
::1 - - [26/Mar/2025:19:30:29 +0000] "POST /bank-account/publicTokenWebhook?uid=iyWQr1RjYGYoZgnuevZ4p6zVtuw1 HTTP/1.1" 400 36 "-" "Go-http-client/2.0"
::1 - - [26/Mar/2025:19:30:29 +0000] "POST /bank-account/publicTokenWebhook?uid=iyWQr1RjYGYoZgnuevZ4p6zVtuw1 HTTP/1.1" 400 36 "-" "Go-http-client/2.0"
::1 - - [26/Mar/2025:19:30:52 +0000] "OPTIONS /admin/plaid HTTP/1.1" 204 0 "http://localhost:4200/" "Mozilla/5.0 (Macintosh; Intel Mac OS X 10_15_7) AppleWebKit/537.36 (KHTML, like Gecko) Chrome/134.0.0.0 Safari/537.36"
::1 - - [26/Mar/2025:19:30:53 +0000] "POST /admin/plaid HTTP/1.1" 200 548 "http://localhost:4200/" "Mozilla/5.0 (Macintosh; Intel Mac OS X 10_15_7) AppleWebKit/537.36 (KHTML, like Gecko) Chrome/134.0.0.0 Safari/537.36"
::1 - - [26/Mar/2025:19:31:23 +0000] "OPTIONS /admin/plaid HTTP/1.1" 204 0 "http://localhost:4200/" "Mozilla/5.0 (Macintosh; Intel Mac OS X 10_15_7) AppleWebKit/537.36 (KHTML, like Gecko) Chrome/134.0.0.0 Safari/537.36"
::1 - - [26/Mar/2025:19:31:23 +0000] "POST /admin/plaid HTTP/1.1" 200 548 "http://localhost:4200/" "Mozilla/5.0 (Macintosh; Intel Mac OS X 10_15_7) AppleWebKit/537.36 (KHTML, like Gecko) Chrome/134.0.0.0 Safari/537.36"
::1 - - [26/Mar/2025:19:31:30 +0000] "OPTIONS /admin/plaid HTTP/1.1" 204 0 "http://localhost:4200/" "Mozilla/5.0 (Macintosh; Intel Mac OS X 10_15_7) AppleWebKit/537.36 (KHTML, like Gecko) Chrome/134.0.0.0 Safari/537.36"
::1 - - [26/Mar/2025:19:31:30 +0000] "POST /admin/plaid HTTP/1.1" 200 524 "http://localhost:4200/" "Mozilla/5.0 (Macintosh; Intel Mac OS X 10_15_7) AppleWebKit/537.36 (KHTML, like Gecko) Chrome/134.0.0.0 Safari/537.36"
::ffff:10.0.0.7 - - [26/Mar/2025:19:32:04 +0000] "POST /bank-account/balance/ HTTP/1.1" 200 367 "-" "expensesmanager/8 CFNetwork/1568.200.51 Darwin/24.2.0"
::ffff:10.0.0.7 - - [26/Mar/2025:19:32:14 +0000] "POST /bank-account/balance/ HTTP/1.1" 200 382 "-" "expensesmanager/8 CFNetwork/1568.200.51 Darwin/24.2.0"
::ffff:10.0.0.7 - - [26/Mar/2025:19:32:18 +0000] "POST /bank-account/balance/ HTTP/1.1" 200 373 "-" "expensesmanager/8 CFNetwork/1568.200.51 Darwin/24.2.0"
::ffff:10.0.0.7 - - [26/Mar/2025:19:32:23 +0000] "POST /bank-account/balance/ HTTP/1.1" 200 329 "-" "expensesmanager/8 CFNetwork/1568.200.51 Darwin/24.2.0"
::1 - - [26/Mar/2025:19:32:26 +0000] "OPTIONS /admin/plaid HTTP/1.1" 204 0 "http://localhost:4200/" "Mozilla/5.0 (Macintosh; Intel Mac OS X 10_15_7) AppleWebKit/537.36 (KHTML, like Gecko) Chrome/134.0.0.0 Safari/537.36"
::1 - - [26/Mar/2025:19:32:26 +0000] "POST /admin/plaid HTTP/1.1" 200 583 "http://localhost:4200/" "Mozilla/5.0 (Macintosh; Intel Mac OS X 10_15_7) AppleWebKit/537.36 (KHTML, like Gecko) Chrome/134.0.0.0 Safari/537.36"
::1 - - [26/Mar/2025:19:32:37 +0000] "OPTIONS /admin/plaid HTTP/1.1" 204 0 "http://localhost:4200/" "Mozilla/5.0 (Macintosh; Intel Mac OS X 10_15_7) AppleWebKit/537.36 (KHTML, like Gecko) Chrome/134.0.0.0 Safari/537.36"
::1 - - [26/Mar/2025:19:32:38 +0000] "POST /admin/plaid HTTP/1.1" 200 583 "http://localhost:4200/" "Mozilla/5.0 (Macintosh; Intel Mac OS X 10_15_7) AppleWebKit/537.36 (KHTML, like Gecko) Chrome/134.0.0.0 Safari/537.36"
::1 - - [26/Mar/2025:19:33:15 +0000] "OPTIONS /admin/plaid HTTP/1.1" 204 0 "http://localhost:4200/" "Mozilla/5.0 (Macintosh; Intel Mac OS X 10_15_7) AppleWebKit/537.36 (KHTML, like Gecko) Chrome/134.0.0.0 Safari/537.36"
::1 - - [26/Mar/2025:19:33:16 +0000] "POST /admin/plaid HTTP/1.1" 200 1391 "http://localhost:4200/" "Mozilla/5.0 (Macintosh; Intel Mac OS X 10_15_7) AppleWebKit/537.36 (KHTML, like Gecko) Chrome/134.0.0.0 Safari/537.36"
::1 - - [26/Mar/2025:19:33:18 +0000] "POST /admin/plaid HTTP/1.1" 200 1391 "http://localhost:4200/" "Mozilla/5.0 (Macintosh; Intel Mac OS X 10_15_7) AppleWebKit/537.36 (KHTML, like Gecko) Chrome/134.0.0.0 Safari/537.36"
::1 - - [26/Mar/2025:19:33:24 +0000] "OPTIONS /admin/plaid HTTP/1.1" 204 0 "http://localhost:4200/" "Mozilla/5.0 (Macintosh; Intel Mac OS X 10_15_7) AppleWebKit/537.36 (KHTML, like Gecko) Chrome/134.0.0.0 Safari/537.36"
::1 - - [26/Mar/2025:19:33:24 +0000] "POST /admin/plaid HTTP/1.1" 200 583 "http://localhost:4200/" "Mozilla/5.0 (Macintosh; Intel Mac OS X 10_15_7) AppleWebKit/537.36 (KHTML, like Gecko) Chrome/134.0.0.0 Safari/537.36"
::1 - - [26/Mar/2025:19:33:27 +0000] "POST /admin/plaid HTTP/1.1" 200 583 "http://localhost:4200/" "Mozilla/5.0 (Macintosh; Intel Mac OS X 10_15_7) AppleWebKit/537.36 (KHTML, like Gecko) Chrome/134.0.0.0 Safari/537.36"
::1 - - [26/Mar/2025:19:33:42 +0000] "OPTIONS /admin/plaid HTTP/1.1" 204 0 "http://localhost:4200/" "Mozilla/5.0 (Macintosh; Intel Mac OS X 10_15_7) AppleWebKit/537.36 (KHTML, like Gecko) Chrome/134.0.0.0 Safari/537.36"
::1 - - [26/Mar/2025:19:33:42 +0000] "POST /admin/plaid HTTP/1.1" 200 1391 "http://localhost:4200/" "Mozilla/5.0 (Macintosh; Intel Mac OS X 10_15_7) AppleWebKit/537.36 (KHTML, like Gecko) Chrome/134.0.0.0 Safari/537.36"
::1 - - [26/Mar/2025:19:33:52 +0000] "OPTIONS /admin/plaid HTTP/1.1" 204 0 "http://localhost:4200/" "Mozilla/5.0 (Macintosh; Intel Mac OS X 10_15_7) AppleWebKit/537.36 (KHTML, like Gecko) Chrome/134.0.0.0 Safari/537.36"
::1 - - [26/Mar/2025:19:33:52 +0000] "POST /admin/plaid HTTP/1.1" 200 1391 "http://localhost:4200/" "Mozilla/5.0 (Macintosh; Intel Mac OS X 10_15_7) AppleWebKit/537.36 (KHTML, like Gecko) Chrome/134.0.0.0 Safari/537.36"
::1 - - [26/Mar/2025:19:34:01 +0000] "OPTIONS /admin/plaid HTTP/1.1" 204 0 "http://localhost:4200/" "Mozilla/5.0 (Macintosh; Intel Mac OS X 10_15_7) AppleWebKit/537.36 (KHTML, like Gecko) Chrome/134.0.0.0 Safari/537.36"
::1 - - [26/Mar/2025:19:34:02 +0000] "POST /admin/plaid HTTP/1.1" 200 1391 "http://localhost:4200/" "Mozilla/5.0 (Macintosh; Intel Mac OS X 10_15_7) AppleWebKit/537.36 (KHTML, like Gecko) Chrome/134.0.0.0 Safari/537.36"
::1 - - [26/Mar/2025:19:34:10 +0000] "OPTIONS /admin/plaid HTTP/1.1" 204 0 "http://localhost:4200/" "Mozilla/5.0 (Macintosh; Intel Mac OS X 10_15_7) AppleWebKit/537.36 (KHTML, like Gecko) Chrome/134.0.0.0 Safari/537.36"
::1 - - [26/Mar/2025:19:34:11 +0000] "POST /admin/plaid HTTP/1.1" 200 1391 "http://localhost:4200/" "Mozilla/5.0 (Macintosh; Intel Mac OS X 10_15_7) AppleWebKit/537.36 (KHTML, like Gecko) Chrome/134.0.0.0 Safari/537.36"
::1 - - [26/Mar/2025:19:34:51 +0000] "OPTIONS /admin/plaid HTTP/1.1" 204 0 "http://localhost:4200/" "Mozilla/5.0 (Macintosh; Intel Mac OS X 10_15_7) AppleWebKit/537.36 (KHTML, like Gecko) Chrome/134.0.0.0 Safari/537.36"
::1 - - [26/Mar/2025:19:34:51 +0000] "POST /admin/plaid HTTP/1.1" 200 583 "http://localhost:4200/" "Mozilla/5.0 (Macintosh; Intel Mac OS X 10_15_7) AppleWebKit/537.36 (KHTML, like Gecko) Chrome/134.0.0.0 Safari/537.36"
::1 - - [26/Mar/2025:19:34:56 +0000] "POST /admin/plaid HTTP/1.1" 200 1391 "http://localhost:4200/" "Mozilla/5.0 (Macintosh; Intel Mac OS X 10_15_7) AppleWebKit/537.36 (KHTML, like Gecko) Chrome/134.0.0.0 Safari/537.36"
::1 - - [26/Mar/2025:19:37:53 +0000] "POST /bank-account/publicTokenWebhook?uid=iyWQr1RjYGYoZgnuevZ4p6zVtuw1 HTTP/1.1" 400 36 "-" "Go-http-client/2.0"
::1 - - [26/Mar/2025:19:37:58 +0000] "POST /bank-account/publicTokenWebhook?uid=iyWQr1RjYGYoZgnuevZ4p6zVtuw1 HTTP/1.1" 400 36 "-" "Go-http-client/2.0"
::1 - - [26/Mar/2025:19:37:59 +0000] "POST /bank-account/publicTokenWebhook?uid=iyWQr1RjYGYoZgnuevZ4p6zVtuw1 HTTP/1.1" 400 36 "-" "Go-http-client/2.0"
::1 - - [26/Mar/2025:19:38:23 +0000] "POST /bank-account/publicTokenWebhook?uid=iyWQr1RjYGYoZgnuevZ4p6zVtuw1 HTTP/1.1" 400 36 "-" "Go-http-client/2.0"
::1 - - [26/Mar/2025:19:38:29 +0000] "POST /bank-account/publicTokenWebhook?uid=iyWQr1RjYGYoZgnuevZ4p6zVtuw1 HTTP/1.1" 400 36 "-" "Go-http-client/2.0"
::1 - - [26/Mar/2025:19:38:29 +0000] "POST /bank-account/publicTokenWebhook?uid=iyWQr1RjYGYoZgnuevZ4p6zVtuw1 HTTP/1.1" 400 36 "-" "Go-http-client/2.0"
::1 - - [26/Mar/2025:19:41:57 +0000] "POST /bank-account/publicTokenWebhook?uid=iyWQr1RjYGYoZgnuevZ4p6zVtuw1 HTTP/1.1" 400 36 "-" "Go-http-client/2.0"
::1 - - [26/Mar/2025:19:42:17 +0000] "POST /bank-account/publicTokenWebhook?uid=iyWQr1RjYGYoZgnuevZ4p6zVtuw1 HTTP/1.1" 400 36 "-" "Go-http-client/2.0"
::1 - - [26/Mar/2025:19:42:26 +0000] "POST /bank-account/publicTokenWebhook?uid=iyWQr1RjYGYoZgnuevZ4p6zVtuw1 HTTP/1.1" 400 36 "-" "Go-http-client/2.0"
::1 - - [26/Mar/2025:20:09:53 +0000] "POST /bank-account/publicTokenWebhook?uid=iyWQr1RjYGYoZgnuevZ4p6zVtuw1 HTTP/1.1" 400 36 "-" "Go-http-client/2.0"
::1 - - [26/Mar/2025:20:09:58 +0000] "POST /bank-account/publicTokenWebhook?uid=iyWQr1RjYGYoZgnuevZ4p6zVtuw1 HTTP/1.1" 400 36 "-" "Go-http-client/2.0"
::1 - - [26/Mar/2025:20:09:58 +0000] "POST /bank-account/publicTokenWebhook?uid=iyWQr1RjYGYoZgnuevZ4p6zVtuw1 HTTP/1.1" 400 36 "-" "Go-http-client/2.0"
::1 - - [26/Mar/2025:20:10:23 +0000] "POST /bank-account/publicTokenWebhook?uid=iyWQr1RjYGYoZgnuevZ4p6zVtuw1 HTTP/1.1" 400 36 "-" "Go-http-client/2.0"
::1 - - [26/Mar/2025:20:10:28 +0000] "POST /bank-account/publicTokenWebhook?uid=iyWQr1RjYGYoZgnuevZ4p6zVtuw1 HTTP/1.1" 400 36 "-" "Go-http-client/2.0"
::1 - - [26/Mar/2025:20:10:28 +0000] "POST /bank-account/publicTokenWebhook?uid=iyWQr1RjYGYoZgnuevZ4p6zVtuw1 HTTP/1.1" 400 36 "-" "Go-http-client/2.0"
::1 - - [26/Mar/2025:21:49:57 +0000] "POST /bank-account/publicTokenWebhook?uid=iyWQr1RjYGYoZgnuevZ4p6zVtuw1 HTTP/1.1" 400 36 "-" "Go-http-client/2.0"
::1 - - [26/Mar/2025:21:50:17 +0000] "POST /bank-account/publicTokenWebhook?uid=iyWQr1RjYGYoZgnuevZ4p6zVtuw1 HTTP/1.1" 400 36 "-" "Go-http-client/2.0"
::1 - - [26/Mar/2025:21:50:26 +0000] "POST /bank-account/publicTokenWebhook?uid=iyWQr1RjYGYoZgnuevZ4p6zVtuw1 HTTP/1.1" 400 36 "-" "Go-http-client/2.0"
::1 - - [26/Mar/2025:22:17:53 +0000] "POST /bank-account/publicTokenWebhook?uid=iyWQr1RjYGYoZgnuevZ4p6zVtuw1 HTTP/1.1" 400 36 "-" "Go-http-client/2.0"
::1 - - [26/Mar/2025:22:17:58 +0000] "POST /bank-account/publicTokenWebhook?uid=iyWQr1RjYGYoZgnuevZ4p6zVtuw1 HTTP/1.1" 400 36 "-" "Go-http-client/2.0"
::1 - - [26/Mar/2025:22:17:58 +0000] "POST /bank-account/publicTokenWebhook?uid=iyWQr1RjYGYoZgnuevZ4p6zVtuw1 HTTP/1.1" 400 36 "-" "Go-http-client/2.0"
::1 - - [26/Mar/2025:22:18:23 +0000] "POST /bank-account/publicTokenWebhook?uid=iyWQr1RjYGYoZgnuevZ4p6zVtuw1 HTTP/1.1" 400 36 "-" "Go-http-client/2.0"
::1 - - [26/Mar/2025:22:18:28 +0000] "POST /bank-account/publicTokenWebhook?uid=iyWQr1RjYGYoZgnuevZ4p6zVtuw1 HTTP/1.1" 400 36 "-" "Go-http-client/2.0"
::1 - - [26/Mar/2025:22:18:28 +0000] "POST /bank-account/publicTokenWebhook?uid=iyWQr1RjYGYoZgnuevZ4p6zVtuw1 HTTP/1.1" 400 36 "-" "Go-http-client/2.0"
::1 - - [27/Mar/2025:00:42:06 +0000] "OPTIONS /admin/plaid HTTP/1.1" 204 0 "http://localhost:4200/" "Mozilla/5.0 (Macintosh; Intel Mac OS X 10_15_7) AppleWebKit/537.36 (KHTML, like Gecko) Chrome/134.0.0.0 Safari/537.36"
::1 - - [27/Mar/2025:00:42:06 +0000] "POST /admin/plaid HTTP/1.1" 200 1391 "http://localhost:4200/" "Mozilla/5.0 (Macintosh; Intel Mac OS X 10_15_7) AppleWebKit/537.36 (KHTML, like Gecko) Chrome/134.0.0.0 Safari/537.36"
::1 - - [27/Mar/2025:01:39:30 +0000] "OPTIONS /admin/plaid HTTP/1.1" 204 0 "http://localhost:4200/" "Mozilla/5.0 (Macintosh; Intel Mac OS X 10_15_7) AppleWebKit/537.36 (KHTML, like Gecko) Chrome/134.0.0.0 Safari/537.36"
::1 - - [27/Mar/2025:01:39:31 +0000] "POST /admin/plaid HTTP/1.1" 200 1391 "http://localhost:4200/" "Mozilla/5.0 (Macintosh; Intel Mac OS X 10_15_7) AppleWebKit/537.36 (KHTML, like Gecko) Chrome/134.0.0.0 Safari/537.36"
::1 - - [27/Mar/2025:02:28:12 +0000] "GET / HTTP/1.1" 404 139 "-" "Mozilla/5.0 (Macintosh; Intel Mac OS X 10_15_7) AppleWebKit/537.36 (KHTML, like Gecko) Chrome/134.0.0.0 Safari/537.36"
::1 - - [27/Mar/2025:02:28:17 +0000] "GET /logs HTTP/1.1" 301 175 "-" "Mozilla/5.0 (Macintosh; Intel Mac OS X 10_15_7) AppleWebKit/537.36 (KHTML, like Gecko) Chrome/134.0.0.0 Safari/537.36"
::1 - - [27/Mar/2025:02:28:17 +0000] "GET /logs/ HTTP/1.1" 404 144 "-" "Mozilla/5.0 (Macintosh; Intel Mac OS X 10_15_7) AppleWebKit/537.36 (KHTML, like Gecko) Chrome/134.0.0.0 Safari/537.36"
::1 - - [27/Mar/2025:02:28:25 +0000] "GET /logs/server HTTP/1.1" 404 150 "-" "Mozilla/5.0 (Macintosh; Intel Mac OS X 10_15_7) AppleWebKit/537.36 (KHTML, like Gecko) Chrome/134.0.0.0 Safari/537.36"
::1 - - [27/Mar/2025:02:29:56 +0000] "GET /logs/debug-02-28-2025.log HTTP/1.1" 200 30314 "-" "Mozilla/5.0 (Macintosh; Intel Mac OS X 10_15_7) AppleWebKit/537.36 (KHTML, like Gecko) Chrome/134.0.0.0 Safari/537.36"
::1 - - [27/Mar/2025:02:29:56 +0000] "GET /favicon.ico HTTP/1.1" 404 150 "http://localhost:3000/logs/debug-02-28-2025.log" "Mozilla/5.0 (Macintosh; Intel Mac OS X 10_15_7) AppleWebKit/537.36 (KHTML, like Gecko) Chrome/134.0.0.0 Safari/537.36"
::1 - - [27/Mar/2025:02:53:38 +0000] "GET /public/logo.jpeg HTTP/1.1" 200 19914 "-" "Mozilla/5.0 (Macintosh; Intel Mac OS X 10_15_7) AppleWebKit/537.36 (KHTML, like Gecko) Chrome/134.0.0.0 Safari/537.36"
::1 - - [27/Mar/2025:03:21:40 +0000] "OPTIONS /admin/plaid HTTP/1.1" 204 0 "http://localhost:4200/" "Mozilla/5.0 (Macintosh; Intel Mac OS X 10_15_7) AppleWebKit/537.36 (KHTML, like Gecko) Chrome/134.0.0.0 Safari/537.36"
::1 - - [27/Mar/2025:03:21:40 +0000] "POST /admin/plaid HTTP/1.1" 200 1391 "http://localhost:4200/" "Mozilla/5.0 (Macintosh; Intel Mac OS X 10_15_7) AppleWebKit/537.36 (KHTML, like Gecko) Chrome/134.0.0.0 Safari/537.36"
::1 - - [27/Mar/2025:03:27:15 +0000] "OPTIONS /admin/plaid HTTP/1.1" 204 0 "http://localhost:4200/" "Mozilla/5.0 (Macintosh; Intel Mac OS X 10_15_7) AppleWebKit/537.36 (KHTML, like Gecko) Chrome/134.0.0.0 Safari/537.36"
::1 - - [27/Mar/2025:03:27:15 +0000] "POST /admin/plaid HTTP/1.1" 200 1391 "http://localhost:4200/" "Mozilla/5.0 (Macintosh; Intel Mac OS X 10_15_7) AppleWebKit/537.36 (KHTML, like Gecko) Chrome/134.0.0.0 Safari/537.36"
::1 - - [27/Mar/2025:03:31:12 +0000] "OPTIONS /admin/plaid HTTP/1.1" 204 0 "http://localhost:4200/" "Mozilla/5.0 (Macintosh; Intel Mac OS X 10_15_7) AppleWebKit/537.36 (KHTML, like Gecko) Chrome/134.0.0.0 Safari/537.36"
::1 - - [27/Mar/2025:03:31:12 +0000] "POST /admin/plaid HTTP/1.1" 200 1405 "http://localhost:4200/" "Mozilla/5.0 (Macintosh; Intel Mac OS X 10_15_7) AppleWebKit/537.36 (KHTML, like Gecko) Chrome/134.0.0.0 Safari/537.36"
::1 - - [27/Mar/2025:03:31:16 +0000] "POST /admin/plaid HTTP/1.1" 200 1405 "http://localhost:4200/" "Mozilla/5.0 (Macintosh; Intel Mac OS X 10_15_7) AppleWebKit/537.36 (KHTML, like Gecko) Chrome/134.0.0.0 Safari/537.36"
::1 - - [27/Mar/2025:03:31:41 +0000] "OPTIONS /admin/plaid HTTP/1.1" 204 0 "http://localhost:4200/" "Mozilla/5.0 (Macintosh; Intel Mac OS X 10_15_7) AppleWebKit/537.36 (KHTML, like Gecko) Chrome/134.0.0.0 Safari/537.36"
::1 - - [27/Mar/2025:03:31:41 +0000] "POST /admin/plaid HTTP/1.1" 200 1405 "http://localhost:4200/" "Mozilla/5.0 (Macintosh; Intel Mac OS X 10_15_7) AppleWebKit/537.36 (KHTML, like Gecko) Chrome/134.0.0.0 Safari/537.36"
::1 - - [27/Mar/2025:03:33:06 +0000] "OPTIONS /admin/plaid HTTP/1.1" 204 0 "http://localhost:4200/" "Mozilla/5.0 (Macintosh; Intel Mac OS X 10_15_7) AppleWebKit/537.36 (KHTML, like Gecko) Chrome/134.0.0.0 Safari/537.36"
::1 - - [27/Mar/2025:03:33:07 +0000] "POST /admin/plaid HTTP/1.1" 200 1405 "http://localhost:4200/" "Mozilla/5.0 (Macintosh; Intel Mac OS X 10_15_7) AppleWebKit/537.36 (KHTML, like Gecko) Chrome/134.0.0.0 Safari/537.36"
::1 - - [27/Mar/2025:03:33:29 +0000] "OPTIONS /admin/plaid HTTP/1.1" 204 0 "http://localhost:4200/" "Mozilla/5.0 (Macintosh; Intel Mac OS X 10_15_7) AppleWebKit/537.36 (KHTML, like Gecko) Chrome/134.0.0.0 Safari/537.36"
::1 - - [27/Mar/2025:03:33:29 +0000] "POST /admin/plaid HTTP/1.1" 200 1405 "http://localhost:4200/" "Mozilla/5.0 (Macintosh; Intel Mac OS X 10_15_7) AppleWebKit/537.36 (KHTML, like Gecko) Chrome/134.0.0.0 Safari/537.36"
::1 - - [27/Mar/2025:03:36:42 +0000] "OPTIONS /admin/plaid HTTP/1.1" 204 0 "http://localhost:4200/" "Mozilla/5.0 (Macintosh; Intel Mac OS X 10_15_7) AppleWebKit/537.36 (KHTML, like Gecko) Chrome/134.0.0.0 Safari/537.36"
::1 - - [27/Mar/2025:03:36:43 +0000] "POST /admin/plaid HTTP/1.1" 200 1405 "http://localhost:4200/" "Mozilla/5.0 (Macintosh; Intel Mac OS X 10_15_7) AppleWebKit/537.36 (KHTML, like Gecko) Chrome/134.0.0.0 Safari/537.36"
::1 - - [27/Mar/2025:03:36:48 +0000] "OPTIONS /admin/plaid HTTP/1.1" 204 0 "http://localhost:4200/" "Mozilla/5.0 (Macintosh; Intel Mac OS X 10_15_7) AppleWebKit/537.36 (KHTML, like Gecko) Chrome/134.0.0.0 Safari/537.36"
::1 - - [27/Mar/2025:03:36:48 +0000] "POST /admin/plaid HTTP/1.1" 200 1405 "http://localhost:4200/" "Mozilla/5.0 (Macintosh; Intel Mac OS X 10_15_7) AppleWebKit/537.36 (KHTML, like Gecko) Chrome/134.0.0.0 Safari/537.36"
::1 - - [27/Mar/2025:03:36:53 +0000] "OPTIONS /admin/plaid/settings HTTP/1.1" 204 0 "http://localhost:4200/" "Mozilla/5.0 (Macintosh; Intel Mac OS X 10_15_7) AppleWebKit/537.36 (KHTML, like Gecko) Chrome/134.0.0.0 Safari/537.36"
::1 - - [27/Mar/2025:03:36:53 +0000] "POST /admin/plaid/settings HTTP/1.1" 404 160 "http://localhost:4200/" "Mozilla/5.0 (Macintosh; Intel Mac OS X 10_15_7) AppleWebKit/537.36 (KHTML, like Gecko) Chrome/134.0.0.0 Safari/537.36"
::1 - - [27/Mar/2025:03:49:09 +0000] "OPTIONS /admin/plaid HTTP/1.1" 204 0 "http://localhost:4200/" "Mozilla/5.0 (Macintosh; Intel Mac OS X 10_15_7) AppleWebKit/537.36 (KHTML, like Gecko) Chrome/134.0.0.0 Safari/537.36"
::1 - - [27/Mar/2025:03:49:10 +0000] "POST /admin/plaid HTTP/1.1" 200 1405 "http://localhost:4200/" "Mozilla/5.0 (Macintosh; Intel Mac OS X 10_15_7) AppleWebKit/537.36 (KHTML, like Gecko) Chrome/134.0.0.0 Safari/537.36"
::ffff:10.0.0.7 - - [27/Mar/2025:03:49:20 +0000] "POST /bank-account/balance/ HTTP/1.1" 200 367 "-" "expensesmanager/8 CFNetwork/1568.200.51 Darwin/24.2.0"
::1 - - [27/Mar/2025:03:49:53 +0000] "OPTIONS /admin/plaid/settings HTTP/1.1" 204 0 "http://localhost:4200/" "Mozilla/5.0 (Macintosh; Intel Mac OS X 10_15_7) AppleWebKit/537.36 (KHTML, like Gecko) Chrome/134.0.0.0 Safari/537.36"
::1 - - [27/Mar/2025:03:50:55 +0000] "OPTIONS /admin/plaid HTTP/1.1" 204 0 "http://localhost:4200/" "Mozilla/5.0 (Macintosh; Intel Mac OS X 10_15_7) AppleWebKit/537.36 (KHTML, like Gecko) Chrome/134.0.0.0 Safari/537.36"
::1 - - [27/Mar/2025:03:50:56 +0000] "POST /admin/plaid HTTP/1.1" 200 1482 "http://localhost:4200/" "Mozilla/5.0 (Macintosh; Intel Mac OS X 10_15_7) AppleWebKit/537.36 (KHTML, like Gecko) Chrome/134.0.0.0 Safari/537.36"
::1 - - [27/Mar/2025:03:51:10 +0000] "OPTIONS /admin/plaid HTTP/1.1" 204 0 "http://localhost:4200/" "Mozilla/5.0 (Macintosh; Intel Mac OS X 10_15_7) AppleWebKit/537.36 (KHTML, like Gecko) Chrome/134.0.0.0 Safari/537.36"
::1 - - [27/Mar/2025:03:51:11 +0000] "POST /admin/plaid HTTP/1.1" 200 1482 "http://localhost:4200/" "Mozilla/5.0 (Macintosh; Intel Mac OS X 10_15_7) AppleWebKit/537.36 (KHTML, like Gecko) Chrome/134.0.0.0 Safari/537.36"
::1 - - [27/Mar/2025:03:52:17 +0000] "OPTIONS /admin/plaid/settings HTTP/1.1" 204 0 "http://localhost:4200/" "Mozilla/5.0 (Macintosh; Intel Mac OS X 10_15_7) AppleWebKit/537.36 (KHTML, like Gecko) Chrome/134.0.0.0 Safari/537.36"
::1 - - [27/Mar/2025:03:52:18 +0000] "POST /admin/plaid/settings HTTP/1.1" 200 49 "http://localhost:4200/" "Mozilla/5.0 (Macintosh; Intel Mac OS X 10_15_7) AppleWebKit/537.36 (KHTML, like Gecko) Chrome/134.0.0.0 Safari/537.36"
::1 - - [27/Mar/2025:03:52:27 +0000] "OPTIONS /admin/plaid HTTP/1.1" 204 0 "http://localhost:4200/" "Mozilla/5.0 (Macintosh; Intel Mac OS X 10_15_7) AppleWebKit/537.36 (KHTML, like Gecko) Chrome/134.0.0.0 Safari/537.36"
::1 - - [27/Mar/2025:03:52:27 +0000] "POST /admin/plaid HTTP/1.1" 200 1496 "http://localhost:4200/" "Mozilla/5.0 (Macintosh; Intel Mac OS X 10_15_7) AppleWebKit/537.36 (KHTML, like Gecko) Chrome/134.0.0.0 Safari/537.36"
::1 - - [27/Mar/2025:03:52:32 +0000] "OPTIONS /admin/plaid/settings HTTP/1.1" 204 0 "http://localhost:4200/" "Mozilla/5.0 (Macintosh; Intel Mac OS X 10_15_7) AppleWebKit/537.36 (KHTML, like Gecko) Chrome/134.0.0.0 Safari/537.36"
::1 - - [27/Mar/2025:03:52:32 +0000] "POST /admin/plaid/settings HTTP/1.1" 200 49 "http://localhost:4200/" "Mozilla/5.0 (Macintosh; Intel Mac OS X 10_15_7) AppleWebKit/537.36 (KHTML, like Gecko) Chrome/134.0.0.0 Safari/537.36"
::1 - - [27/Mar/2025:03:52:40 +0000] "OPTIONS /admin/plaid HTTP/1.1" 204 0 "http://localhost:4200/" "Mozilla/5.0 (Macintosh; Intel Mac OS X 10_15_7) AppleWebKit/537.36 (KHTML, like Gecko) Chrome/134.0.0.0 Safari/537.36"
::1 - - [27/Mar/2025:03:52:41 +0000] "POST /admin/plaid HTTP/1.1" 200 1517 "http://localhost:4200/" "Mozilla/5.0 (Macintosh; Intel Mac OS X 10_15_7) AppleWebKit/537.36 (KHTML, like Gecko) Chrome/134.0.0.0 Safari/537.36"
::1 - - [27/Mar/2025:03:55:33 +0000] "OPTIONS /admin/plaid HTTP/1.1" 204 0 "http://localhost:4200/" "Mozilla/5.0 (Macintosh; Intel Mac OS X 10_15_7) AppleWebKit/537.36 (KHTML, like Gecko) Chrome/134.0.0.0 Safari/537.36"
::1 - - [27/Mar/2025:03:55:34 +0000] "POST /admin/plaid HTTP/1.1" 200 1517 "http://localhost:4200/" "Mozilla/5.0 (Macintosh; Intel Mac OS X 10_15_7) AppleWebKit/537.36 (KHTML, like Gecko) Chrome/134.0.0.0 Safari/537.36"
::1 - - [27/Mar/2025:03:55:35 +0000] "OPTIONS /admin/plaid/settings HTTP/1.1" 204 0 "http://localhost:4200/" "Mozilla/5.0 (Macintosh; Intel Mac OS X 10_15_7) AppleWebKit/537.36 (KHTML, like Gecko) Chrome/134.0.0.0 Safari/537.36"
::1 - - [27/Mar/2025:03:55:35 +0000] "POST /admin/plaid/settings HTTP/1.1" 400 46 "http://localhost:4200/" "Mozilla/5.0 (Macintosh; Intel Mac OS X 10_15_7) AppleWebKit/537.36 (KHTML, like Gecko) Chrome/134.0.0.0 Safari/537.36"
::1 - - [27/Mar/2025:03:55:55 +0000] "OPTIONS /admin/plaid/settings HTTP/1.1" 204 0 "http://localhost:4200/" "Mozilla/5.0 (Macintosh; Intel Mac OS X 10_15_7) AppleWebKit/537.36 (KHTML, like Gecko) Chrome/134.0.0.0 Safari/537.36"
::1 - - [27/Mar/2025:03:55:56 +0000] "POST /admin/plaid/settings HTTP/1.1" 400 102 "http://localhost:4200/" "Mozilla/5.0 (Macintosh; Intel Mac OS X 10_15_7) AppleWebKit/537.36 (KHTML, like Gecko) Chrome/134.0.0.0 Safari/537.36"
::1 - - [27/Mar/2025:03:56:15 +0000] "OPTIONS /admin/plaid HTTP/1.1" 204 0 "http://localhost:4200/" "Mozilla/5.0 (Macintosh; Intel Mac OS X 10_15_7) AppleWebKit/537.36 (KHTML, like Gecko) Chrome/134.0.0.0 Safari/537.36"
::1 - - [27/Mar/2025:03:56:16 +0000] "POST /admin/plaid HTTP/1.1" 200 1517 "http://localhost:4200/" "Mozilla/5.0 (Macintosh; Intel Mac OS X 10_15_7) AppleWebKit/537.36 (KHTML, like Gecko) Chrome/134.0.0.0 Safari/537.36"
::1 - - [27/Mar/2025:03:56:17 +0000] "OPTIONS /admin/plaid/settings HTTP/1.1" 204 0 "http://localhost:4200/" "Mozilla/5.0 (Macintosh; Intel Mac OS X 10_15_7) AppleWebKit/537.36 (KHTML, like Gecko) Chrome/134.0.0.0 Safari/537.36"
::1 - - [27/Mar/2025:03:56:17 +0000] "POST /admin/plaid/settings HTTP/1.1" 400 102 "http://localhost:4200/" "Mozilla/5.0 (Macintosh; Intel Mac OS X 10_15_7) AppleWebKit/537.36 (KHTML, like Gecko) Chrome/134.0.0.0 Safari/537.36"
::1 - - [27/Mar/2025:03:56:27 +0000] "OPTIONS /admin/plaid HTTP/1.1" 204 0 "http://localhost:4200/" "Mozilla/5.0 (Macintosh; Intel Mac OS X 10_15_7) AppleWebKit/537.36 (KHTML, like Gecko) Chrome/134.0.0.0 Safari/537.36"
