::ffff:10.0.0.75 - - [23/Apr/2025:04:01:21 +0000] "POST /notification/enable-notifications/ HTTP/1.1" 200 48 "-" "expensesmanager/8 CFNetwork/1568.200.51 Darwin/24.2.0"
::ffff:10.0.0.75 - - [23/Apr/2025:04:01:21 +0000] "GET /bank-account/accounts/ HTTP/1.1" 200 29812 "-" "expensesmanager/8 CFNetwork/1568.200.51 Darwin/24.2.0"
::ffff:10.0.0.75 - - [23/Apr/2025:04:01:51 +0000] "GET /bank-account/accounts/ HTTP/1.1" 304 - "-" "expensesmanager/8 CFNetwork/1568.200.51 Darwin/24.2.0"
::ffff:10.0.0.75 - - [23/Apr/2025:04:02:24 +0000] "GET /bank-account/accounts/ HTTP/1.1" 304 - "-" "expensesmanager/8 CFNetwork/1568.200.51 Darwin/24.2.0"
::ffff:10.0.0.75 - - [23/Apr/2025:04:02:27 +0000] "GET /bank-account/accounts/ HTTP/1.1" 304 - "-" "expensesmanager/8 CFNetwork/1568.200.51 Darwin/24.2.0"
::ffff:10.0.0.75 - - [23/Apr/2025:04:04:47 +0000] "GET /bank-account/accounts/ HTTP/1.1" 304 - "-" "expensesmanager/8 CFNetwork/1568.200.51 Darwin/24.2.0"
::ffff:10.0.0.75 - - [23/Apr/2025:04:04:47 +0000] "GET /bank-account/accounts/ HTTP/1.1" 304 - "-" "expensesmanager/8 CFNetwork/1568.200.51 Darwin/24.2.0"
::ffff:10.0.0.75 - - [23/Apr/2025:04:04:47 +0000] "GET /bank-account/accounts/ HTTP/1.1" 304 - "-" "expensesmanager/8 CFNetwork/1568.200.51 Darwin/24.2.0"
::1 - - [23/Apr/2025:04:05:35 +0000] "OPTIONS /admin/plaid/url HTTP/1.1" 204 0 "http://localhost:4200/" "Mozilla/5.0 (Macintosh; Intel Mac OS X 10_15_7) AppleWebKit/537.36 (KHTML, like Gecko) Chrome/135.0.0.0 Safari/537.36"
::1 - - [23/Apr/2025:04:05:38 +0000] "PUT /admin/plaid/url HTTP/1.1" 200 58 "http://localhost:4200/" "Mozilla/5.0 (Macintosh; Intel Mac OS X 10_15_7) AppleWebKit/537.36 (KHTML, like Gecko) Chrome/135.0.0.0 Safari/537.36"
::1 - - [23/Apr/2025:04:05:38 +0000] "OPTIONS /admin/plaid HTTP/1.1" 204 0 "http://localhost:4200/" "Mozilla/5.0 (Macintosh; Intel Mac OS X 10_15_7) AppleWebKit/537.36 (KHTML, like Gecko) Chrome/135.0.0.0 Safari/537.36"
::1 - - [23/Apr/2025:04:05:38 +0000] "POST /admin/plaid HTTP/1.1" 200 2914 "http://localhost:4200/" "Mozilla/5.0 (Macintosh; Intel Mac OS X 10_15_7) AppleWebKit/537.36 (KHTML, like Gecko) Chrome/135.0.0.0 Safari/537.36"
::1 - - [23/Apr/2025:04:05:39 +0000] "POST /bank-account/publicTokenWebhook?uid=iyWQr1RjYGYoZgnuevZ4p6zVtuw1 HTTP/1.1" 400 63 "-" "Go-http-client/2.0"
::1 - - [23/Apr/2025:04:05:39 +0000] "POST /bank-account/publicTokenWebhook?uid=iyWQr1RjYGYoZgnuevZ4p6zVtuw1 HTTP/1.1" 400 63 "-" "Go-http-client/2.0"
::1 - - [23/Apr/2025:04:05:39 +0000] "POST /bank-account/publicTokenWebhook?uid=iyWQr1RjYGYoZgnuevZ4p6zVtuw1 HTTP/1.1" 400 63 "-" "Go-http-client/2.0"
::1 - - [23/Apr/2025:04:05:39 +0000] "POST /bank-account/publicTokenWebhook?uid=iyWQr1RjYGYoZgnuevZ4p6zVtuw1 HTTP/1.1" 400 63 "-" "Go-http-client/2.0"
::1 - - [23/Apr/2025:04:06:11 +0000] "POST /bank-account/publicTokenWebhook?uid=iyWQr1RjYGYoZgnuevZ4p6zVtuw1 HTTP/1.1" 400 63 "-" "Go-http-client/2.0"
::1 - - [23/Apr/2025:04:06:11 +0000] "POST /bank-account/publicTokenWebhook?uid=iyWQr1RjYGYoZgnuevZ4p6zVtuw1 HTTP/1.1" 400 63 "-" "Go-http-client/2.0"
::1 - - [23/Apr/2025:04:06:11 +0000] "POST /bank-account/publicTokenWebhook?uid=iyWQr1RjYGYoZgnuevZ4p6zVtuw1 HTTP/1.1" 400 63 "-" "Go-http-client/2.0"
::1 - - [23/Apr/2025:04:06:12 +0000] "POST /bank-account/publicTokenWebhook?uid=iyWQr1RjYGYoZgnuevZ4p6zVtuw1 HTTP/1.1" 400 63 "-" "Go-http-client/2.0"
::1 - - [23/Apr/2025:04:08:14 +0000] "POST /bank-account/publicTokenWebhook?uid=iyWQr1RjYGYoZgnuevZ4p6zVtuw1 HTTP/1.1" 400 63 "-" "Go-http-client/2.0"
::1 - - [23/Apr/2025:04:08:14 +0000] "POST /bank-account/publicTokenWebhook?uid=iyWQr1RjYGYoZgnuevZ4p6zVtuw1 HTTP/1.1" 400 63 "-" "Go-http-client/2.0"
::1 - - [23/Apr/2025:04:08:14 +0000] "POST /bank-account/publicTokenWebhook?uid=iyWQr1RjYGYoZgnuevZ4p6zVtuw1 HTTP/1.1" 400 63 "-" "Go-http-client/2.0"
::1 - - [23/Apr/2025:04:08:14 +0000] "POST /bank-account/publicTokenWebhook?uid=iyWQr1RjYGYoZgnuevZ4p6zVtuw1 HTTP/1.1" 400 63 "-" "Go-http-client/2.0"
::ffff:10.0.0.75 - - [23/Apr/2025:04:14:16 +0000] "POST /bank-account/link-token/ HTTP/1.1" 500 127 "-" "expensesmanager/8 CFNetwork/1568.200.51 Darwin/24.2.0"
::1 - - [23/Apr/2025:04:14:24 +0000] "OPTIONS /admin/plaid HTTP/1.1" 204 0 "http://localhost:4200/" "Mozilla/5.0 (Macintosh; Intel Mac OS X 10_15_7) AppleWebKit/537.36 (KHTML, like Gecko) Chrome/135.0.0.0 Safari/537.36"
::1 - - [23/Apr/2025:04:14:25 +0000] "POST /admin/plaid HTTP/1.1" 200 2914 "http://localhost:4200/" "Mozilla/5.0 (Macintosh; Intel Mac OS X 10_15_7) AppleWebKit/537.36 (KHTML, like Gecko) Chrome/135.0.0.0 Safari/537.36"
::ffff:10.0.0.75 - - [23/Apr/2025:04:14:29 +0000] "POST /bank-account/link-token/ HTTP/1.1" 500 127 "-" "expensesmanager/8 CFNetwork/1568.200.51 Darwin/24.2.0"
::1 - - [23/Apr/2025:04:16:17 +0000] "POST /bank-account/publicTokenWebhook?uid=iyWQr1RjYGYoZgnuevZ4p6zVtuw1 HTTP/1.1" 400 63 "-" "Go-http-client/2.0"
::1 - - [23/Apr/2025:04:16:17 +0000] "POST /bank-account/publicTokenWebhook?uid=iyWQr1RjYGYoZgnuevZ4p6zVtuw1 HTTP/1.1" 400 63 "-" "Go-http-client/2.0"
::1 - - [23/Apr/2025:04:16:17 +0000] "POST /bank-account/publicTokenWebhook?uid=iyWQr1RjYGYoZgnuevZ4p6zVtuw1 HTTP/1.1" 400 63 "-" "Go-http-client/2.0"
::1 - - [23/Apr/2025:04:16:17 +0000] "POST /bank-account/publicTokenWebhook?uid=iyWQr1RjYGYoZgnuevZ4p6zVtuw1 HTTP/1.1" 400 63 "-" "Go-http-client/2.0"
::ffff:10.0.0.75 - - [23/Apr/2025:04:16:37 +0000] "POST /bank-account/link-token/ HTTP/1.1" 500 127 "-" "expensesmanager/8 CFNetwork/1568.200.51 Darwin/24.2.0"
::ffff:10.0.0.75 - - [23/Apr/2025:04:16:42 +0000] "POST /notification/enable-notifications/ HTTP/1.1" 200 48 "-" "expensesmanager/8 CFNetwork/1568.200.51 Darwin/24.2.0"
::ffff:10.0.0.75 - - [23/Apr/2025:04:16:47 +0000] "GET /bank-account/accounts/ HTTP/1.1" 304 - "-" "expensesmanager/8 CFNetwork/1568.200.51 Darwin/24.2.0"
::ffff:10.0.0.75 - - [23/Apr/2025:04:16:48 +0000] "POST /bank-account/link-token/ HTTP/1.1" 500 127 "-" "expensesmanager/8 CFNetwork/1568.200.51 Darwin/24.2.0"
::ffff:10.0.0.75 - - [23/Apr/2025:04:17:33 +0000] "POST /bank-account/link-token/ HTTP/1.1" 500 127 "-" "expensesmanager/8 CFNetwork/1568.200.51 Darwin/24.2.0"
::ffff:10.0.0.75 - - [23/Apr/2025:04:18:04 +0000] "POST /bank-account/link-token/ HTTP/1.1" 200 109 "-" "expensesmanager/8 CFNetwork/1568.200.51 Darwin/24.2.0"
::1 - - [23/Apr/2025:04:19:06 +0000] "POST /bank-account/publicTokenWebhook?uid=iyWQr1RjYGYoZgnuevZ4p6zVtuw1 HTTP/1.1" 400 51 "-" "Go-http-client/2.0"
::1 - - [23/Apr/2025:04:19:14 +0000] "POST /bank-account/publicTokenWebhook?uid=iyWQr1RjYGYoZgnuevZ4p6zVtuw1 HTTP/1.1" 400 36 "-" "Go-http-client/2.0"
::1 - - [23/Apr/2025:04:19:18 +0000] "POST /bank-account/publicTokenWebhook?uid=iyWQr1RjYGYoZgnuevZ4p6zVtuw1 HTTP/1.1" 400 50 "-" "Go-http-client/2.0"
::1 - - [23/Apr/2025:04:19:25 +0000] "POST /bank-account/publicTokenWebhook?uid=iyWQr1RjYGYoZgnuevZ4p6zVtuw1 HTTP/1.1" 400 53 "-" "Go-http-client/2.0"
::1 - - [23/Apr/2025:04:19:38 +0000] "POST /bank-account/publicTokenWebhook?uid=iyWQr1RjYGYoZgnuevZ4p6zVtuw1 HTTP/1.1" 400 51 "-" "Go-http-client/2.0"
::ffff:10.0.0.75 - - [23/Apr/2025:04:19:48 +0000] "POST /notification/enable-notifications/ HTTP/1.1" 200 48 "-" "expensesmanager/8 CFNetwork/1568.200.51 Darwin/24.2.0"
::1 - - [23/Apr/2025:04:19:49 +0000] "POST /bank-account/publicTokenWebhook?uid=iyWQr1RjYGYoZgnuevZ4p6zVtuw1 HTTP/1.1" 400 36 "-" "Go-http-client/2.0"
::1 - - [23/Apr/2025:04:19:51 +0000] "POST /bank-account/publicTokenWebhook?uid=iyWQr1RjYGYoZgnuevZ4p6zVtuw1 HTTP/1.1" 400 50 "-" "Go-http-client/2.0"
::ffff:10.0.0.75 - - [23/Apr/2025:04:19:51 +0000] "GET /bank-account/accounts/ HTTP/1.1" 304 - "-" "expensesmanager/8 CFNetwork/1568.200.51 Darwin/24.2.0"
::1 - - [23/Apr/2025:04:19:58 +0000] "POST /bank-account/publicTokenWebhook?uid=iyWQr1RjYGYoZgnuevZ4p6zVtuw1 HTTP/1.1" 400 53 "-" "Go-http-client/2.0"
::ffff:10.0.0.75 - - [23/Apr/2025:04:20:46 +0000] "POST /notification/enable-notifications/ HTTP/1.1" 200 48 "-" "expensesmanager/8 CFNetwork/1568.200.51 Darwin/24.2.0"
::ffff:10.0.0.75 - - [23/Apr/2025:04:20:49 +0000] "GET /bank-account/accounts/ HTTP/1.1" 304 - "-" "expensesmanager/8 CFNetwork/1568.200.51 Darwin/24.2.0"
::ffff:10.0.0.75 - - [23/Apr/2025:04:21:05 +0000] "POST /bank-account/unlink/ HTTP/1.1" 200 49 "-" "expensesmanager/8 CFNetwork/1568.200.51 Darwin/24.2.0"
::ffff:10.0.0.75 - - [23/Apr/2025:04:21:06 +0000] "GET /bank-account/accounts/ HTTP/1.1" 200 25918 "-" "expensesmanager/8 CFNetwork/1568.200.51 Darwin/24.2.0"
::1 - - [23/Apr/2025:04:21:41 +0000] "POST /bank-account/publicTokenWebhook?uid=iyWQr1RjYGYoZgnuevZ4p6zVtuw1 HTTP/1.1" 400 51 "-" "Go-http-client/2.0"
::1 - - [23/Apr/2025:04:21:52 +0000] "POST /bank-account/publicTokenWebhook?uid=iyWQr1RjYGYoZgnuevZ4p6zVtuw1 HTTP/1.1" 400 50 "-" "Go-http-client/2.0"
::1 - - [23/Apr/2025:04:21:53 +0000] "POST /bank-account/publicTokenWebhook?uid=iyWQr1RjYGYoZgnuevZ4p6zVtuw1 HTTP/1.1" 200 875 "-" "Go-http-client/2.0"
::ffff:10.0.0.75 - - [23/Apr/2025:04:21:54 +0000] "GET /bank-account/accounts/ HTTP/1.1" 200 26971 "-" "expensesmanager/8 CFNetwork/1568.200.51 Darwin/24.2.0"
::1 - - [23/Apr/2025:04:22:00 +0000] "POST /bank-account/publicTokenWebhook?uid=iyWQr1RjYGYoZgnuevZ4p6zVtuw1 HTTP/1.1" 400 53 "-" "Go-http-client/2.0"
::ffff:10.0.0.75 - - [23/Apr/2025:04:23:14 +0000] "POST /bank-account/link-token/ HTTP/1.1" 200 109 "-" "expensesmanager/8 CFNetwork/1568.200.51 Darwin/24.2.0"
::1 - - [23/Apr/2025:04:24:02 +0000] "POST /bank-account/publicTokenWebhook?uid=iyWQr1RjYGYoZgnuevZ4p6zVtuw1 HTTP/1.1" 400 51 "-" "Go-http-client/2.0"
::1 - - [23/Apr/2025:04:24:10 +0000] "POST /bank-account/publicTokenWebhook?uid=iyWQr1RjYGYoZgnuevZ4p6zVtuw1 HTTP/1.1" 200 1089 "-" "Go-http-client/2.0"
::ffff:10.0.0.75 - - [23/Apr/2025:04:24:11 +0000] "GET /bank-account/accounts/ HTTP/1.1" 200 35966 "-" "expensesmanager/8 CFNetwork/1568.200.51 Darwin/24.2.0"
::1 - - [23/Apr/2025:04:24:13 +0000] "POST /bank-account/publicTokenWebhook?uid=iyWQr1RjYGYoZgnuevZ4p6zVtuw1 HTTP/1.1" 400 50 "-" "Go-http-client/2.0"
::1 - - [23/Apr/2025:04:24:21 +0000] "POST /bank-account/publicTokenWebhook?uid=iyWQr1RjYGYoZgnuevZ4p6zVtuw1 HTTP/1.1" 400 53 "-" "Go-http-client/2.0"
::1 - - [23/Apr/2025:04:24:35 +0000] "POST /bank-account/publicTokenWebhook?uid=iyWQr1RjYGYoZgnuevZ4p6zVtuw1 HTTP/1.1" 400 51 "-" "Go-http-client/2.0"
::1 - - [23/Apr/2025:04:24:46 +0000] "POST /bank-account/publicTokenWebhook?uid=iyWQr1RjYGYoZgnuevZ4p6zVtuw1 HTTP/1.1" 400 50 "-" "Go-http-client/2.0"
::1 - - [23/Apr/2025:04:24:54 +0000] "POST /bank-account/publicTokenWebhook?uid=iyWQr1RjYGYoZgnuevZ4p6zVtuw1 HTTP/1.1" 400 53 "-" "Go-http-client/2.0"
::ffff:10.0.0.75 - - [23/Apr/2025:04:26:10 +0000] "POST /notification/enable-notifications/ HTTP/1.1" 200 48 "-" "expensesmanager/8 CFNetwork/1568.200.51 Darwin/24.2.0"
::1 - - [23/Apr/2025:04:26:38 +0000] "POST /bank-account/publicTokenWebhook?uid=iyWQr1RjYGYoZgnuevZ4p6zVtuw1 HTTP/1.1" 400 51 "-" "Go-http-client/2.0"
::1 - - [23/Apr/2025:04:26:49 +0000] "POST /bank-account/publicTokenWebhook?uid=iyWQr1RjYGYoZgnuevZ4p6zVtuw1 HTTP/1.1" 400 50 "-" "Go-http-client/2.0"
::1 - - [23/Apr/2025:04:26:56 +0000] "POST /bank-account/publicTokenWebhook?uid=iyWQr1RjYGYoZgnuevZ4p6zVtuw1 HTTP/1.1" 400 53 "-" "Go-http-client/2.0"
::1 - - [23/Apr/2025:04:29:44 +0000] "POST /bank-account/publicTokenWebhook?uid=iyWQr1RjYGYoZgnuevZ4p6zVtuw1 HTTP/1.1" 400 51 "-" "Go-http-client/2.0"
::1 - - [23/Apr/2025:04:29:55 +0000] "POST /bank-account/publicTokenWebhook?uid=iyWQr1RjYGYoZgnuevZ4p6zVtuw1 HTTP/1.1" 400 50 "-" "Go-http-client/2.0"
::1 - - [23/Apr/2025:04:30:03 +0000] "POST /bank-account/publicTokenWebhook?uid=iyWQr1RjYGYoZgnuevZ4p6zVtuw1 HTTP/1.1" 400 53 "-" "Go-http-client/2.0"
::1 - - [23/Apr/2025:04:34:42 +0000] "POST /bank-account/publicTokenWebhook?uid=iyWQr1RjYGYoZgnuevZ4p6zVtuw1 HTTP/1.1" 400 51 "-" "Go-http-client/2.0"
::1 - - [23/Apr/2025:04:34:52 +0000] "POST /bank-account/publicTokenWebhook?uid=iyWQr1RjYGYoZgnuevZ4p6zVtuw1 HTTP/1.1" 400 50 "-" "Go-http-client/2.0"
::1 - - [23/Apr/2025:04:34:59 +0000] "POST /bank-account/publicTokenWebhook?uid=iyWQr1RjYGYoZgnuevZ4p6zVtuw1 HTTP/1.1" 400 53 "-" "Go-http-client/2.0"
::1 - - [23/Apr/2025:04:42:31 +0000] "OPTIONS /admin/plaid/url HTTP/1.1" 204 0 "http://localhost:4200/" "Mozilla/5.0 (Macintosh; Intel Mac OS X 10_15_7) AppleWebKit/537.36 (KHTML, like Gecko) Chrome/135.0.0.0 Safari/537.36"
::1 - - [23/Apr/2025:04:42:34 +0000] "PUT /admin/plaid/url HTTP/1.1" 200 58 "http://localhost:4200/" "Mozilla/5.0 (Macintosh; Intel Mac OS X 10_15_7) AppleWebKit/537.36 (KHTML, like Gecko) Chrome/135.0.0.0 Safari/537.36"
::1 - - [23/Apr/2025:04:42:34 +0000] "OPTIONS /admin/plaid HTTP/1.1" 204 0 "http://localhost:4200/" "Mozilla/5.0 (Macintosh; Intel Mac OS X 10_15_7) AppleWebKit/537.36 (KHTML, like Gecko) Chrome/135.0.0.0 Safari/537.36"
::1 - - [23/Apr/2025:04:42:34 +0000] "POST /admin/plaid HTTP/1.1" 200 2995 "http://localhost:4200/" "Mozilla/5.0 (Macintosh; Intel Mac OS X 10_15_7) AppleWebKit/537.36 (KHTML, like Gecko) Chrome/135.0.0.0 Safari/537.36"
::1 - - [23/Apr/2025:04:42:36 +0000] "POST /bank-account/publicTokenWebhook?uid=iyWQr1RjYGYoZgnuevZ4p6zVtuw1 HTTP/1.1" 400 63 "-" "Go-http-client/2.0"
::1 - - [23/Apr/2025:04:42:36 +0000] "POST /bank-account/publicTokenWebhook?uid=iyWQr1RjYGYoZgnuevZ4p6zVtuw1 HTTP/1.1" 400 63 "-" "Go-http-client/2.0"
::1 - - [23/Apr/2025:04:42:36 +0000] "POST /bank-account/publicTokenWebhook?uid=iyWQr1RjYGYoZgnuevZ4p6zVtuw1 HTTP/1.1" 400 63 "-" "Go-http-client/2.0"
::1 - - [23/Apr/2025:04:42:37 +0000] "POST /bank-account/publicTokenWebhook?uid=iyWQr1RjYGYoZgnuevZ4p6zVtuw1 HTTP/1.1" 400 63 "-" "Go-http-client/2.0"
::1 - - [23/Apr/2025:04:42:37 +0000] "POST /bank-account/publicTokenWebhook?uid=iyWQr1RjYGYoZgnuevZ4p6zVtuw1 HTTP/1.1" 400 63 "-" "Go-http-client/2.0"
::ffff:10.0.0.75 - - [23/Apr/2025:04:42:58 +0000] "GET /bank-account/accounts/ HTTP/1.1" 304 - "-" "expensesmanager/8 CFNetwork/1568.200.51 Darwin/24.2.0"
::ffff:10.0.0.75 - - [23/Apr/2025:04:43:02 +0000] "POST /bank-account/unlink/ HTTP/1.1" 200 49 "-" "expensesmanager/8 CFNetwork/1568.200.51 Darwin/24.2.0"
::ffff:10.0.0.75 - - [23/Apr/2025:04:43:03 +0000] "GET /bank-account/accounts/ HTTP/1.1" 200 26971 "-" "expensesmanager/8 CFNetwork/1568.200.51 Darwin/24.2.0"
::ffff:10.0.0.75 - - [23/Apr/2025:04:43:04 +0000] "POST /bank-account/link-token/ HTTP/1.1" 500 127 "-" "expensesmanager/8 CFNetwork/1568.200.51 Darwin/24.2.0"
::1 - - [23/Apr/2025:04:43:08 +0000] "POST /bank-account/publicTokenWebhook?uid=iyWQr1RjYGYoZgnuevZ4p6zVtuw1 HTTP/1.1" 400 63 "-" "Go-http-client/2.0"
::1 - - [23/Apr/2025:04:43:08 +0000] "POST /bank-account/publicTokenWebhook?uid=iyWQr1RjYGYoZgnuevZ4p6zVtuw1 HTTP/1.1" 400 63 "-" "Go-http-client/2.0"
::1 - - [23/Apr/2025:04:43:09 +0000] "POST /bank-account/publicTokenWebhook?uid=iyWQr1RjYGYoZgnuevZ4p6zVtuw1 HTTP/1.1" 400 63 "-" "Go-http-client/2.0"
::1 - - [23/Apr/2025:04:43:09 +0000] "POST /bank-account/publicTokenWebhook?uid=iyWQr1RjYGYoZgnuevZ4p6zVtuw1 HTTP/1.1" 400 63 "-" "Go-http-client/2.0"
::1 - - [23/Apr/2025:04:43:09 +0000] "POST /bank-account/publicTokenWebhook?uid=iyWQr1RjYGYoZgnuevZ4p6zVtuw1 HTTP/1.1" 400 63 "-" "Go-http-client/2.0"
::ffff:10.0.0.75 - - [23/Apr/2025:04:44:10 +0000] "POST /bank-account/unlink/ HTTP/1.1" 200 49 "-" "expensesmanager/8 CFNetwork/1568.200.51 Darwin/24.2.0"
::ffff:10.0.0.75 - - [23/Apr/2025:04:44:11 +0000] "GET /bank-account/accounts/ HTTP/1.1" 200 25918 "-" "expensesmanager/8 CFNetwork/1568.200.51 Darwin/24.2.0"
::ffff:10.0.0.75 - - [23/Apr/2025:04:44:14 +0000] "POST /bank-account/link-token/ HTTP/1.1" 200 109 "-" "expensesmanager/8 CFNetwork/1568.200.51 Darwin/24.2.0"
::1 - - [23/Apr/2025:04:44:56 +0000] "POST /bank-account/publicTokenWebhook?uid=iyWQr1RjYGYoZgnuevZ4p6zVtuw1 HTTP/1.1" 400 51 "-" "Go-http-client/2.0"
::1 - - [23/Apr/2025:04:45:10 +0000] "POST /bank-account/publicTokenWebhook?uid=iyWQr1RjYGYoZgnuevZ4p6zVtuw1 HTTP/1.1" 400 63 "-" "Go-http-client/2.0"
::1 - - [23/Apr/2025:04:45:10 +0000] "POST /bank-account/publicTokenWebhook?uid=iyWQr1RjYGYoZgnuevZ4p6zVtuw1 HTTP/1.1" 400 63 "-" "Go-http-client/2.0"
::1 - - [23/Apr/2025:04:45:11 +0000] "POST /bank-account/publicTokenWebhook?uid=iyWQr1RjYGYoZgnuevZ4p6zVtuw1 HTTP/1.1" 400 63 "-" "Go-http-client/2.0"
::1 - - [23/Apr/2025:04:45:11 +0000] "POST /bank-account/publicTokenWebhook?uid=iyWQr1RjYGYoZgnuevZ4p6zVtuw1 HTTP/1.1" 400 63 "-" "Go-http-client/2.0"
::1 - - [23/Apr/2025:04:45:11 +0000] "POST /bank-account/publicTokenWebhook?uid=iyWQr1RjYGYoZgnuevZ4p6zVtuw1 HTTP/1.1" 400 63 "-" "Go-http-client/2.0"
::1 - - [23/Apr/2025:04:45:28 +0000] "POST /bank-account/publicTokenWebhook?uid=iyWQr1RjYGYoZgnuevZ4p6zVtuw1 HTTP/1.1" 400 51 "-" "Go-http-client/2.0"
::1 - - [23/Apr/2025:04:47:30 +0000] "POST /bank-account/publicTokenWebhook?uid=iyWQr1RjYGYoZgnuevZ4p6zVtuw1 HTTP/1.1" 400 51 "-" "Go-http-client/2.0"
::1 - - [23/Apr/2025:04:47:40 +0000] "POST /bank-account/publicTokenWebhook?uid=iyWQr1RjYGYoZgnuevZ4p6zVtuw1 HTTP/1.1" 200 889 "-" "Go-http-client/2.0"
::ffff:10.0.0.75 - - [23/Apr/2025:04:47:41 +0000] "GET /bank-account/accounts/ HTTP/1.1" 200 31835 "-" "expensesmanager/8 CFNetwork/1568.200.51 Darwin/24.2.0"
::ffff:10.0.0.75 - - [23/Apr/2025:04:47:41 +0000] "GET /bank-account/accounts/ HTTP/1.1" 200 31835 "-" "expensesmanager/8 CFNetwork/1568.200.51 Darwin/24.2.0"
::1 - - [23/Apr/2025:04:47:43 +0000] "POST /bank-account/publicTokenWebhook?uid=iyWQr1RjYGYoZgnuevZ4p6zVtuw1 HTTP/1.1" 400 50 "-" "Go-http-client/2.0"
::1 - - [23/Apr/2025:04:47:50 +0000] "POST /bank-account/publicTokenWebhook?uid=iyWQr1RjYGYoZgnuevZ4p6zVtuw1 HTTP/1.1" 400 53 "-" "Go-http-client/2.0"
::1 - - [23/Apr/2025:04:48:10 +0000] "POST /bank-account/publicTokenWebhook?uid=iyWQr1RjYGYoZgnuevZ4p6zVtuw1 HTTP/1.1" 400 63 "-" "Go-http-client/2.0"
::1 - - [23/Apr/2025:04:48:10 +0000] "POST /bank-account/publicTokenWebhook?uid=iyWQr1RjYGYoZgnuevZ4p6zVtuw1 HTTP/1.1" 400 63 "-" "Go-http-client/2.0"
::1 - - [23/Apr/2025:04:48:10 +0000] "POST /bank-account/publicTokenWebhook?uid=iyWQr1RjYGYoZgnuevZ4p6zVtuw1 HTTP/1.1" 400 63 "-" "Go-http-client/2.0"
::1 - - [23/Apr/2025:04:48:10 +0000] "POST /bank-account/publicTokenWebhook?uid=iyWQr1RjYGYoZgnuevZ4p6zVtuw1 HTTP/1.1" 400 63 "-" "Go-http-client/2.0"
::1 - - [23/Apr/2025:04:48:15 +0000] "POST /bank-account/publicTokenWebhook?uid=iyWQr1RjYGYoZgnuevZ4p6zVtuw1 HTTP/1.1" 400 50 "-" "Go-http-client/2.0"
::1 - - [23/Apr/2025:04:48:22 +0000] "POST /bank-account/publicTokenWebhook?uid=iyWQr1RjYGYoZgnuevZ4p6zVtuw1 HTTP/1.1" 400 53 "-" "Go-http-client/2.0"
::ffff:10.0.0.75 - - [23/Apr/2025:04:48:47 +0000] "POST /notification/enable-notifications/ HTTP/1.1" 200 48 "-" "expensesmanager/8 CFNetwork/1568.200.51 Darwin/24.2.0"
::ffff:10.0.0.75 - - [23/Apr/2025:04:48:50 +0000] "GET /bank-account/accounts/ HTTP/1.1" 304 - "-" "expensesmanager/8 CFNetwork/1568.200.51 Darwin/24.2.0"
::1 - - [23/Apr/2025:04:48:52 +0000] "OPTIONS /admin/plaid/url HTTP/1.1" 204 0 "http://localhost:4200/" "Mozilla/5.0 (Macintosh; Intel Mac OS X 10_15_7) AppleWebKit/537.36 (KHTML, like Gecko) Chrome/135.0.0.0 Safari/537.36"
::1 - - [23/Apr/2025:04:48:54 +0000] "PUT /admin/plaid/url HTTP/1.1" 200 58 "http://localhost:4200/" "Mozilla/5.0 (Macintosh; Intel Mac OS X 10_15_7) AppleWebKit/537.36 (KHTML, like Gecko) Chrome/135.0.0.0 Safari/537.36"
::1 - - [23/Apr/2025:04:48:54 +0000] "OPTIONS /admin/plaid HTTP/1.1" 204 0 "http://localhost:4200/" "Mozilla/5.0 (Macintosh; Intel Mac OS X 10_15_7) AppleWebKit/537.36 (KHTML, like Gecko) Chrome/135.0.0.0 Safari/537.36"
::1 - - [23/Apr/2025:04:48:54 +0000] "POST /admin/plaid HTTP/1.1" 200 3006 "http://localhost:4200/" "Mozilla/5.0 (Macintosh; Intel Mac OS X 10_15_7) AppleWebKit/537.36 (KHTML, like Gecko) Chrome/135.0.0.0 Safari/537.36"
::1 - - [23/Apr/2025:04:48:55 +0000] "POST /bank-account/publicTokenWebhook?uid=iyWQr1RjYGYoZgnuevZ4p6zVtuw1 HTTP/1.1" 400 63 "-" "Go-http-client/2.0"
::1 - - [23/Apr/2025:04:48:55 +0000] "POST /bank-account/publicTokenWebhook?uid=iyWQr1RjYGYoZgnuevZ4p6zVtuw1 HTTP/1.1" 400 63 "-" "Go-http-client/2.0"
::1 - - [23/Apr/2025:04:48:56 +0000] "POST /bank-account/publicTokenWebhook?uid=iyWQr1RjYGYoZgnuevZ4p6zVtuw1 HTTP/1.1" 400 63 "-" "Go-http-client/2.0"
::1 - - [23/Apr/2025:04:48:56 +0000] "POST /bank-account/publicTokenWebhook?uid=iyWQr1RjYGYoZgnuevZ4p6zVtuw1 HTTP/1.1" 400 63 "-" "Go-http-client/2.0"
::1 - - [23/Apr/2025:04:49:28 +0000] "POST /bank-account/publicTokenWebhook?uid=iyWQr1RjYGYoZgnuevZ4p6zVtuw1 HTTP/1.1" 400 63 "-" "Go-http-client/2.0"
::1 - - [23/Apr/2025:04:49:28 +0000] "POST /bank-account/publicTokenWebhook?uid=iyWQr1RjYGYoZgnuevZ4p6zVtuw1 HTTP/1.1" 400 63 "-" "Go-http-client/2.0"
::1 - - [23/Apr/2025:04:49:28 +0000] "POST /bank-account/publicTokenWebhook?uid=iyWQr1RjYGYoZgnuevZ4p6zVtuw1 HTTP/1.1" 400 63 "-" "Go-http-client/2.0"
::1 - - [23/Apr/2025:04:49:28 +0000] "POST /bank-account/publicTokenWebhook?uid=iyWQr1RjYGYoZgnuevZ4p6zVtuw1 HTTP/1.1" 400 63 "-" "Go-http-client/2.0"
::1 - - [23/Apr/2025:04:50:18 +0000] "POST /bank-account/publicTokenWebhook?uid=iyWQr1RjYGYoZgnuevZ4p6zVtuw1 HTTP/1.1" 400 50 "-" "Go-http-client/2.0"
::1 - - [23/Apr/2025:04:50:25 +0000] "POST /bank-account/publicTokenWebhook?uid=iyWQr1RjYGYoZgnuevZ4p6zVtuw1 HTTP/1.1" 400 53 "-" "Go-http-client/2.0"
::ffff:10.0.0.75 - - [23/Apr/2025:04:51:19 +0000] "POST /notification/enable-notifications/ HTTP/1.1" 200 48 "-" "okhttp/4.9.2"
::ffff:10.0.0.75 - - [23/Apr/2025:04:51:24 +0000] "GET /bank-account/accounts/ HTTP/1.1" 200 31835 "-" "okhttp/4.9.2"
::ffff:10.0.0.75 - - [23/Apr/2025:04:51:28 +0000] "POST /bank-account/unlink/ HTTP/1.1" 200 49 "-" "okhttp/4.9.2"
::1 - - [23/Apr/2025:04:51:30 +0000] "POST /bank-account/publicTokenWebhook?uid=iyWQr1RjYGYoZgnuevZ4p6zVtuw1 HTTP/1.1" 400 63 "-" "Go-http-client/2.0"
::1 - - [23/Apr/2025:04:51:30 +0000] "POST /bank-account/publicTokenWebhook?uid=iyWQr1RjYGYoZgnuevZ4p6zVtuw1 HTTP/1.1" 400 63 "-" "Go-http-client/2.0"
::1 - - [23/Apr/2025:04:51:30 +0000] "POST /bank-account/publicTokenWebhook?uid=iyWQr1RjYGYoZgnuevZ4p6zVtuw1 HTTP/1.1" 400 63 "-" "Go-http-client/2.0"
::ffff:10.0.0.75 - - [23/Apr/2025:04:51:30 +0000] "GET /bank-account/accounts/ HTTP/1.1" 200 25918 "-" "okhttp/4.9.2"
::1 - - [23/Apr/2025:04:51:30 +0000] "POST /bank-account/publicTokenWebhook?uid=iyWQr1RjYGYoZgnuevZ4p6zVtuw1 HTTP/1.1" 400 63 "-" "Go-http-client/2.0"
::ffff:10.0.0.75 - - [23/Apr/2025:04:51:39 +0000] "POST /bank-account/link-token/ HTTP/1.1" 200 109 "-" "okhttp/4.9.2"
::1 - - [23/Apr/2025:04:52:28 +0000] "POST /bank-account/publicTokenWebhook?uid=iyWQr1RjYGYoZgnuevZ4p6zVtuw1 HTTP/1.1" 400 51 "-" "Go-http-client/2.0"
::1 - - [23/Apr/2025:04:52:35 +0000] "POST /bank-account/publicTokenWebhook?uid=iyWQr1RjYGYoZgnuevZ4p6zVtuw1 HTTP/1.1" 200 889 "-" "Go-http-client/2.0"
::ffff:10.0.0.75 - - [23/Apr/2025:04:52:36 +0000] "GET /bank-account/accounts/ HTTP/1.1" 200 31835 "-" "expensesmanager/8 CFNetwork/1568.200.51 Darwin/24.2.0"
::ffff:10.0.0.75 - - [23/Apr/2025:04:52:36 +0000] "GET /bank-account/accounts/ HTTP/1.1" 200 31835 "-" "okhttp/4.9.2"
::1 - - [23/Apr/2025:04:52:38 +0000] "POST /bank-account/publicTokenWebhook?uid=iyWQr1RjYGYoZgnuevZ4p6zVtuw1 HTTP/1.1" 400 50 "-" "Go-http-client/2.0"
::1 - - [23/Apr/2025:04:52:46 +0000] "POST /bank-account/publicTokenWebhook?uid=iyWQr1RjYGYoZgnuevZ4p6zVtuw1 HTTP/1.1" 400 53 "-" "Go-http-client/2.0"
::1 - - [23/Apr/2025:04:53:04 +0000] "POST /bank-account/publicTokenWebhook?uid=iyWQr1RjYGYoZgnuevZ4p6zVtuw1 HTTP/1.1" 200 57 "-" "Go-http-client/2.0"
::1 - - [23/Apr/2025:04:53:11 +0000] "POST /bank-account/publicTokenWebhook?uid=iyWQr1RjYGYoZgnuevZ4p6zVtuw1 HTTP/1.1" 400 50 "-" "Go-http-client/2.0"
::ffff:10.0.0.75 - - [23/Apr/2025:04:53:11 +0000] "POST /bank-account/balance/ HTTP/1.1" 500 217 "-" "okhttp/4.9.2"
::1 - - [23/Apr/2025:04:53:12 +0000] "POST /bank-account/publicTokenWebhook?uid=iyWQr1RjYGYoZgnuevZ4p6zVtuw1 HTTP/1.1" 400 63 "-" "Go-http-client/2.0"
::1 - - [23/Apr/2025:04:53:12 +0000] "POST /bank-account/publicTokenWebhook?uid=iyWQr1RjYGYoZgnuevZ4p6zVtuw1 HTTP/1.1" 400 63 "-" "Go-http-client/2.0"
::1 - - [23/Apr/2025:04:53:13 +0000] "POST /bank-account/publicTokenWebhook?uid=iyWQr1RjYGYoZgnuevZ4p6zVtuw1 HTTP/1.1" 400 63 "-" "Go-http-client/2.0"
::1 - - [23/Apr/2025:04:53:13 +0000] "POST /bank-account/publicTokenWebhook?uid=iyWQr1RjYGYoZgnuevZ4p6zVtuw1 HTTP/1.1" 400 63 "-" "Go-http-client/2.0"
::1 - - [23/Apr/2025:04:53:13 +0000] "POST /bank-account/publicTokenWebhook?uid=iyWQr1RjYGYoZgnuevZ4p6zVtuw1 HTTP/1.1" 400 63 "-" "Go-http-client/2.0"
::1 - - [23/Apr/2025:04:53:18 +0000] "POST /bank-account/publicTokenWebhook?uid=iyWQr1RjYGYoZgnuevZ4p6zVtuw1 HTTP/1.1" 400 53 "-" "Go-http-client/2.0"
::ffff:10.0.0.75 - - [23/Apr/2025:04:53:24 +0000] "GET /bank-account/accounts/ HTTP/1.1" 200 26149 "-" "okhttp/4.9.2"
::ffff:10.0.0.75 - - [23/Apr/2025:04:53:28 +0000] "POST /bank-account/link-token/ HTTP/1.1" 200 109 "-" "okhttp/4.9.2"
::1 - - [23/Apr/2025:04:53:55 +0000] "POST /bank-account/publicTokenWebhook?uid=iyWQr1RjYGYoZgnuevZ4p6zVtuw1 HTTP/1.1" 400 58 "-" "Go-http-client/2.0"
::1 - - [23/Apr/2025:04:54:01 +0000] "POST /bank-account/publicTokenWebhook?uid=iyWQr1RjYGYoZgnuevZ4p6zVtuw1 HTTP/1.1" 400 50 "-" "Go-http-client/2.0"
::ffff:10.0.0.75 - - [23/Apr/2025:04:54:01 +0000] "GET /bank-account/accounts/ HTTP/1.1" 200 32527 "-" "okhttp/4.9.2"
::1 - - [23/Apr/2025:04:54:02 +0000] "POST /bank-account/publicTokenWebhook?uid=iyWQr1RjYGYoZgnuevZ4p6zVtuw1 HTTP/1.1" 400 53 "-" "Go-http-client/2.0"
::1 - - [23/Apr/2025:04:54:28 +0000] "POST /bank-account/publicTokenWebhook?uid=iyWQr1RjYGYoZgnuevZ4p6zVtuw1 HTTP/1.1" 400 58 "-" "Go-http-client/2.0"
::1 - - [23/Apr/2025:04:54:34 +0000] "POST /bank-account/publicTokenWebhook?uid=iyWQr1RjYGYoZgnuevZ4p6zVtuw1 HTTP/1.1" 400 50 "-" "Go-http-client/2.0"
::1 - - [23/Apr/2025:04:54:35 +0000] "POST /bank-account/publicTokenWebhook?uid=iyWQr1RjYGYoZgnuevZ4p6zVtuw1 HTTP/1.1" 400 53 "-" "Go-http-client/2.0"
::1 - - [23/Apr/2025:04:55:02 +0000] "POST /bank-account/publicTokenWebhook?uid=iyWQr1RjYGYoZgnuevZ4p6zVtuw1 HTTP/1.1" 400 51 "-" "Go-http-client/2.0"
::1 - - [23/Apr/2025:04:55:13 +0000] "POST /bank-account/publicTokenWebhook?uid=iyWQr1RjYGYoZgnuevZ4p6zVtuw1 HTTP/1.1" 400 50 "-" "Go-http-client/2.0"
::1 - - [23/Apr/2025:04:55:20 +0000] "POST /bank-account/publicTokenWebhook?uid=iyWQr1RjYGYoZgnuevZ4p6zVtuw1 HTTP/1.1" 400 53 "-" "Go-http-client/2.0"
::1 - - [23/Apr/2025:04:55:33 +0000] "POST /bank-account/publicTokenWebhook?uid=iyWQr1RjYGYoZgnuevZ4p6zVtuw1 HTTP/1.1" 400 51 "-" "Go-http-client/2.0"
::1 - - [23/Apr/2025:04:55:53 +0000] "OPTIONS /admin/account-deletion/pending HTTP/1.1" 204 0 "http://localhost:4200/" "Mozilla/5.0 (Macintosh; Intel Mac OS X 10_15_7) AppleWebKit/537.36 (KHTML, like Gecko) Chrome/135.0.0.0 Safari/537.36"
::1 - - [23/Apr/2025:04:55:53 +0000] "GET /admin/account-deletion/pending HTTP/1.1" 304 - "http://localhost:4200/" "Mozilla/5.0 (Macintosh; Intel Mac OS X 10_15_7) AppleWebKit/537.36 (KHTML, like Gecko) Chrome/135.0.0.0 Safari/537.36"
::1 - - [23/Apr/2025:04:55:54 +0000] "OPTIONS /admin/plaid HTTP/1.1" 204 0 "http://localhost:4200/" "Mozilla/5.0 (Macintosh; Intel Mac OS X 10_15_7) AppleWebKit/537.36 (KHTML, like Gecko) Chrome/135.0.0.0 Safari/537.36"
::1 - - [23/Apr/2025:04:55:54 +0000] "POST /admin/plaid HTTP/1.1" 200 3006 "http://localhost:4200/" "Mozilla/5.0 (Macintosh; Intel Mac OS X 10_15_7) AppleWebKit/537.36 (KHTML, like Gecko) Chrome/135.0.0.0 Safari/537.36"
::1 - - [23/Apr/2025:04:56:31 +0000] "POST /bank-account/publicTokenWebhook?uid=iyWQr1RjYGYoZgnuevZ4p6zVtuw1 HTTP/1.1" 400 58 "-" "Go-http-client/2.0"
::1 - - [23/Apr/2025:04:56:36 +0000] "POST /bank-account/publicTokenWebhook?uid=iyWQr1RjYGYoZgnuevZ4p6zVtuw1 HTTP/1.1" 400 50 "-" "Go-http-client/2.0"
::1 - - [23/Apr/2025:04:56:37 +0000] "POST /bank-account/publicTokenWebhook?uid=iyWQr1RjYGYoZgnuevZ4p6zVtuw1 HTTP/1.1" 400 53 "-" "Go-http-client/2.0"
::1 - - [23/Apr/2025:04:58:21 +0000] "POST /bank-account/publicTokenWebhook?uid=iyWQr1RjYGYoZgnuevZ4p6zVtuw1 HTTP/1.1" 400 50 "-" "Go-http-client/2.0"
::1 - - [23/Apr/2025:04:58:28 +0000] "POST /bank-account/publicTokenWebhook?uid=iyWQr1RjYGYoZgnuevZ4p6zVtuw1 HTTP/1.1" 400 53 "-" "Go-http-client/2.0"
::1 - - [23/Apr/2025:04:59:32 +0000] "POST /bank-account/publicTokenWebhook?uid=iyWQr1RjYGYoZgnuevZ4p6zVtuw1 HTTP/1.1" 400 63 "-" "Go-http-client/2.0"
::1 - - [23/Apr/2025:04:59:32 +0000] "POST /bank-account/publicTokenWebhook?uid=iyWQr1RjYGYoZgnuevZ4p6zVtuw1 HTTP/1.1" 400 63 "-" "Go-http-client/2.0"
::1 - - [23/Apr/2025:04:59:32 +0000] "POST /bank-account/publicTokenWebhook?uid=iyWQr1RjYGYoZgnuevZ4p6zVtuw1 HTTP/1.1" 400 63 "-" "Go-http-client/2.0"
::1 - - [23/Apr/2025:04:59:32 +0000] "POST /bank-account/publicTokenWebhook?uid=iyWQr1RjYGYoZgnuevZ4p6zVtuw1 HTTP/1.1" 400 63 "-" "Go-http-client/2.0"
::1 - - [23/Apr/2025:05:01:36 +0000] "POST /bank-account/publicTokenWebhook?uid=iyWQr1RjYGYoZgnuevZ4p6zVtuw1 HTTP/1.1" 400 51 "-" "Go-http-client/2.0"
::1 - - [23/Apr/2025:05:01:49 +0000] "POST /bank-account/publicTokenWebhook?uid=iyWQr1RjYGYoZgnuevZ4p6zVtuw1 HTTP/1.1" 400 50 "-" "Go-http-client/2.0"
::1 - - [23/Apr/2025:05:01:56 +0000] "POST /bank-account/publicTokenWebhook?uid=iyWQr1RjYGYoZgnuevZ4p6zVtuw1 HTTP/1.1" 400 53 "-" "Go-http-client/2.0"
::1 - - [23/Apr/2025:05:03:04 +0000] "POST /bank-account/publicTokenWebhook?uid=iyWQr1RjYGYoZgnuevZ4p6zVtuw1 HTTP/1.1" 400 51 "-" "Go-http-client/2.0"
::1 - - [23/Apr/2025:05:03:15 +0000] "POST /bank-account/publicTokenWebhook?uid=iyWQr1RjYGYoZgnuevZ4p6zVtuw1 HTTP/1.1" 400 50 "-" "Go-http-client/2.0"
::1 - - [23/Apr/2025:05:03:23 +0000] "POST /bank-account/publicTokenWebhook?uid=iyWQr1RjYGYoZgnuevZ4p6zVtuw1 HTTP/1.1" 400 53 "-" "Go-http-client/2.0"
::1 - - [23/Apr/2025:05:04:33 +0000] "POST /bank-account/publicTokenWebhook?uid=iyWQr1RjYGYoZgnuevZ4p6zVtuw1 HTTP/1.1" 400 58 "-" "Go-http-client/2.0"
::1 - - [23/Apr/2025:05:04:38 +0000] "POST /bank-account/publicTokenWebhook?uid=iyWQr1RjYGYoZgnuevZ4p6zVtuw1 HTTP/1.1" 400 50 "-" "Go-http-client/2.0"
::1 - - [23/Apr/2025:05:04:42 +0000] "POST /bank-account/publicTokenWebhook?uid=iyWQr1RjYGYoZgnuevZ4p6zVtuw1 HTTP/1.1" 400 53 "-" "Go-http-client/2.0"
::1 - - [23/Apr/2025:05:06:33 +0000] "POST /bank-account/publicTokenWebhook?uid=iyWQr1RjYGYoZgnuevZ4p6zVtuw1 HTTP/1.1" 400 51 "-" "Go-http-client/2.0"
::1 - - [23/Apr/2025:05:06:43 +0000] "POST /bank-account/publicTokenWebhook?uid=iyWQr1RjYGYoZgnuevZ4p6zVtuw1 HTTP/1.1" 400 50 "-" "Go-http-client/2.0"
::1 - - [23/Apr/2025:05:06:50 +0000] "POST /bank-account/publicTokenWebhook?uid=iyWQr1RjYGYoZgnuevZ4p6zVtuw1 HTTP/1.1" 400 53 "-" "Go-http-client/2.0"
::1 - - [23/Apr/2025:05:34:58 +0000] "POST /bank-account/publicTokenWebhook?uid=iyWQr1RjYGYoZgnuevZ4p6zVtuw1 HTTP/1.1" 400 51 "-" "Go-http-client/2.0"
::1 - - [23/Apr/2025:05:35:08 +0000] "POST /bank-account/publicTokenWebhook?uid=iyWQr1RjYGYoZgnuevZ4p6zVtuw1 HTTP/1.1" 400 50 "-" "Go-http-client/2.0"
::1 - - [23/Apr/2025:05:35:15 +0000] "POST /bank-account/publicTokenWebhook?uid=iyWQr1RjYGYoZgnuevZ4p6zVtuw1 HTTP/1.1" 400 53 "-" "Go-http-client/2.0"
::1 - - [23/Apr/2025:12:20:05 +0000] "POST /bank-account/publicTokenWebhook?uid=iyWQr1RjYGYoZgnuevZ4p6zVtuw1 HTTP/1.1" 400 58 "-" "Go-http-client/2.0"
::1 - - [23/Apr/2025:12:20:37 +0000] "POST /bank-account/publicTokenWebhook?uid=iyWQr1RjYGYoZgnuevZ4p6zVtuw1 HTTP/1.1" 400 58 "-" "Go-http-client/2.0"
::1 - - [23/Apr/2025:12:22:39 +0000] "POST /bank-account/publicTokenWebhook?uid=iyWQr1RjYGYoZgnuevZ4p6zVtuw1 HTTP/1.1" 400 58 "-" "Go-http-client/2.0"
::1 - - [23/Apr/2025:12:30:41 +0000] "POST /bank-account/publicTokenWebhook?uid=iyWQr1RjYGYoZgnuevZ4p6zVtuw1 HTTP/1.1" 400 58 "-" "Go-http-client/2.0"
::1 - - [23/Apr/2025:14:31:13 +0000] "POST /bank-account/publicTokenWebhook?uid=iyWQr1RjYGYoZgnuevZ4p6zVtuw1 HTTP/1.1" 400 63 "-" "Go-http-client/2.0"
::1 - - [23/Apr/2025:14:31:13 +0000] "POST /bank-account/publicTokenWebhook?uid=iyWQr1RjYGYoZgnuevZ4p6zVtuw1 HTTP/1.1" 400 63 "-" "Go-http-client/2.0"
::1 - - [23/Apr/2025:14:31:13 +0000] "POST /bank-account/publicTokenWebhook?uid=iyWQr1RjYGYoZgnuevZ4p6zVtuw1 HTTP/1.1" 400 63 "-" "Go-http-client/2.0"
::1 - - [23/Apr/2025:14:31:14 +0000] "POST /bank-account/publicTokenWebhook?uid=iyWQr1RjYGYoZgnuevZ4p6zVtuw1 HTTP/1.1" 400 63 "-" "Go-http-client/2.0"
::1 - - [23/Apr/2025:15:10:35 +0000] "POST /bank-account/publicTokenWebhook?uid=iyWQr1RjYGYoZgnuevZ4p6zVtuw1 HTTP/1.1" 400 58 "-" "Go-http-client/2.0"
::1 - - [23/Apr/2025:15:28:08 +0000] "POST /bank-account/publicTokenWebhook?uid=iyWQr1RjYGYoZgnuevZ4p6zVtuw1 HTTP/1.1" 400 63 "-" "Go-http-client/2.0"
::1 - - [23/Apr/2025:15:28:08 +0000] "POST /bank-account/publicTokenWebhook?uid=iyWQr1RjYGYoZgnuevZ4p6zVtuw1 HTTP/1.1" 400 63 "-" "Go-http-client/2.0"
::1 - - [23/Apr/2025:15:28:08 +0000] "POST /bank-account/publicTokenWebhook?uid=iyWQr1RjYGYoZgnuevZ4p6zVtuw1 HTTP/1.1" 400 63 "-" "Go-http-client/2.0"
::1 - - [23/Apr/2025:15:28:09 +0000] "POST /bank-account/publicTokenWebhook?uid=iyWQr1RjYGYoZgnuevZ4p6zVtuw1 HTTP/1.1" 400 63 "-" "Go-http-client/2.0"
::1 - - [23/Apr/2025:15:41:36 +0000] "POST /bank-account/publicTokenWebhook?uid=iyWQr1RjYGYoZgnuevZ4p6zVtuw1 HTTP/1.1" 400 51 "-" "Go-http-client/2.0"
::1 - - [23/Apr/2025:15:41:48 +0000] "POST /bank-account/publicTokenWebhook?uid=iyWQr1RjYGYoZgnuevZ4p6zVtuw1 HTTP/1.1" 400 50 "-" "Go-http-client/2.0"
::1 - - [23/Apr/2025:15:41:55 +0000] "POST /bank-account/publicTokenWebhook?uid=iyWQr1RjYGYoZgnuevZ4p6zVtuw1 HTTP/1.1" 400 53 "-" "Go-http-client/2.0"
::1 - - [23/Apr/2025:15:46:32 +0000] "POST /bank-account/publicTokenWebhook?uid=iyWQr1RjYGYoZgnuevZ4p6zVtuw1 HTTP/1.1" 400 51 "-" "Go-http-client/2.0"
::1 - - [23/Apr/2025:15:46:43 +0000] "POST /bank-account/publicTokenWebhook?uid=iyWQr1RjYGYoZgnuevZ4p6zVtuw1 HTTP/1.1" 400 50 "-" "Go-http-client/2.0"
::1 - - [23/Apr/2025:15:46:50 +0000] "POST /bank-account/publicTokenWebhook?uid=iyWQr1RjYGYoZgnuevZ4p6zVtuw1 HTTP/1.1" 400 53 "-" "Go-http-client/2.0"
::1 - - [23/Apr/2025:16:05:05 +0000] "POST /bank-account/publicTokenWebhook?uid=iyWQr1RjYGYoZgnuevZ4p6zVtuw1 HTTP/1.1" 400 63 "-" "Go-http-client/2.0"
::1 - - [23/Apr/2025:16:05:05 +0000] "POST /bank-account/publicTokenWebhook?uid=iyWQr1RjYGYoZgnuevZ4p6zVtuw1 HTTP/1.1" 400 63 "-" "Go-http-client/2.0"
::1 - - [23/Apr/2025:16:05:05 +0000] "POST /bank-account/publicTokenWebhook?uid=iyWQr1RjYGYoZgnuevZ4p6zVtuw1 HTTP/1.1" 400 63 "-" "Go-http-client/2.0"
::1 - - [23/Apr/2025:16:05:05 +0000] "POST /bank-account/publicTokenWebhook?uid=iyWQr1RjYGYoZgnuevZ4p6zVtuw1 HTTP/1.1" 400 63 "-" "Go-http-client/2.0"
::1 - - [23/Apr/2025:16:05:06 +0000] "POST /bank-account/publicTokenWebhook?uid=iyWQr1RjYGYoZgnuevZ4p6zVtuw1 HTTP/1.1" 400 63 "-" "Go-http-client/2.0"
::1 - - [23/Apr/2025:16:07:26 +0000] "POST /bank-account/publicTokenWebhook?uid=iyWQr1RjYGYoZgnuevZ4p6zVtuw1 HTTP/1.1" 400 51 "-" "Go-http-client/2.0"
::1 - - [23/Apr/2025:16:10:15 +0000] "POST /bank-account/publicTokenWebhook?uid=iyWQr1RjYGYoZgnuevZ4p6zVtuw1 HTTP/1.1" 400 50 "-" "Go-http-client/2.0"
::1 - - [23/Apr/2025:16:10:20 +0000] "POST /bank-account/publicTokenWebhook?uid=iyWQr1RjYGYoZgnuevZ4p6zVtuw1 HTTP/1.1" 400 53 "-" "Go-http-client/2.0"
::1 - - [23/Apr/2025:16:11:25 +0000] "POST /bank-account/publicTokenWebhook?uid=iyWQr1RjYGYoZgnuevZ4p6zVtuw1 HTTP/1.1" 400 63 "-" "Go-http-client/2.0"
::1 - - [23/Apr/2025:16:11:25 +0000] "POST /bank-account/publicTokenWebhook?uid=iyWQr1RjYGYoZgnuevZ4p6zVtuw1 HTTP/1.1" 400 63 "-" "Go-http-client/2.0"
::1 - - [23/Apr/2025:16:11:25 +0000] "POST /bank-account/publicTokenWebhook?uid=iyWQr1RjYGYoZgnuevZ4p6zVtuw1 HTTP/1.1" 400 63 "-" "Go-http-client/2.0"
::1 - - [23/Apr/2025:16:11:26 +0000] "POST /bank-account/publicTokenWebhook?uid=iyWQr1RjYGYoZgnuevZ4p6zVtuw1 HTTP/1.1" 400 63 "-" "Go-http-client/2.0"
::1 - - [23/Apr/2025:16:14:58 +0000] "POST /bank-account/publicTokenWebhook?uid=iyWQr1RjYGYoZgnuevZ4p6zVtuw1 HTTP/1.1" 400 51 "-" "Go-http-client/2.0"
::1 - - [23/Apr/2025:16:15:09 +0000] "POST /bank-account/publicTokenWebhook?uid=iyWQr1RjYGYoZgnuevZ4p6zVtuw1 HTTP/1.1" 400 50 "-" "Go-http-client/2.0"
::1 - - [23/Apr/2025:16:15:16 +0000] "POST /bank-account/publicTokenWebhook?uid=iyWQr1RjYGYoZgnuevZ4p6zVtuw1 HTTP/1.1" 400 53 "-" "Go-http-client/2.0"
::1 - - [23/Apr/2025:16:16:26 +0000] "POST /bank-account/publicTokenWebhook?uid=iyWQr1RjYGYoZgnuevZ4p6zVtuw1 HTTP/1.1" 400 58 "-" "Go-http-client/2.0"
::1 - - [23/Apr/2025:16:16:31 +0000] "POST /bank-account/publicTokenWebhook?uid=iyWQr1RjYGYoZgnuevZ4p6zVtuw1 HTTP/1.1" 400 50 "-" "Go-http-client/2.0"
::1 - - [23/Apr/2025:16:16:33 +0000] "POST /bank-account/publicTokenWebhook?uid=iyWQr1RjYGYoZgnuevZ4p6zVtuw1 HTTP/1.1" 400 53 "-" "Go-http-client/2.0"
::ffff:10.0.0.75 - - [23/Apr/2025:16:17:17 +0000] "GET /bank-account/accounts/ HTTP/1.1" 200 32527 "-" "expensesmanager/8 CFNetwork/1568.200.51 Darwin/24.2.0"
::ffff:10.0.0.75 - - [23/Apr/2025:16:17:17 +0000] "GET /bank-account/accounts/ HTTP/1.1" 200 32527 "-" "expensesmanager/8 CFNetwork/1568.200.51 Darwin/24.2.0"
::ffff:10.0.0.75 - - [23/Apr/2025:16:17:25 +0000] "POST /notification/destroy-notifications/ HTTP/1.1" 200 55 "-" "expensesmanager/8 CFNetwork/1568.200.51 Darwin/24.2.0"
::ffff:10.0.0.75 - - [23/Apr/2025:16:17:50 +0000] "POST /notification/enable-notifications/ HTTP/1.1" 200 48 "-" "expensesmanager/8 CFNetwork/1568.200.51 Darwin/24.2.0"
::ffff:10.0.0.75 - - [23/Apr/2025:16:18:03 +0000] "POST /notification/enable-notifications/ HTTP/1.1" 200 48 "-" "expensesmanager/8 CFNetwork/1568.200.51 Darwin/24.2.0"
::ffff:10.0.0.75 - - [23/Apr/2025:16:20:15 +0000] "POST /notification/enable-notifications/ HTTP/1.1" 200 48 "-" "expensesmanager/8 CFNetwork/1568.200.51 Darwin/24.2.0"
::ffff:10.0.0.75 - - [23/Apr/2025:16:22:23 +0000] "POST /notification/enable-notifications/ HTTP/1.1" 200 48 "-" "expensesmanager/8 CFNetwork/1568.200.51 Darwin/24.2.0"
::ffff:10.0.0.75 - - [23/Apr/2025:16:22:38 +0000] "POST /notification/enable-notifications/ HTTP/1.1" 200 48 "-" "expensesmanager/8 CFNetwork/1568.200.51 Darwin/24.2.0"
::ffff:10.0.0.75 - - [23/Apr/2025:16:24:11 +0000] "POST /notification/destroy-notifications/ HTTP/1.1" 200 55 "-" "expensesmanager/8 CFNetwork/1568.200.51 Darwin/24.2.0"
::ffff:10.0.0.75 - - [23/Apr/2025:16:24:15 +0000] "POST /user/send-otp HTTP/1.1" 200 49 "-" "expensesmanager/8 CFNetwork/1568.200.51 Darwin/24.2.0"
::ffff:10.0.0.75 - - [23/Apr/2025:16:24:37 +0000] "POST /user/verify-otp HTTP/1.1" 200 873 "-" "expensesmanager/8 CFNetwork/1568.200.51 Darwin/24.2.0"
::ffff:10.0.0.75 - - [23/Apr/2025:16:24:39 +0000] "POST /notification/enable-notifications/ HTTP/1.1" 200 48 "-" "expensesmanager/8 CFNetwork/1568.200.51 Darwin/24.2.0"
::ffff:10.0.0.75 - - [23/Apr/2025:16:24:44 +0000] "GET /bank-account/accounts/ HTTP/1.1" 304 - "-" "expensesmanager/8 CFNetwork/1568.200.51 Darwin/24.2.0"
::ffff:10.0.0.75 - - [23/Apr/2025:16:25:23 +0000] "POST /notification/enable-notifications/ HTTP/1.1" 200 48 "-" "expensesmanager/8 CFNetwork/1568.200.51 Darwin/24.2.0"
::ffff:10.0.0.75 - - [23/Apr/2025:16:25:38 +0000] "POST /notification/enable-notifications/ HTTP/1.1" 200 48 "-" "expensesmanager/8 CFNetwork/1568.200.51 Darwin/24.2.0"
::ffff:10.0.0.75 - - [23/Apr/2025:17:15:28 +0000] "POST /notification/enable-notifications/ HTTP/1.1" 200 48 "-" "expensesmanager/8 CFNetwork/1568.200.51 Darwin/24.2.0"
::ffff:10.0.0.75 - - [23/Apr/2025:19:13:23 +0000] "POST /notification/enable-notifications/ HTTP/1.1" 200 48 "-" "expensesmanager/8 CFNetwork/1568.200.51 Darwin/24.2.0"
::ffff:10.0.0.75 - - [23/Apr/2025:19:16:58 +0000] "POST /notification/enable-notifications/ HTTP/1.1" 200 48 "-" "expensesmanager/8 CFNetwork/1568.200.51 Darwin/24.2.0"
::ffff:10.0.0.75 - - [23/Apr/2025:19:23:06 +0000] "POST /notification/enable-notifications/ HTTP/1.1" 200 48 "-" "expensesmanager/8 CFNetwork/1568.200.51 Darwin/24.2.0"
::ffff:10.0.0.75 - - [23/Apr/2025:19:23:30 +0000] "POST /notification/enable-notifications/ HTTP/1.1" 200 48 "-" "expensesmanager/8 CFNetwork/1568.200.51 Darwin/24.2.0"
::ffff:10.0.0.75 - - [23/Apr/2025:19:41:52 +0000] "POST /notification/enable-notifications/ HTTP/1.1" 200 48 "-" "expensesmanager/8 CFNetwork/1568.200.51 Darwin/24.2.0"
::ffff:10.0.0.75 - - [23/Apr/2025:19:42:03 +0000] "POST /notification/enable-notifications/ HTTP/1.1" 200 48 "-" "expensesmanager/8 CFNetwork/1568.200.51 Darwin/24.2.0"
::ffff:10.0.0.75 - - [23/Apr/2025:19:42:14 +0000] "POST /notification/enable-notifications/ HTTP/1.1" 200 48 "-" "expensesmanager/8 CFNetwork/1568.200.51 Darwin/24.2.0"
::ffff:10.0.0.75 - - [23/Apr/2025:19:42:30 +0000] "POST /notification/enable-notifications/ HTTP/1.1" 200 48 "-" "expensesmanager/8 CFNetwork/1568.200.51 Darwin/24.2.0"
::ffff:10.0.0.75 - - [23/Apr/2025:19:42:39 +0000] "POST /notification/enable-notifications/ HTTP/1.1" 200 48 "-" "expensesmanager/8 CFNetwork/1568.200.51 Darwin/24.2.0"
::ffff:10.0.0.75 - - [23/Apr/2025:19:42:50 +0000] "POST /notification/enable-notifications/ HTTP/1.1" 200 48 "-" "expensesmanager/8 CFNetwork/1568.200.51 Darwin/24.2.0"
::ffff:10.0.0.75 - - [23/Apr/2025:19:44:31 +0000] "POST /notification/enable-notifications/ HTTP/1.1" 200 48 "-" "expensesmanager/8 CFNetwork/1568.200.51 Darwin/24.2.0"
::ffff:10.0.0.75 - - [23/Apr/2025:19:44:53 +0000] "POST /notification/enable-notifications/ HTTP/1.1" 200 48 "-" "expensesmanager/8 CFNetwork/1568.200.51 Darwin/24.2.0"
::ffff:10.0.0.75 - - [23/Apr/2025:19:46:36 +0000] "POST /notification/enable-notifications/ HTTP/1.1" 200 48 "-" "expensesmanager/8 CFNetwork/1568.200.51 Darwin/24.2.0"
::ffff:10.0.0.75 - - [23/Apr/2025:19:48:24 +0000] "POST /notification/enable-notifications/ HTTP/1.1" 200 48 "-" "expensesmanager/8 CFNetwork/1568.200.51 Darwin/24.2.0"
::ffff:10.0.0.75 - - [23/Apr/2025:20:07:43 +0000] "POST /notification/enable-notifications/ HTTP/1.1" 200 48 "-" "expensesmanager/8 CFNetwork/1568.200.51 Darwin/24.2.0"
::ffff:10.0.0.75 - - [23/Apr/2025:20:13:22 +0000] "POST /notification/enable-notifications/ HTTP/1.1" 200 48 "-" "okhttp/4.9.2"
::ffff:10.0.0.75 - - [23/Apr/2025:21:30:47 +0000] "POST /user/chatgpt HTTP/1.1" 404 152 "-" "expensesmanager/8 CFNetwork/1568.200.51 Darwin/24.2.0"
::ffff:10.0.0.75 - - [23/Apr/2025:21:31:10 +0000] "POST /user/chatgpt HTTP/1.1" 404 152 "-" "expensesmanager/8 CFNetwork/1568.200.51 Darwin/24.2.0"
::ffff:10.0.0.75 - - [23/Apr/2025:21:31:27 +0000] "POST /user/chat-gpt HTTP/1.1" 400 45 "-" "expensesmanager/8 CFNetwork/1568.200.51 Darwin/24.2.0"
::ffff:10.0.0.75 - - [23/Apr/2025:21:31:58 +0000] "POST /user/chat-gpt HTTP/1.1" 400 45 "-" "expensesmanager/8 CFNetwork/1568.200.51 Darwin/24.2.0"
::ffff:10.0.0.75 - - [23/Apr/2025:21:32:20 +0000] "POST /user/chat-gpt HTTP/1.1" 400 45 "-" "expensesmanager/8 CFNetwork/1568.200.51 Darwin/24.2.0"
::ffff:10.0.0.75 - - [23/Apr/2025:21:32:31 +0000] "POST /user/chat-gpt HTTP/1.1" 400 45 "-" "expensesmanager/8 CFNetwork/1568.200.51 Darwin/24.2.0"
::ffff:10.0.0.75 - - [23/Apr/2025:21:32:45 +0000] "POST /user/chat-gpt HTTP/1.1" 400 45 "-" "expensesmanager/8 CFNetwork/1568.200.51 Darwin/24.2.0"
::ffff:10.0.0.75 - - [23/Apr/2025:21:33:30 +0000] "POST /user/chat-gpt HTTP/1.1" 400 170 "-" "expensesmanager/8 CFNetwork/1568.200.51 Darwin/24.2.0"
::ffff:10.0.0.75 - - [23/Apr/2025:21:35:06 +0000] "POST /user/chat-gpt HTTP/1.1" 400 248 "-" "expensesmanager/8 CFNetwork/1568.200.51 Darwin/24.2.0"
::ffff:10.0.0.75 - - [23/Apr/2025:21:35:41 +0000] "POST /user/chat-gpt HTTP/1.1" 400 248 "-" "expensesmanager/8 CFNetwork/1568.200.51 Darwin/24.2.0"
::ffff:10.0.0.75 - - [23/Apr/2025:21:54:30 +0000] "POST /user/chat-gpt HTTP/1.1" 200 80 "-" "expensesmanager/8 CFNetwork/1568.200.51 Darwin/24.2.0"
::ffff:10.0.0.75 - - [23/Apr/2025:21:55:11 +0000] "POST /user/chat-gpt HTTP/1.1" 200 77 "-" "expensesmanager/8 CFNetwork/1568.200.51 Darwin/24.2.0"
::ffff:10.0.0.75 - - [23/Apr/2025:21:55:55 +0000] "POST /user/chat-gpt HTTP/1.1" 200 76 "-" "expensesmanager/8 CFNetwork/1568.200.51 Darwin/24.2.0"
::ffff:10.0.0.75 - - [23/Apr/2025:21:56:04 +0000] "POST /user/chat-gpt HTTP/1.1" 200 124 "-" "expensesmanager/8 CFNetwork/1568.200.51 Darwin/24.2.0"
::ffff:10.0.0.75 - - [23/Apr/2025:21:56:31 +0000] "POST /user/chat-gpt HTTP/1.1" 200 51 "-" "expensesmanager/8 CFNetwork/1568.200.51 Darwin/24.2.0"
::ffff:10.0.0.75 - - [23/Apr/2025:21:56:38 +0000] "POST /user/chat-gpt HTTP/1.1" 200 72 "-" "expensesmanager/8 CFNetwork/1568.200.51 Darwin/24.2.0"
::ffff:10.0.0.75 - - [23/Apr/2025:21:56:51 +0000] "POST /user/chat-gpt HTTP/1.1" 200 147 "-" "expensesmanager/8 CFNetwork/1568.200.51 Darwin/24.2.0"
::ffff:10.0.0.75 - - [23/Apr/2025:21:58:24 +0000] "POST /user/chat-gpt HTTP/1.1" 200 211 "-" "expensesmanager/8 CFNetwork/1568.200.51 Darwin/24.2.0"
::ffff:10.0.0.75 - - [23/Apr/2025:21:58:50 +0000] "POST /user/chat-gpt HTTP/1.1" 200 184 "-" "expensesmanager/8 CFNetwork/1568.200.51 Darwin/24.2.0"
::ffff:10.0.0.75 - - [23/Apr/2025:22:25:09 +0000] "POST /notification/enable-notifications/ HTTP/1.1" 200 48 "-" "expensesmanager/8 CFNetwork/1568.200.51 Darwin/24.2.0"
::ffff:10.0.0.75 - - [23/Apr/2025:22:27:24 +0000] "POST /user/chat-gpt HTTP/1.1" 200 88 "-" "expensesmanager/8 CFNetwork/1568.200.51 Darwin/24.2.0"
::ffff:10.0.0.75 - - [23/Apr/2025:22:38:28 +0000] "POST /user/chat-gpt HTTP/1.1" 200 177 "-" "expensesmanager/8 CFNetwork/1568.200.51 Darwin/24.2.0"
::ffff:10.0.0.75 - - [23/Apr/2025:22:39:00 +0000] "POST /user/chat-gpt HTTP/1.1" 200 83 "-" "expensesmanager/8 CFNetwork/1568.200.51 Darwin/24.2.0"
::ffff:10.0.0.75 - - [23/Apr/2025:22:45:30 +0000] "POST /user/chat-gpt HTTP/1.1" 200 48 "-" "expensesmanager/8 CFNetwork/1568.200.51 Darwin/24.2.0"
::ffff:10.0.0.75 - - [23/Apr/2025:22:45:38 +0000] "POST /user/chat-gpt HTTP/1.1" 200 48 "-" "expensesmanager/8 CFNetwork/1568.200.51 Darwin/24.2.0"
::ffff:10.0.0.75 - - [23/Apr/2025:22:45:55 +0000] "POST /user/chat-gpt HTTP/1.1" 200 333 "-" "expensesmanager/8 CFNetwork/1568.200.51 Darwin/24.2.0"
::ffff:10.0.0.75 - - [23/Apr/2025:22:48:05 +0000] "POST /user/chat-gpt HTTP/1.1" 200 16 "-" "expensesmanager/8 CFNetwork/1568.200.51 Darwin/24.2.0"
::ffff:10.0.0.75 - - [23/Apr/2025:22:48:06 +0000] "POST /user/chat-gpt HTTP/1.1" 200 48 "-" "expensesmanager/8 CFNetwork/1568.200.51 Darwin/24.2.0"
::ffff:10.0.0.75 - - [23/Apr/2025:22:48:17 +0000] "POST /user/chat-gpt HTTP/1.1" 200 16 "-" "expensesmanager/8 CFNetwork/1568.200.51 Darwin/24.2.0"
::ffff:10.0.0.75 - - [23/Apr/2025:22:48:18 +0000] "POST /user/chat-gpt HTTP/1.1" 200 104 "-" "expensesmanager/8 CFNetwork/1568.200.51 Darwin/24.2.0"
::ffff:10.0.0.75 - - [23/Apr/2025:22:48:30 +0000] "POST /user/chat-gpt HTTP/1.1" 200 16 "-" "expensesmanager/8 CFNetwork/1568.200.51 Darwin/24.2.0"
::ffff:10.0.0.75 - - [23/Apr/2025:22:48:32 +0000] "POST /user/chat-gpt HTTP/1.1" 200 756 "-" "expensesmanager/8 CFNetwork/1568.200.51 Darwin/24.2.0"
::ffff:10.0.0.75 - - [23/Apr/2025:22:49:25 +0000] "POST /user/chat-gpt HTTP/1.1" 200 17 "-" "expensesmanager/8 CFNetwork/1568.200.51 Darwin/24.2.0"
::ffff:10.0.0.75 - - [23/Apr/2025:22:49:34 +0000] "POST /user/chat-gpt HTTP/1.1" 200 93 "-" "expensesmanager/8 CFNetwork/1568.200.51 Darwin/24.2.0"
::ffff:10.0.0.75 - - [23/Apr/2025:22:49:50 +0000] "POST /user/chat-gpt HTTP/1.1" 200 16 "-" "expensesmanager/8 CFNetwork/1568.200.51 Darwin/24.2.0"
::ffff:10.0.0.75 - - [23/Apr/2025:22:49:51 +0000] "POST /user/chat-gpt HTTP/1.1" 200 237 "-" "expensesmanager/8 CFNetwork/1568.200.51 Darwin/24.2.0"
::ffff:10.0.0.75 - - [23/Apr/2025:22:50:11 +0000] "POST /user/chat-gpt HTTP/1.1" 200 16 "-" "expensesmanager/8 CFNetwork/1568.200.51 Darwin/24.2.0"
::ffff:10.0.0.75 - - [23/Apr/2025:22:50:12 +0000] "POST /user/chat-gpt HTTP/1.1" 200 63 "-" "expensesmanager/8 CFNetwork/1568.200.51 Darwin/24.2.0"
::ffff:10.0.0.75 - - [23/Apr/2025:22:51:58 +0000] "POST /user/chat-gpt HTTP/1.1" 200 16 "-" "expensesmanager/8 CFNetwork/1568.200.51 Darwin/24.2.0"
::ffff:10.0.0.75 - - [23/Apr/2025:22:51:59 +0000] "POST /user/chat-gpt HTTP/1.1" 200 48 "-" "expensesmanager/8 CFNetwork/1568.200.51 Darwin/24.2.0"
::ffff:10.0.0.75 - - [23/Apr/2025:22:52:04 +0000] "POST /user/chat-gpt HTTP/1.1" 200 17 "-" "expensesmanager/8 CFNetwork/1568.200.51 Darwin/24.2.0"
::ffff:10.0.0.75 - - [23/Apr/2025:22:52:08 +0000] "POST /user/chat-gpt HTTP/1.1" 200 350 "-" "expensesmanager/8 CFNetwork/1568.200.51 Darwin/24.2.0"
::ffff:10.0.0.75 - - [23/Apr/2025:22:52:17 +0000] "POST /user/chat-gpt HTTP/1.1" 200 16 "-" "expensesmanager/8 CFNetwork/1568.200.51 Darwin/24.2.0"
::ffff:10.0.0.75 - - [23/Apr/2025:22:52:18 +0000] "POST /user/chat-gpt HTTP/1.1" 200 212 "-" "expensesmanager/8 CFNetwork/1568.200.51 Darwin/24.2.0"
::ffff:10.0.0.75 - - [23/Apr/2025:22:52:29 +0000] "POST /user/chat-gpt HTTP/1.1" 200 17 "-" "expensesmanager/8 CFNetwork/1568.200.51 Darwin/24.2.0"
::ffff:10.0.0.75 - - [23/Apr/2025:22:52:31 +0000] "POST /user/chat-gpt HTTP/1.1" 200 228 "-" "expensesmanager/8 CFNetwork/1568.200.51 Darwin/24.2.0"
::ffff:10.0.0.75 - - [23/Apr/2025:22:54:24 +0000] "POST /user/chat-gpt HTTP/1.1" 200 16 "-" "expensesmanager/8 CFNetwork/1568.200.51 Darwin/24.2.0"
::ffff:10.0.0.75 - - [23/Apr/2025:22:54:24 +0000] "POST /user/chat-gpt HTTP/1.1" 200 67 "-" "expensesmanager/8 CFNetwork/1568.200.51 Darwin/24.2.0"
::ffff:10.0.0.75 - - [23/Apr/2025:22:54:29 +0000] "POST /user/chat-gpt HTTP/1.1" 200 16 "-" "expensesmanager/8 CFNetwork/1568.200.51 Darwin/24.2.0"
::ffff:10.0.0.75 - - [23/Apr/2025:22:54:30 +0000] "POST /user/chat-gpt HTTP/1.1" 200 329 "-" "expensesmanager/8 CFNetwork/1568.200.51 Darwin/24.2.0"
::ffff:10.0.0.75 - - [23/Apr/2025:22:55:03 +0000] "POST /user/chat-gpt HTTP/1.1" 200 17 "-" "expensesmanager/8 CFNetwork/1568.200.51 Darwin/24.2.0"
::ffff:10.0.0.75 - - [23/Apr/2025:22:56:07 +0000] "POST /user/chat-gpt HTTP/1.1" 200 486 "-" "expensesmanager/8 CFNetwork/1568.200.51 Darwin/24.2.0"
::ffff:10.0.0.75 - - [23/Apr/2025:22:56:26 +0000] "POST /user/chat-gpt HTTP/1.1" 200 17 "-" "expensesmanager/8 CFNetwork/1568.200.51 Darwin/24.2.0"
::ffff:10.0.0.75 - - [23/Apr/2025:22:56:30 +0000] "POST /user/chat-gpt HTTP/1.1" 200 533 "-" "expensesmanager/8 CFNetwork/1568.200.51 Darwin/24.2.0"
