::1 - - [24/Mar/2025:04:00:34 +0000] "POST /bank-account/publicTokenWebhook?uid=LW0Uhs2oTiVOWCQBct1s8wle7Jv1 HTTP/1.1" 400 36 "-" "Go-http-client/2.0"
::1 - - [24/Mar/2025:04:00:44 +0000] "POST /bank-account/publicTokenWebhook?uid=LW0Uhs2oTiVOWCQBct1s8wle7Jv1 HTTP/1.1" 200 224 "-" "Go-http-client/2.0"
::ffff:10.0.0.7 - - [24/Mar/2025:04:00:45 +0000] "GET /bank-account/accounts/ HTTP/1.1" 200 5892 "-" "expensesmanager/8 CFNetwork/1568.200.51 Darwin/24.2.0"
::ffff:10.0.0.7 - - [24/Mar/2025:04:00:45 +0000] "GET /bank-account/accounts/ HTTP/1.1" 200 5892 "-" "expensesmanager/8 CFNetwork/1568.200.51 Darwin/24.2.0"
::ffff:10.0.0.7 - - [24/Mar/2025:04:00:45 +0000] "GET /bank-account/accounts/ HTTP/1.1" 200 5892 "-" "expensesmanager/8 CFNetwork/1568.200.51 Darwin/24.2.0"
::ffff:10.0.0.7 - - [24/Mar/2025:04:00:45 +0000] "GET /bank-account/accounts/ HTTP/1.1" 200 5892 "-" "expensesmanager/8 CFNetwork/1568.200.51 Darwin/24.2.0"
::ffff:10.0.0.7 - - [24/Mar/2025:04:00:45 +0000] "GET /bank-account/accounts/ HTTP/1.1" 200 5892 "-" "expensesmanager/8 CFNetwork/1568.200.51 Darwin/24.2.0"
::ffff:10.0.0.7 - - [24/Mar/2025:04:00:45 +0000] "GET /bank-account/accounts/ HTTP/1.1" 200 5892 "-" "expensesmanager/8 CFNetwork/1568.200.51 Darwin/24.2.0"
::ffff:10.0.0.7 - - [24/Mar/2025:04:00:45 +0000] "GET /bank-account/accounts/ HTTP/1.1" 200 5892 "-" "expensesmanager/8 CFNetwork/1568.200.51 Darwin/24.2.0"
::ffff:10.0.0.7 - - [24/Mar/2025:04:00:45 +0000] "GET /bank-account/accounts/ HTTP/1.1" 200 5892 "-" "expensesmanager/8 CFNetwork/1568.200.51 Darwin/24.2.0"
::ffff:10.0.0.7 - - [24/Mar/2025:04:00:45 +0000] "GET /bank-account/accounts/ HTTP/1.1" 200 5892 "-" "expensesmanager/8 CFNetwork/1568.200.51 Darwin/24.2.0"
::ffff:10.0.0.7 - - [24/Mar/2025:04:00:45 +0000] "GET /bank-account/accounts/ HTTP/1.1" 200 5892 "-" "expensesmanager/8 CFNetwork/1568.200.51 Darwin/24.2.0"
::1 - - [24/Mar/2025:04:00:46 +0000] "POST /bank-account/publicTokenWebhook?uid=LW0Uhs2oTiVOWCQBct1s8wle7Jv1 HTTP/1.1" 400 36 "-" "Go-http-client/2.0"
::1 - - [24/Mar/2025:04:00:53 +0000] "POST /bank-account/publicTokenWebhook?uid=LW0Uhs2oTiVOWCQBct1s8wle7Jv1 HTTP/1.1" 400 36 "-" "Go-http-client/2.0"
::ffff:10.0.0.7 - - [24/Mar/2025:04:00:55 +0000] "POST /bank-account/transactions/ HTTP/1.1" 400 84 "-" "expensesmanager/8 CFNetwork/1568.200.51 Darwin/24.2.0"
::1 - - [24/Mar/2025:04:01:05 +0000] "POST /bank-account/publicTokenWebhook?uid=LW0Uhs2oTiVOWCQBct1s8wle7Jv1 HTTP/1.1" 400 36 "-" "Go-http-client/2.0"
::1 - - [24/Mar/2025:04:01:16 +0000] "POST /bank-account/publicTokenWebhook?uid=LW0Uhs2oTiVOWCQBct1s8wle7Jv1 HTTP/1.1" 400 36 "-" "Go-http-client/2.0"
::1 - - [24/Mar/2025:04:01:23 +0000] "POST /bank-account/publicTokenWebhook?uid=LW0Uhs2oTiVOWCQBct1s8wle7Jv1 HTTP/1.1" 400 36 "-" "Go-http-client/2.0"
::ffff:10.0.0.7 - - [24/Mar/2025:04:02:20 +0000] "POST /bank-account/balance/ HTTP/1.1" 200 367 "-" "expensesmanager/8 CFNetwork/1568.200.51 Darwin/24.2.0"
::ffff:10.0.0.7 - - [24/Mar/2025:04:02:26 +0000] "POST /bank-account/transactions/ HTTP/1.1" 200 18318 "-" "expensesmanager/8 CFNetwork/1568.200.51 Darwin/24.2.0"
::1 - - [24/Mar/2025:04:03:05 +0000] "POST /bank-account/publicTokenWebhook?uid=LW0Uhs2oTiVOWCQBct1s8wle7Jv1 HTTP/1.1" 400 36 "-" "Go-http-client/2.0"
::1 - - [24/Mar/2025:04:03:18 +0000] "POST /bank-account/publicTokenWebhook?uid=LW0Uhs2oTiVOWCQBct1s8wle7Jv1 HTTP/1.1" 400 36 "-" "Go-http-client/2.0"
::1 - - [24/Mar/2025:04:03:24 +0000] "POST /bank-account/publicTokenWebhook?uid=LW0Uhs2oTiVOWCQBct1s8wle7Jv1 HTTP/1.1" 400 36 "-" "Go-http-client/2.0"
::1 - - [24/Mar/2025:04:10:46 +0000] "POST /bank-account/publicTokenWebhook?uid=spl8wOi213gKu73RDUhPXviOC9V2 HTTP/1.1" 400 36 "-" "Go-http-client/2.0"
::1 - - [24/Mar/2025:04:11:05 +0000] "POST /bank-account/publicTokenWebhook?uid=LW0Uhs2oTiVOWCQBct1s8wle7Jv1 HTTP/1.1" 400 36 "-" "Go-http-client/2.0"
::1 - - [24/Mar/2025:04:11:18 +0000] "POST /bank-account/publicTokenWebhook?uid=LW0Uhs2oTiVOWCQBct1s8wle7Jv1 HTTP/1.1" 400 36 "-" "Go-http-client/2.0"
::1 - - [24/Mar/2025:04:11:24 +0000] "POST /bank-account/publicTokenWebhook?uid=LW0Uhs2oTiVOWCQBct1s8wle7Jv1 HTTP/1.1" 400 36 "-" "Go-http-client/2.0"
::ffff:10.0.0.7 - - [24/Mar/2025:04:11:48 +0000] "POST /bank-account/transactions/ HTTP/1.1" 200 2546 "-" "expensesmanager/8 CFNetwork/1568.200.51 Darwin/24.2.0"
::ffff:10.0.0.7 - - [24/Mar/2025:04:11:55 +0000] "POST /bank-account/transactions/ HTTP/1.1" 200 15946 "-" "expensesmanager/8 CFNetwork/1568.200.51 Darwin/24.2.0"
::ffff:10.0.0.7 - - [24/Mar/2025:04:12:23 +0000] "POST /bank-account/transactions/ HTTP/1.1" 200 4874 "-" "expensesmanager/8 CFNetwork/1568.200.51 Darwin/24.2.0"
::ffff:10.0.0.7 - - [24/Mar/2025:04:12:37 +0000] "POST /bank-account/transactions/ HTTP/1.1" 200 4874 "-" "expensesmanager/8 CFNetwork/1568.200.51 Darwin/24.2.0"
::ffff:10.0.0.7 - - [24/Mar/2025:04:12:40 +0000] "POST /bank-account/transactions/ HTTP/1.1" 200 4874 "-" "expensesmanager/8 CFNetwork/1568.200.51 Darwin/24.2.0"
::ffff:10.0.0.7 - - [24/Mar/2025:04:12:52 +0000] "POST /bank-account/balance/ HTTP/1.1" 200 355 "-" "expensesmanager/8 CFNetwork/1568.200.51 Darwin/24.2.0"
::ffff:10.0.0.7 - - [24/Mar/2025:04:12:56 +0000] "POST /bank-account/transactions/ HTTP/1.1" 200 15946 "-" "expensesmanager/8 CFNetwork/1568.200.51 Darwin/24.2.0"
::ffff:10.0.0.7 - - [24/Mar/2025:04:13:06 +0000] "POST /bank-account/transactions/ HTTP/1.1" 200 4874 "-" "expensesmanager/8 CFNetwork/1568.200.51 Darwin/24.2.0"
::1 - - [24/Mar/2025:04:13:49 +0000] "POST /bank-account/publicTokenWebhook?uid=spl8wOi213gKu73RDUhPXviOC9V2 HTTP/1.1" 400 36 "-" "Go-http-client/2.0"
::1 - - [24/Mar/2025:04:15:00 +0000] "POST /bank-account/publicTokenWebhook?uid=spl8wOi213gKu73RDUhPXviOC9V2 HTTP/1.1" 400 36 "-" "Go-http-client/2.0"
::1 - - [24/Mar/2025:04:15:03 +0000] "POST /bank-account/publicTokenWebhook?uid=spl8wOi213gKu73RDUhPXviOC9V2 HTTP/1.1" 400 36 "-" "Go-http-client/2.0"
::1 - - [24/Mar/2025:04:15:05 +0000] "POST /bank-account/publicTokenWebhook?uid=spl8wOi213gKu73RDUhPXviOC9V2 HTTP/1.1" 400 36 "-" "Go-http-client/2.0"
::ffff:10.0.0.7 - - [24/Mar/2025:04:16:49 +0000] "POST /bank-account/transactions/ HTTP/1.1" 200 4874 "-" "expensesmanager/8 CFNetwork/1568.200.51 Darwin/24.2.0"
::1 - - [24/Mar/2025:04:18:11 +0000] "POST /bank-account/publicTokenWebhook?uid=spl8wOi213gKu73RDUhPXviOC9V2 HTTP/1.1" 400 36 "-" "Go-http-client/2.0"
::1 - - [24/Mar/2025:04:18:16 +0000] "POST /bank-account/publicTokenWebhook?uid=spl8wOi213gKu73RDUhPXviOC9V2 HTTP/1.1" 400 36 "-" "Go-http-client/2.0"
::1 - - [24/Mar/2025:04:18:16 +0000] "POST /bank-account/publicTokenWebhook?uid=spl8wOi213gKu73RDUhPXviOC9V2 HTTP/1.1" 400 36 "-" "Go-http-client/2.0"
::ffff:10.0.0.7 - - [24/Mar/2025:04:19:22 +0000] "POST /bank-account/transactions/ HTTP/1.1" 200 4874 "-" "expensesmanager/8 CFNetwork/1568.200.51 Darwin/24.2.0"
::ffff:10.0.0.7 - - [24/Mar/2025:04:20:29 +0000] "POST /bank-account/transactions/ HTTP/1.1" 200 4874 "-" "expensesmanager/8 CFNetwork/1568.200.51 Darwin/24.2.0"
::ffff:10.0.0.7 - - [24/Mar/2025:04:20:34 +0000] "POST /bank-account/transactions/ HTTP/1.1" 200 4874 "-" "expensesmanager/8 CFNetwork/1568.200.51 Darwin/24.2.0"
::ffff:10.0.0.7 - - [24/Mar/2025:04:20:48 +0000] "GET /bank-account/accounts/ HTTP/1.1" 304 - "-" "expensesmanager/8 CFNetwork/1568.200.51 Darwin/24.2.0"
::ffff:10.0.0.7 - - [24/Mar/2025:04:20:48 +0000] "GET /bank-account/accounts/ HTTP/1.1" 304 - "-" "expensesmanager/8 CFNetwork/1568.200.51 Darwin/24.2.0"
::ffff:10.0.0.7 - - [24/Mar/2025:04:20:48 +0000] "POST /bank-account/transactions/ HTTP/1.1" 200 4874 "-" "expensesmanager/8 CFNetwork/1568.200.51 Darwin/24.2.0"
::ffff:10.0.0.7 - - [24/Mar/2025:04:20:51 +0000] "POST /bank-account/transactions/ HTTP/1.1" 200 18318 "-" "expensesmanager/8 CFNetwork/1568.200.51 Darwin/24.2.0"
::ffff:10.0.0.7 - - [24/Mar/2025:04:20:55 +0000] "POST /bank-account/transactions/ HTTP/1.1" 200 4874 "-" "expensesmanager/8 CFNetwork/1568.200.51 Darwin/24.2.0"
::ffff:10.0.0.7 - - [24/Mar/2025:04:20:59 +0000] "POST /bank-account/transactions/ HTTP/1.1" 200 15946 "-" "expensesmanager/8 CFNetwork/1568.200.51 Darwin/24.2.0"
::1 - - [24/Mar/2025:04:21:02 +0000] "POST /bank-account/publicTokenWebhook?uid=spl8wOi213gKu73RDUhPXviOC9V2 HTTP/1.1" 400 36 "-" "Go-http-client/2.0"
::ffff:10.0.0.7 - - [24/Mar/2025:04:21:04 +0000] "POST /bank-account/transactions/ HTTP/1.1" 200 2612 "-" "expensesmanager/8 CFNetwork/1568.200.51 Darwin/24.2.0"
::ffff:10.0.0.7 - - [24/Mar/2025:04:21:12 +0000] "POST /bank-account/transactions/ HTTP/1.1" 200 15946 "-" "expensesmanager/8 CFNetwork/1568.200.51 Darwin/24.2.0"
::1 - - [24/Mar/2025:04:21:24 +0000] "POST /bank-account/publicTokenWebhook?uid=spl8wOi213gKu73RDUhPXviOC9V2 HTTP/1.1" 400 36 "-" "Go-http-client/2.0"
::1 - - [24/Mar/2025:04:21:29 +0000] "POST /bank-account/publicTokenWebhook?uid=spl8wOi213gKu73RDUhPXviOC9V2 HTTP/1.1" 400 36 "-" "Go-http-client/2.0"
::1 - - [24/Mar/2025:04:21:29 +0000] "POST /bank-account/publicTokenWebhook?uid=spl8wOi213gKu73RDUhPXviOC9V2 HTTP/1.1" 400 36 "-" "Go-http-client/2.0"
::1 - - [24/Mar/2025:04:21:29 +0000] "POST /bank-account/publicTokenWebhook?uid=spl8wOi213gKu73RDUhPXviOC9V2 HTTP/1.1" 400 36 "-" "Go-http-client/2.0"
::1 - - [24/Mar/2025:04:21:36 +0000] "POST /bank-account/publicTokenWebhook?uid=spl8wOi213gKu73RDUhPXviOC9V2 HTTP/1.1" 400 36 "-" "Go-http-client/2.0"
::ffff:10.0.0.7 - - [24/Mar/2025:04:21:41 +0000] "POST /bank-account/transactions/ HTTP/1.1" 200 4874 "-" "expensesmanager/8 CFNetwork/1568.200.51 Darwin/24.2.0"
::ffff:10.0.0.7 - - [24/Mar/2025:04:21:48 +0000] "POST /bank-account/balance/ HTTP/1.1" 200 367 "-" "expensesmanager/8 CFNetwork/1568.200.51 Darwin/24.2.0"
::1 - - [24/Mar/2025:04:22:02 +0000] "POST /bank-account/publicTokenWebhook?uid=spl8wOi213gKu73RDUhPXviOC9V2 HTTP/1.1" 400 36 "-" "Go-http-client/2.0"
::ffff:10.0.0.7 - - [24/Mar/2025:04:23:20 +0000] "POST /bank-account/transactions/ HTTP/1.1" 200 4874 "-" "expensesmanager/8 CFNetwork/1568.200.51 Darwin/24.2.0"
::ffff:10.0.0.7 - - [24/Mar/2025:04:23:31 +0000] "POST /bank-account/transactions/ HTTP/1.1" 200 4874 "-" "expensesmanager/8 CFNetwork/1568.200.51 Darwin/24.2.0"
::ffff:10.0.0.7 - - [24/Mar/2025:04:23:37 +0000] "POST /bank-account/transactions/ HTTP/1.1" 200 4874 "-" "expensesmanager/8 CFNetwork/1568.200.51 Darwin/24.2.0"
::ffff:10.0.0.7 - - [24/Mar/2025:04:23:44 +0000] "POST /bank-account/transactions/ HTTP/1.1" 200 4874 "-" "expensesmanager/8 CFNetwork/1568.200.51 Darwin/24.2.0"
::1 - - [24/Mar/2025:04:24:54 +0000] "POST /bank-account/publicTokenWebhook?uid=LW0Uhs2oTiVOWCQBct1s8wle7Jv1 HTTP/1.1" 400 36 "-" "Go-http-client/2.0"
::ffff:10.0.0.7 - - [24/Mar/2025:04:25:09 +0000] "POST /bank-account/balance/ HTTP/1.1" 200 355 "-" "expensesmanager/8 CFNetwork/1568.200.51 Darwin/24.2.0"
::ffff:10.0.0.7 - - [24/Mar/2025:04:25:13 +0000] "POST /bank-account/transactions/ HTTP/1.1" 200 15946 "-" "expensesmanager/8 CFNetwork/1568.200.51 Darwin/24.2.0"
::ffff:10.0.0.7 - - [24/Mar/2025:04:26:02 +0000] "POST /bank-account/transactions/ HTTP/1.1" 200 15946 "-" "expensesmanager/8 CFNetwork/1568.200.51 Darwin/24.2.0"
::ffff:10.0.0.7 - - [24/Mar/2025:04:26:12 +0000] "GET /bank-account/accounts/ HTTP/1.1" 304 - "-" "expensesmanager/8 CFNetwork/1568.200.51 Darwin/24.2.0"
::ffff:10.0.0.7 - - [24/Mar/2025:04:26:49 +0000] "POST /bank-account/transactions/ HTTP/1.1" 200 90 "-" "expensesmanager/8 CFNetwork/1568.200.51 Darwin/24.2.0"
::ffff:10.0.0.7 - - [24/Mar/2025:04:26:57 +0000] "POST /bank-account/transactions/ HTTP/1.1" 200 18318 "-" "expensesmanager/8 CFNetwork/1568.200.51 Darwin/24.2.0"
::ffff:10.0.0.7 - - [24/Mar/2025:04:27:10 +0000] "GET /bank-account/accounts/ HTTP/1.1" 304 - "-" "expensesmanager/8 CFNetwork/1568.200.51 Darwin/24.2.0"
::ffff:10.0.0.7 - - [24/Mar/2025:04:30:24 +0000] "POST /notification/destroy-notifications/ HTTP/1.1" 200 55 "-" "expensesmanager/8 CFNetwork/1568.200.51 Darwin/24.2.0"
::1 - - [24/Mar/2025:04:43:04 +0000] "POST /bank-account/publicTokenWebhook?uid=LW0Uhs2oTiVOWCQBct1s8wle7Jv1 HTTP/1.1" 400 36 "-" "Go-http-client/2.0"
::1 - - [24/Mar/2025:04:43:16 +0000] "POST /bank-account/publicTokenWebhook?uid=LW0Uhs2oTiVOWCQBct1s8wle7Jv1 HTTP/1.1" 400 36 "-" "Go-http-client/2.0"
::1 - - [24/Mar/2025:04:43:23 +0000] "POST /bank-account/publicTokenWebhook?uid=LW0Uhs2oTiVOWCQBct1s8wle7Jv1 HTTP/1.1" 400 36 "-" "Go-http-client/2.0"
::ffff:10.0.0.7 - - [24/Mar/2025:04:50:45 +0000] "POST /notification/enable-notifications/ HTTP/1.1" 200 48 "-" "expensesmanager/8 CFNetwork/1568.200.51 Darwin/24.2.0"
::ffff:10.0.0.7 - - [24/Mar/2025:04:50:47 +0000] "GET /bank-account/accounts/ HTTP/1.1" 304 - "-" "expensesmanager/8 CFNetwork/1568.200.51 Darwin/24.2.0"
::ffff:10.0.0.7 - - [24/Mar/2025:04:50:55 +0000] "POST /bank-account/transactions/ HTTP/1.1" 200 18318 "-" "expensesmanager/8 CFNetwork/1568.200.51 Darwin/24.2.0"
::ffff:10.0.0.7 - - [24/Mar/2025:04:51:23 +0000] "POST /bank-account/transactions/ HTTP/1.1" 200 18318 "-" "expensesmanager/8 CFNetwork/1568.200.51 Darwin/24.2.0"
::ffff:10.0.0.7 - - [24/Mar/2025:04:51:35 +0000] "POST /bank-account/balance/ HTTP/1.1" 200 367 "-" "expensesmanager/8 CFNetwork/1568.200.51 Darwin/24.2.0"
::ffff:10.0.0.7 - - [24/Mar/2025:04:51:43 +0000] "POST /bank-account/balance/ HTTP/1.1" 200 366 "-" "expensesmanager/8 CFNetwork/1568.200.51 Darwin/24.2.0"
::ffff:10.0.0.7 - - [24/Mar/2025:04:51:47 +0000] "POST /bank-account/transactions/ HTTP/1.1" 200 15946 "-" "expensesmanager/8 CFNetwork/1568.200.51 Darwin/24.2.0"
::ffff:10.0.0.7 - - [24/Mar/2025:04:51:54 +0000] "POST /bank-account/transactions/ HTTP/1.1" 200 18318 "-" "expensesmanager/8 CFNetwork/1568.200.51 Darwin/24.2.0"
::ffff:10.0.0.7 - - [24/Mar/2025:04:52:00 +0000] "GET /bank-account/link-token/ HTTP/1.1" 200 109 "-" "expensesmanager/8 CFNetwork/1568.200.51 Darwin/24.2.0"
::1 - - [24/Mar/2025:04:52:25 +0000] "POST /bank-account/publicTokenWebhook?uid=LW0Uhs2oTiVOWCQBct1s8wle7Jv1 HTTP/1.1" 400 36 "-" "Go-http-client/2.0"
::1 - - [24/Mar/2025:04:52:28 +0000] "POST /bank-account/publicTokenWebhook?uid=LW0Uhs2oTiVOWCQBct1s8wle7Jv1 HTTP/1.1" 200 384 "-" "Go-http-client/2.0"
::1 - - [24/Mar/2025:04:52:28 +0000] "POST /bank-account/publicTokenWebhook?uid=LW0Uhs2oTiVOWCQBct1s8wle7Jv1 HTTP/1.1" 400 36 "-" "Go-http-client/2.0"
::ffff:10.0.0.7 - - [24/Mar/2025:04:52:28 +0000] "GET /bank-account/accounts/ HTTP/1.1" 200 16701 "-" "expensesmanager/8 CFNetwork/1568.200.51 Darwin/24.2.0"
::ffff:10.0.0.7 - - [24/Mar/2025:04:52:28 +0000] "GET /bank-account/accounts/ HTTP/1.1" 200 16701 "-" "expensesmanager/8 CFNetwork/1568.200.51 Darwin/24.2.0"
::ffff:10.0.0.7 - - [24/Mar/2025:04:52:28 +0000] "GET /bank-account/accounts/ HTTP/1.1" 200 16701 "-" "expensesmanager/8 CFNetwork/1568.200.51 Darwin/24.2.0"
::ffff:10.0.0.7 - - [24/Mar/2025:04:52:28 +0000] "GET /bank-account/accounts/ HTTP/1.1" 200 16701 "-" "expensesmanager/8 CFNetwork/1568.200.51 Darwin/24.2.0"
::ffff:10.0.0.7 - - [24/Mar/2025:04:52:28 +0000] "GET /bank-account/accounts/ HTTP/1.1" 200 16701 "-" "expensesmanager/8 CFNetwork/1568.200.51 Darwin/24.2.0"
::ffff:10.0.0.7 - - [24/Mar/2025:04:52:28 +0000] "GET /bank-account/accounts/ HTTP/1.1" 200 16701 "-" "expensesmanager/8 CFNetwork/1568.200.51 Darwin/24.2.0"
::ffff:10.0.0.7 - - [24/Mar/2025:04:52:29 +0000] "GET /bank-account/accounts/ HTTP/1.1" 200 16701 "-" "expensesmanager/8 CFNetwork/1568.200.51 Darwin/24.2.0"
::ffff:10.0.0.7 - - [24/Mar/2025:04:52:29 +0000] "GET /bank-account/accounts/ HTTP/1.1" 200 16701 "-" "expensesmanager/8 CFNetwork/1568.200.51 Darwin/24.2.0"
::ffff:10.0.0.7 - - [24/Mar/2025:04:52:29 +0000] "GET /bank-account/accounts/ HTTP/1.1" 200 16701 "-" "expensesmanager/8 CFNetwork/1568.200.51 Darwin/24.2.0"
::ffff:10.0.0.7 - - [24/Mar/2025:04:52:29 +0000] "GET /bank-account/accounts/ HTTP/1.1" 200 16701 "-" "expensesmanager/8 CFNetwork/1568.200.51 Darwin/24.2.0"
::ffff:10.0.0.7 - - [24/Mar/2025:04:52:29 +0000] "GET /bank-account/accounts/ HTTP/1.1" 200 16701 "-" "expensesmanager/8 CFNetwork/1568.200.51 Darwin/24.2.0"
::ffff:10.0.0.7 - - [24/Mar/2025:04:52:29 +0000] "GET /bank-account/accounts/ HTTP/1.1" 200 16701 "-" "expensesmanager/8 CFNetwork/1568.200.51 Darwin/24.2.0"
::ffff:10.0.0.7 - - [24/Mar/2025:04:52:29 +0000] "GET /bank-account/accounts/ HTTP/1.1" 200 16701 "-" "expensesmanager/8 CFNetwork/1568.200.51 Darwin/24.2.0"
::ffff:10.0.0.7 - - [24/Mar/2025:04:52:29 +0000] "GET /bank-account/accounts/ HTTP/1.1" 200 16701 "-" "expensesmanager/8 CFNetwork/1568.200.51 Darwin/24.2.0"
::ffff:10.0.0.7 - - [24/Mar/2025:04:52:29 +0000] "GET /bank-account/accounts/ HTTP/1.1" 200 16701 "-" "expensesmanager/8 CFNetwork/1568.200.51 Darwin/24.2.0"
::ffff:10.0.0.7 - - [24/Mar/2025:04:52:29 +0000] "GET /bank-account/accounts/ HTTP/1.1" 200 16701 "-" "expensesmanager/8 CFNetwork/1568.200.51 Darwin/24.2.0"
::ffff:10.0.0.7 - - [24/Mar/2025:04:52:29 +0000] "GET /bank-account/accounts/ HTTP/1.1" 200 16701 "-" "expensesmanager/8 CFNetwork/1568.200.51 Darwin/24.2.0"
::ffff:10.0.0.7 - - [24/Mar/2025:04:52:29 +0000] "GET /bank-account/accounts/ HTTP/1.1" 200 16701 "-" "expensesmanager/8 CFNetwork/1568.200.51 Darwin/24.2.0"
::1 - - [24/Mar/2025:04:52:30 +0000] "POST /bank-account/publicTokenWebhook?uid=LW0Uhs2oTiVOWCQBct1s8wle7Jv1 HTTP/1.1" 400 36 "-" "Go-http-client/2.0"
::ffff:10.0.0.7 - - [24/Mar/2025:04:52:37 +0000] "POST /bank-account/unlink/ HTTP/1.1" 200 49 "-" "expensesmanager/8 CFNetwork/1568.200.51 Darwin/24.2.0"
::ffff:10.0.0.7 - - [24/Mar/2025:04:52:38 +0000] "GET /bank-account/accounts/ HTTP/1.1" 200 10876 "-" "expensesmanager/8 CFNetwork/1568.200.51 Darwin/24.2.0"
::ffff:10.0.0.7 - - [24/Mar/2025:04:52:38 +0000] "GET /bank-account/accounts/ HTTP/1.1" 200 10876 "-" "expensesmanager/8 CFNetwork/1568.200.51 Darwin/24.2.0"
::ffff:10.0.0.7 - - [24/Mar/2025:04:52:38 +0000] "GET /bank-account/accounts/ HTTP/1.1" 200 10876 "-" "expensesmanager/8 CFNetwork/1568.200.51 Darwin/24.2.0"
::ffff:10.0.0.7 - - [24/Mar/2025:04:52:38 +0000] "GET /bank-account/accounts/ HTTP/1.1" 200 10876 "-" "expensesmanager/8 CFNetwork/1568.200.51 Darwin/24.2.0"
::ffff:10.0.0.7 - - [24/Mar/2025:04:52:38 +0000] "GET /bank-account/accounts/ HTTP/1.1" 200 10876 "-" "expensesmanager/8 CFNetwork/1568.200.51 Darwin/24.2.0"
::ffff:10.0.0.7 - - [24/Mar/2025:04:52:38 +0000] "GET /bank-account/accounts/ HTTP/1.1" 200 10876 "-" "expensesmanager/8 CFNetwork/1568.200.51 Darwin/24.2.0"
::ffff:10.0.0.7 - - [24/Mar/2025:04:52:38 +0000] "GET /bank-account/accounts/ HTTP/1.1" 200 10876 "-" "expensesmanager/8 CFNetwork/1568.200.51 Darwin/24.2.0"
::ffff:10.0.0.7 - - [24/Mar/2025:04:52:38 +0000] "GET /bank-account/accounts/ HTTP/1.1" 200 10876 "-" "expensesmanager/8 CFNetwork/1568.200.51 Darwin/24.2.0"
::ffff:10.0.0.7 - - [24/Mar/2025:04:52:38 +0000] "GET /bank-account/accounts/ HTTP/1.1" 200 10876 "-" "expensesmanager/8 CFNetwork/1568.200.51 Darwin/24.2.0"
::ffff:10.0.0.7 - - [24/Mar/2025:04:52:39 +0000] "GET /bank-account/accounts/ HTTP/1.1" 200 10876 "-" "expensesmanager/8 CFNetwork/1568.200.51 Darwin/24.2.0"
::ffff:10.0.0.7 - - [24/Mar/2025:04:52:39 +0000] "GET /bank-account/accounts/ HTTP/1.1" 200 10876 "-" "expensesmanager/8 CFNetwork/1568.200.51 Darwin/24.2.0"
::ffff:10.0.0.7 - - [24/Mar/2025:04:52:39 +0000] "GET /bank-account/accounts/ HTTP/1.1" 200 10876 "-" "expensesmanager/8 CFNetwork/1568.200.51 Darwin/24.2.0"
::ffff:10.0.0.7 - - [24/Mar/2025:04:52:39 +0000] "GET /bank-account/accounts/ HTTP/1.1" 200 10876 "-" "expensesmanager/8 CFNetwork/1568.200.51 Darwin/24.2.0"
::ffff:10.0.0.7 - - [24/Mar/2025:04:52:39 +0000] "GET /bank-account/accounts/ HTTP/1.1" 200 10876 "-" "expensesmanager/8 CFNetwork/1568.200.51 Darwin/24.2.0"
::ffff:10.0.0.7 - - [24/Mar/2025:04:52:39 +0000] "GET /bank-account/accounts/ HTTP/1.1" 200 10876 "-" "expensesmanager/8 CFNetwork/1568.200.51 Darwin/24.2.0"
::ffff:10.0.0.7 - - [24/Mar/2025:04:52:39 +0000] "GET /bank-account/accounts/ HTTP/1.1" 200 10876 "-" "expensesmanager/8 CFNetwork/1568.200.51 Darwin/24.2.0"
::ffff:10.0.0.7 - - [24/Mar/2025:04:52:39 +0000] "GET /bank-account/accounts/ HTTP/1.1" 200 10876 "-" "expensesmanager/8 CFNetwork/1568.200.51 Darwin/24.2.0"
::ffff:10.0.0.7 - - [24/Mar/2025:04:52:39 +0000] "GET /bank-account/accounts/ HTTP/1.1" 200 10876 "-" "expensesmanager/8 CFNetwork/1568.200.51 Darwin/24.2.0"
::ffff:10.0.0.7 - - [24/Mar/2025:04:52:43 +0000] "POST /bank-account/balance/ HTTP/1.1" 200 366 "-" "expensesmanager/8 CFNetwork/1568.200.51 Darwin/24.2.0"
::ffff:10.0.0.7 - - [24/Mar/2025:04:52:48 +0000] "POST /bank-account/transactions/ HTTP/1.1" 200 2546 "-" "expensesmanager/8 CFNetwork/1568.200.51 Darwin/24.2.0"
::ffff:10.0.0.7 - - [24/Mar/2025:04:52:53 +0000] "POST /bank-account/balance/ HTTP/1.1" 200 367 "-" "expensesmanager/8 CFNetwork/1568.200.51 Darwin/24.2.0"
::1 - - [24/Mar/2025:04:52:55 +0000] "POST /bank-account/publicTokenWebhook?uid=LW0Uhs2oTiVOWCQBct1s8wle7Jv1 HTTP/1.1" 400 36 "-" "Go-http-client/2.0"
::1 - - [24/Mar/2025:04:52:58 +0000] "POST /bank-account/publicTokenWebhook?uid=LW0Uhs2oTiVOWCQBct1s8wle7Jv1 HTTP/1.1" 400 36 "-" "Go-http-client/2.0"
::ffff:10.0.0.7 - - [24/Mar/2025:04:52:59 +0000] "POST /bank-account/transactions/ HTTP/1.1" 200 15946 "-" "expensesmanager/8 CFNetwork/1568.200.51 Darwin/24.2.0"
::1 - - [24/Mar/2025:04:53:00 +0000] "POST /bank-account/publicTokenWebhook?uid=LW0Uhs2oTiVOWCQBct1s8wle7Jv1 HTTP/1.1" 400 36 "-" "Go-http-client/2.0"
::ffff:10.0.0.7 - - [24/Mar/2025:04:53:21 +0000] "POST /bank-account/transactions/ HTTP/1.1" 200 18318 "-" "expensesmanager/8 CFNetwork/1568.200.51 Darwin/24.2.0"
::ffff:10.0.0.7 - - [24/Mar/2025:04:53:38 +0000] "GET /bank-account/accounts/ HTTP/1.1" 304 - "-" "expensesmanager/8 CFNetwork/1568.200.51 Darwin/24.2.0"
::ffff:10.0.0.7 - - [24/Mar/2025:04:54:00 +0000] "GET /bank-account/accounts/ HTTP/1.1" 304 - "-" "expensesmanager/8 CFNetwork/1568.200.51 Darwin/24.2.0"
::ffff:10.0.0.7 - - [24/Mar/2025:04:54:04 +0000] "POST /bank-account/transactions/ HTTP/1.1" 200 18318 "-" "expensesmanager/8 CFNetwork/1568.200.51 Darwin/24.2.0"
::ffff:10.0.0.7 - - [24/Mar/2025:04:54:16 +0000] "GET /bank-account/accounts/ HTTP/1.1" 304 - "-" "expensesmanager/8 CFNetwork/1568.200.51 Darwin/24.2.0"
::ffff:10.0.0.7 - - [24/Mar/2025:04:54:29 +0000] "GET /bank-account/accounts/ HTTP/1.1" 304 - "-" "expensesmanager/8 CFNetwork/1568.200.51 Darwin/24.2.0"
::1 - - [24/Mar/2025:04:54:55 +0000] "POST /bank-account/publicTokenWebhook?uid=LW0Uhs2oTiVOWCQBct1s8wle7Jv1 HTTP/1.1" 400 36 "-" "Go-http-client/2.0"
::1 - - [24/Mar/2025:04:54:59 +0000] "POST /bank-account/publicTokenWebhook?uid=LW0Uhs2oTiVOWCQBct1s8wle7Jv1 HTTP/1.1" 400 36 "-" "Go-http-client/2.0"
::1 - - [24/Mar/2025:04:55:00 +0000] "POST /bank-account/publicTokenWebhook?uid=LW0Uhs2oTiVOWCQBct1s8wle7Jv1 HTTP/1.1" 400 36 "-" "Go-http-client/2.0"
::1 - - [24/Mar/2025:05:02:55 +0000] "POST /bank-account/publicTokenWebhook?uid=LW0Uhs2oTiVOWCQBct1s8wle7Jv1 HTTP/1.1" 400 36 "-" "Go-http-client/2.0"
::1 - - [24/Mar/2025:05:02:59 +0000] "POST /bank-account/publicTokenWebhook?uid=LW0Uhs2oTiVOWCQBct1s8wle7Jv1 HTTP/1.1" 400 36 "-" "Go-http-client/2.0"
::1 - - [24/Mar/2025:05:03:00 +0000] "POST /bank-account/publicTokenWebhook?uid=LW0Uhs2oTiVOWCQBct1s8wle7Jv1 HTTP/1.1" 400 36 "-" "Go-http-client/2.0"
::1 - - [24/Mar/2025:05:27:33 +0000] "POST /bank-account/publicTokenWebhook?uid=LW0Uhs2oTiVOWCQBct1s8wle7Jv1 HTTP/1.1" 400 36 "-" "Go-http-client/2.0"
::1 - - [24/Mar/2025:05:28:16 +0000] "POST /bank-account/publicTokenWebhook?uid=LW0Uhs2oTiVOWCQBct1s8wle7Jv1 HTTP/1.1" 400 36 "-" "Go-http-client/2.0"
::1 - - [24/Mar/2025:05:29:55 +0000] "POST /bank-account/publicTokenWebhook?uid=LW0Uhs2oTiVOWCQBct1s8wle7Jv1 HTTP/1.1" 400 36 "-" "Go-http-client/2.0"
::1 - - [24/Mar/2025:05:30:00 +0000] "POST /bank-account/publicTokenWebhook?uid=LW0Uhs2oTiVOWCQBct1s8wle7Jv1 HTTP/1.1" 400 36 "-" "Go-http-client/2.0"
::1 - - [24/Mar/2025:05:30:01 +0000] "POST /bank-account/publicTokenWebhook?uid=LW0Uhs2oTiVOWCQBct1s8wle7Jv1 HTTP/1.1" 400 36 "-" "Go-http-client/2.0"
::1 - - [24/Mar/2025:05:30:01 +0000] "POST /bank-account/publicTokenWebhook?uid=LW0Uhs2oTiVOWCQBct1s8wle7Jv1 HTTP/1.1" 400 36 "-" "Go-http-client/2.0"
::1 - - [24/Mar/2025:05:30:01 +0000] "POST /bank-account/publicTokenWebhook?uid=LW0Uhs2oTiVOWCQBct1s8wle7Jv1 HTTP/1.1" 400 36 "-" "Go-http-client/2.0"
::1 - - [24/Mar/2025:05:30:07 +0000] "POST /bank-account/publicTokenWebhook?uid=LW0Uhs2oTiVOWCQBct1s8wle7Jv1 HTTP/1.1" 400 36 "-" "Go-http-client/2.0"
::1 - - [24/Mar/2025:05:30:08 +0000] "POST /bank-account/publicTokenWebhook?uid=LW0Uhs2oTiVOWCQBct1s8wle7Jv1 HTTP/1.1" 400 36 "-" "Go-http-client/2.0"
::1 - - [24/Mar/2025:05:30:39 +0000] "POST /bank-account/publicTokenWebhook?uid=LW0Uhs2oTiVOWCQBct1s8wle7Jv1 HTTP/1.1" 400 36 "-" "Go-http-client/2.0"
::1 - - [24/Mar/2025:05:30:44 +0000] "POST /bank-account/publicTokenWebhook?uid=LW0Uhs2oTiVOWCQBct1s8wle7Jv1 HTTP/1.1" 400 36 "-" "Go-http-client/2.0"
::1 - - [24/Mar/2025:05:30:44 +0000] "POST /bank-account/publicTokenWebhook?uid=LW0Uhs2oTiVOWCQBct1s8wle7Jv1 HTTP/1.1" 400 36 "-" "Go-http-client/2.0"
::1 - - [24/Mar/2025:05:34:55 +0000] "POST /bank-account/publicTokenWebhook?uid=LW0Uhs2oTiVOWCQBct1s8wle7Jv1 HTTP/1.1" 400 36 "-" "Go-http-client/2.0"
::1 - - [24/Mar/2025:05:34:58 +0000] "POST /bank-account/publicTokenWebhook?uid=LW0Uhs2oTiVOWCQBct1s8wle7Jv1 HTTP/1.1" 400 36 "-" "Go-http-client/2.0"
::1 - - [24/Mar/2025:05:35:00 +0000] "POST /bank-account/publicTokenWebhook?uid=LW0Uhs2oTiVOWCQBct1s8wle7Jv1 HTTP/1.1" 400 36 "-" "Go-http-client/2.0"
::1 - - [24/Mar/2025:06:18:46 +0000] "POST /bank-account/publicTokenWebhook?uid=spl8wOi213gKu73RDUhPXviOC9V2 HTTP/1.1" 400 36 "-" "Go-http-client/2.0"
::1 - - [24/Mar/2025:06:21:49 +0000] "POST /bank-account/publicTokenWebhook?uid=spl8wOi213gKu73RDUhPXviOC9V2 HTTP/1.1" 400 36 "-" "Go-http-client/2.0"
::1 - - [24/Mar/2025:06:23:00 +0000] "POST /bank-account/publicTokenWebhook?uid=spl8wOi213gKu73RDUhPXviOC9V2 HTTP/1.1" 400 36 "-" "Go-http-client/2.0"
::1 - - [24/Mar/2025:06:23:03 +0000] "POST /bank-account/publicTokenWebhook?uid=spl8wOi213gKu73RDUhPXviOC9V2 HTTP/1.1" 400 36 "-" "Go-http-client/2.0"
::1 - - [24/Mar/2025:06:23:05 +0000] "POST /bank-account/publicTokenWebhook?uid=spl8wOi213gKu73RDUhPXviOC9V2 HTTP/1.1" 400 36 "-" "Go-http-client/2.0"
::1 - - [24/Mar/2025:06:26:11 +0000] "POST /bank-account/publicTokenWebhook?uid=spl8wOi213gKu73RDUhPXviOC9V2 HTTP/1.1" 400 36 "-" "Go-http-client/2.0"
::1 - - [24/Mar/2025:06:26:16 +0000] "POST /bank-account/publicTokenWebhook?uid=spl8wOi213gKu73RDUhPXviOC9V2 HTTP/1.1" 400 36 "-" "Go-http-client/2.0"
::1 - - [24/Mar/2025:06:26:16 +0000] "POST /bank-account/publicTokenWebhook?uid=spl8wOi213gKu73RDUhPXviOC9V2 HTTP/1.1" 400 36 "-" "Go-http-client/2.0"
::1 - - [24/Mar/2025:06:29:02 +0000] "POST /bank-account/publicTokenWebhook?uid=spl8wOi213gKu73RDUhPXviOC9V2 HTTP/1.1" 400 36 "-" "Go-http-client/2.0"
::1 - - [24/Mar/2025:06:29:24 +0000] "POST /bank-account/publicTokenWebhook?uid=spl8wOi213gKu73RDUhPXviOC9V2 HTTP/1.1" 400 36 "-" "Go-http-client/2.0"
::1 - - [24/Mar/2025:06:29:29 +0000] "POST /bank-account/publicTokenWebhook?uid=spl8wOi213gKu73RDUhPXviOC9V2 HTTP/1.1" 400 36 "-" "Go-http-client/2.0"
::1 - - [24/Mar/2025:06:29:29 +0000] "POST /bank-account/publicTokenWebhook?uid=spl8wOi213gKu73RDUhPXviOC9V2 HTTP/1.1" 400 36 "-" "Go-http-client/2.0"
::1 - - [24/Mar/2025:06:29:29 +0000] "POST /bank-account/publicTokenWebhook?uid=spl8wOi213gKu73RDUhPXviOC9V2 HTTP/1.1" 400 36 "-" "Go-http-client/2.0"
::1 - - [24/Mar/2025:06:29:36 +0000] "POST /bank-account/publicTokenWebhook?uid=spl8wOi213gKu73RDUhPXviOC9V2 HTTP/1.1" 400 36 "-" "Go-http-client/2.0"
::1 - - [24/Mar/2025:06:30:02 +0000] "POST /bank-account/publicTokenWebhook?uid=spl8wOi213gKu73RDUhPXviOC9V2 HTTP/1.1" 400 36 "-" "Go-http-client/2.0"
::1 - - [24/Mar/2025:06:32:54 +0000] "POST /bank-account/publicTokenWebhook?uid=LW0Uhs2oTiVOWCQBct1s8wle7Jv1 HTTP/1.1" 400 36 "-" "Go-http-client/2.0"
::1 - - [24/Mar/2025:06:51:04 +0000] "POST /bank-account/publicTokenWebhook?uid=LW0Uhs2oTiVOWCQBct1s8wle7Jv1 HTTP/1.1" 400 36 "-" "Go-http-client/2.0"
::1 - - [24/Mar/2025:06:51:16 +0000] "POST /bank-account/publicTokenWebhook?uid=LW0Uhs2oTiVOWCQBct1s8wle7Jv1 HTTP/1.1" 400 36 "-" "Go-http-client/2.0"
::1 - - [24/Mar/2025:06:51:23 +0000] "POST /bank-account/publicTokenWebhook?uid=LW0Uhs2oTiVOWCQBct1s8wle7Jv1 HTTP/1.1" 400 36 "-" "Go-http-client/2.0"
::1 - - [24/Mar/2025:06:57:30 +0000] "POST /bank-account/publicTokenWebhook?uid=spl8wOi213gKu73RDUhPXviOC9V2 HTTP/1.1" 400 36 "-" "Go-http-client/2.0"
::1 - - [24/Mar/2025:06:57:46 +0000] "POST /bank-account/publicTokenWebhook?uid=spl8wOi213gKu73RDUhPXviOC9V2 HTTP/1.1" 400 36 "-" "Go-http-client/2.0"
::1 - - [24/Mar/2025:06:58:05 +0000] "POST /bank-account/publicTokenWebhook?uid=spl8wOi213gKu73RDUhPXviOC9V2 HTTP/1.1" 400 36 "-" "Go-http-client/2.0"
::1 - - [24/Mar/2025:06:58:26 +0000] "POST /bank-account/publicTokenWebhook?uid=spl8wOi213gKu73RDUhPXviOC9V2 HTTP/1.1" 400 36 "-" "Go-http-client/2.0"
::1 - - [24/Mar/2025:06:58:32 +0000] "POST /bank-account/publicTokenWebhook?uid=spl8wOi213gKu73RDUhPXviOC9V2 HTTP/1.1" 400 36 "-" "Go-http-client/2.0"
::1 - - [24/Mar/2025:06:58:33 +0000] "POST /bank-account/publicTokenWebhook?uid=spl8wOi213gKu73RDUhPXviOC9V2 HTTP/1.1" 400 36 "-" "Go-http-client/2.0"
::1 - - [24/Mar/2025:06:58:33 +0000] "POST /bank-account/publicTokenWebhook?uid=spl8wOi213gKu73RDUhPXviOC9V2 HTTP/1.1" 400 36 "-" "Go-http-client/2.0"
::1 - - [24/Mar/2025:06:58:33 +0000] "POST /bank-account/publicTokenWebhook?uid=spl8wOi213gKu73RDUhPXviOC9V2 HTTP/1.1" 400 36 "-" "Go-http-client/2.0"
::1 - - [24/Mar/2025:06:58:39 +0000] "POST /bank-account/publicTokenWebhook?uid=spl8wOi213gKu73RDUhPXviOC9V2 HTTP/1.1" 400 36 "-" "Go-http-client/2.0"
::1 - - [24/Mar/2025:06:58:40 +0000] "POST /bank-account/publicTokenWebhook?uid=spl8wOi213gKu73RDUhPXviOC9V2 HTTP/1.1" 400 36 "-" "Go-http-client/2.0"
::1 - - [24/Mar/2025:06:58:40 +0000] "POST /bank-account/publicTokenWebhook?uid=spl8wOi213gKu73RDUhPXviOC9V2 HTTP/1.1" 400 36 "-" "Go-http-client/2.0"
::1 - - [24/Mar/2025:06:58:40 +0000] "POST /bank-account/publicTokenWebhook?uid=spl8wOi213gKu73RDUhPXviOC9V2 HTTP/1.1" 400 36 "-" "Go-http-client/2.0"
::1 - - [24/Mar/2025:07:42:55 +0000] "POST /bank-account/publicTokenWebhook?uid=LW0Uhs2oTiVOWCQBct1s8wle7Jv1 HTTP/1.1" 400 36 "-" "Go-http-client/2.0"
::1 - - [24/Mar/2025:07:42:58 +0000] "POST /bank-account/publicTokenWebhook?uid=LW0Uhs2oTiVOWCQBct1s8wle7Jv1 HTTP/1.1" 400 36 "-" "Go-http-client/2.0"
::1 - - [24/Mar/2025:07:43:00 +0000] "POST /bank-account/publicTokenWebhook?uid=LW0Uhs2oTiVOWCQBct1s8wle7Jv1 HTTP/1.1" 400 36 "-" "Go-http-client/2.0"
::ffff:10.0.0.7 - - [24/Mar/2025:22:39:29 +0000] "GET /bank-account/accounts/ HTTP/1.1" 304 - "-" "expensesmanager/8 CFNetwork/1568.200.51 Darwin/24.2.0"
::ffff:10.0.0.7 - - [24/Mar/2025:22:39:34 +0000] "POST /bank-account/balance/ HTTP/1.1" 200 367 "-" "expensesmanager/8 CFNetwork/1568.200.51 Darwin/24.2.0"
::ffff:10.0.0.7 - - [24/Mar/2025:22:39:49 +0000] "POST /bank-account/balance/ HTTP/1.1" 200 374 "-" "expensesmanager/8 CFNetwork/1568.200.51 Darwin/24.2.0"
::ffff:10.0.0.7 - - [24/Mar/2025:22:39:56 +0000] "POST /bank-account/transactions/ HTTP/1.1" 200 18318 "-" "expensesmanager/8 CFNetwork/1568.200.51 Darwin/24.2.0"
::ffff:10.0.0.7 - - [24/Mar/2025:22:40:16 +0000] "POST /bank-account/transactions/ HTTP/1.1" 200 18318 "-" "expensesmanager/8 CFNetwork/1568.200.51 Darwin/24.2.0"
::1 - - [24/Mar/2025:22:40:52 +0000] "OPTIONS /admin/auth HTTP/1.1" 204 0 "http://localhost:4200/" "Mozilla/5.0 (Macintosh; Intel Mac OS X 10_15_7) AppleWebKit/537.36 (KHTML, like Gecko) Chrome/134.0.0.0 Safari/537.36"
::1 - - [24/Mar/2025:22:40:52 +0000] "GET /admin/auth HTTP/1.1" 401 45 "http://localhost:4200/" "Mozilla/5.0 (Macintosh; Intel Mac OS X 10_15_7) AppleWebKit/537.36 (KHTML, like Gecko) Chrome/134.0.0.0 Safari/537.36"
::1 - - [24/Mar/2025:22:40:58 +0000] "GET /admin/auth/refresh HTTP/1.1" - - "http://localhost:4200/" "Mozilla/5.0 (Macintosh; Intel Mac OS X 10_15_7) AppleWebKit/537.36 (KHTML, like Gecko) Chrome/134.0.0.0 Safari/537.36"
::1 - - [24/Mar/2025:22:41:03 +0000] "OPTIONS /admin/auth/signin HTTP/1.1" 204 0 "http://localhost:4200/" "Mozilla/5.0 (Macintosh; Intel Mac OS X 10_15_7) AppleWebKit/537.36 (KHTML, like Gecko) Chrome/134.0.0.0 Safari/537.36"
::1 - - [24/Mar/2025:22:41:03 +0000] "POST /admin/auth/signin HTTP/1.1" 200 153 "http://localhost:4200/" "Mozilla/5.0 (Macintosh; Intel Mac OS X 10_15_7) AppleWebKit/537.36 (KHTML, like Gecko) Chrome/134.0.0.0 Safari/537.36"
::1 - - [24/Mar/2025:22:41:03 +0000] "OPTIONS /admin/notification/active-devices HTTP/1.1" 204 0 "http://localhost:4200/" "Mozilla/5.0 (Macintosh; Intel Mac OS X 10_15_7) AppleWebKit/537.36 (KHTML, like Gecko) Chrome/134.0.0.0 Safari/537.36"
::1 - - [24/Mar/2025:22:41:06 +0000] "GET /admin/notification/active-devices HTTP/1.1" 200 108219 "http://localhost:4200/" "Mozilla/5.0 (Macintosh; Intel Mac OS X 10_15_7) AppleWebKit/537.36 (KHTML, like Gecko) Chrome/134.0.0.0 Safari/537.36"
::1 - - [24/Mar/2025:22:41:32 +0000] "OPTIONS /admin/auth HTTP/1.1" 204 0 "http://localhost:4200/" "Mozilla/5.0 (Macintosh; Intel Mac OS X 10_15_7) AppleWebKit/537.36 (KHTML, like Gecko) Chrome/134.0.0.0 Safari/537.36"
::1 - - [24/Mar/2025:22:41:32 +0000] "GET /admin/auth HTTP/1.1" 200 409 "http://localhost:4200/" "Mozilla/5.0 (Macintosh; Intel Mac OS X 10_15_7) AppleWebKit/537.36 (KHTML, like Gecko) Chrome/134.0.0.0 Safari/537.36"
::1 - - [24/Mar/2025:22:41:32 +0000] "OPTIONS /admin/user/new-version HTTP/1.1" 204 0 "http://localhost:4200/" "Mozilla/5.0 (Macintosh; Intel Mac OS X 10_15_7) AppleWebKit/537.36 (KHTML, like Gecko) Chrome/134.0.0.0 Safari/537.36"
::1 - - [24/Mar/2025:22:41:32 +0000] "GET /admin/user/new-version HTTP/1.1" 200 46157 "http://localhost:4200/" "Mozilla/5.0 (Macintosh; Intel Mac OS X 10_15_7) AppleWebKit/537.36 (KHTML, like Gecko) Chrome/134.0.0.0 Safari/537.36"
::1 - - [24/Mar/2025:22:41:42 +0000] "OPTIONS /admin/notification/active-devices HTTP/1.1" 204 0 "http://localhost:4200/" "Mozilla/5.0 (Macintosh; Intel Mac OS X 10_15_7) AppleWebKit/537.36 (KHTML, like Gecko) Chrome/134.0.0.0 Safari/537.36"
::1 - - [24/Mar/2025:22:41:45 +0000] "GET /admin/notification/active-devices HTTP/1.1" 304 - "http://localhost:4200/" "Mozilla/5.0 (Macintosh; Intel Mac OS X 10_15_7) AppleWebKit/537.36 (KHTML, like Gecko) Chrome/134.0.0.0 Safari/537.36"
::1 - - [24/Mar/2025:22:41:54 +0000] "OPTIONS /admin/user/new-version HTTP/1.1" 204 0 "http://localhost:4200/" "Mozilla/5.0 (Macintosh; Intel Mac OS X 10_15_7) AppleWebKit/537.36 (KHTML, like Gecko) Chrome/134.0.0.0 Safari/537.36"
::1 - - [24/Mar/2025:22:41:54 +0000] "GET /admin/user/new-version HTTP/1.1" 304 - "http://localhost:4200/" "Mozilla/5.0 (Macintosh; Intel Mac OS X 10_15_7) AppleWebKit/537.36 (KHTML, like Gecko) Chrome/134.0.0.0 Safari/537.36"
::1 - - [24/Mar/2025:22:47:24 +0000] "OPTIONS /admin/auth HTTP/1.1" 204 0 "http://localhost:4200/" "Mozilla/5.0 (Macintosh; Intel Mac OS X 10_15_7) AppleWebKit/537.36 (KHTML, like Gecko) Chrome/134.0.0.0 Safari/537.36"
::1 - - [24/Mar/2025:22:47:25 +0000] "GET /admin/auth HTTP/1.1" 304 - "http://localhost:4200/" "Mozilla/5.0 (Macintosh; Intel Mac OS X 10_15_7) AppleWebKit/537.36 (KHTML, like Gecko) Chrome/134.0.0.0 Safari/537.36"
::1 - - [24/Mar/2025:22:47:25 +0000] "OPTIONS /admin/user/new-version HTTP/1.1" 204 0 "http://localhost:4200/" "Mozilla/5.0 (Macintosh; Intel Mac OS X 10_15_7) AppleWebKit/537.36 (KHTML, like Gecko) Chrome/134.0.0.0 Safari/537.36"
::1 - - [24/Mar/2025:22:47:25 +0000] "GET /admin/user/new-version HTTP/1.1" 304 - "http://localhost:4200/" "Mozilla/5.0 (Macintosh; Intel Mac OS X 10_15_7) AppleWebKit/537.36 (KHTML, like Gecko) Chrome/134.0.0.0 Safari/537.36"
::1 - - [24/Mar/2025:22:50:08 +0000] "OPTIONS /admin/notification/active-devices HTTP/1.1" 204 0 "http://localhost:4200/" "Mozilla/5.0 (Macintosh; Intel Mac OS X 10_15_7) AppleWebKit/537.36 (KHTML, like Gecko) Chrome/134.0.0.0 Safari/537.36"
::1 - - [24/Mar/2025:22:50:11 +0000] "GET /admin/notification/active-devices HTTP/1.1" 304 - "http://localhost:4200/" "Mozilla/5.0 (Macintosh; Intel Mac OS X 10_15_7) AppleWebKit/537.36 (KHTML, like Gecko) Chrome/134.0.0.0 Safari/537.36"
::1 - - [24/Mar/2025:23:12:22 +0000] "OPTIONS /admin/auth HTTP/1.1" 204 0 "http://localhost:4200/" "Mozilla/5.0 (Macintosh; Intel Mac OS X 10_15_7) AppleWebKit/537.36 (KHTML, like Gecko) Chrome/134.0.0.0 Safari/537.36"
::1 - - [24/Mar/2025:23:12:22 +0000] "GET /admin/auth HTTP/1.1" 304 - "http://localhost:4200/" "Mozilla/5.0 (Macintosh; Intel Mac OS X 10_15_7) AppleWebKit/537.36 (KHTML, like Gecko) Chrome/134.0.0.0 Safari/537.36"
::1 - - [24/Mar/2025:23:12:22 +0000] "OPTIONS /admin/notification/active-devices HTTP/1.1" 204 0 "http://localhost:4200/" "Mozilla/5.0 (Macintosh; Intel Mac OS X 10_15_7) AppleWebKit/537.36 (KHTML, like Gecko) Chrome/134.0.0.0 Safari/537.36"
::1 - - [24/Mar/2025:23:12:26 +0000] "GET /admin/notification/active-devices HTTP/1.1" 304 - "http://localhost:4200/" "Mozilla/5.0 (Macintosh; Intel Mac OS X 10_15_7) AppleWebKit/537.36 (KHTML, like Gecko) Chrome/134.0.0.0 Safari/537.36"
::1 - - [24/Mar/2025:23:13:11 +0000] "OPTIONS /admin/user/new-version HTTP/1.1" 204 0 "http://localhost:4200/" "Mozilla/5.0 (Macintosh; Intel Mac OS X 10_15_7) AppleWebKit/537.36 (KHTML, like Gecko) Chrome/134.0.0.0 Safari/537.36"
::1 - - [24/Mar/2025:23:13:11 +0000] "GET /admin/user/new-version HTTP/1.1" 304 - "http://localhost:4200/" "Mozilla/5.0 (Macintosh; Intel Mac OS X 10_15_7) AppleWebKit/537.36 (KHTML, like Gecko) Chrome/134.0.0.0 Safari/537.36"
::1 - - [24/Mar/2025:23:13:13 +0000] "OPTIONS /admin/notification/active-devices HTTP/1.1" 204 0 "http://localhost:4200/" "Mozilla/5.0 (Macintosh; Intel Mac OS X 10_15_7) AppleWebKit/537.36 (KHTML, like Gecko) Chrome/134.0.0.0 Safari/537.36"
::1 - - [24/Mar/2025:23:13:15 +0000] "GET /admin/notification/active-devices HTTP/1.1" 304 - "http://localhost:4200/" "Mozilla/5.0 (Macintosh; Intel Mac OS X 10_15_7) AppleWebKit/537.36 (KHTML, like Gecko) Chrome/134.0.0.0 Safari/537.36"
::1 - - [25/Mar/2025:01:14:29 +0000] "OPTIONS /admin/auth/signout HTTP/1.1" 204 0 "http://localhost:4200/" "Mozilla/5.0 (Macintosh; Intel Mac OS X 10_15_7) AppleWebKit/537.36 (KHTML, like Gecko) Chrome/134.0.0.0 Safari/537.36"
::1 - - [25/Mar/2025:01:14:29 +0000] "GET /admin/auth/signout HTTP/1.1" 304 - "http://localhost:4200/" "Mozilla/5.0 (Macintosh; Intel Mac OS X 10_15_7) AppleWebKit/537.36 (KHTML, like Gecko) Chrome/134.0.0.0 Safari/537.36"
::ffff:10.0.0.7 - - [25/Mar/2025:01:26:44 +0000] "POST /bank-account/transactions/ HTTP/1.1" 200 18318 "-" "expensesmanager/8 CFNetwork/1568.200.51 Darwin/24.2.0"
::1 - - [25/Mar/2025:02:03:18 +0000] "OPTIONS /admin/auth/signin HTTP/1.1" 204 0 "http://localhost:4200/" "Mozilla/5.0 (Macintosh; Intel Mac OS X 10_15_7) AppleWebKit/537.36 (KHTML, like Gecko) Chrome/134.0.0.0 Safari/537.36"
::1 - - [25/Mar/2025:02:03:18 +0000] "POST /admin/auth/signin HTTP/1.1" 404 157 "http://localhost:4200/" "Mozilla/5.0 (Macintosh; Intel Mac OS X 10_15_7) AppleWebKit/537.36 (KHTML, like Gecko) Chrome/134.0.0.0 Safari/537.36"
::1 - - [25/Mar/2025:02:03:56 +0000] "OPTIONS /admin/auth/signin HTTP/1.1" 204 0 "http://localhost:4200/" "Mozilla/5.0 (Macintosh; Intel Mac OS X 10_15_7) AppleWebKit/537.36 (KHTML, like Gecko) Chrome/134.0.0.0 Safari/537.36"
::1 - - [25/Mar/2025:02:03:56 +0000] "POST /admin/auth/signin HTTP/1.1" 404 157 "http://localhost:4200/" "Mozilla/5.0 (Macintosh; Intel Mac OS X 10_15_7) AppleWebKit/537.36 (KHTML, like Gecko) Chrome/134.0.0.0 Safari/537.36"
::1 - - [25/Mar/2025:02:15:43 +0000] "OPTIONS /admin/user/new-version HTTP/1.1" 204 0 "http://localhost:4200/" "Mozilla/5.0 (Macintosh; Intel Mac OS X 10_15_7) AppleWebKit/537.36 (KHTML, like Gecko) Chrome/134.0.0.0 Safari/537.36"
::1 - - [25/Mar/2025:02:15:43 +0000] "GET /admin/user/new-version HTTP/1.1" 403 41 "http://localhost:4200/" "Mozilla/5.0 (Macintosh; Intel Mac OS X 10_15_7) AppleWebKit/537.36 (KHTML, like Gecko) Chrome/134.0.0.0 Safari/537.36"
::1 - - [25/Mar/2025:02:15:48 +0000] "OPTIONS /admin/auth HTTP/1.1" 204 0 "http://localhost:4200/" "Mozilla/5.0 (Macintosh; Intel Mac OS X 10_15_7) AppleWebKit/537.36 (KHTML, like Gecko) Chrome/134.0.0.0 Safari/537.36"
::1 - - [25/Mar/2025:02:15:48 +0000] "GET /admin/auth HTTP/1.1" 403 41 "http://localhost:4200/" "Mozilla/5.0 (Macintosh; Intel Mac OS X 10_15_7) AppleWebKit/537.36 (KHTML, like Gecko) Chrome/134.0.0.0 Safari/537.36"
::1 - - [25/Mar/2025:02:15:50 +0000] "GET /admin/auth HTTP/1.1" 403 41 "http://localhost:4200/" "Mozilla/5.0 (Macintosh; Intel Mac OS X 10_15_7) AppleWebKit/537.36 (KHTML, like Gecko) Chrome/134.0.0.0 Safari/537.36"
::1 - - [25/Mar/2025:02:18:46 +0000] "OPTIONS /admin/notification/active-devices HTTP/1.1" 204 0 "http://localhost:4200/" "Mozilla/5.0 (Macintosh; Intel Mac OS X 10_15_7) AppleWebKit/537.36 (KHTML, like Gecko) Chrome/134.0.0.0 Safari/537.36"
::1 - - [25/Mar/2025:02:18:46 +0000] "GET /admin/notification/active-devices HTTP/1.1" 403 41 "http://localhost:4200/" "Mozilla/5.0 (Macintosh; Intel Mac OS X 10_15_7) AppleWebKit/537.36 (KHTML, like Gecko) Chrome/134.0.0.0 Safari/537.36"
::1 - - [25/Mar/2025:02:18:49 +0000] "GET /admin/notification/active-devices HTTP/1.1" 403 41 "http://localhost:4200/" "Mozilla/5.0 (Macintosh; Intel Mac OS X 10_15_7) AppleWebKit/537.36 (KHTML, like Gecko) Chrome/134.0.0.0 Safari/537.36"
::1 - - [25/Mar/2025:02:18:52 +0000] "OPTIONS /admin/user/new-version HTTP/1.1" 204 0 "http://localhost:4200/" "Mozilla/5.0 (Macintosh; Intel Mac OS X 10_15_7) AppleWebKit/537.36 (KHTML, like Gecko) Chrome/134.0.0.0 Safari/537.36"
::1 - - [25/Mar/2025:02:18:52 +0000] "GET /admin/user/new-version HTTP/1.1" 403 41 "http://localhost:4200/" "Mozilla/5.0 (Macintosh; Intel Mac OS X 10_15_7) AppleWebKit/537.36 (KHTML, like Gecko) Chrome/134.0.0.0 Safari/537.36"
::1 - - [25/Mar/2025:02:19:30 +0000] "OPTIONS /admin/user/new-version HTTP/1.1" 204 0 "http://localhost:4200/" "Mozilla/5.0 (Macintosh; Intel Mac OS X 10_15_7) AppleWebKit/537.36 (KHTML, like Gecko) Chrome/134.0.0.0 Safari/537.36"
::1 - - [25/Mar/2025:02:19:30 +0000] "GET /admin/user/new-version HTTP/1.1" 403 41 "http://localhost:4200/" "Mozilla/5.0 (Macintosh; Intel Mac OS X 10_15_7) AppleWebKit/537.36 (KHTML, like Gecko) Chrome/134.0.0.0 Safari/537.36"
::1 - - [25/Mar/2025:02:19:39 +0000] "OPTIONS /admin/user/new-version HTTP/1.1" 204 0 "http://localhost:4200/" "Mozilla/5.0 (Macintosh; Intel Mac OS X 10_15_7) AppleWebKit/537.36 (KHTML, like Gecko) Chrome/134.0.0.0 Safari/537.36"
::1 - - [25/Mar/2025:02:19:39 +0000] "GET /admin/user/new-version HTTP/1.1" 403 41 "http://localhost:4200/" "Mozilla/5.0 (Macintosh; Intel Mac OS X 10_15_7) AppleWebKit/537.36 (KHTML, like Gecko) Chrome/134.0.0.0 Safari/537.36"
::1 - - [25/Mar/2025:02:19:44 +0000] "OPTIONS /admin/user/new-version HTTP/1.1" 204 0 "http://localhost:4200/" "Mozilla/5.0 (Macintosh; Intel Mac OS X 10_15_7) AppleWebKit/537.36 (KHTML, like Gecko) Chrome/134.0.0.0 Safari/537.36"
::1 - - [25/Mar/2025:02:19:44 +0000] "GET /admin/user/new-version HTTP/1.1" 403 41 "http://localhost:4200/" "Mozilla/5.0 (Macintosh; Intel Mac OS X 10_15_7) AppleWebKit/537.36 (KHTML, like Gecko) Chrome/134.0.0.0 Safari/537.36"
::1 - - [25/Mar/2025:02:20:29 +0000] "OPTIONS /admin/user/new-version HTTP/1.1" 204 0 "http://localhost:4200/" "Mozilla/5.0 (Macintosh; Intel Mac OS X 10_15_7) AppleWebKit/537.36 (KHTML, like Gecko) Chrome/134.0.0.0 Safari/537.36"
::1 - - [25/Mar/2025:02:20:29 +0000] "GET /admin/user/new-version HTTP/1.1" 403 41 "http://localhost:4200/" "Mozilla/5.0 (Macintosh; Intel Mac OS X 10_15_7) AppleWebKit/537.36 (KHTML, like Gecko) Chrome/134.0.0.0 Safari/537.36"
::1 - - [25/Mar/2025:02:20:38 +0000] "OPTIONS /admin/auth/signout HTTP/1.1" 204 0 "http://localhost:4200/" "Mozilla/5.0 (Macintosh; Intel Mac OS X 10_15_7) AppleWebKit/537.36 (KHTML, like Gecko) Chrome/134.0.0.0 Safari/537.36"
::1 - - [25/Mar/2025:02:20:38 +0000] "GET /admin/auth/signout HTTP/1.1" 404 157 "http://localhost:4200/" "Mozilla/5.0 (Macintosh; Intel Mac OS X 10_15_7) AppleWebKit/537.36 (KHTML, like Gecko) Chrome/134.0.0.0 Safari/537.36"
::1 - - [25/Mar/2025:02:21:13 +0000] "OPTIONS /admin/user/new-version HTTP/1.1" 204 0 "http://localhost:4200/" "Mozilla/5.0 (Macintosh; Intel Mac OS X 10_15_7) AppleWebKit/537.36 (KHTML, like Gecko) Chrome/134.0.0.0 Safari/537.36"
::1 - - [25/Mar/2025:02:21:13 +0000] "GET /admin/user/new-version HTTP/1.1" 403 41 "http://localhost:4200/" "Mozilla/5.0 (Macintosh; Intel Mac OS X 10_15_7) AppleWebKit/537.36 (KHTML, like Gecko) Chrome/134.0.0.0 Safari/537.36"
::1 - - [25/Mar/2025:02:24:17 +0000] "OPTIONS /admin/user/new-version HTTP/1.1" 204 0 "http://localhost:4200/" "Mozilla/5.0 (Macintosh; Intel Mac OS X 10_15_7) AppleWebKit/537.36 (KHTML, like Gecko) Chrome/134.0.0.0 Safari/537.36"
::1 - - [25/Mar/2025:02:24:17 +0000] "GET /admin/user/new-version HTTP/1.1" 403 41 "http://localhost:4200/" "Mozilla/5.0 (Macintosh; Intel Mac OS X 10_15_7) AppleWebKit/537.36 (KHTML, like Gecko) Chrome/134.0.0.0 Safari/537.36"
::1 - - [25/Mar/2025:02:24:19 +0000] "OPTIONS /admin/notification/active-devices HTTP/1.1" 204 0 "http://localhost:4200/" "Mozilla/5.0 (Macintosh; Intel Mac OS X 10_15_7) AppleWebKit/537.36 (KHTML, like Gecko) Chrome/134.0.0.0 Safari/537.36"
::1 - - [25/Mar/2025:02:24:19 +0000] "GET /admin/notification/active-devices HTTP/1.1" 403 41 "http://localhost:4200/" "Mozilla/5.0 (Macintosh; Intel Mac OS X 10_15_7) AppleWebKit/537.36 (KHTML, like Gecko) Chrome/134.0.0.0 Safari/537.36"
::1 - - [25/Mar/2025:02:24:22 +0000] "OPTIONS /admin/user/new-version HTTP/1.1" 204 0 "http://localhost:4200/" "Mozilla/5.0 (Macintosh; Intel Mac OS X 10_15_7) AppleWebKit/537.36 (KHTML, like Gecko) Chrome/134.0.0.0 Safari/537.36"
::1 - - [25/Mar/2025:02:24:22 +0000] "GET /admin/user/new-version HTTP/1.1" 403 41 "http://localhost:4200/" "Mozilla/5.0 (Macintosh; Intel Mac OS X 10_15_7) AppleWebKit/537.36 (KHTML, like Gecko) Chrome/134.0.0.0 Safari/537.36"
::1 - - [25/Mar/2025:02:25:15 +0000] "OPTIONS /admin/user/new-version HTTP/1.1" 204 0 "http://localhost:4200/" "Mozilla/5.0 (Macintosh; Intel Mac OS X 10_15_7) AppleWebKit/537.36 (KHTML, like Gecko) Chrome/134.0.0.0 Safari/537.36"
::1 - - [25/Mar/2025:02:25:15 +0000] "GET /admin/user/new-version HTTP/1.1" 403 41 "http://localhost:4200/" "Mozilla/5.0 (Macintosh; Intel Mac OS X 10_15_7) AppleWebKit/537.36 (KHTML, like Gecko) Chrome/134.0.0.0 Safari/537.36"
::1 - - [25/Mar/2025:02:58:42 +0000] "OPTIONS /admin/notification/active-devices HTTP/1.1" 204 0 "http://localhost:4200/" "Mozilla/5.0 (Macintosh; Intel Mac OS X 10_15_7) AppleWebKit/537.36 (KHTML, like Gecko) Chrome/134.0.0.0 Safari/537.36"
::1 - - [25/Mar/2025:02:58:42 +0000] "GET /admin/notification/active-devices HTTP/1.1" 403 41 "http://localhost:4200/" "Mozilla/5.0 (Macintosh; Intel Mac OS X 10_15_7) AppleWebKit/537.36 (KHTML, like Gecko) Chrome/134.0.0.0 Safari/537.36"
::1 - - [25/Mar/2025:02:58:58 +0000] "OPTIONS /admin/notification/active-devices HTTP/1.1" 204 0 "http://localhost:4200/" "Mozilla/5.0 (Macintosh; Intel Mac OS X 10_15_7) AppleWebKit/537.36 (KHTML, like Gecko) Chrome/134.0.0.0 Safari/537.36"
::1 - - [25/Mar/2025:02:58:58 +0000] "GET /admin/notification/active-devices HTTP/1.1" 403 41 "http://localhost:4200/" "Mozilla/5.0 (Macintosh; Intel Mac OS X 10_15_7) AppleWebKit/537.36 (KHTML, like Gecko) Chrome/134.0.0.0 Safari/537.36"
::1 - - [25/Mar/2025:02:59:08 +0000] "OPTIONS /admin/notification/active-devices HTTP/1.1" 204 0 "http://localhost:4200/" "Mozilla/5.0 (Macintosh; Intel Mac OS X 10_15_7) AppleWebKit/537.36 (KHTML, like Gecko) Chrome/134.0.0.0 Safari/537.36"
::1 - - [25/Mar/2025:02:59:08 +0000] "GET /admin/notification/active-devices HTTP/1.1" 403 41 "http://localhost:4200/" "Mozilla/5.0 (Macintosh; Intel Mac OS X 10_15_7) AppleWebKit/537.36 (KHTML, like Gecko) Chrome/134.0.0.0 Safari/537.36"
::1 - - [25/Mar/2025:02:59:47 +0000] "OPTIONS /admin/notification/active-devices HTTP/1.1" 204 0 "http://localhost:4200/" "Mozilla/5.0 (Macintosh; Intel Mac OS X 10_15_7) AppleWebKit/537.36 (KHTML, like Gecko) Chrome/134.0.0.0 Safari/537.36"
::1 - - [25/Mar/2025:02:59:47 +0000] "GET /admin/notification/active-devices HTTP/1.1" 403 41 "http://localhost:4200/" "Mozilla/5.0 (Macintosh; Intel Mac OS X 10_15_7) AppleWebKit/537.36 (KHTML, like Gecko) Chrome/134.0.0.0 Safari/537.36"
::1 - - [25/Mar/2025:03:05:10 +0000] "OPTIONS /admin/notification/active-devices HTTP/1.1" 204 0 "http://localhost:4200/" "Mozilla/5.0 (Macintosh; Intel Mac OS X 10_15_7) AppleWebKit/537.36 (KHTML, like Gecko) Chrome/134.0.0.0 Safari/537.36"
::1 - - [25/Mar/2025:03:05:10 +0000] "GET /admin/notification/active-devices HTTP/1.1" 403 41 "http://localhost:4200/" "Mozilla/5.0 (Macintosh; Intel Mac OS X 10_15_7) AppleWebKit/537.36 (KHTML, like Gecko) Chrome/134.0.0.0 Safari/537.36"
::1 - - [25/Mar/2025:03:20:24 +0000] "OPTIONS /admin/notification/active-devices HTTP/1.1" 204 0 "http://localhost:4200/" "Mozilla/5.0 (Macintosh; Intel Mac OS X 10_15_7) AppleWebKit/537.36 (KHTML, like Gecko) Chrome/134.0.0.0 Safari/537.36"
::1 - - [25/Mar/2025:03:20:24 +0000] "GET /admin/notification/active-devices HTTP/1.1" 403 41 "http://localhost:4200/" "Mozilla/5.0 (Macintosh; Intel Mac OS X 10_15_7) AppleWebKit/537.36 (KHTML, like Gecko) Chrome/134.0.0.0 Safari/537.36"
::1 - - [25/Mar/2025:03:21:04 +0000] "OPTIONS /admin/notification/active-devices HTTP/1.1" 204 0 "http://localhost:4200/" "Mozilla/5.0 (Macintosh; Intel Mac OS X 10_15_7) AppleWebKit/537.36 (KHTML, like Gecko) Chrome/134.0.0.0 Safari/537.36"
::1 - - [25/Mar/2025:03:21:08 +0000] "GET /admin/notification/active-devices HTTP/1.1" 200 108219 "http://localhost:4200/" "Mozilla/5.0 (Macintosh; Intel Mac OS X 10_15_7) AppleWebKit/537.36 (KHTML, like Gecko) Chrome/134.0.0.0 Safari/537.36"
