::1 - - [29/Mar/2025:04:22:36 +0000] "POST /bank-account/publicTokenWebhook?uid=iyWQr1RjYGYoZgnuevZ4p6zVtuw1 HTTP/1.1" 400 36 "-" "Go-http-client/2.0"
::ffff:10.0.0.7 - - [29/Mar/2025:04:24:41 +0000] "POST /bank-account/balance/ HTTP/1.1" 200 367 "-" "expensesmanager/8 CFNetwork/1568.200.51 Darwin/24.2.0"
::1 - - [29/Mar/2025:04:26:07 +0000] "POST /bank-account/publicTokenWebhook?uid=iyWQr1RjYGYoZgnuevZ4p6zVtuw1 HTTP/1.1" 400 36 "-" "Go-http-client/2.0"
::1 - - [29/Mar/2025:04:27:23 +0000] "POST /bank-account/publicTokenWebhook?uid=iyWQr1RjYGYoZgnuevZ4p6zVtuw1 HTTP/1.1" 400 36 "-" "Go-http-client/2.0"
::1 - - [29/Mar/2025:04:34:56 +0000] "POST /bank-account/publicTokenWebhook?uid=iyWQr1RjYGYoZgnuevZ4p6zVtuw1 HTTP/1.1" 400 36 "-" "Go-http-client/2.0"
::ffff:10.0.0.7 - - [29/Mar/2025:04:39:07 +0000] "POST /bank-account/balance/ HTTP/1.1" 200 367 "-" "expensesmanager/8 CFNetwork/1568.200.51 Darwin/24.2.0"
::ffff:10.0.0.7 - - [29/Mar/2025:04:39:44 +0000] "POST /bank-account/balance/ HTTP/1.1" 200 367 "-" "expensesmanager/8 CFNetwork/1568.200.51 Darwin/24.2.0"
::ffff:10.0.0.7 - - [29/Mar/2025:04:40:02 +0000] "POST /bank-account/balance/ HTTP/1.1" 200 367 "-" "expensesmanager/8 CFNetwork/1568.200.51 Darwin/24.2.0"
::ffff:10.0.0.7 - - [29/Mar/2025:04:40:57 +0000] "POST /bank-account/balance/ HTTP/1.1" 200 367 "-" "expensesmanager/8 CFNetwork/1568.200.51 Darwin/24.2.0"
::ffff:10.0.0.7 - - [29/Mar/2025:04:41:08 +0000] "POST /bank-account/transactions/ HTTP/1.1" 200 18318 "-" "expensesmanager/8 CFNetwork/1568.200.51 Darwin/24.2.0"
::ffff:10.0.0.7 - - [29/Mar/2025:05:14:02 +0000] "POST /bank-account/balance/ HTTP/1.1" 500 164 "-" "expensesmanager/8 CFNetwork/1568.200.51 Darwin/24.2.0"
::ffff:10.0.0.7 - - [29/Mar/2025:05:14:12 +0000] "POST /bank-account/transactions/ HTTP/1.1" 400 164 "-" "expensesmanager/8 CFNetwork/1568.200.51 Darwin/24.2.0"
::ffff:10.0.0.7 - - [29/Mar/2025:05:14:19 +0000] "POST /bank-account/unlink/ HTTP/1.1" 500 164 "-" "expensesmanager/8 CFNetwork/1568.200.51 Darwin/24.2.0"
::ffff:10.0.0.7 - - [29/Mar/2025:05:14:30 +0000] "GET /bank-account/accounts/ HTTP/1.1" 200 5892 "-" "expensesmanager/8 CFNetwork/1568.200.51 Darwin/24.2.0"
::ffff:10.0.0.7 - - [29/Mar/2025:05:15:22 +0000] "GET /bank-account/link-token/ HTTP/1.1" 200 109 "-" "expensesmanager/8 CFNetwork/1568.200.51 Darwin/24.2.0"
::1 - - [29/Mar/2025:05:15:47 +0000] "POST /bank-account/publicTokenWebhook?uid=iyWQr1RjYGYoZgnuevZ4p6zVtuw1 HTTP/1.1" 400 36 "-" "Go-http-client/2.0"
::1 - - [29/Mar/2025:05:16:05 +0000] "POST /bank-account/publicTokenWebhook?uid=iyWQr1RjYGYoZgnuevZ4p6zVtuw1 HTTP/1.1" 400 36 "-" "Go-http-client/2.0"
::1 - - [29/Mar/2025:05:16:09 +0000] "POST /bank-account/publicTokenWebhook?uid=iyWQr1RjYGYoZgnuevZ4p6zVtuw1 HTTP/1.1" 400 36 "-" "Go-http-client/2.0"
::1 - - [29/Mar/2025:05:16:10 +0000] "POST /bank-account/publicTokenWebhook?uid=iyWQr1RjYGYoZgnuevZ4p6zVtuw1 HTTP/1.1" 200 524 "-" "Go-http-client/2.0"
::1 - - [29/Mar/2025:05:16:11 +0000] "POST /bank-account/publicTokenWebhook?uid=iyWQr1RjYGYoZgnuevZ4p6zVtuw1 HTTP/1.1" 400 36 "-" "Go-http-client/2.0"
::1 - - [29/Mar/2025:05:16:11 +0000] "POST /bank-account/publicTokenWebhook?uid=iyWQr1RjYGYoZgnuevZ4p6zVtuw1 HTTP/1.1" 400 36 "-" "Go-http-client/2.0"
::1 - - [29/Mar/2025:05:16:18 +0000] "POST /bank-account/publicTokenWebhook?uid=iyWQr1RjYGYoZgnuevZ4p6zVtuw1 HTTP/1.1" 400 36 "-" "Go-http-client/2.0"
::1 - - [29/Mar/2025:05:16:18 +0000] "POST /bank-account/publicTokenWebhook?uid=iyWQr1RjYGYoZgnuevZ4p6zVtuw1 HTTP/1.1" 400 36 "-" "Go-http-client/2.0"
::ffff:10.0.0.7 - - [29/Mar/2025:05:16:21 +0000] "GET /bank-account/accounts/ HTTP/1.1" 200 12207 "-" "expensesmanager/8 CFNetwork/1568.200.51 Darwin/24.2.0"
::ffff:10.0.0.7 - - [29/Mar/2025:05:16:30 +0000] "GET /bank-account/accounts/ HTTP/1.1" 304 - "-" "expensesmanager/8 CFNetwork/1568.200.51 Darwin/24.2.0"
::ffff:10.0.0.7 - - [29/Mar/2025:05:16:31 +0000] "GET /bank-account/link-token/ HTTP/1.1" 200 109 "-" "expensesmanager/8 CFNetwork/1568.200.51 Darwin/24.2.0"
::1 - - [29/Mar/2025:05:16:36 +0000] "POST /bank-account/publicTokenWebhook?uid=iyWQr1RjYGYoZgnuevZ4p6zVtuw1 HTTP/1.1" 400 36 "-" "Go-http-client/2.0"
::1 - - [29/Mar/2025:05:16:40 +0000] "POST /bank-account/publicTokenWebhook?uid=iyWQr1RjYGYoZgnuevZ4p6zVtuw1 HTTP/1.1" 400 36 "-" "Go-http-client/2.0"
::1 - - [29/Mar/2025:05:16:41 +0000] "POST /bank-account/publicTokenWebhook?uid=iyWQr1RjYGYoZgnuevZ4p6zVtuw1 HTTP/1.1" 400 36 "-" "Go-http-client/2.0"
::1 - - [29/Mar/2025:05:16:42 +0000] "POST /bank-account/publicTokenWebhook?uid=iyWQr1RjYGYoZgnuevZ4p6zVtuw1 HTTP/1.1" 400 36 "-" "Go-http-client/2.0"
::1 - - [29/Mar/2025:05:16:49 +0000] "POST /bank-account/publicTokenWebhook?uid=iyWQr1RjYGYoZgnuevZ4p6zVtuw1 HTTP/1.1" 400 36 "-" "Go-http-client/2.0"
::1 - - [29/Mar/2025:05:16:55 +0000] "POST /bank-account/publicTokenWebhook?uid=iyWQr1RjYGYoZgnuevZ4p6zVtuw1 HTTP/1.1" 400 36 "-" "Go-http-client/2.0"
::1 - - [29/Mar/2025:05:17:00 +0000] "POST /bank-account/publicTokenWebhook?uid=iyWQr1RjYGYoZgnuevZ4p6zVtuw1 HTTP/1.1" 200 673 "-" "Go-http-client/2.0"
::1 - - [29/Mar/2025:05:17:01 +0000] "POST /bank-account/publicTokenWebhook?uid=iyWQr1RjYGYoZgnuevZ4p6zVtuw1 HTTP/1.1" 400 36 "-" "Go-http-client/2.0"
::1 - - [29/Mar/2025:05:17:01 +0000] "POST /bank-account/publicTokenWebhook?uid=iyWQr1RjYGYoZgnuevZ4p6zVtuw1 HTTP/1.1" 400 36 "-" "Go-http-client/2.0"
::1 - - [29/Mar/2025:05:17:25 +0000] "POST /bank-account/publicTokenWebhook?uid=iyWQr1RjYGYoZgnuevZ4p6zVtuw1 HTTP/1.1" 400 36 "-" "Go-http-client/2.0"
::1 - - [29/Mar/2025:05:17:31 +0000] "POST /bank-account/publicTokenWebhook?uid=iyWQr1RjYGYoZgnuevZ4p6zVtuw1 HTTP/1.1" 400 36 "-" "Go-http-client/2.0"
::1 - - [29/Mar/2025:05:17:32 +0000] "POST /bank-account/publicTokenWebhook?uid=iyWQr1RjYGYoZgnuevZ4p6zVtuw1 HTTP/1.1" 400 36 "-" "Go-http-client/2.0"
::ffff:10.0.0.7 - - [29/Mar/2025:05:17:48 +0000] "GET /bank-account/accounts/ HTTP/1.1" 200 23016 "-" "expensesmanager/8 CFNetwork/1568.200.51 Darwin/24.2.0"
::1 - - [29/Mar/2025:05:18:19 +0000] "POST /bank-account/publicTokenWebhook?uid=iyWQr1RjYGYoZgnuevZ4p6zVtuw1 HTTP/1.1" 400 36 "-" "Go-http-client/2.0"
::1 - - [29/Mar/2025:05:18:36 +0000] "POST /bank-account/publicTokenWebhook?uid=iyWQr1RjYGYoZgnuevZ4p6zVtuw1 HTTP/1.1" 400 36 "-" "Go-http-client/2.0"
::1 - - [29/Mar/2025:05:18:40 +0000] "POST /bank-account/publicTokenWebhook?uid=iyWQr1RjYGYoZgnuevZ4p6zVtuw1 HTTP/1.1" 400 36 "-" "Go-http-client/2.0"
::1 - - [29/Mar/2025:05:18:41 +0000] "POST /bank-account/publicTokenWebhook?uid=iyWQr1RjYGYoZgnuevZ4p6zVtuw1 HTTP/1.1" 400 36 "-" "Go-http-client/2.0"
::1 - - [29/Mar/2025:05:18:42 +0000] "POST /bank-account/publicTokenWebhook?uid=iyWQr1RjYGYoZgnuevZ4p6zVtuw1 HTTP/1.1" 400 36 "-" "Go-http-client/2.0"
::1 - - [29/Mar/2025:05:18:49 +0000] "POST /bank-account/publicTokenWebhook?uid=iyWQr1RjYGYoZgnuevZ4p6zVtuw1 HTTP/1.1" 400 36 "-" "Go-http-client/2.0"
::1 - - [29/Mar/2025:05:19:25 +0000] "POST /bank-account/publicTokenWebhook?uid=iyWQr1RjYGYoZgnuevZ4p6zVtuw1 HTTP/1.1" 400 36 "-" "Go-http-client/2.0"
::1 - - [29/Mar/2025:05:19:32 +0000] "POST /bank-account/publicTokenWebhook?uid=iyWQr1RjYGYoZgnuevZ4p6zVtuw1 HTTP/1.1" 400 36 "-" "Go-http-client/2.0"
::1 - - [29/Mar/2025:05:19:32 +0000] "POST /bank-account/publicTokenWebhook?uid=iyWQr1RjYGYoZgnuevZ4p6zVtuw1 HTTP/1.1" 400 36 "-" "Go-http-client/2.0"
::1 - - [29/Mar/2025:05:27:26 +0000] "POST /bank-account/publicTokenWebhook?uid=iyWQr1RjYGYoZgnuevZ4p6zVtuw1 HTTP/1.1" 400 36 "-" "Go-http-client/2.0"
::1 - - [29/Mar/2025:05:27:32 +0000] "POST /bank-account/publicTokenWebhook?uid=iyWQr1RjYGYoZgnuevZ4p6zVtuw1 HTTP/1.1" 400 36 "-" "Go-http-client/2.0"
::ffff:10.0.0.7 - - [29/Mar/2025:05:33:51 +0000] "GET /bank-account/accounts/ HTTP/1.1" 304 - "-" "expensesmanager/8 CFNetwork/1568.200.51 Darwin/24.2.0"
::ffff:10.0.0.7 - - [29/Mar/2025:05:34:09 +0000] "POST /bank-account/balance/ HTTP/1.1" 200 366 "-" "expensesmanager/8 CFNetwork/1568.200.51 Darwin/24.2.0"
::ffff:10.0.0.7 - - [29/Mar/2025:05:37:31 +0000] "GET /bank-account/accounts/ HTTP/1.1" 200 17191 "-" "expensesmanager/8 CFNetwork/1568.200.51 Darwin/24.2.0"
::1 - - [29/Mar/2025:15:59:32 +0000] "OPTIONS /admin/plaid HTTP/1.1" 204 0 "http://localhost:4200/" "Mozilla/5.0 (Macintosh; Intel Mac OS X 10_15_7) AppleWebKit/537.36 (KHTML, like Gecko) Chrome/134.0.0.0 Safari/537.36"
::1 - - [29/Mar/2025:15:59:32 +0000] "POST /admin/plaid HTTP/1.1" 200 2104 "http://localhost:4200/" "Mozilla/5.0 (Macintosh; Intel Mac OS X 10_15_7) AppleWebKit/537.36 (KHTML, like Gecko) Chrome/134.0.0.0 Safari/537.36"
::1 - - [29/Mar/2025:15:59:37 +0000] "OPTIONS /admin/notification/active-devices HTTP/1.1" 204 0 "http://localhost:4200/" "Mozilla/5.0 (Macintosh; Intel Mac OS X 10_15_7) AppleWebKit/537.36 (KHTML, like Gecko) Chrome/134.0.0.0 Safari/537.36"
::1 - - [29/Mar/2025:15:59:37 +0000] "OPTIONS /admin/user/new-version HTTP/1.1" 204 0 "http://localhost:4200/" "Mozilla/5.0 (Macintosh; Intel Mac OS X 10_15_7) AppleWebKit/537.36 (KHTML, like Gecko) Chrome/134.0.0.0 Safari/537.36"
::1 - - [29/Mar/2025:15:59:38 +0000] "GET /admin/user/new-version HTTP/1.1" 200 47290 "http://localhost:4200/" "Mozilla/5.0 (Macintosh; Intel Mac OS X 10_15_7) AppleWebKit/537.36 (KHTML, like Gecko) Chrome/134.0.0.0 Safari/537.36"
::1 - - [29/Mar/2025:15:59:41 +0000] "GET /admin/notification/active-devices HTTP/1.1" 200 110009 "http://localhost:4200/" "Mozilla/5.0 (Macintosh; Intel Mac OS X 10_15_7) AppleWebKit/537.36 (KHTML, like Gecko) Chrome/134.0.0.0 Safari/537.36"
::1 - - [29/Mar/2025:16:00:42 +0000] "OPTIONS /admin/notification/active-devices HTTP/1.1" 204 0 "http://localhost:4200/" "Mozilla/5.0 (Macintosh; Intel Mac OS X 10_15_7) AppleWebKit/537.36 (KHTML, like Gecko) Chrome/134.0.0.0 Safari/537.36"
::1 - - [29/Mar/2025:16:00:46 +0000] "GET /admin/notification/active-devices HTTP/1.1" 304 - "http://localhost:4200/" "Mozilla/5.0 (Macintosh; Intel Mac OS X 10_15_7) AppleWebKit/537.36 (KHTML, like Gecko) Chrome/134.0.0.0 Safari/537.36"
::1 - - [29/Mar/2025:16:00:50 +0000] "OPTIONS /admin/user/new-version HTTP/1.1" 204 0 "http://localhost:4200/" "Mozilla/5.0 (Macintosh; Intel Mac OS X 10_15_7) AppleWebKit/537.36 (KHTML, like Gecko) Chrome/134.0.0.0 Safari/537.36"
::1 - - [29/Mar/2025:16:00:50 +0000] "GET /admin/user/new-version HTTP/1.1" 304 - "http://localhost:4200/" "Mozilla/5.0 (Macintosh; Intel Mac OS X 10_15_7) AppleWebKit/537.36 (KHTML, like Gecko) Chrome/134.0.0.0 Safari/537.36"
::ffff:10.0.0.7 - - [29/Mar/2025:16:37:42 +0000] "GET /bank-account/accounts/ HTTP/1.1" 304 - "-" "expensesmanager/8 CFNetwork/1568.200.51 Darwin/24.2.0"
::ffff:10.0.0.7 - - [29/Mar/2025:16:37:44 +0000] "GET /bank-account/link-token/ HTTP/1.1" 200 109 "-" "expensesmanager/8 CFNetwork/1568.200.51 Darwin/24.2.0"
::1 - - [29/Mar/2025:16:38:18 +0000] "POST /bank-account/publicTokenWebhook?uid=iyWQr1RjYGYoZgnuevZ4p6zVtuw1 HTTP/1.1" 401 41 "-" "Go-http-client/2.0"
::1 - - [29/Mar/2025:16:38:23 +0000] "POST /bank-account/publicTokenWebhook?uid=iyWQr1RjYGYoZgnuevZ4p6zVtuw1 HTTP/1.1" 401 41 "-" "Go-http-client/2.0"
::1 - - [29/Mar/2025:16:38:28 +0000] "POST /bank-account/publicTokenWebhook?uid=iyWQr1RjYGYoZgnuevZ4p6zVtuw1 HTTP/1.1" 401 41 "-" "Go-http-client/2.0"
::1 - - [29/Mar/2025:16:38:34 +0000] "POST /bank-account/publicTokenWebhook?uid=iyWQr1RjYGYoZgnuevZ4p6zVtuw1 HTTP/1.1" 401 41 "-" "Go-http-client/2.0"
::1 - - [29/Mar/2025:16:38:40 +0000] "POST /bank-account/publicTokenWebhook?uid=iyWQr1RjYGYoZgnuevZ4p6zVtuw1 HTTP/1.1" 401 41 "-" "Go-http-client/2.0"
::1 - - [29/Mar/2025:16:38:41 +0000] "POST /bank-account/publicTokenWebhook?uid=iyWQr1RjYGYoZgnuevZ4p6zVtuw1 HTTP/1.1" 401 41 "-" "Go-http-client/2.0"
::ffff:10.0.0.7 - - [29/Mar/2025:16:38:44 +0000] "GET /bank-account/accounts/ HTTP/1.1" 304 - "-" "expensesmanager/8 CFNetwork/1568.200.51 Darwin/24.2.0"
::1 - - [29/Mar/2025:16:38:48 +0000] "POST /bank-account/publicTokenWebhook?uid=iyWQr1RjYGYoZgnuevZ4p6zVtuw1 HTTP/1.1" 401 41 "-" "Go-http-client/2.0"
::1 - - [29/Mar/2025:16:38:54 +0000] "POST /bank-account/publicTokenWebhook?uid=iyWQr1RjYGYoZgnuevZ4p6zVtuw1 HTTP/1.1" 401 41 "-" "Go-http-client/2.0"
::1 - - [29/Mar/2025:16:38:59 +0000] "POST /bank-account/publicTokenWebhook?uid=iyWQr1RjYGYoZgnuevZ4p6zVtuw1 HTTP/1.1" 401 41 "-" "Go-http-client/2.0"
::1 - - [29/Mar/2025:16:39:25 +0000] "POST /bank-account/publicTokenWebhook?uid=iyWQr1RjYGYoZgnuevZ4p6zVtuw1 HTTP/1.1" 401 41 "-" "Go-http-client/2.0"
::1 - - [29/Mar/2025:16:39:30 +0000] "POST /bank-account/publicTokenWebhook?uid=iyWQr1RjYGYoZgnuevZ4p6zVtuw1 HTTP/1.1" 401 41 "-" "Go-http-client/2.0"
::1 - - [29/Mar/2025:16:39:31 +0000] "POST /bank-account/publicTokenWebhook?uid=iyWQr1RjYGYoZgnuevZ4p6zVtuw1 HTTP/1.1" 401 41 "-" "Go-http-client/2.0"
::1 - - [29/Mar/2025:16:40:54 +0000] "POST /bank-account/publicTokenWebhook?uid=iyWQr1RjYGYoZgnuevZ4p6zVtuw1 HTTP/1.1" 401 41 "-" "Go-http-client/2.0"
::1 - - [29/Mar/2025:16:40:59 +0000] "POST /bank-account/publicTokenWebhook?uid=iyWQr1RjYGYoZgnuevZ4p6zVtuw1 HTTP/1.1" 401 41 "-" "Go-http-client/2.0"
::ffff:10.0.0.7 - - [29/Mar/2025:16:44:16 +0000] "GET /bank-account/link-token/ HTTP/1.1" 200 109 "-" "expensesmanager/8 CFNetwork/1568.200.51 Darwin/24.2.0"
::1 - - [29/Mar/2025:16:44:47 +0000] "POST /bank-account/publicTokenWebhook?uid=iyWQr1RjYGYoZgnuevZ4p6zVtuw1 HTTP/1.1" 401 41 "-" "Go-http-client/2.0"
::1 - - [29/Mar/2025:16:44:50 +0000] "POST /bank-account/publicTokenWebhook?uid=iyWQr1RjYGYoZgnuevZ4p6zVtuw1 HTTP/1.1" 401 41 "-" "Go-http-client/2.0"
::1 - - [29/Mar/2025:16:45:17 +0000] "POST /bank-account/publicTokenWebhook?uid=iyWQr1RjYGYoZgnuevZ4p6zVtuw1 HTTP/1.1" 401 41 "-" "Go-http-client/2.0"
::1 - - [29/Mar/2025:16:45:20 +0000] "POST /bank-account/publicTokenWebhook?uid=iyWQr1RjYGYoZgnuevZ4p6zVtuw1 HTTP/1.1" 401 41 "-" "Go-http-client/2.0"
::1 - - [29/Mar/2025:16:47:17 +0000] "POST /bank-account/publicTokenWebhook?uid=iyWQr1RjYGYoZgnuevZ4p6zVtuw1 HTTP/1.1" 401 41 "-" "Go-http-client/2.0"
::1 - - [29/Mar/2025:16:47:21 +0000] "POST /bank-account/publicTokenWebhook?uid=iyWQr1RjYGYoZgnuevZ4p6zVtuw1 HTTP/1.1" 401 41 "-" "Go-http-client/2.0"
::ffff:10.0.0.7 - - [29/Mar/2025:16:48:27 +0000] "GET /bank-account/accounts/ HTTP/1.1" 304 - "-" "expensesmanager/8 CFNetwork/1568.200.51 Darwin/24.2.0"
::ffff:10.0.0.7 - - [29/Mar/2025:16:48:33 +0000] "POST /notification/enable-notifications/ HTTP/1.1" 200 48 "-" "expensesmanager/8 CFNetwork/1568.200.51 Darwin/24.2.0"
::ffff:10.0.0.7 - - [29/Mar/2025:16:48:36 +0000] "GET /bank-account/accounts/ HTTP/1.1" 304 - "-" "expensesmanager/8 CFNetwork/1568.200.51 Darwin/24.2.0"
::ffff:10.0.0.7 - - [29/Mar/2025:16:48:45 +0000] "GET /bank-account/link-token/ HTTP/1.1" 200 109 "-" "expensesmanager/8 CFNetwork/1568.200.51 Darwin/24.2.0"
::1 - - [29/Mar/2025:16:48:55 +0000] "POST /bank-account/publicTokenWebhook?uid=iyWQr1RjYGYoZgnuevZ4p6zVtuw1 HTTP/1.1" 400 36 "-" "Go-http-client/2.0"
::1 - - [29/Mar/2025:16:49:01 +0000] "POST /bank-account/publicTokenWebhook?uid=iyWQr1RjYGYoZgnuevZ4p6zVtuw1 HTTP/1.1" 200 684 "-" "Go-http-client/2.0"
::ffff:10.0.0.7 - - [29/Mar/2025:16:49:02 +0000] "GET /bank-account/accounts/ HTTP/1.1" 200 28379 "-" "expensesmanager/8 CFNetwork/1568.200.51 Darwin/24.2.0"
::1 - - [29/Mar/2025:16:49:03 +0000] "POST /bank-account/publicTokenWebhook?uid=iyWQr1RjYGYoZgnuevZ4p6zVtuw1 HTTP/1.1" 400 36 "-" "Go-http-client/2.0"
::1 - - [29/Mar/2025:16:49:10 +0000] "POST /bank-account/publicTokenWebhook?uid=iyWQr1RjYGYoZgnuevZ4p6zVtuw1 HTTP/1.1" 400 36 "-" "Go-http-client/2.0"
::1 - - [29/Mar/2025:16:49:27 +0000] "POST /bank-account/publicTokenWebhook?uid=iyWQr1RjYGYoZgnuevZ4p6zVtuw1 HTTP/1.1" 400 36 "-" "Go-http-client/2.0"
::1 - - [29/Mar/2025:16:49:32 +0000] "POST /bank-account/publicTokenWebhook?uid=iyWQr1RjYGYoZgnuevZ4p6zVtuw1 HTTP/1.1" 400 36 "-" "Go-http-client/2.0"
::1 - - [29/Mar/2025:16:49:33 +0000] "POST /bank-account/publicTokenWebhook?uid=iyWQr1RjYGYoZgnuevZ4p6zVtuw1 HTTP/1.1" 400 101 "-" "Go-http-client/2.0"
::1 - - [29/Mar/2025:16:49:33 +0000] "POST /bank-account/publicTokenWebhook?uid=iyWQr1RjYGYoZgnuevZ4p6zVtuw1 HTTP/1.1" 400 36 "-" "Go-http-client/2.0"
::1 - - [29/Mar/2025:16:49:34 +0000] "POST /bank-account/publicTokenWebhook?uid=iyWQr1RjYGYoZgnuevZ4p6zVtuw1 HTTP/1.1" 400 36 "-" "Go-http-client/2.0"
::1 - - [29/Mar/2025:16:49:40 +0000] "POST /bank-account/publicTokenWebhook?uid=iyWQr1RjYGYoZgnuevZ4p6zVtuw1 HTTP/1.1" 400 36 "-" "Go-http-client/2.0"
::ffff:10.0.0.7 - - [29/Mar/2025:17:03:45 +0000] "GET /bank-account/accounts/ HTTP/1.1" 304 - "-" "expensesmanager/8 CFNetwork/1568.200.51 Darwin/24.2.0"
::ffff:10.0.0.7 - - [29/Mar/2025:17:03:53 +0000] "GET /bank-account/link-token/ HTTP/1.1" 200 109 "-" "expensesmanager/8 CFNetwork/1568.200.51 Darwin/24.2.0"
::1 - - [29/Mar/2025:17:04:17 +0000] "POST /bank-account/publicTokenWebhook?uid=iyWQr1RjYGYoZgnuevZ4p6zVtuw1 HTTP/1.1" 400 36 "-" "Go-http-client/2.0"
::1 - - [29/Mar/2025:17:04:22 +0000] "POST /bank-account/publicTokenWebhook?uid=iyWQr1RjYGYoZgnuevZ4p6zVtuw1 HTTP/1.1" 200 889 "-" "Go-http-client/2.0"
::1 - - [29/Mar/2025:17:04:22 +0000] "POST /bank-account/publicTokenWebhook?uid=iyWQr1RjYGYoZgnuevZ4p6zVtuw1 HTTP/1.1" 400 36 "-" "Go-http-client/2.0"
::1 - - [29/Mar/2025:17:04:23 +0000] "POST /bank-account/publicTokenWebhook?uid=iyWQr1RjYGYoZgnuevZ4p6zVtuw1 HTTP/1.1" 400 36 "-" "Go-http-client/2.0"
::ffff:10.0.0.7 - - [29/Mar/2025:17:04:33 +0000] "GET /bank-account/accounts/ HTTP/1.1" 200 34204 "-" "expensesmanager/8 CFNetwork/1568.200.51 Darwin/24.2.0"
::ffff:10.0.0.7 - - [29/Mar/2025:17:04:42 +0000] "GET /bank-account/link-token/ HTTP/1.1" 200 109 "-" "expensesmanager/8 CFNetwork/1568.200.51 Darwin/24.2.0"
::1 - - [29/Mar/2025:17:04:45 +0000] "POST /bank-account/publicTokenWebhook?uid=iyWQr1RjYGYoZgnuevZ4p6zVtuw1 HTTP/1.1" 400 36 "-" "Go-http-client/2.0"
::1 - - [29/Mar/2025:17:04:47 +0000] "POST /bank-account/publicTokenWebhook?uid=iyWQr1RjYGYoZgnuevZ4p6zVtuw1 HTTP/1.1" 400 36 "-" "Go-http-client/2.0"
::1 - - [29/Mar/2025:17:04:52 +0000] "POST /bank-account/publicTokenWebhook?uid=iyWQr1RjYGYoZgnuevZ4p6zVtuw1 HTTP/1.1" 400 36 "-" "Go-http-client/2.0"
::1 - - [29/Mar/2025:17:04:53 +0000] "POST /bank-account/publicTokenWebhook?uid=iyWQr1RjYGYoZgnuevZ4p6zVtuw1 HTTP/1.1" 400 36 "-" "Go-http-client/2.0"
::ffff:10.0.0.7 - - [29/Mar/2025:17:04:55 +0000] "POST /notification/enable-notifications/ HTTP/1.1" 200 48 "-" "expensesmanager/8 CFNetwork/1568.200.51 Darwin/24.2.0"
::ffff:10.0.0.7 - - [29/Mar/2025:17:04:59 +0000] "GET /bank-account/accounts/ HTTP/1.1" 304 - "-" "expensesmanager/8 CFNetwork/1568.200.51 Darwin/24.2.0"
::ffff:10.0.0.7 - - [29/Mar/2025:17:05:03 +0000] "GET /bank-account/link-token/ HTTP/1.1" 200 109 "-" "expensesmanager/8 CFNetwork/1568.200.51 Darwin/24.2.0"
::1 - - [29/Mar/2025:17:05:16 +0000] "POST /bank-account/publicTokenWebhook?uid=iyWQr1RjYGYoZgnuevZ4p6zVtuw1 HTTP/1.1" 400 36 "-" "Go-http-client/2.0"
::1 - - [29/Mar/2025:17:05:25 +0000] "POST /bank-account/publicTokenWebhook?uid=iyWQr1RjYGYoZgnuevZ4p6zVtuw1 HTTP/1.1" 400 36 "-" "Go-http-client/2.0"
::1 - - [29/Mar/2025:17:05:31 +0000] "POST /bank-account/publicTokenWebhook?uid=iyWQr1RjYGYoZgnuevZ4p6zVtuw1 HTTP/1.1" 200 1090 "-" "Go-http-client/2.0"
::1 - - [29/Mar/2025:17:05:31 +0000] "POST /bank-account/publicTokenWebhook?uid=iyWQr1RjYGYoZgnuevZ4p6zVtuw1 HTTP/1.1" 400 36 "-" "Go-http-client/2.0"
::1 - - [29/Mar/2025:17:05:32 +0000] "POST /bank-account/publicTokenWebhook?uid=iyWQr1RjYGYoZgnuevZ4p6zVtuw1 HTTP/1.1" 400 36 "-" "Go-http-client/2.0"
::ffff:10.0.0.7 - - [29/Mar/2025:17:05:32 +0000] "GET /bank-account/accounts/ HTTP/1.1" 200 43482 "-" "expensesmanager/8 CFNetwork/1568.200.51 Darwin/24.2.0"
::1 - - [29/Mar/2025:17:05:55 +0000] "POST /bank-account/publicTokenWebhook?uid=iyWQr1RjYGYoZgnuevZ4p6zVtuw1 HTTP/1.1" 400 36 "-" "Go-http-client/2.0"
::1 - - [29/Mar/2025:17:06:02 +0000] "POST /bank-account/publicTokenWebhook?uid=iyWQr1RjYGYoZgnuevZ4p6zVtuw1 HTTP/1.1" 400 36 "-" "Go-http-client/2.0"
::1 - - [29/Mar/2025:17:06:03 +0000] "POST /bank-account/publicTokenWebhook?uid=iyWQr1RjYGYoZgnuevZ4p6zVtuw1 HTTP/1.1" 400 36 "-" "Go-http-client/2.0"
::1 - - [29/Mar/2025:17:06:48 +0000] "POST /bank-account/publicTokenWebhook?uid=iyWQr1RjYGYoZgnuevZ4p6zVtuw1 HTTP/1.1" 400 36 "-" "Go-http-client/2.0"
::1 - - [29/Mar/2025:17:06:53 +0000] "POST /bank-account/publicTokenWebhook?uid=iyWQr1RjYGYoZgnuevZ4p6zVtuw1 HTTP/1.1" 400 36 "-" "Go-http-client/2.0"
::1 - - [29/Mar/2025:17:06:54 +0000] "POST /bank-account/publicTokenWebhook?uid=iyWQr1RjYGYoZgnuevZ4p6zVtuw1 HTTP/1.1" 400 36 "-" "Go-http-client/2.0"
::ffff:10.0.0.7 - - [29/Mar/2025:17:07:13 +0000] "GET /bank-account/accounts/ HTTP/1.1" 304 - "-" "expensesmanager/8 CFNetwork/1568.200.51 Darwin/24.2.0"
::1 - - [29/Mar/2025:17:07:16 +0000] "POST /bank-account/publicTokenWebhook?uid=iyWQr1RjYGYoZgnuevZ4p6zVtuw1 HTTP/1.1" 400 36 "-" "Go-http-client/2.0"
::1 - - [29/Mar/2025:17:07:56 +0000] "POST /bank-account/publicTokenWebhook?uid=iyWQr1RjYGYoZgnuevZ4p6zVtuw1 HTTP/1.1" 400 36 "-" "Go-http-client/2.0"
::1 - - [29/Mar/2025:17:08:02 +0000] "POST /bank-account/publicTokenWebhook?uid=iyWQr1RjYGYoZgnuevZ4p6zVtuw1 HTTP/1.1" 400 36 "-" "Go-http-client/2.0"
::1 - - [29/Mar/2025:17:08:03 +0000] "POST /bank-account/publicTokenWebhook?uid=iyWQr1RjYGYoZgnuevZ4p6zVtuw1 HTTP/1.1" 400 36 "-" "Go-http-client/2.0"
::1 - - [29/Mar/2025:17:14:48 +0000] "POST /bank-account/publicTokenWebhook?uid=iyWQr1RjYGYoZgnuevZ4p6zVtuw1 HTTP/1.1" 400 36 "-" "Go-http-client/2.0"
::1 - - [29/Mar/2025:17:14:53 +0000] "POST /bank-account/publicTokenWebhook?uid=iyWQr1RjYGYoZgnuevZ4p6zVtuw1 HTTP/1.1" 400 36 "-" "Go-http-client/2.0"
::1 - - [29/Mar/2025:17:14:54 +0000] "POST /bank-account/publicTokenWebhook?uid=iyWQr1RjYGYoZgnuevZ4p6zVtuw1 HTTP/1.1" 400 36 "-" "Go-http-client/2.0"
::1 - - [29/Mar/2025:17:15:17 +0000] "POST /bank-account/publicTokenWebhook?uid=iyWQr1RjYGYoZgnuevZ4p6zVtuw1 HTTP/1.1" 400 36 "-" "Go-http-client/2.0"
::1 - - [29/Mar/2025:17:15:56 +0000] "POST /bank-account/publicTokenWebhook?uid=iyWQr1RjYGYoZgnuevZ4p6zVtuw1 HTTP/1.1" 400 36 "-" "Go-http-client/2.0"
::1 - - [29/Mar/2025:17:16:02 +0000] "POST /bank-account/publicTokenWebhook?uid=iyWQr1RjYGYoZgnuevZ4p6zVtuw1 HTTP/1.1" 400 36 "-" "Go-http-client/2.0"
::1 - - [29/Mar/2025:17:16:03 +0000] "POST /bank-account/publicTokenWebhook?uid=iyWQr1RjYGYoZgnuevZ4p6zVtuw1 HTTP/1.1" 400 36 "-" "Go-http-client/2.0"
::1 - - [29/Mar/2025:17:20:53 +0000] "POST /bank-account/publicTokenWebhook?uid=iyWQr1RjYGYoZgnuevZ4p6zVtuw1 HTTP/1.1" 400 36 "-" "Go-http-client/2.0"
::1 - - [29/Mar/2025:17:27:17 +0000] "POST /bank-account/publicTokenWebhook?uid=iyWQr1RjYGYoZgnuevZ4p6zVtuw1 HTTP/1.1" 400 36 "-" "Go-http-client/2.0"
::1 - - [29/Mar/2025:17:27:22 +0000] "POST /bank-account/publicTokenWebhook?uid=iyWQr1RjYGYoZgnuevZ4p6zVtuw1 HTTP/1.1" 400 32 "-" "Go-http-client/2.0"
::1 - - [29/Mar/2025:17:31:33 +0000] "POST /bank-account/publicTokenWebhook?uid=iyWQr1RjYGYoZgnuevZ4p6zVtuw1 HTTP/1.1" 400 36 "-" "Go-http-client/2.0"
::1 - - [29/Mar/2025:17:31:40 +0000] "POST /bank-account/publicTokenWebhook?uid=iyWQr1RjYGYoZgnuevZ4p6zVtuw1 HTTP/1.1" 400 36 "-" "Go-http-client/2.0"
::1 - - [29/Mar/2025:17:31:57 +0000] "POST /bank-account/publicTokenWebhook?uid=iyWQr1RjYGYoZgnuevZ4p6zVtuw1 HTTP/1.1" 400 36 "-" "Go-http-client/2.0"
::1 - - [29/Mar/2025:17:32:02 +0000] "POST /bank-account/publicTokenWebhook?uid=iyWQr1RjYGYoZgnuevZ4p6zVtuw1 HTTP/1.1" 400 32 "-" "Go-http-client/2.0"
::1 - - [29/Mar/2025:17:32:02 +0000] "POST /bank-account/publicTokenWebhook?uid=iyWQr1RjYGYoZgnuevZ4p6zVtuw1 HTTP/1.1" 400 36 "-" "Go-http-client/2.0"
::1 - - [29/Mar/2025:17:32:04 +0000] "POST /bank-account/publicTokenWebhook?uid=iyWQr1RjYGYoZgnuevZ4p6zVtuw1 HTTP/1.1" 400 36 "-" "Go-http-client/2.0"
::ffff:10.0.0.7 - - [29/Mar/2025:17:32:20 +0000] "POST /notification/enable-notifications/ HTTP/1.1" 200 48 "-" "expensesmanager/8 CFNetwork/1568.200.51 Darwin/24.2.0"
::ffff:10.0.0.7 - - [29/Mar/2025:17:32:35 +0000] "POST /notification/destroy-notifications/ HTTP/1.1" 200 55 "-" "expensesmanager/8 CFNetwork/1568.200.51 Darwin/24.2.0"
::ffff:10.0.0.7 - - [29/Mar/2025:17:32:39 +0000] "POST /user/send-otp HTTP/1.1" 400 67 "-" "expensesmanager/8 CFNetwork/1568.200.51 Darwin/24.2.0"
::ffff:10.0.0.7 - - [29/Mar/2025:17:33:52 +0000] "POST /user/send-otp HTTP/1.1" 400 67 "-" "expensesmanager/8 CFNetwork/1568.200.51 Darwin/24.2.0"
::ffff:10.0.0.7 - - [29/Mar/2025:17:34:01 +0000] "POST /user/send-otp HTTP/1.1" 400 67 "-" "expensesmanager/8 CFNetwork/1568.200.51 Darwin/24.2.0"
::ffff:10.0.0.7 - - [29/Mar/2025:17:34:18 +0000] "POST /user/send-otp HTTP/1.1" 400 67 "-" "expensesmanager/8 CFNetwork/1568.200.51 Darwin/24.2.0"
::ffff:10.0.0.7 - - [29/Mar/2025:17:34:39 +0000] "POST /user/send-otp HTTP/1.1" 400 67 "-" "expensesmanager/8 CFNetwork/1568.200.51 Darwin/24.2.0"
::ffff:10.0.0.7 - - [29/Mar/2025:17:34:58 +0000] "POST /user/send-otp HTTP/1.1" 400 67 "-" "expensesmanager/8 CFNetwork/1568.200.51 Darwin/24.2.0"
::ffff:10.0.0.7 - - [29/Mar/2025:17:35:12 +0000] "POST /user/send-otp HTTP/1.1" 400 67 "-" "expensesmanager/8 CFNetwork/1568.200.51 Darwin/24.2.0"
::ffff:10.0.0.7 - - [29/Mar/2025:17:35:20 +0000] "POST /user/send-otp HTTP/1.1" 400 67 "-" "expensesmanager/8 CFNetwork/1568.200.51 Darwin/24.2.0"
::ffff:10.0.0.7 - - [29/Mar/2025:17:35:31 +0000] "POST /user/send-otp HTTP/1.1" 400 67 "-" "expensesmanager/8 CFNetwork/1568.200.51 Darwin/24.2.0"
::ffff:10.0.0.7 - - [29/Mar/2025:17:35:38 +0000] "POST /user/send-otp HTTP/1.1" 400 67 "-" "expensesmanager/8 CFNetwork/1568.200.51 Darwin/24.2.0"
::ffff:10.0.0.7 - - [29/Mar/2025:17:35:44 +0000] "POST /user/send-otp HTTP/1.1" 400 67 "-" "expensesmanager/8 CFNetwork/1568.200.51 Darwin/24.2.0"
::ffff:10.0.0.7 - - [29/Mar/2025:17:39:50 +0000] "POST /user/send-otp HTTP/1.1" 200 49 "-" "expensesmanager/8 CFNetwork/1568.200.51 Darwin/24.2.0"
::ffff:10.0.0.7 - - [29/Mar/2025:17:40:15 +0000] "POST /user/send-otp HTTP/1.1" 200 49 "-" "expensesmanager/8 CFNetwork/1568.200.51 Darwin/24.2.0"
::ffff:10.0.0.7 - - [29/Mar/2025:17:40:46 +0000] "POST /user/verify-otp HTTP/1.1" 200 873 "-" "expensesmanager/8 CFNetwork/1568.200.51 Darwin/24.2.0"
::ffff:10.0.0.7 - - [29/Mar/2025:17:40:50 +0000] "POST /notification/enable-notifications/ HTTP/1.1" 200 48 "-" "expensesmanager/8 CFNetwork/1568.200.51 Darwin/24.2.0"
::ffff:10.0.0.7 - - [29/Mar/2025:17:40:58 +0000] "GET /bank-account/accounts/ HTTP/1.1" 304 - "-" "expensesmanager/8 CFNetwork/1568.200.51 Darwin/24.2.0"
::1 - - [29/Mar/2025:17:46:47 +0000] "POST /bank-account/publicTokenWebhook?uid=iyWQr1RjYGYoZgnuevZ4p6zVtuw1 HTTP/1.1" 400 36 "-" "Go-http-client/2.0"
::1 - - [29/Mar/2025:17:46:52 +0000] "POST /bank-account/publicTokenWebhook?uid=iyWQr1RjYGYoZgnuevZ4p6zVtuw1 HTTP/1.1" 400 36 "-" "Go-http-client/2.0"
::1 - - [29/Mar/2025:17:46:53 +0000] "POST /bank-account/publicTokenWebhook?uid=iyWQr1RjYGYoZgnuevZ4p6zVtuw1 HTTP/1.1" 400 36 "-" "Go-http-client/2.0"
::1 - - [29/Mar/2025:17:47:16 +0000] "POST /bank-account/publicTokenWebhook?uid=iyWQr1RjYGYoZgnuevZ4p6zVtuw1 HTTP/1.1" 400 36 "-" "Go-http-client/2.0"
::1 - - [29/Mar/2025:17:47:57 +0000] "POST /bank-account/publicTokenWebhook?uid=iyWQr1RjYGYoZgnuevZ4p6zVtuw1 HTTP/1.1" 400 36 "-" "Go-http-client/2.0"
::1 - - [29/Mar/2025:17:48:01 +0000] "POST /bank-account/publicTokenWebhook?uid=iyWQr1RjYGYoZgnuevZ4p6zVtuw1 HTTP/1.1" 400 36 "-" "Go-http-client/2.0"
::1 - - [29/Mar/2025:17:48:02 +0000] "POST /bank-account/publicTokenWebhook?uid=iyWQr1RjYGYoZgnuevZ4p6zVtuw1 HTTP/1.1" 400 36 "-" "Go-http-client/2.0"
::1 - - [29/Mar/2025:19:28:54 +0000] "POST /bank-account/publicTokenWebhook?uid=iyWQr1RjYGYoZgnuevZ4p6zVtuw1 HTTP/1.1" 400 36 "-" "Go-http-client/2.0"
::1 - - [29/Mar/2025:19:35:17 +0000] "POST /bank-account/publicTokenWebhook?uid=iyWQr1RjYGYoZgnuevZ4p6zVtuw1 HTTP/1.1" 400 36 "-" "Go-http-client/2.0"
::1 - - [29/Mar/2025:19:35:24 +0000] "POST /bank-account/publicTokenWebhook?uid=iyWQr1RjYGYoZgnuevZ4p6zVtuw1 HTTP/1.1" 400 32 "-" "Go-http-client/2.0"
::1 - - [29/Mar/2025:19:39:33 +0000] "POST /bank-account/publicTokenWebhook?uid=iyWQr1RjYGYoZgnuevZ4p6zVtuw1 HTTP/1.1" 400 36 "-" "Go-http-client/2.0"
::1 - - [29/Mar/2025:19:39:40 +0000] "POST /bank-account/publicTokenWebhook?uid=iyWQr1RjYGYoZgnuevZ4p6zVtuw1 HTTP/1.1" 400 36 "-" "Go-http-client/2.0"
::1 - - [29/Mar/2025:19:39:57 +0000] "POST /bank-account/publicTokenWebhook?uid=iyWQr1RjYGYoZgnuevZ4p6zVtuw1 HTTP/1.1" 400 36 "-" "Go-http-client/2.0"
::1 - - [29/Mar/2025:19:40:03 +0000] "POST /bank-account/publicTokenWebhook?uid=iyWQr1RjYGYoZgnuevZ4p6zVtuw1 HTTP/1.1" 400 36 "-" "Go-http-client/2.0"
::1 - - [29/Mar/2025:19:40:04 +0000] "POST /bank-account/publicTokenWebhook?uid=iyWQr1RjYGYoZgnuevZ4p6zVtuw1 HTTP/1.1" 400 32 "-" "Go-http-client/2.0"
::1 - - [29/Mar/2025:19:40:05 +0000] "POST /bank-account/publicTokenWebhook?uid=iyWQr1RjYGYoZgnuevZ4p6zVtuw1 HTTP/1.1" 400 36 "-" "Go-http-client/2.0"
::1 - - [29/Mar/2025:19:54:47 +0000] "POST /bank-account/publicTokenWebhook?uid=iyWQr1RjYGYoZgnuevZ4p6zVtuw1 HTTP/1.1" 400 36 "-" "Go-http-client/2.0"
::1 - - [29/Mar/2025:19:54:53 +0000] "POST /bank-account/publicTokenWebhook?uid=iyWQr1RjYGYoZgnuevZ4p6zVtuw1 HTTP/1.1" 400 36 "-" "Go-http-client/2.0"
::1 - - [29/Mar/2025:19:54:54 +0000] "POST /bank-account/publicTokenWebhook?uid=iyWQr1RjYGYoZgnuevZ4p6zVtuw1 HTTP/1.1" 400 36 "-" "Go-http-client/2.0"
::1 - - [29/Mar/2025:19:55:16 +0000] "POST /bank-account/publicTokenWebhook?uid=iyWQr1RjYGYoZgnuevZ4p6zVtuw1 HTTP/1.1" 400 36 "-" "Go-http-client/2.0"
::1 - - [29/Mar/2025:19:55:56 +0000] "POST /bank-account/publicTokenWebhook?uid=iyWQr1RjYGYoZgnuevZ4p6zVtuw1 HTTP/1.1" 400 36 "-" "Go-http-client/2.0"
::1 - - [29/Mar/2025:19:56:02 +0000] "POST /bank-account/publicTokenWebhook?uid=iyWQr1RjYGYoZgnuevZ4p6zVtuw1 HTTP/1.1" 400 36 "-" "Go-http-client/2.0"
::1 - - [29/Mar/2025:19:56:03 +0000] "POST /bank-account/publicTokenWebhook?uid=iyWQr1RjYGYoZgnuevZ4p6zVtuw1 HTTP/1.1" 400 36 "-" "Go-http-client/2.0"
::1 - - [30/Mar/2025:00:14:58 +0000] "POST /bank-account/publicTokenWebhook?uid=iyWQr1RjYGYoZgnuevZ4p6zVtuw1 HTTP/1.1" 400 36 "-" "Go-http-client/2.0"
::1 - - [30/Mar/2025:00:15:29 +0000] "POST /bank-account/publicTokenWebhook?uid=iyWQr1RjYGYoZgnuevZ4p6zVtuw1 HTTP/1.1" 400 36 "-" "Go-http-client/2.0"
::1 - - [30/Mar/2025:00:17:29 +0000] "POST /bank-account/publicTokenWebhook?uid=iyWQr1RjYGYoZgnuevZ4p6zVtuw1 HTTP/1.1" 400 36 "-" "Go-http-client/2.0"
::1 - - [30/Mar/2025:00:25:25 +0000] "POST /bank-account/publicTokenWebhook?uid=iyWQr1RjYGYoZgnuevZ4p6zVtuw1 HTTP/1.1" 400 36 "-" "Go-http-client/2.0"
::1 - - [30/Mar/2025:00:25:30 +0000] "POST /bank-account/publicTokenWebhook?uid=iyWQr1RjYGYoZgnuevZ4p6zVtuw1 HTTP/1.1" 400 36 "-" "Go-http-client/2.0"
::1 - - [30/Mar/2025:00:25:56 +0000] "POST /bank-account/publicTokenWebhook?uid=iyWQr1RjYGYoZgnuevZ4p6zVtuw1 HTTP/1.1" 400 36 "-" "Go-http-client/2.0"
::1 - - [30/Mar/2025:00:27:57 +0000] "POST /bank-account/publicTokenWebhook?uid=iyWQr1RjYGYoZgnuevZ4p6zVtuw1 HTTP/1.1" 400 36 "-" "Go-http-client/2.0"
::1 - - [30/Mar/2025:00:35:58 +0000] "POST /bank-account/publicTokenWebhook?uid=iyWQr1RjYGYoZgnuevZ4p6zVtuw1 HTTP/1.1" 400 36 "-" "Go-http-client/2.0"
::1 - - [30/Mar/2025:00:43:01 +0000] "POST /bank-account/publicTokenWebhook?uid=iyWQr1RjYGYoZgnuevZ4p6zVtuw1 HTTP/1.1" 400 36 "-" "Go-http-client/2.0"
::1 - - [30/Mar/2025:00:43:32 +0000] "POST /bank-account/publicTokenWebhook?uid=iyWQr1RjYGYoZgnuevZ4p6zVtuw1 HTTP/1.1" 400 36 "-" "Go-http-client/2.0"
::1 - - [30/Mar/2025:00:45:33 +0000] "POST /bank-account/publicTokenWebhook?uid=iyWQr1RjYGYoZgnuevZ4p6zVtuw1 HTTP/1.1" 400 36 "-" "Go-http-client/2.0"
::1 - - [30/Mar/2025:00:47:27 +0000] "POST /bank-account/publicTokenWebhook?uid=iyWQr1RjYGYoZgnuevZ4p6zVtuw1 HTTP/1.1" 400 36 "-" "Go-http-client/2.0"
::1 - - [30/Mar/2025:00:47:58 +0000] "POST /bank-account/publicTokenWebhook?uid=iyWQr1RjYGYoZgnuevZ4p6zVtuw1 HTTP/1.1" 400 36 "-" "Go-http-client/2.0"
::1 - - [30/Mar/2025:00:49:58 +0000] "POST /bank-account/publicTokenWebhook?uid=iyWQr1RjYGYoZgnuevZ4p6zVtuw1 HTTP/1.1" 400 36 "-" "Go-http-client/2.0"
::1 - - [30/Mar/2025:00:53:33 +0000] "POST /bank-account/publicTokenWebhook?uid=iyWQr1RjYGYoZgnuevZ4p6zVtuw1 HTTP/1.1" 400 36 "-" "Go-http-client/2.0"
::1 - - [30/Mar/2025:00:57:27 +0000] "POST /bank-account/publicTokenWebhook?uid=iyWQr1RjYGYoZgnuevZ4p6zVtuw1 HTTP/1.1" 400 36 "-" "Go-http-client/2.0"
::1 - - [30/Mar/2025:00:57:59 +0000] "POST /bank-account/publicTokenWebhook?uid=iyWQr1RjYGYoZgnuevZ4p6zVtuw1 HTTP/1.1" 400 36 "-" "Go-http-client/2.0"
::1 - - [30/Mar/2025:01:07:54 +0000] "POST /bank-account/publicTokenWebhook?uid=iyWQr1RjYGYoZgnuevZ4p6zVtuw1 HTTP/1.1" 400 36 "-" "Go-http-client/2.0"
::1 - - [30/Mar/2025:01:20:55 +0000] "OPTIONS /admin/plaid HTTP/1.1" 204 0 "http://localhost:4200/" "Mozilla/5.0 (Macintosh; Intel Mac OS X 10_15_7) AppleWebKit/537.36 (KHTML, like Gecko) Chrome/134.0.0.0 Safari/537.36"
::1 - - [30/Mar/2025:01:20:56 +0000] "POST /admin/plaid HTTP/1.1" 200 2104 "http://localhost:4200/" "Mozilla/5.0 (Macintosh; Intel Mac OS X 10_15_7) AppleWebKit/537.36 (KHTML, like Gecko) Chrome/134.0.0.0 Safari/537.36"
::1 - - [30/Mar/2025:01:21:22 +0000] "OPTIONS /admin/plaid HTTP/1.1" 204 0 "http://localhost:4200/" "Mozilla/5.0 (Macintosh; Intel Mac OS X 10_15_7) AppleWebKit/537.36 (KHTML, like Gecko) Chrome/134.0.0.0 Safari/537.36"
::1 - - [30/Mar/2025:01:21:23 +0000] "POST /admin/plaid HTTP/1.1" 200 2104 "http://localhost:4200/" "Mozilla/5.0 (Macintosh; Intel Mac OS X 10_15_7) AppleWebKit/537.36 (KHTML, like Gecko) Chrome/134.0.0.0 Safari/537.36"
::1 - - [30/Mar/2025:01:21:56 +0000] "OPTIONS /admin/plaid/settings HTTP/1.1" 204 0 "http://localhost:4200/" "Mozilla/5.0 (Macintosh; Intel Mac OS X 10_15_7) AppleWebKit/537.36 (KHTML, like Gecko) Chrome/134.0.0.0 Safari/537.36"
::1 - - [30/Mar/2025:01:21:57 +0000] "POST /admin/plaid/settings HTTP/1.1" 200 49 "http://localhost:4200/" "Mozilla/5.0 (Macintosh; Intel Mac OS X 10_15_7) AppleWebKit/537.36 (KHTML, like Gecko) Chrome/134.0.0.0 Safari/537.36"
::1 - - [30/Mar/2025:01:21:57 +0000] "OPTIONS /admin/plaid HTTP/1.1" 204 0 "http://localhost:4200/" "Mozilla/5.0 (Macintosh; Intel Mac OS X 10_15_7) AppleWebKit/537.36 (KHTML, like Gecko) Chrome/134.0.0.0 Safari/537.36"
::1 - - [30/Mar/2025:01:21:57 +0000] "POST /admin/plaid HTTP/1.1" 200 2105 "http://localhost:4200/" "Mozilla/5.0 (Macintosh; Intel Mac OS X 10_15_7) AppleWebKit/537.36 (KHTML, like Gecko) Chrome/134.0.0.0 Safari/537.36"
::ffff:10.0.0.7 - - [30/Mar/2025:01:21:59 +0000] "GET /bank-account/link-token/ HTTP/1.1" 400 67 "-" "expensesmanager/8 CFNetwork/1568.200.51 Darwin/24.2.0"
::1 - - [30/Mar/2025:01:22:03 +0000] "OPTIONS /admin/plaid/settings HTTP/1.1" 204 0 "http://localhost:4200/" "Mozilla/5.0 (Macintosh; Intel Mac OS X 10_15_7) AppleWebKit/537.36 (KHTML, like Gecko) Chrome/134.0.0.0 Safari/537.36"
::1 - - [30/Mar/2025:01:22:03 +0000] "POST /admin/plaid/settings HTTP/1.1" 200 49 "http://localhost:4200/" "Mozilla/5.0 (Macintosh; Intel Mac OS X 10_15_7) AppleWebKit/537.36 (KHTML, like Gecko) Chrome/134.0.0.0 Safari/537.36"
::1 - - [30/Mar/2025:01:22:03 +0000] "OPTIONS /admin/plaid HTTP/1.1" 204 0 "http://localhost:4200/" "Mozilla/5.0 (Macintosh; Intel Mac OS X 10_15_7) AppleWebKit/537.36 (KHTML, like Gecko) Chrome/134.0.0.0 Safari/537.36"
::1 - - [30/Mar/2025:01:22:03 +0000] "POST /admin/plaid HTTP/1.1" 200 2104 "http://localhost:4200/" "Mozilla/5.0 (Macintosh; Intel Mac OS X 10_15_7) AppleWebKit/537.36 (KHTML, like Gecko) Chrome/134.0.0.0 Safari/537.36"
::1 - - [30/Mar/2025:01:24:44 +0000] "OPTIONS /admin/plaid HTTP/1.1" 204 0 "http://localhost:4200/" "Mozilla/5.0 (Macintosh; Intel Mac OS X 10_15_7) AppleWebKit/537.36 (KHTML, like Gecko) Chrome/134.0.0.0 Safari/537.36"
::1 - - [30/Mar/2025:01:24:44 +0000] "POST /admin/plaid HTTP/1.1" 200 2104 "http://localhost:4200/" "Mozilla/5.0 (Macintosh; Intel Mac OS X 10_15_7) AppleWebKit/537.36 (KHTML, like Gecko) Chrome/134.0.0.0 Safari/537.36"
::1 - - [30/Mar/2025:01:25:18 +0000] "OPTIONS /admin/plaid HTTP/1.1" 204 0 "http://localhost:4200/" "Mozilla/5.0 (Macintosh; Intel Mac OS X 10_15_7) AppleWebKit/537.36 (KHTML, like Gecko) Chrome/134.0.0.0 Safari/537.36"
::1 - - [30/Mar/2025:01:25:18 +0000] "POST /admin/plaid HTTP/1.1" 200 2104 "http://localhost:4200/" "Mozilla/5.0 (Macintosh; Intel Mac OS X 10_15_7) AppleWebKit/537.36 (KHTML, like Gecko) Chrome/134.0.0.0 Safari/537.36"
::1 - - [30/Mar/2025:01:25:31 +0000] "POST /bank-account/publicTokenWebhook?uid=iyWQr1RjYGYoZgnuevZ4p6zVtuw1 HTTP/1.1" 400 36 "-" "Go-http-client/2.0"
::1 - - [30/Mar/2025:01:26:05 +0000] "OPTIONS /admin/plaid HTTP/1.1" 204 0 "http://localhost:4200/" "Mozilla/5.0 (Macintosh; Intel Mac OS X 10_15_7) AppleWebKit/537.36 (KHTML, like Gecko) Chrome/134.0.0.0 Safari/537.36"
::1 - - [30/Mar/2025:01:26:05 +0000] "POST /admin/plaid HTTP/1.1" 200 2104 "http://localhost:4200/" "Mozilla/5.0 (Macintosh; Intel Mac OS X 10_15_7) AppleWebKit/537.36 (KHTML, like Gecko) Chrome/134.0.0.0 Safari/537.36"
::1 - - [30/Mar/2025:01:26:08 +0000] "POST /admin/plaid HTTP/1.1" 200 2104 "http://localhost:4200/" "Mozilla/5.0 (Macintosh; Intel Mac OS X 10_15_7) AppleWebKit/537.36 (KHTML, like Gecko) Chrome/134.0.0.0 Safari/537.36"
::1 - - [30/Mar/2025:01:26:10 +0000] "POST /admin/plaid HTTP/1.1" 200 2104 "http://localhost:4200/" "Mozilla/5.0 (Macintosh; Intel Mac OS X 10_15_7) AppleWebKit/537.36 (KHTML, like Gecko) Chrome/134.0.0.0 Safari/537.36"
::1 - - [30/Mar/2025:01:26:12 +0000] "OPTIONS /admin/plaid HTTP/1.1" 204 0 "http://localhost:4200/" "Mozilla/5.0 (Macintosh; Intel Mac OS X 10_15_7) AppleWebKit/537.36 (KHTML, like Gecko) Chrome/134.0.0.0 Safari/537.36"
::1 - - [30/Mar/2025:01:26:12 +0000] "POST /admin/plaid HTTP/1.1" 200 2104 "http://localhost:4200/" "Mozilla/5.0 (Macintosh; Intel Mac OS X 10_15_7) AppleWebKit/537.36 (KHTML, like Gecko) Chrome/134.0.0.0 Safari/537.36"
::1 - - [30/Mar/2025:01:26:15 +0000] "POST /admin/plaid HTTP/1.1" 200 2104 "http://localhost:4200/" "Mozilla/5.0 (Macintosh; Intel Mac OS X 10_15_7) AppleWebKit/537.36 (KHTML, like Gecko) Chrome/134.0.0.0 Safari/537.36"
::1 - - [30/Mar/2025:01:26:17 +0000] "OPTIONS /admin/plaid HTTP/1.1" 204 0 "http://localhost:4200/" "Mozilla/5.0 (Macintosh; Intel Mac OS X 10_15_7) AppleWebKit/537.36 (KHTML, like Gecko) Chrome/134.0.0.0 Safari/537.36"
::1 - - [30/Mar/2025:01:26:17 +0000] "POST /admin/plaid HTTP/1.1" 200 2104 "http://localhost:4200/" "Mozilla/5.0 (Macintosh; Intel Mac OS X 10_15_7) AppleWebKit/537.36 (KHTML, like Gecko) Chrome/134.0.0.0 Safari/537.36"
::1 - - [30/Mar/2025:01:26:21 +0000] "POST /admin/plaid HTTP/1.1" 200 2104 "http://localhost:4200/" "Mozilla/5.0 (Macintosh; Intel Mac OS X 10_15_7) AppleWebKit/537.36 (KHTML, like Gecko) Chrome/134.0.0.0 Safari/537.36"
::1 - - [30/Mar/2025:01:27:18 +0000] "OPTIONS /admin/plaid HTTP/1.1" 204 0 "http://localhost:4200/" "Mozilla/5.0 (Macintosh; Intel Mac OS X 10_15_7) AppleWebKit/537.36 (KHTML, like Gecko) Chrome/134.0.0.0 Safari/537.36"
::1 - - [30/Mar/2025:01:27:18 +0000] "POST /admin/plaid HTTP/1.1" 200 2104 "http://localhost:4200/" "Mozilla/5.0 (Macintosh; Intel Mac OS X 10_15_7) AppleWebKit/537.36 (KHTML, like Gecko) Chrome/134.0.0.0 Safari/537.36"
::1 - - [30/Mar/2025:01:27:24 +0000] "OPTIONS /admin/plaid HTTP/1.1" 204 0 "http://localhost:4200/" "Mozilla/5.0 (Macintosh; Intel Mac OS X 10_15_7) AppleWebKit/537.36 (KHTML, like Gecko) Chrome/134.0.0.0 Safari/537.36"
::1 - - [30/Mar/2025:01:27:24 +0000] "POST /admin/plaid HTTP/1.1" 200 2104 "http://localhost:4200/" "Mozilla/5.0 (Macintosh; Intel Mac OS X 10_15_7) AppleWebKit/537.36 (KHTML, like Gecko) Chrome/134.0.0.0 Safari/537.36"
::1 - - [30/Mar/2025:01:27:36 +0000] "OPTIONS /admin/plaid HTTP/1.1" 204 0 "http://localhost:4200/" "Mozilla/5.0 (Macintosh; Intel Mac OS X 10_15_7) AppleWebKit/537.36 (KHTML, like Gecko) Chrome/134.0.0.0 Safari/537.36"
::1 - - [30/Mar/2025:01:27:37 +0000] "POST /admin/plaid HTTP/1.1" 200 2104 "http://localhost:4200/" "Mozilla/5.0 (Macintosh; Intel Mac OS X 10_15_7) AppleWebKit/537.36 (KHTML, like Gecko) Chrome/134.0.0.0 Safari/537.36"
::1 - - [30/Mar/2025:01:28:39 +0000] "OPTIONS /admin/plaid HTTP/1.1" 204 0 "http://localhost:4200/" "Mozilla/5.0 (Macintosh; Intel Mac OS X 10_15_7) AppleWebKit/537.36 (KHTML, like Gecko) Chrome/134.0.0.0 Safari/537.36"
::1 - - [30/Mar/2025:01:28:40 +0000] "POST /admin/plaid HTTP/1.1" 200 2104 "http://localhost:4200/" "Mozilla/5.0 (Macintosh; Intel Mac OS X 10_15_7) AppleWebKit/537.36 (KHTML, like Gecko) Chrome/134.0.0.0 Safari/537.36"
::1 - - [30/Mar/2025:01:29:57 +0000] "POST /bank-account/publicTokenWebhook?uid=iyWQr1RjYGYoZgnuevZ4p6zVtuw1 HTTP/1.1" 400 36 "-" "Go-http-client/2.0"
::1 - - [30/Mar/2025:01:32:12 +0000] "OPTIONS /admin/plaid/settings HTTP/1.1" 204 0 "http://localhost:4200/" "Mozilla/5.0 (Macintosh; Intel Mac OS X 10_15_7) AppleWebKit/537.36 (KHTML, like Gecko) Chrome/134.0.0.0 Safari/537.36"
::1 - - [30/Mar/2025:01:32:13 +0000] "POST /admin/plaid/settings HTTP/1.1" 200 49 "http://localhost:4200/" "Mozilla/5.0 (Macintosh; Intel Mac OS X 10_15_7) AppleWebKit/537.36 (KHTML, like Gecko) Chrome/134.0.0.0 Safari/537.36"
::1 - - [30/Mar/2025:01:32:13 +0000] "OPTIONS /admin/plaid HTTP/1.1" 204 0 "http://localhost:4200/" "Mozilla/5.0 (Macintosh; Intel Mac OS X 10_15_7) AppleWebKit/537.36 (KHTML, like Gecko) Chrome/134.0.0.0 Safari/537.36"
::1 - - [30/Mar/2025:01:32:14 +0000] "POST /admin/plaid HTTP/1.1" 200 2104 "http://localhost:4200/" "Mozilla/5.0 (Macintosh; Intel Mac OS X 10_15_7) AppleWebKit/537.36 (KHTML, like Gecko) Chrome/134.0.0.0 Safari/537.36"
::1 - - [30/Mar/2025:01:33:22 +0000] "OPTIONS /admin/plaid/settings HTTP/1.1" 204 0 "http://localhost:4200/" "Mozilla/5.0 (Macintosh; Intel Mac OS X 10_15_7) AppleWebKit/537.36 (KHTML, like Gecko) Chrome/134.0.0.0 Safari/537.36"
::1 - - [30/Mar/2025:01:33:23 +0000] "POST /admin/plaid/settings HTTP/1.1" 200 49 "http://localhost:4200/" "Mozilla/5.0 (Macintosh; Intel Mac OS X 10_15_7) AppleWebKit/537.36 (KHTML, like Gecko) Chrome/134.0.0.0 Safari/537.36"
::1 - - [30/Mar/2025:01:33:23 +0000] "OPTIONS /admin/plaid HTTP/1.1" 204 0 "http://localhost:4200/" "Mozilla/5.0 (Macintosh; Intel Mac OS X 10_15_7) AppleWebKit/537.36 (KHTML, like Gecko) Chrome/134.0.0.0 Safari/537.36"
::1 - - [30/Mar/2025:01:33:23 +0000] "POST /admin/plaid HTTP/1.1" 200 2104 "http://localhost:4200/" "Mozilla/5.0 (Macintosh; Intel Mac OS X 10_15_7) AppleWebKit/537.36 (KHTML, like Gecko) Chrome/134.0.0.0 Safari/537.36"
::1 - - [30/Mar/2025:01:34:27 +0000] "OPTIONS /admin/plaid/settings HTTP/1.1" 204 0 "http://localhost:4200/" "Mozilla/5.0 (Macintosh; Intel Mac OS X 10_15_7) AppleWebKit/537.36 (KHTML, like Gecko) Chrome/134.0.0.0 Safari/537.36"
::1 - - [30/Mar/2025:01:34:28 +0000] "POST /admin/plaid/settings HTTP/1.1" 200 49 "http://localhost:4200/" "Mozilla/5.0 (Macintosh; Intel Mac OS X 10_15_7) AppleWebKit/537.36 (KHTML, like Gecko) Chrome/134.0.0.0 Safari/537.36"
::1 - - [30/Mar/2025:01:34:28 +0000] "OPTIONS /admin/plaid HTTP/1.1" 204 0 "http://localhost:4200/" "Mozilla/5.0 (Macintosh; Intel Mac OS X 10_15_7) AppleWebKit/537.36 (KHTML, like Gecko) Chrome/134.0.0.0 Safari/537.36"
::1 - - [30/Mar/2025:01:34:28 +0000] "POST /admin/plaid HTTP/1.1" 200 2132 "http://localhost:4200/" "Mozilla/5.0 (Macintosh; Intel Mac OS X 10_15_7) AppleWebKit/537.36 (KHTML, like Gecko) Chrome/134.0.0.0 Safari/537.36"
::1 - - [30/Mar/2025:01:34:32 +0000] "POST /admin/plaid HTTP/1.1" 200 2132 "http://localhost:4200/" "Mozilla/5.0 (Macintosh; Intel Mac OS X 10_15_7) AppleWebKit/537.36 (KHTML, like Gecko) Chrome/134.0.0.0 Safari/537.36"
::1 - - [30/Mar/2025:01:34:55 +0000] "OPTIONS /admin/plaid HTTP/1.1" 204 0 "http://localhost:4200/" "Mozilla/5.0 (Macintosh; Intel Mac OS X 10_15_7) AppleWebKit/537.36 (KHTML, like Gecko) Chrome/134.0.0.0 Safari/537.36"
::1 - - [30/Mar/2025:01:34:55 +0000] "POST /admin/plaid HTTP/1.1" 200 2132 "http://localhost:4200/" "Mozilla/5.0 (Macintosh; Intel Mac OS X 10_15_7) AppleWebKit/537.36 (KHTML, like Gecko) Chrome/134.0.0.0 Safari/537.36"
::1 - - [30/Mar/2025:01:35:01 +0000] "OPTIONS /admin/plaid HTTP/1.1" 204 0 "http://localhost:4200/" "Mozilla/5.0 (Macintosh; Intel Mac OS X 10_15_7) AppleWebKit/537.36 (KHTML, like Gecko) Chrome/134.0.0.0 Safari/537.36"
::1 - - [30/Mar/2025:01:35:02 +0000] "POST /admin/plaid HTTP/1.1" 200 2132 "http://localhost:4200/" "Mozilla/5.0 (Macintosh; Intel Mac OS X 10_15_7) AppleWebKit/537.36 (KHTML, like Gecko) Chrome/134.0.0.0 Safari/537.36"
::1 - - [30/Mar/2025:01:35:04 +0000] "POST /admin/plaid HTTP/1.1" 200 2132 "http://localhost:4200/" "Mozilla/5.0 (Macintosh; Intel Mac OS X 10_15_7) AppleWebKit/537.36 (KHTML, like Gecko) Chrome/134.0.0.0 Safari/537.36"
::1 - - [30/Mar/2025:01:35:10 +0000] "OPTIONS /admin/plaid/settings HTTP/1.1" 204 0 "http://localhost:4200/" "Mozilla/5.0 (Macintosh; Intel Mac OS X 10_15_7) AppleWebKit/537.36 (KHTML, like Gecko) Chrome/134.0.0.0 Safari/537.36"
::1 - - [30/Mar/2025:01:35:11 +0000] "POST /admin/plaid/settings HTTP/1.1" 400 157 "http://localhost:4200/" "Mozilla/5.0 (Macintosh; Intel Mac OS X 10_15_7) AppleWebKit/537.36 (KHTML, like Gecko) Chrome/134.0.0.0 Safari/537.36"
::1 - - [30/Mar/2025:01:35:26 +0000] "OPTIONS /admin/plaid HTTP/1.1" 204 0 "http://localhost:4200/" "Mozilla/5.0 (Macintosh; Intel Mac OS X 10_15_7) AppleWebKit/537.36 (KHTML, like Gecko) Chrome/134.0.0.0 Safari/537.36"
::1 - - [30/Mar/2025:01:35:27 +0000] "POST /admin/plaid HTTP/1.1" 200 2132 "http://localhost:4200/" "Mozilla/5.0 (Macintosh; Intel Mac OS X 10_15_7) AppleWebKit/537.36 (KHTML, like Gecko) Chrome/134.0.0.0 Safari/537.36"
::1 - - [30/Mar/2025:01:35:39 +0000] "OPTIONS /admin/plaid/settings HTTP/1.1" 204 0 "http://localhost:4200/" "Mozilla/5.0 (Macintosh; Intel Mac OS X 10_15_7) AppleWebKit/537.36 (KHTML, like Gecko) Chrome/134.0.0.0 Safari/537.36"
::1 - - [30/Mar/2025:01:35:39 +0000] "POST /admin/plaid/settings HTTP/1.1" 400 157 "http://localhost:4200/" "Mozilla/5.0 (Macintosh; Intel Mac OS X 10_15_7) AppleWebKit/537.36 (KHTML, like Gecko) Chrome/134.0.0.0 Safari/537.36"
::1 - - [30/Mar/2025:01:35:42 +0000] "POST /admin/plaid/settings HTTP/1.1" 200 49 "http://localhost:4200/" "Mozilla/5.0 (Macintosh; Intel Mac OS X 10_15_7) AppleWebKit/537.36 (KHTML, like Gecko) Chrome/134.0.0.0 Safari/537.36"
::1 - - [30/Mar/2025:01:35:43 +0000] "OPTIONS /admin/plaid HTTP/1.1" 204 0 "http://localhost:4200/" "Mozilla/5.0 (Macintosh; Intel Mac OS X 10_15_7) AppleWebKit/537.36 (KHTML, like Gecko) Chrome/134.0.0.0 Safari/537.36"
::1 - - [30/Mar/2025:01:35:43 +0000] "POST /admin/plaid HTTP/1.1" 200 2132 "http://localhost:4200/" "Mozilla/5.0 (Macintosh; Intel Mac OS X 10_15_7) AppleWebKit/537.36 (KHTML, like Gecko) Chrome/134.0.0.0 Safari/537.36"
::1 - - [30/Mar/2025:01:35:46 +0000] "POST /admin/plaid HTTP/1.1" 200 2132 "http://localhost:4200/" "Mozilla/5.0 (Macintosh; Intel Mac OS X 10_15_7) AppleWebKit/537.36 (KHTML, like Gecko) Chrome/134.0.0.0 Safari/537.36"
::1 - - [30/Mar/2025:01:35:47 +0000] "POST /admin/plaid HTTP/1.1" 200 2132 "http://localhost:4200/" "Mozilla/5.0 (Macintosh; Intel Mac OS X 10_15_7) AppleWebKit/537.36 (KHTML, like Gecko) Chrome/134.0.0.0 Safari/537.36"
::ffff:10.0.0.7 - - [30/Mar/2025:01:46:46 +0000] "GET /bank-account/link-token/ HTTP/1.1" 400 110 "-" "expensesmanager/8 CFNetwork/1568.200.51 Darwin/24.2.0"
::1 - - [30/Mar/2025:01:47:00 +0000] "OPTIONS /admin/plaid/settings HTTP/1.1" 204 0 "http://localhost:4200/" "Mozilla/5.0 (Macintosh; Intel Mac OS X 10_15_7) AppleWebKit/537.36 (KHTML, like Gecko) Chrome/134.0.0.0 Safari/537.36"
::1 - - [30/Mar/2025:01:47:00 +0000] "POST /admin/plaid/settings HTTP/1.1" 200 49 "http://localhost:4200/" "Mozilla/5.0 (Macintosh; Intel Mac OS X 10_15_7) AppleWebKit/537.36 (KHTML, like Gecko) Chrome/134.0.0.0 Safari/537.36"
::1 - - [30/Mar/2025:01:47:00 +0000] "OPTIONS /admin/plaid HTTP/1.1" 204 0 "http://localhost:4200/" "Mozilla/5.0 (Macintosh; Intel Mac OS X 10_15_7) AppleWebKit/537.36 (KHTML, like Gecko) Chrome/134.0.0.0 Safari/537.36"
::1 - - [30/Mar/2025:01:47:00 +0000] "POST /admin/plaid HTTP/1.1" 200 2133 "http://localhost:4200/" "Mozilla/5.0 (Macintosh; Intel Mac OS X 10_15_7) AppleWebKit/537.36 (KHTML, like Gecko) Chrome/134.0.0.0 Safari/537.36"
::ffff:10.0.0.7 - - [30/Mar/2025:01:47:05 +0000] "GET /bank-account/link-token/ HTTP/1.1" 200 109 "-" "expensesmanager/8 CFNetwork/1568.200.51 Darwin/24.2.0"
::1 - - [30/Mar/2025:01:47:13 +0000] "POST /bank-account/publicTokenWebhook?uid=iyWQr1RjYGYoZgnuevZ4p6zVtuw1 HTTP/1.1" 400 76 "-" "Go-http-client/2.0"
::ffff:10.0.0.7 - - [30/Mar/2025:01:47:21 +0000] "GET /bank-account/accounts/ HTTP/1.1" 304 - "-" "expensesmanager/8 CFNetwork/1568.200.51 Darwin/24.2.0"
::1 - - [30/Mar/2025:01:47:44 +0000] "POST /bank-account/publicTokenWebhook?uid=iyWQr1RjYGYoZgnuevZ4p6zVtuw1 HTTP/1.1" 400 76 "-" "Go-http-client/2.0"
::1 - - [30/Mar/2025:01:49:45 +0000] "POST /bank-account/publicTokenWebhook?uid=iyWQr1RjYGYoZgnuevZ4p6zVtuw1 HTTP/1.1" 400 76 "-" "Go-http-client/2.0"
::1 - - [30/Mar/2025:01:57:45 +0000] "POST /bank-account/publicTokenWebhook?uid=iyWQr1RjYGYoZgnuevZ4p6zVtuw1 HTTP/1.1" 400 76 "-" "Go-http-client/2.0"
::ffff:10.0.0.7 - - [30/Mar/2025:02:01:39 +0000] "GET /bank-account/link-token/ HTTP/1.1" 200 109 "-" "expensesmanager/8 CFNetwork/1568.200.51 Darwin/24.2.0"
::1 - - [30/Mar/2025:02:01:56 +0000] "POST /bank-account/publicTokenWebhook?uid=iyWQr1RjYGYoZgnuevZ4p6zVtuw1 HTTP/1.1" 400 76 "-" "Go-http-client/2.0"
::ffff:10.0.0.7 - - [30/Mar/2025:02:02:04 +0000] "POST /bank-account/unlink/ HTTP/1.1" 200 49 "-" "expensesmanager/8 CFNetwork/1568.200.51 Darwin/24.2.0"
::ffff:10.0.0.7 - - [30/Mar/2025:02:02:05 +0000] "GET /bank-account/accounts/ HTTP/1.1" 200 32673 "-" "expensesmanager/8 CFNetwork/1568.200.51 Darwin/24.2.0"
::ffff:10.0.0.7 - - [30/Mar/2025:02:02:08 +0000] "GET /bank-account/link-token/ HTTP/1.1" 200 109 "-" "expensesmanager/8 CFNetwork/1568.200.51 Darwin/24.2.0"
::1 - - [30/Mar/2025:02:02:26 +0000] "POST /bank-account/publicTokenWebhook?uid=iyWQr1RjYGYoZgnuevZ4p6zVtuw1 HTTP/1.1" 400 76 "-" "Go-http-client/2.0"
