::1 - - [20/Mar/2025:04:00:43 +0000] "POST /plaid/publicTokenWebhook?uid=shZE8UeO1kNdOZEzRsrTqdQyS9W2 HTTP/1.1" 400 27 "-" "Go-http-client/2.0"
::1 - - [20/Mar/2025:04:00:49 +0000] "POST /plaid/publicTokenWebhook?uid=shZE8UeO1kNdOZEzRsrTqdQyS9W2 HTTP/1.1" 400 27 "-" "Go-http-client/2.0"
::1 - - [20/Mar/2025:04:00:50 +0000] "POST /plaid/publicTokenWebhook?uid=shZE8UeO1kNdOZEzRsrTqdQyS9W2 HTTP/1.1" 400 27 "-" "Go-http-client/2.0"
::ffff:10.0.0.7 - - [20/Mar/2025:04:02:32 +0000] "GET /plaid/accounts/ HTTP/1.1" 200 25862 "-" "expensesmanager/8 CFNetwork/1568.200.51 Darwin/24.2.0"
::1 - - [20/Mar/2025:14:52:11 +0000] "POST /plaid/publicTokenWebhook?uid=spl8wOi213gKu73RDUhPXviOC9V2 HTTP/1.1" 400 36 "-" "Go-http-client/2.0"
::1 - - [20/Mar/2025:14:52:35 +0000] "POST /plaid/publicTokenWebhook?uid=spl8wOi213gKu73RDUhPXviOC9V2 HTTP/1.1" 400 36 "-" "Go-http-client/2.0"
::1 - - [20/Mar/2025:14:52:42 +0000] "POST /plaid/publicTokenWebhook?uid=spl8wOi213gKu73RDUhPXviOC9V2 HTTP/1.1" 400 36 "-" "Go-http-client/2.0"
::1 - - [20/Mar/2025:14:52:42 +0000] "POST /plaid/publicTokenWebhook?uid=spl8wOi213gKu73RDUhPXviOC9V2 HTTP/1.1" 400 36 "-" "Go-http-client/2.0"
::1 - - [20/Mar/2025:14:52:51 +0000] "POST /plaid/publicTokenWebhook?uid=spl8wOi213gKu73RDUhPXviOC9V2 HTTP/1.1" 400 36 "-" "Go-http-client/2.0"
::1 - - [20/Mar/2025:14:52:51 +0000] "POST /plaid/publicTokenWebhook?uid=spl8wOi213gKu73RDUhPXviOC9V2 HTTP/1.1" 400 36 "-" "Go-http-client/2.0"
::1 - - [20/Mar/2025:14:54:23 +0000] "POST /plaid/publicTokenWebhook?uid=spl8wOi213gKu73RDUhPXviOC9V2 HTTP/1.1" 400 36 "-" "Go-http-client/2.0"
::1 - - [20/Mar/2025:14:54:29 +0000] "POST /plaid/publicTokenWebhook?uid=spl8wOi213gKu73RDUhPXviOC9V2 HTTP/1.1" 400 36 "-" "Go-http-client/2.0"
::1 - - [20/Mar/2025:14:54:30 +0000] "POST /plaid/publicTokenWebhook?uid=spl8wOi213gKu73RDUhPXviOC9V2 HTTP/1.1" 400 36 "-" "Go-http-client/2.0"
::1 - - [20/Mar/2025:18:49:57 +0000] "POST /plaid/publicTokenWebhook?uid=shZE8UeO1kNdOZEzRsrTqdQyS9W2 HTTP/1.1" 400 27 "-" "Go-http-client/2.0"
::1 - - [20/Mar/2025:22:08:39 +0000] "OPTIONS /admin/auth HTTP/1.1" 204 0 "http://localhost:4200/" "Mozilla/5.0 (Macintosh; Intel Mac OS X 10_15_7) AppleWebKit/537.36 (KHTML, like Gecko) Chrome/134.0.0.0 Safari/537.36"
::ffff:10.0.0.7 - - [20/Mar/2025:22:08:48 +0000] "POST /notification/enable-notifications/ HTTP/1.1" 200 48 "-" "expensesmanager/8 CFNetwork/1568.200.51 Darwin/24.2.0"
::ffff:10.0.0.7 - - [20/Mar/2025:22:15:18 +0000] "GET /plaid/accounts/ HTTP/1.1" 304 - "-" "expensesmanager/8 CFNetwork/1568.200.51 Darwin/24.2.0"
::ffff:10.0.0.7 - - [20/Mar/2025:22:15:24 +0000] "GET /plaid/accounts/ HTTP/1.1" 200 25862 "-" "expensesmanager/8 CFNetwork/1568.200.51 Darwin/24.2.0"
::ffff:10.0.0.7 - - [20/Mar/2025:22:34:41 +0000] "GET /plaid/accounts/ HTTP/1.1" 200 25862 "-" "expensesmanager/8 CFNetwork/1568.200.51 Darwin/24.2.0"
::ffff:10.0.0.7 - - [20/Mar/2025:22:34:45 +0000] "GET /plaid/accounts/ HTTP/1.1" 200 25862 "-" "expensesmanager/8 CFNetwork/1568.200.51 Darwin/24.2.0"
::ffff:10.0.0.7 - - [20/Mar/2025:22:35:42 +0000] "GET /plaid/accounts/ HTTP/1.1" 304 - "-" "expensesmanager/8 CFNetwork/1568.200.51 Darwin/24.2.0"
::ffff:10.0.0.7 - - [20/Mar/2025:22:35:45 +0000] "GET /plaid/accounts/ HTTP/1.1" 200 25862 "-" "expensesmanager/8 CFNetwork/1568.200.51 Darwin/24.2.0"
::ffff:10.0.0.7 - - [20/Mar/2025:22:36:04 +0000] "GET /plaid/accounts/ HTTP/1.1" 200 25862 "-" "expensesmanager/8 CFNetwork/1568.200.51 Darwin/24.2.0"
::ffff:10.0.0.7 - - [20/Mar/2025:22:36:15 +0000] "GET /plaid/accounts/ HTTP/1.1" 200 25862 "-" "expensesmanager/8 CFNetwork/1568.200.51 Darwin/24.2.0"
::ffff:10.0.0.7 - - [20/Mar/2025:22:36:20 +0000] "GET /plaid/accounts/ HTTP/1.1" 200 25862 "-" "expensesmanager/8 CFNetwork/1568.200.51 Darwin/24.2.0"
::ffff:10.0.0.7 - - [20/Mar/2025:22:37:21 +0000] "GET /plaid/accounts/ HTTP/1.1" 200 25862 "-" "expensesmanager/8 CFNetwork/1568.200.51 Darwin/24.2.0"
::ffff:10.0.0.7 - - [20/Mar/2025:22:38:17 +0000] "GET /plaid/accounts/ HTTP/1.1" 200 25862 "-" "expensesmanager/8 CFNetwork/1568.200.51 Darwin/24.2.0"
::ffff:10.0.0.7 - - [20/Mar/2025:22:38:29 +0000] "GET /plaid/accounts/ HTTP/1.1" 200 25862 "-" "expensesmanager/8 CFNetwork/1568.200.51 Darwin/24.2.0"
::ffff:10.0.0.7 - - [20/Mar/2025:22:38:39 +0000] "GET /plaid/accounts/ HTTP/1.1" 200 25862 "-" "expensesmanager/8 CFNetwork/1568.200.51 Darwin/24.2.0"
::ffff:10.0.0.7 - - [20/Mar/2025:22:38:41 +0000] "GET /plaid/link-token/ HTTP/1.1" 200 109 "-" "expensesmanager/8 CFNetwork/1568.200.51 Darwin/24.2.0"
::1 - - [20/Mar/2025:22:38:46 +0000] "POST /plaid/publicTokenWebhook?uid=spl8wOi213gKu73RDUhPXviOC9V2 HTTP/1.1" 400 36 "-" "Go-http-client/2.0"
::ffff:10.0.0.7 - - [20/Mar/2025:22:38:51 +0000] "GET /plaid/accounts/ HTTP/1.1" 200 25862 "-" "expensesmanager/8 CFNetwork/1568.200.51 Darwin/24.2.0"
::1 - - [20/Mar/2025:22:39:17 +0000] "POST /plaid/publicTokenWebhook?uid=spl8wOi213gKu73RDUhPXviOC9V2 HTTP/1.1" 400 36 "-" "Go-http-client/2.0"
::1 - - [20/Mar/2025:22:41:17 +0000] "POST /plaid/publicTokenWebhook?uid=spl8wOi213gKu73RDUhPXviOC9V2 HTTP/1.1" 400 36 "-" "Go-http-client/2.0"
::ffff:10.0.0.7 - - [20/Mar/2025:22:41:38 +0000] "GET /plaid/accounts/ HTTP/1.1" 200 25862 "-" "expensesmanager/8 CFNetwork/1568.200.51 Darwin/24.2.0"
::ffff:10.0.0.7 - - [20/Mar/2025:22:41:45 +0000] "GET /plaid/accounts/ HTTP/1.1" 200 25862 "-" "expensesmanager/8 CFNetwork/1568.200.51 Darwin/24.2.0"
::ffff:10.0.0.7 - - [20/Mar/2025:22:41:49 +0000] "GET /plaid/accounts/ HTTP/1.1" 200 25862 "-" "expensesmanager/8 CFNetwork/1568.200.51 Darwin/24.2.0"
::ffff:10.0.0.7 - - [20/Mar/2025:22:42:57 +0000] "GET /plaid/accounts/ HTTP/1.1" 200 25862 "-" "expensesmanager/8 CFNetwork/1568.200.51 Darwin/24.2.0"
::ffff:10.0.0.7 - - [20/Mar/2025:22:43:02 +0000] "GET /plaid/accounts/ HTTP/1.1" 200 25862 "-" "expensesmanager/8 CFNetwork/1568.200.51 Darwin/24.2.0"
::ffff:10.0.0.7 - - [20/Mar/2025:22:43:04 +0000] "GET /plaid/accounts/ HTTP/1.1" 200 25862 "-" "expensesmanager/8 CFNetwork/1568.200.51 Darwin/24.2.0"
::ffff:10.0.0.7 - - [20/Mar/2025:22:43:09 +0000] "GET /plaid/accounts/ HTTP/1.1" 304 - "-" "expensesmanager/8 CFNetwork/1568.200.51 Darwin/24.2.0"
::ffff:10.0.0.7 - - [20/Mar/2025:22:43:16 +0000] "GET /plaid/accounts/ HTTP/1.1" 200 25862 "-" "expensesmanager/8 CFNetwork/1568.200.51 Darwin/24.2.0"
::ffff:10.0.0.7 - - [20/Mar/2025:22:43:28 +0000] "GET /plaid/accounts/ HTTP/1.1" 200 25862 "-" "expensesmanager/8 CFNetwork/1568.200.51 Darwin/24.2.0"
::ffff:10.0.0.7 - - [20/Mar/2025:22:44:36 +0000] "GET /plaid/accounts/ HTTP/1.1" 200 25862 "-" "expensesmanager/8 CFNetwork/1568.200.51 Darwin/24.2.0"
::ffff:10.0.0.7 - - [20/Mar/2025:22:45:29 +0000] "GET /plaid/accounts/ HTTP/1.1" 200 25862 "-" "expensesmanager/8 CFNetwork/1568.200.51 Darwin/24.2.0"
::ffff:10.0.0.7 - - [20/Mar/2025:22:45:35 +0000] "GET /plaid/accounts/ HTTP/1.1" 200 25862 "-" "expensesmanager/8 CFNetwork/1568.200.51 Darwin/24.2.0"
::ffff:10.0.0.7 - - [20/Mar/2025:22:45:44 +0000] "GET /plaid/accounts/ HTTP/1.1" 200 25862 "-" "expensesmanager/8 CFNetwork/1568.200.51 Darwin/24.2.0"
::ffff:10.0.0.7 - - [20/Mar/2025:22:46:09 +0000] "GET /plaid/accounts/ HTTP/1.1" 200 25862 "-" "expensesmanager/8 CFNetwork/1568.200.51 Darwin/24.2.0"
::ffff:10.0.0.7 - - [20/Mar/2025:22:46:22 +0000] "GET /plaid/accounts/ HTTP/1.1" 200 25862 "-" "expensesmanager/8 CFNetwork/1568.200.51 Darwin/24.2.0"
::ffff:10.0.0.7 - - [20/Mar/2025:22:46:31 +0000] "GET /plaid/accounts/ HTTP/1.1" 200 25862 "-" "expensesmanager/8 CFNetwork/1568.200.51 Darwin/24.2.0"
::1 - - [20/Mar/2025:22:49:17 +0000] "POST /plaid/publicTokenWebhook?uid=spl8wOi213gKu73RDUhPXviOC9V2 HTTP/1.1" 400 36 "-" "Go-http-client/2.0"
::ffff:10.0.0.7 - - [20/Mar/2025:23:16:43 +0000] "GET /plaid/accounts/ HTTP/1.1" 200 25862 "-" "expensesmanager/8 CFNetwork/1568.200.51 Darwin/24.2.0"
::ffff:10.0.0.7 - - [20/Mar/2025:23:17:13 +0000] "GET /plaid/accounts/ HTTP/1.1" 200 25862 "-" "expensesmanager/8 CFNetwork/1568.200.51 Darwin/24.2.0"
::1 - - [20/Mar/2025:23:21:16 +0000] "POST /plaid/publicTokenWebhook?uid=spl8wOi213gKu73RDUhPXviOC9V2 HTTP/1.1" 400 36 "-" "Go-http-client/2.0"
::ffff:10.0.0.7 - - [20/Mar/2025:23:25:50 +0000] "GET /plaid/accounts/ HTTP/1.1" 200 25862 "-" "expensesmanager/8 CFNetwork/1568.200.51 Darwin/24.2.0"
::1 - - [20/Mar/2025:23:36:01 +0000] "GET /admin/auth HTTP/1.1" - - "http://localhost:4200/" "Mozilla/5.0 (Macintosh; Intel Mac OS X 10_15_7) AppleWebKit/537.36 (KHTML, like Gecko) Chrome/134.0.0.0 Safari/537.36"
::1 - - [20/Mar/2025:23:36:02 +0000] "OPTIONS /admin/auth HTTP/1.1" 204 0 "http://localhost:4200/" "Mozilla/5.0 (Macintosh; Intel Mac OS X 10_15_7) AppleWebKit/537.36 (KHTML, like Gecko) Chrome/134.0.0.0 Safari/537.36"
::1 - - [20/Mar/2025:23:36:02 +0000] "GET /admin/auth HTTP/1.1" 401 45 "http://localhost:4200/" "Mozilla/5.0 (Macintosh; Intel Mac OS X 10_15_7) AppleWebKit/537.36 (KHTML, like Gecko) Chrome/134.0.0.0 Safari/537.36"
::1 - - [20/Mar/2025:23:36:42 +0000] "GET /admin/auth/refresh HTTP/1.1" - - "http://localhost:4200/" "Mozilla/5.0 (Macintosh; Intel Mac OS X 10_15_7) AppleWebKit/537.36 (KHTML, like Gecko) Chrome/134.0.0.0 Safari/537.36"
::1 - - [20/Mar/2025:23:36:42 +0000] "OPTIONS /admin/auth HTTP/1.1" 204 0 "http://localhost:4200/" "Mozilla/5.0 (Macintosh; Intel Mac OS X 10_15_7) AppleWebKit/537.36 (KHTML, like Gecko) Chrome/134.0.0.0 Safari/537.36"
::1 - - [20/Mar/2025:23:36:42 +0000] "GET /admin/auth HTTP/1.1" 401 45 "http://localhost:4200/" "Mozilla/5.0 (Macintosh; Intel Mac OS X 10_15_7) AppleWebKit/537.36 (KHTML, like Gecko) Chrome/134.0.0.0 Safari/537.36"
::1 - - [20/Mar/2025:23:36:45 +0000] "GET /admin/auth/refresh HTTP/1.1" - - "http://localhost:4200/" "Mozilla/5.0 (Macintosh; Intel Mac OS X 10_15_7) AppleWebKit/537.36 (KHTML, like Gecko) Chrome/134.0.0.0 Safari/537.36"
::1 - - [20/Mar/2025:23:36:45 +0000] "GET /admin/auth HTTP/1.1" 401 45 "http://localhost:4200/" "Mozilla/5.0 (Macintosh; Intel Mac OS X 10_15_7) AppleWebKit/537.36 (KHTML, like Gecko) Chrome/134.0.0.0 Safari/537.36"
::ffff:10.0.0.7 - - [20/Mar/2025:23:41:16 +0000] "GET /plaid/accounts/ HTTP/1.1" 200 25862 "-" "expensesmanager/8 CFNetwork/1568.200.51 Darwin/24.2.0"
::ffff:10.0.0.7 - - [20/Mar/2025:23:41:52 +0000] "GET /plaid/accounts/ HTTP/1.1" 200 25862 "-" "expensesmanager/8 CFNetwork/1568.200.51 Darwin/24.2.0"
::ffff:10.0.0.7 - - [20/Mar/2025:23:41:59 +0000] "GET /plaid/accounts/ HTTP/1.1" 304 - "-" "expensesmanager/8 CFNetwork/1568.200.51 Darwin/24.2.0"
::ffff:10.0.0.7 - - [20/Mar/2025:23:42:22 +0000] "GET /plaid/accounts/ HTTP/1.1" 200 25862 "-" "expensesmanager/8 CFNetwork/1568.200.51 Darwin/24.2.0"
::ffff:10.0.0.7 - - [20/Mar/2025:23:42:49 +0000] "GET /plaid/accounts/ HTTP/1.1" 304 - "-" "expensesmanager/8 CFNetwork/1568.200.51 Darwin/24.2.0"
::ffff:10.0.0.7 - - [20/Mar/2025:23:58:38 +0000] "GET /plaid/accounts/ HTTP/1.1" 304 - "-" "expensesmanager/8 CFNetwork/1568.200.51 Darwin/24.2.0"
::ffff:10.0.0.7 - - [21/Mar/2025:00:20:34 +0000] "GET /plaid/accounts/ HTTP/1.1" 200 25862 "-" "expensesmanager/8 CFNetwork/1568.200.51 Darwin/24.2.0"
::ffff:10.0.0.7 - - [21/Mar/2025:00:20:44 +0000] "GET /plaid/accounts/ HTTP/1.1" 200 25862 "-" "expensesmanager/8 CFNetwork/1568.200.51 Darwin/24.2.0"
::ffff:10.0.0.7 - - [21/Mar/2025:00:20:55 +0000] "GET /plaid/accounts/ HTTP/1.1" 200 25862 "-" "expensesmanager/8 CFNetwork/1568.200.51 Darwin/24.2.0"
::ffff:10.0.0.7 - - [21/Mar/2025:00:21:02 +0000] "GET /plaid/accounts/ HTTP/1.1" 200 25862 "-" "expensesmanager/8 CFNetwork/1568.200.51 Darwin/24.2.0"
::ffff:10.0.0.7 - - [21/Mar/2025:00:30:17 +0000] "GET /plaid/accounts/ HTTP/1.1" 404 154 "-" "expensesmanager/8 CFNetwork/1568.200.51 Darwin/24.2.0"
::ffff:10.0.0.7 - - [21/Mar/2025:00:30:17 +0000] "GET /plaid/accounts/ HTTP/1.1" 404 154 "-" "expensesmanager/8 CFNetwork/1568.200.51 Darwin/24.2.0"
::ffff:10.0.0.7 - - [21/Mar/2025:00:30:24 +0000] "GET /bankAccount/accounts/ HTTP/1.1" 200 25862 "-" "expensesmanager/8 CFNetwork/1568.200.51 Darwin/24.2.0"
::1 - - [21/Mar/2025:01:29:16 +0000] "POST /plaid/publicTokenWebhook?uid=spl8wOi213gKu73RDUhPXviOC9V2 HTTP/1.1" 404 164 "-" "Go-http-client/2.0"
::ffff:10.0.0.7 - - [21/Mar/2025:01:29:48 +0000] "GET /bankAccount/accounts/ HTTP/1.1" 404 160 "-" "expensesmanager/8 CFNetwork/1568.200.51 Darwin/24.2.0"
::ffff:10.0.0.7 - - [21/Mar/2025:01:29:48 +0000] "GET /bankAccount/accounts/ HTTP/1.1" 404 160 "-" "expensesmanager/8 CFNetwork/1568.200.51 Darwin/24.2.0"
::ffff:10.0.0.7 - - [21/Mar/2025:01:29:56 +0000] "GET /bank-account/accounts/ HTTP/1.1" 200 25862 "-" "expensesmanager/8 CFNetwork/1568.200.51 Darwin/24.2.0"
::ffff:10.0.0.7 - - [21/Mar/2025:01:30:35 +0000] "GET /bank-account/accounts/ HTTP/1.1" 200 25862 "-" "expensesmanager/8 CFNetwork/1568.200.51 Darwin/24.2.0"
::ffff:10.0.0.7 - - [21/Mar/2025:01:30:35 +0000] "GET /bank-account/accounts/ HTTP/1.1" 304 - "-" "expensesmanager/8 CFNetwork/1568.200.51 Darwin/24.2.0"
::ffff:10.0.0.7 - - [21/Mar/2025:01:30:41 +0000] "GET /bank-account/accounts/ HTTP/1.1" 304 - "-" "expensesmanager/8 CFNetwork/1568.200.51 Darwin/24.2.0"
::ffff:10.0.0.7 - - [21/Mar/2025:01:30:50 +0000] "GET /bank-account/accounts/ HTTP/1.1" 200 25862 "-" "expensesmanager/8 CFNetwork/1568.200.51 Darwin/24.2.0"
::ffff:10.0.0.7 - - [21/Mar/2025:01:31:12 +0000] "GET /bank-account/accounts/ HTTP/1.1" 200 25862 "-" "expensesmanager/8 CFNetwork/1568.200.51 Darwin/24.2.0"
::ffff:10.0.0.7 - - [21/Mar/2025:01:41:55 +0000] "POST /bank-account/balance/ HTTP/1.1" 500 25 "-" "expensesmanager/8 CFNetwork/1568.200.51 Darwin/24.2.0"
::ffff:10.0.0.7 - - [21/Mar/2025:01:43:56 +0000] "POST /bank-account/balance/ HTTP/1.1" 500 25 "-" "expensesmanager/8 CFNetwork/1568.200.51 Darwin/24.2.0"
::ffff:10.0.0.7 - - [21/Mar/2025:01:44:19 +0000] "POST /bank-account/balance/ HTTP/1.1" 500 25 "-" "expensesmanager/8 CFNetwork/1568.200.51 Darwin/24.2.0"
::ffff:10.0.0.7 - - [21/Mar/2025:01:45:01 +0000] "POST /bank-account/balance/ HTTP/1.1" 500 25 "-" "expensesmanager/8 CFNetwork/1568.200.51 Darwin/24.2.0"
::ffff:10.0.0.7 - - [21/Mar/2025:01:51:04 +0000] "POST /bank-account/balance/ HTTP/1.1" 200 367 "-" "expensesmanager/8 CFNetwork/1568.200.51 Darwin/24.2.0"
::ffff:10.0.0.7 - - [21/Mar/2025:01:57:23 +0000] "POST /bank-account/balance/ HTTP/1.1" 200 367 "-" "expensesmanager/8 CFNetwork/1568.200.51 Darwin/24.2.0"
::ffff:10.0.0.7 - - [21/Mar/2025:01:57:37 +0000] "POST /bank-account/balance/ HTTP/1.1" 200 367 "-" "expensesmanager/8 CFNetwork/1568.200.51 Darwin/24.2.0"
::ffff:10.0.0.7 - - [21/Mar/2025:01:59:06 +0000] "POST /bank-account/balance/ HTTP/1.1" 200 367 "-" "expensesmanager/8 CFNetwork/1568.200.51 Darwin/24.2.0"
::ffff:10.0.0.7 - - [21/Mar/2025:02:03:02 +0000] "POST /bank-account/balance/ HTTP/1.1" 200 367 "-" "expensesmanager/8 CFNetwork/1568.200.51 Darwin/24.2.0"
::ffff:10.0.0.7 - - [21/Mar/2025:02:11:37 +0000] "POST /notification/enable-notifications/ HTTP/1.1" 200 48 "-" "expensesmanager/8 CFNetwork/1568.200.51 Darwin/24.2.0"
::ffff:10.0.0.7 - - [21/Mar/2025:02:11:40 +0000] "GET /bank-account/accounts/ HTTP/1.1" 200 25862 "-" "expensesmanager/8 CFNetwork/1568.200.51 Darwin/24.2.0"
::ffff:10.0.0.7 - - [21/Mar/2025:02:13:20 +0000] "POST /bank-account/balance/ HTTP/1.1" 200 367 "-" "expensesmanager/8 CFNetwork/1568.200.51 Darwin/24.2.0"
::ffff:10.0.0.7 - - [21/Mar/2025:02:47:31 +0000] "POST /bank-account/balance/ HTTP/1.1" 200 366 "-" "expensesmanager/8 CFNetwork/1568.200.51 Darwin/24.2.0"
::ffff:10.0.0.7 - - [21/Mar/2025:02:49:07 +0000] "POST /bank-account/balance/ HTTP/1.1" 200 374 "-" "expensesmanager/8 CFNetwork/1568.200.51 Darwin/24.2.0"
::ffff:10.0.0.7 - - [21/Mar/2025:02:49:25 +0000] "GET /bank-account/accounts/ HTTP/1.1" 304 - "-" "expensesmanager/8 CFNetwork/1568.200.51 Darwin/24.2.0"
::ffff:10.0.0.7 - - [21/Mar/2025:02:49:25 +0000] "GET /bank-account/accounts/ HTTP/1.1" 200 25862 "-" "expensesmanager/8 CFNetwork/1568.200.51 Darwin/24.2.0"
::ffff:10.0.0.7 - - [21/Mar/2025:02:49:40 +0000] "POST /bank-account/balance/ HTTP/1.1" 200 374 "-" "expensesmanager/8 CFNetwork/1568.200.51 Darwin/24.2.0"
::ffff:10.0.0.7 - - [21/Mar/2025:02:50:55 +0000] "POST /bank-account/balance/ HTTP/1.1" 200 355 "-" "expensesmanager/8 CFNetwork/1568.200.51 Darwin/24.2.0"
::ffff:10.0.0.7 - - [21/Mar/2025:02:51:03 +0000] "POST /bank-account/balance/ HTTP/1.1" 200 366 "-" "expensesmanager/8 CFNetwork/1568.200.51 Darwin/24.2.0"
::ffff:10.0.0.7 - - [21/Mar/2025:02:51:13 +0000] "POST /bank-account/balance/ HTTP/1.1" 200 329 "-" "expensesmanager/8 CFNetwork/1568.200.51 Darwin/24.2.0"
::ffff:10.0.0.7 - - [21/Mar/2025:02:51:20 +0000] "POST /bank-account/balance/ HTTP/1.1" 200 382 "-" "expensesmanager/8 CFNetwork/1568.200.51 Darwin/24.2.0"
::ffff:10.0.0.7 - - [21/Mar/2025:02:55:25 +0000] "POST /bank-account/balance/ HTTP/1.1" 200 374 "-" "expensesmanager/8 CFNetwork/1568.200.51 Darwin/24.2.0"
::ffff:10.0.0.7 - - [21/Mar/2025:02:57:34 +0000] "POST /bank-account/balance/ HTTP/1.1" 200 366 "-" "expensesmanager/8 CFNetwork/1568.200.51 Darwin/24.2.0"
::ffff:10.0.0.7 - - [21/Mar/2025:02:57:42 +0000] "POST /bank-account/balance/ HTTP/1.1" 200 390 "-" "expensesmanager/8 CFNetwork/1568.200.51 Darwin/24.2.0"
::ffff:10.0.0.7 - - [21/Mar/2025:02:57:52 +0000] "POST /bank-account/balance/ HTTP/1.1" 200 355 "-" "expensesmanager/8 CFNetwork/1568.200.51 Darwin/24.2.0"
::ffff:10.0.0.7 - - [21/Mar/2025:02:58:04 +0000] "POST /bank-account/balance/ HTTP/1.1" 200 382 "-" "expensesmanager/8 CFNetwork/1568.200.51 Darwin/24.2.0"
::ffff:10.0.0.7 - - [21/Mar/2025:02:59:40 +0000] "POST /bank-account/balance/ HTTP/1.1" 200 374 "-" "expensesmanager/8 CFNetwork/1568.200.51 Darwin/24.2.0"
::ffff:10.0.0.7 - - [21/Mar/2025:02:59:55 +0000] "POST /bank-account/balance/ HTTP/1.1" 200 373 "-" "expensesmanager/8 CFNetwork/1568.200.51 Darwin/24.2.0"
::ffff:10.0.0.7 - - [21/Mar/2025:03:00:10 +0000] "POST /bank-account/balance/ HTTP/1.1" 200 329 "-" "expensesmanager/8 CFNetwork/1568.200.51 Darwin/24.2.0"
::ffff:10.0.0.7 - - [21/Mar/2025:03:02:14 +0000] "POST /bank-account/balance/ HTTP/1.1" 200 329 "-" "expensesmanager/8 CFNetwork/1568.200.51 Darwin/24.2.0"
::ffff:10.0.0.7 - - [21/Mar/2025:03:02:36 +0000] "POST /bank-account/balance/ HTTP/1.1" 200 329 "-" "expensesmanager/8 CFNetwork/1568.200.51 Darwin/24.2.0"
::ffff:10.0.0.7 - - [21/Mar/2025:03:04:31 +0000] "POST /bank-account/balance/ HTTP/1.1" 200 353 "-" "expensesmanager/8 CFNetwork/1568.200.51 Darwin/24.2.0"
::ffff:10.0.0.7 - - [21/Mar/2025:03:07:04 +0000] "POST /bank-account/balance/ HTTP/1.1" 200 355 "-" "expensesmanager/8 CFNetwork/1568.200.51 Darwin/24.2.0"
::ffff:10.0.0.7 - - [21/Mar/2025:03:07:10 +0000] "POST /bank-account/balance/ HTTP/1.1" 200 355 "-" "expensesmanager/8 CFNetwork/1568.200.51 Darwin/24.2.0"
::ffff:10.0.0.7 - - [21/Mar/2025:03:11:13 +0000] "POST /bank-account/balance/ HTTP/1.1" 200 367 "-" "expensesmanager/8 CFNetwork/1568.200.51 Darwin/24.2.0"
::ffff:10.0.0.7 - - [21/Mar/2025:03:15:13 +0000] "POST /bank-account/balance/ HTTP/1.1" 200 374 "-" "expensesmanager/8 CFNetwork/1568.200.51 Darwin/24.2.0"
::ffff:10.0.0.7 - - [21/Mar/2025:03:15:22 +0000] "POST /bank-account/balance/ HTTP/1.1" 200 382 "-" "expensesmanager/8 CFNetwork/1568.200.51 Darwin/24.2.0"
::ffff:10.0.0.7 - - [21/Mar/2025:03:15:30 +0000] "POST /bank-account/balance/ HTTP/1.1" 200 373 "-" "expensesmanager/8 CFNetwork/1568.200.51 Darwin/24.2.0"
::ffff:10.0.0.7 - - [21/Mar/2025:03:15:35 +0000] "POST /bank-account/balance/ HTTP/1.1" 200 353 "-" "expensesmanager/8 CFNetwork/1568.200.51 Darwin/24.2.0"
::ffff:10.0.0.7 - - [21/Mar/2025:03:15:45 +0000] "POST /bank-account/balance/ HTTP/1.1" 200 367 "-" "expensesmanager/8 CFNetwork/1568.200.51 Darwin/24.2.0"
::ffff:10.0.0.7 - - [21/Mar/2025:03:15:53 +0000] "POST /bank-account/balance/ HTTP/1.1" 200 382 "-" "expensesmanager/8 CFNetwork/1568.200.51 Darwin/24.2.0"
::ffff:10.0.0.7 - - [21/Mar/2025:03:27:24 +0000] "GET /bank-account/accounts/ HTTP/1.1" 304 - "-" "expensesmanager/8 CFNetwork/1568.200.51 Darwin/24.2.0"
::ffff:10.0.0.7 - - [21/Mar/2025:03:27:24 +0000] "GET /bank-account/accounts/ HTTP/1.1" 200 25862 "-" "expensesmanager/8 CFNetwork/1568.200.51 Darwin/24.2.0"
::ffff:10.0.0.7 - - [21/Mar/2025:03:27:29 +0000] "POST /bank-account/balance/ HTTP/1.1" 200 374 "-" "expensesmanager/8 CFNetwork/1568.200.51 Darwin/24.2.0"
::ffff:10.0.0.7 - - [21/Mar/2025:03:27:35 +0000] "GET /bank-account/accounts/ HTTP/1.1" 200 25862 "-" "expensesmanager/8 CFNetwork/1568.200.51 Darwin/24.2.0"
::ffff:10.0.0.7 - - [21/Mar/2025:03:27:35 +0000] "GET /bank-account/accounts/ HTTP/1.1" 304 - "-" "expensesmanager/8 CFNetwork/1568.200.51 Darwin/24.2.0"
::ffff:10.0.0.7 - - [21/Mar/2025:03:27:40 +0000] "POST /bank-account/balance/ HTTP/1.1" 200 366 "-" "expensesmanager/8 CFNetwork/1568.200.51 Darwin/24.2.0"
::ffff:10.0.0.7 - - [21/Mar/2025:03:29:28 +0000] "POST /bank-account/balance/ HTTP/1.1" 200 366 "-" "expensesmanager/8 CFNetwork/1568.200.51 Darwin/24.2.0"
::ffff:10.0.0.7 - - [21/Mar/2025:03:29:31 +0000] "GET /bank-account/accounts/ HTTP/1.1" 200 25862 "-" "expensesmanager/8 CFNetwork/1568.200.51 Darwin/24.2.0"
::ffff:10.0.0.7 - - [21/Mar/2025:03:29:31 +0000] "GET /bank-account/accounts/ HTTP/1.1" 200 25862 "-" "expensesmanager/8 CFNetwork/1568.200.51 Darwin/24.2.0"
::ffff:10.0.0.7 - - [21/Mar/2025:03:29:35 +0000] "POST /bank-account/balance/ HTTP/1.1" 200 366 "-" "expensesmanager/8 CFNetwork/1568.200.51 Darwin/24.2.0"
::ffff:10.0.0.7 - - [21/Mar/2025:03:31:07 +0000] "POST /bank-account/balance/ HTTP/1.1" 200 366 "-" "expensesmanager/8 CFNetwork/1568.200.51 Darwin/24.2.0"
::ffff:10.0.0.7 - - [21/Mar/2025:03:33:13 +0000] "POST /bank-account/balance/ HTTP/1.1" 200 366 "-" "expensesmanager/8 CFNetwork/1568.200.51 Darwin/24.2.0"
::ffff:10.0.0.7 - - [21/Mar/2025:03:33:59 +0000] "POST /bank-account/balance/ HTTP/1.1" 200 366 "-" "expensesmanager/8 CFNetwork/1568.200.51 Darwin/24.2.0"
::ffff:10.0.0.7 - - [21/Mar/2025:03:35:17 +0000] "POST /bank-account/balance/ HTTP/1.1" 200 366 "-" "expensesmanager/8 CFNetwork/1568.200.51 Darwin/24.2.0"
::ffff:10.0.0.7 - - [21/Mar/2025:03:39:32 +0000] "POST /bank-account/balance/ HTTP/1.1" 200 366 "-" "expensesmanager/8 CFNetwork/1568.200.51 Darwin/24.2.0"
::ffff:10.0.0.7 - - [21/Mar/2025:03:39:47 +0000] "POST /bank-account/balance/ HTTP/1.1" 200 366 "-" "expensesmanager/8 CFNetwork/1568.200.51 Darwin/24.2.0"
::ffff:10.0.0.7 - - [21/Mar/2025:03:46:14 +0000] "POST /bank-account/balance/ HTTP/1.1" 200 325 "-" "expensesmanager/8 CFNetwork/1568.200.51 Darwin/24.2.0"
::ffff:10.0.0.7 - - [21/Mar/2025:03:47:33 +0000] "POST /bank-account/balance/ HTTP/1.1" 200 390 "-" "expensesmanager/8 CFNetwork/1568.200.51 Darwin/24.2.0"
::ffff:10.0.0.7 - - [21/Mar/2025:03:47:38 +0000] "POST /bank-account/balance/ HTTP/1.1" 200 325 "-" "expensesmanager/8 CFNetwork/1568.200.51 Darwin/24.2.0"
::ffff:10.0.0.7 - - [21/Mar/2025:03:47:46 +0000] "POST /bank-account/balance/ HTTP/1.1" 200 329 "-" "expensesmanager/8 CFNetwork/1568.200.51 Darwin/24.2.0"
::ffff:10.0.0.7 - - [21/Mar/2025:03:48:10 +0000] "GET /bank-account/accounts/ HTTP/1.1" 200 25862 "-" "expensesmanager/8 CFNetwork/1568.200.51 Darwin/24.2.0"
::ffff:10.0.0.7 - - [21/Mar/2025:03:48:25 +0000] "GET /bank-account/accounts/ HTTP/1.1" 200 25862 "-" "expensesmanager/8 CFNetwork/1568.200.51 Darwin/24.2.0"
::ffff:10.0.0.7 - - [21/Mar/2025:03:48:44 +0000] "POST /bank-account/balance/ HTTP/1.1" 200 367 "-" "expensesmanager/8 CFNetwork/1568.200.51 Darwin/24.2.0"
::ffff:10.0.0.7 - - [21/Mar/2025:03:49:17 +0000] "POST /bank-account/balance/ HTTP/1.1" 200 367 "-" "expensesmanager/8 CFNetwork/1568.200.51 Darwin/24.2.0"
::ffff:10.0.0.7 - - [21/Mar/2025:03:49:42 +0000] "POST /bank-account/balance/ HTTP/1.1" 200 374 "-" "expensesmanager/8 CFNetwork/1568.200.51 Darwin/24.2.0"
::ffff:10.0.0.7 - - [21/Mar/2025:03:49:48 +0000] "POST /bank-account/balance/ HTTP/1.1" 200 382 "-" "expensesmanager/8 CFNetwork/1568.200.51 Darwin/24.2.0"
::ffff:10.0.0.7 - - [21/Mar/2025:03:50:05 +0000] "POST /bank-account/balance/ HTTP/1.1" 200 374 "-" "expensesmanager/8 CFNetwork/1568.200.51 Darwin/24.2.0"
::ffff:10.0.0.7 - - [21/Mar/2025:03:50:27 +0000] "POST /bank-account/balance/ HTTP/1.1" 200 329 "-" "expensesmanager/8 CFNetwork/1568.200.51 Darwin/24.2.0"
::ffff:10.0.0.7 - - [21/Mar/2025:03:50:47 +0000] "POST /bank-account/balance/ HTTP/1.1" 200 329 "-" "expensesmanager/8 CFNetwork/1568.200.51 Darwin/24.2.0"
::ffff:10.0.0.7 - - [21/Mar/2025:03:50:57 +0000] "POST /bank-account/balance/ HTTP/1.1" 200 329 "-" "expensesmanager/8 CFNetwork/1568.200.51 Darwin/24.2.0"
::ffff:10.0.0.7 - - [21/Mar/2025:03:52:01 +0000] "GET /bank-account/accounts/ HTTP/1.1" 200 25862 "-" "expensesmanager/8 CFNetwork/1568.200.51 Darwin/24.2.0"
::ffff:10.0.0.7 - - [21/Mar/2025:03:52:16 +0000] "GET /bank-account/accounts/ HTTP/1.1" 200 25862 "-" "expensesmanager/8 CFNetwork/1568.200.51 Darwin/24.2.0"
::ffff:10.0.0.7 - - [21/Mar/2025:03:52:22 +0000] "POST /bank-account/balance/ HTTP/1.1" 200 366 "-" "expensesmanager/8 CFNetwork/1568.200.51 Darwin/24.2.0"
::ffff:10.0.0.7 - - [21/Mar/2025:03:52:29 +0000] "POST /bank-account/balance/ HTTP/1.1" 200 382 "-" "expensesmanager/8 CFNetwork/1568.200.51 Darwin/24.2.0"
::ffff:10.0.0.7 - - [21/Mar/2025:03:52:41 +0000] "GET /bank-account/accounts/ HTTP/1.1" 200 25862 "-" "expensesmanager/8 CFNetwork/1568.200.51 Darwin/24.2.0"
::ffff:10.0.0.7 - - [21/Mar/2025:03:52:43 +0000] "GET /bacnk-account/link-token/ HTTP/1.1" 404 164 "-" "expensesmanager/8 CFNetwork/1568.200.51 Darwin/24.2.0"
::ffff:10.0.0.7 - - [21/Mar/2025:03:52:47 +0000] "GET /bank-account/accounts/ HTTP/1.1" 200 25862 "-" "expensesmanager/8 CFNetwork/1568.200.51 Darwin/24.2.0"
::ffff:10.0.0.7 - - [21/Mar/2025:03:52:49 +0000] "GET /bacnk-account/link-token/ HTTP/1.1" 404 164 "-" "expensesmanager/8 CFNetwork/1568.200.51 Darwin/24.2.0"
::ffff:10.0.0.7 - - [21/Mar/2025:03:54:33 +0000] "GET /bank-account/accounts/ HTTP/1.1" 200 25862 "-" "expensesmanager/8 CFNetwork/1568.200.51 Darwin/24.2.0"
::ffff:10.0.0.7 - - [21/Mar/2025:03:55:17 +0000] "GET /bank-account/accounts/ HTTP/1.1" 200 25862 "-" "expensesmanager/8 CFNetwork/1568.200.51 Darwin/24.2.0"
::ffff:10.0.0.7 - - [21/Mar/2025:03:55:24 +0000] "GET /bank-account/accounts/ HTTP/1.1" 200 25862 "-" "expensesmanager/8 CFNetwork/1568.200.51 Darwin/24.2.0"
::ffff:10.0.0.7 - - [21/Mar/2025:03:55:26 +0000] "GET /bank-account/link-token/ HTTP/1.1" 200 109 "-" "expensesmanager/8 CFNetwork/1568.200.51 Darwin/24.2.0"
::1 - - [21/Mar/2025:03:55:53 +0000] "POST /bankAccount/publicTokenWebhook?uid=spl8wOi213gKu73RDUhPXviOC9V2 HTTP/1.1" 404 170 "-" "Go-http-client/2.0"
::1 - - [21/Mar/2025:03:55:56 +0000] "POST /bankAccount/publicTokenWebhook?uid=spl8wOi213gKu73RDUhPXviOC9V2 HTTP/1.1" 404 170 "-" "Go-http-client/2.0"
::ffff:10.0.0.7 - - [21/Mar/2025:03:56:13 +0000] "GET /bank-account/accounts/ HTTP/1.1" 200 25862 "-" "expensesmanager/8 CFNetwork/1568.200.51 Darwin/24.2.0"
::1 - - [21/Mar/2025:03:56:24 +0000] "POST /bankAccount/publicTokenWebhook?uid=spl8wOi213gKu73RDUhPXviOC9V2 HTTP/1.1" 404 170 "-" "Go-http-client/2.0"
::1 - - [21/Mar/2025:03:56:26 +0000] "POST /bankAccount/publicTokenWebhook?uid=spl8wOi213gKu73RDUhPXviOC9V2 HTTP/1.1" 404 170 "-" "Go-http-client/2.0"
::ffff:10.0.0.7 - - [21/Mar/2025:03:57:12 +0000] "GET /bank-account/accounts/ HTTP/1.1" 200 25862 "-" "expensesmanager/8 CFNetwork/1568.200.51 Darwin/24.2.0"
::1 - - [21/Mar/2025:03:57:34 +0000] "POST /bankAccount/publicTokenWebhook?uid=spl8wOi213gKu73RDUhPXviOC9V2 HTTP/1.1" 404 170 "-" "Go-http-client/2.0"
::1 - - [21/Mar/2025:03:57:38 +0000] "POST /bankAccount/publicTokenWebhook?uid=spl8wOi213gKu73RDUhPXviOC9V2 HTTP/1.1" 404 170 "-" "Go-http-client/2.0"
::1 - - [21/Mar/2025:03:58:08 +0000] "POST /bankAccount/publicTokenWebhook?uid=spl8wOi213gKu73RDUhPXviOC9V2 HTTP/1.1" 404 170 "-" "Go-http-client/2.0"
::ffff:10.0.0.7 - - [21/Mar/2025:03:58:11 +0000] "POST /notification/enable-notifications/ HTTP/1.1" 200 48 "-" "expensesmanager/8 CFNetwork/1568.200.51 Darwin/24.2.0"
::ffff:10.0.0.7 - - [21/Mar/2025:03:58:13 +0000] "GET /bank-account/accounts/ HTTP/1.1" 200 25862 "-" "expensesmanager/8 CFNetwork/1568.200.51 Darwin/24.2.0"
::ffff:10.0.0.7 - - [21/Mar/2025:03:58:15 +0000] "GET /bank-account/link-token/ HTTP/1.1" 200 109 "-" "expensesmanager/8 CFNetwork/1568.200.51 Darwin/24.2.0"
::1 - - [21/Mar/2025:03:58:24 +0000] "POST /bankAccount/publicTokenWebhook?uid=spl8wOi213gKu73RDUhPXviOC9V2 HTTP/1.1" 404 170 "-" "Go-http-client/2.0"
::1 - - [21/Mar/2025:03:58:26 +0000] "POST /bankAccount/publicTokenWebhook?uid=spl8wOi213gKu73RDUhPXviOC9V2 HTTP/1.1" 404 170 "-" "Go-http-client/2.0"
::1 - - [21/Mar/2025:03:58:43 +0000] "POST /bank-account/publicTokenWebhook?uid=spl8wOi213gKu73RDUhPXviOC9V2 HTTP/1.1" 400 36 "-" "Go-http-client/2.0"
::1 - - [21/Mar/2025:03:58:47 +0000] "POST /bank-account/publicTokenWebhook?uid=spl8wOi213gKu73RDUhPXviOC9V2 HTTP/1.1" 200 508 "-" "Go-http-client/2.0"
::1 - - [21/Mar/2025:03:58:47 +0000] "POST /bank-account/publicTokenWebhook?uid=spl8wOi213gKu73RDUhPXviOC9V2 HTTP/1.1" 400 36 "-" "Go-http-client/2.0"
::ffff:10.0.0.7 - - [21/Mar/2025:03:58:48 +0000] "GET /bank-account/accounts/ HTTP/1.1" 200 32138 "-" "expensesmanager/8 CFNetwork/1568.200.51 Darwin/24.2.0"
::1 - - [21/Mar/2025:03:58:49 +0000] "POST /bank-account/publicTokenWebhook?uid=spl8wOi213gKu73RDUhPXviOC9V2 HTTP/1.1" 400 36 "-" "Go-http-client/2.0"
::ffff:10.0.0.7 - - [21/Mar/2025:03:58:58 +0000] "POST /bank-account/balance/ HTTP/1.1" 200 382 "-" "expensesmanager/8 CFNetwork/1568.200.51 Darwin/24.2.0"
::1 - - [21/Mar/2025:03:59:13 +0000] "POST /bank-account/publicTokenWebhook?uid=spl8wOi213gKu73RDUhPXviOC9V2 HTTP/1.1" 400 36 "-" "Go-http-client/2.0"
::1 - - [21/Mar/2025:03:59:19 +0000] "POST /bank-account/publicTokenWebhook?uid=spl8wOi213gKu73RDUhPXviOC9V2 HTTP/1.1" 400 36 "-" "Go-http-client/2.0"
::1 - - [21/Mar/2025:03:59:19 +0000] "POST /bank-account/publicTokenWebhook?uid=spl8wOi213gKu73RDUhPXviOC9V2 HTTP/1.1" 400 36 "-" "Go-http-client/2.0"
::ffff:10.0.0.7 - - [21/Mar/2025:03:59:27 +0000] "POST /bank-account/balance/ HTTP/1.1" 200 355 "-" "expensesmanager/8 CFNetwork/1568.200.51 Darwin/24.2.0"
