::ffff:10.0.0.7 - - [19/Mar/2025:23:06:51 +0000] "GET /plaid/accounts/ HTTP/1.1" 304 - "-" "expensesmanager/8 CFNetwork/1568.200.51 Darwin/24.2.0"
::ffff:10.0.0.7 - - [19/Mar/2025:23:07:31 +0000] "GET /plaid/accounts/ HTTP/1.1" 304 - "-" "expensesmanager/8 CFNetwork/1568.200.51 Darwin/24.2.0"
::ffff:10.0.0.7 - - [19/Mar/2025:23:07:51 +0000] "GET /plaid/accounts/ HTTP/1.1" 304 - "-" "expensesmanager/8 CFNetwork/1568.200.51 Darwin/24.2.0"
::ffff:10.0.0.7 - - [19/Mar/2025:23:09:04 +0000] "GET /plaid/link-token/ HTTP/1.1" 200 109 "-" "expensesmanager/8 CFNetwork/1568.200.51 Darwin/24.2.0"
::ffff:10.0.0.7 - - [19/Mar/2025:23:09:53 +0000] "GET /plaid/accounts/ HTTP/1.1" 304 - "-" "expensesmanager/8 CFNetwork/1568.200.51 Darwin/24.2.0"
::ffff:10.0.0.7 - - [19/Mar/2025:23:10:12 +0000] "POST /notification/enable-notifications/ HTTP/1.1" 200 48 "-" "expensesmanager/8 CFNetwork/1568.200.51 Darwin/24.2.0"
::ffff:10.0.0.7 - - [19/Mar/2025:23:10:15 +0000] "GET /plaid/accounts/ HTTP/1.1" 304 - "-" "expensesmanager/8 CFNetwork/1568.200.51 Darwin/24.2.0"
::ffff:10.0.0.7 - - [19/Mar/2025:23:25:36 +0000] "GET /plaid/link-token/ HTTP/1.1" 200 109 "-" "expensesmanager/8 CFNetwork/1568.200.51 Darwin/24.2.0"
::ffff:10.0.0.7 - - [19/Mar/2025:23:26:45 +0000] "GET /plaid/accounts/ HTTP/1.1" 304 - "-" "expensesmanager/8 CFNetwork/1568.200.51 Darwin/24.2.0"
::ffff:10.0.0.7 - - [19/Mar/2025:23:28:25 +0000] "POST /notification/enable-notifications/ HTTP/1.1" 200 48 "-" "expensesmanager/8 CFNetwork/1568.200.51 Darwin/24.2.0"
::ffff:10.0.0.7 - - [19/Mar/2025:23:28:28 +0000] "GET /plaid/accounts/ HTTP/1.1" 304 - "-" "expensesmanager/8 CFNetwork/1568.200.51 Darwin/24.2.0"
::ffff:10.0.0.7 - - [19/Mar/2025:23:28:30 +0000] "GET /plaid/link-token/ HTTP/1.1" 200 109 "-" "expensesmanager/8 CFNetwork/1568.200.51 Darwin/24.2.0"
::1 - - [19/Mar/2025:23:31:48 +0000] "GET / HTTP/1.1" 404 139 "-" "Mozilla/5.0 (Macintosh; Intel Mac OS X 10_15_7) AppleWebKit/537.36 (KHTML, like Gecko) Chrome/134.0.0.0 Safari/537.36"
::ffff:10.0.0.7 - - [19/Mar/2025:23:32:39 +0000] "POST /notification/enable-notifications/ HTTP/1.1" 200 48 "-" "expensesmanager/8 CFNetwork/1568.200.51 Darwin/24.2.0"
::ffff:10.0.0.7 - - [19/Mar/2025:23:32:41 +0000] "GET /plaid/accounts/ HTTP/1.1" 304 - "-" "expensesmanager/8 CFNetwork/1568.200.51 Darwin/24.2.0"
::ffff:10.0.0.7 - - [19/Mar/2025:23:32:42 +0000] "GET /plaid/link-token/ HTTP/1.1" 200 109 "-" "expensesmanager/8 CFNetwork/1568.200.51 Darwin/24.2.0"
::1 - - [19/Mar/2025:23:33:10 +0000] "POST /plaid/publicTokenWebhook?uid=shZE8UeO1kNdOZEzRsrTqdQyS9W2 HTTP/1.1" 400 36 "-" "Go-http-client/2.0"
::1 - - [19/Mar/2025:23:33:13 +0000] "POST /plaid/publicTokenWebhook?uid=shZE8UeO1kNdOZEzRsrTqdQyS9W2 HTTP/1.1" 200 286 "-" "Go-http-client/2.0"
::ffff:10.0.0.7 - - [19/Mar/2025:23:33:15 +0000] "GET /plaid/accounts/ HTTP/1.1" 200 9783 "-" "expensesmanager/8 CFNetwork/1568.200.51 Darwin/24.2.0"
::1 - - [19/Mar/2025:23:33:15 +0000] "POST /plaid/publicTokenWebhook?uid=shZE8UeO1kNdOZEzRsrTqdQyS9W2 HTTP/1.1" 400 36 "-" "Go-http-client/2.0"
::1 - - [19/Mar/2025:23:33:19 +0000] "POST /plaid/publicTokenWebhook?uid=shZE8UeO1kNdOZEzRsrTqdQyS9W2 HTTP/1.1" 400 36 "-" "Go-http-client/2.0"
::1 - - [19/Mar/2025:23:33:40 +0000] "POST /plaid/publicTokenWebhook?uid=shZE8UeO1kNdOZEzRsrTqdQyS9W2 HTTP/1.1" 400 36 "-" "Go-http-client/2.0"
::1 - - [19/Mar/2025:23:33:46 +0000] "POST /plaid/publicTokenWebhook?uid=shZE8UeO1kNdOZEzRsrTqdQyS9W2 HTTP/1.1" 400 36 "-" "Go-http-client/2.0"
::1 - - [19/Mar/2025:23:33:49 +0000] "POST /plaid/publicTokenWebhook?uid=shZE8UeO1kNdOZEzRsrTqdQyS9W2 HTTP/1.1" 400 36 "-" "Go-http-client/2.0"
::1 - - [19/Mar/2025:23:35:41 +0000] "POST /plaid/publicTokenWebhook?uid=shZE8UeO1kNdOZEzRsrTqdQyS9W2 HTTP/1.1" 400 36 "-" "Go-http-client/2.0"
::1 - - [19/Mar/2025:23:35:46 +0000] "POST /plaid/publicTokenWebhook?uid=shZE8UeO1kNdOZEzRsrTqdQyS9W2 HTTP/1.1" 400 36 "-" "Go-http-client/2.0"
::1 - - [19/Mar/2025:23:35:49 +0000] "POST /plaid/publicTokenWebhook?uid=shZE8UeO1kNdOZEzRsrTqdQyS9W2 HTTP/1.1" 400 36 "-" "Go-http-client/2.0"
::ffff:10.0.0.7 - - [19/Mar/2025:23:40:47 +0000] "GET /plaid/accounts/ HTTP/1.1" 304 - "-" "expensesmanager/8 CFNetwork/1568.200.51 Darwin/24.2.0"
::1 - - [19/Mar/2025:23:43:41 +0000] "POST /plaid/publicTokenWebhook?uid=shZE8UeO1kNdOZEzRsrTqdQyS9W2 HTTP/1.1" 400 36 "-" "Go-http-client/2.0"
::1 - - [19/Mar/2025:23:43:46 +0000] "POST /plaid/publicTokenWebhook?uid=shZE8UeO1kNdOZEzRsrTqdQyS9W2 HTTP/1.1" 400 36 "-" "Go-http-client/2.0"
::1 - - [19/Mar/2025:23:43:49 +0000] "POST /plaid/publicTokenWebhook?uid=shZE8UeO1kNdOZEzRsrTqdQyS9W2 HTTP/1.1" 400 36 "-" "Go-http-client/2.0"
::ffff:10.0.0.7 - - [19/Mar/2025:23:48:05 +0000] "GET /plaid/accounts/ HTTP/1.1" 200 7581 "-" "expensesmanager/8 CFNetwork/1568.200.51 Darwin/24.2.0"
::ffff:10.0.0.7 - - [19/Mar/2025:23:53:12 +0000] "GET /plaid/accounts/ HTTP/1.1" 304 - "-" "expensesmanager/8 CFNetwork/1568.200.51 Darwin/24.2.0"
::ffff:10.0.0.7 - - [19/Mar/2025:23:53:30 +0000] "GET /plaid/accounts/ HTTP/1.1" 200 7449 "-" "expensesmanager/8 CFNetwork/1568.200.51 Darwin/24.2.0"
::ffff:10.0.0.7 - - [19/Mar/2025:23:56:06 +0000] "GET /plaid/accounts/ HTTP/1.1" 200 7453 "-" "expensesmanager/8 CFNetwork/1568.200.51 Darwin/24.2.0"
::ffff:10.0.0.7 - - [19/Mar/2025:23:56:25 +0000] "GET /plaid/accounts/ HTTP/1.1" 304 - "-" "expensesmanager/8 CFNetwork/1568.200.51 Darwin/24.2.0"
::ffff:10.0.0.7 - - [20/Mar/2025:00:01:30 +0000] "GET /plaid/accounts/ HTTP/1.1" 200 7499 "-" "expensesmanager/8 CFNetwork/1568.200.51 Darwin/24.2.0"
::ffff:10.0.0.7 - - [20/Mar/2025:00:02:19 +0000] "GET /plaid/accounts/ HTTP/1.1" 200 7499 "-" "expensesmanager/8 CFNetwork/1568.200.51 Darwin/24.2.0"
::ffff:10.0.0.7 - - [20/Mar/2025:00:02:36 +0000] "GET /plaid/accounts/ HTTP/1.1" 304 - "-" "expensesmanager/8 CFNetwork/1568.200.51 Darwin/24.2.0"
::1 - - [20/Mar/2025:00:15:40 +0000] "POST /plaid/publicTokenWebhook?uid=shZE8UeO1kNdOZEzRsrTqdQyS9W2 HTTP/1.1" 400 36 "-" "Go-http-client/2.0"
::1 - - [20/Mar/2025:00:15:45 +0000] "POST /plaid/publicTokenWebhook?uid=shZE8UeO1kNdOZEzRsrTqdQyS9W2 HTTP/1.1" 400 36 "-" "Go-http-client/2.0"
::1 - - [20/Mar/2025:00:15:48 +0000] "POST /plaid/publicTokenWebhook?uid=shZE8UeO1kNdOZEzRsrTqdQyS9W2 HTTP/1.1" 400 36 "-" "Go-http-client/2.0"
::ffff:10.0.0.7 - - [20/Mar/2025:01:05:52 +0000] "GET /plaid/accounts/ HTTP/1.1" 304 - "-" "expensesmanager/8 CFNetwork/1568.200.51 Darwin/24.2.0"
::1 - - [20/Mar/2025:01:10:13 +0000] "POST /plaid/publicTokenWebhook?uid=shZE8UeO1kNdOZEzRsrTqdQyS9W2 HTTP/1.1" 400 36 "-" "Go-http-client/2.0"
::1 - - [20/Mar/2025:01:10:18 +0000] "POST /plaid/publicTokenWebhook?uid=shZE8UeO1kNdOZEzRsrTqdQyS9W2 HTTP/1.1" 200 397 "-" "Go-http-client/2.0"
::1 - - [20/Mar/2025:01:10:18 +0000] "POST /plaid/publicTokenWebhook?uid=shZE8UeO1kNdOZEzRsrTqdQyS9W2 HTTP/1.1" 400 36 "-" "Go-http-client/2.0"
::ffff:10.0.0.7 - - [20/Mar/2025:01:10:19 +0000] "GET /plaid/accounts/ HTTP/1.1" 200 11051 "-" "expensesmanager/8 CFNetwork/1568.200.51 Darwin/24.2.0"
::ffff:10.0.0.7 - - [20/Mar/2025:01:10:19 +0000] "GET /plaid/accounts/ HTTP/1.1" 200 11051 "-" "expensesmanager/8 CFNetwork/1568.200.51 Darwin/24.2.0"
::ffff:10.0.0.7 - - [20/Mar/2025:01:10:19 +0000] "GET /plaid/accounts/ HTTP/1.1" 200 11051 "-" "expensesmanager/8 CFNetwork/1568.200.51 Darwin/24.2.0"
::ffff:10.0.0.7 - - [20/Mar/2025:01:10:19 +0000] "GET /plaid/accounts/ HTTP/1.1" 200 11051 "-" "expensesmanager/8 CFNetwork/1568.200.51 Darwin/24.2.0"
::ffff:10.0.0.7 - - [20/Mar/2025:01:10:19 +0000] "GET /plaid/accounts/ HTTP/1.1" 200 11051 "-" "expensesmanager/8 CFNetwork/1568.200.51 Darwin/24.2.0"
::ffff:10.0.0.7 - - [20/Mar/2025:01:10:19 +0000] "GET /plaid/accounts/ HTTP/1.1" 200 11051 "-" "expensesmanager/8 CFNetwork/1568.200.51 Darwin/24.2.0"
::1 - - [20/Mar/2025:01:10:20 +0000] "POST /plaid/publicTokenWebhook?uid=shZE8UeO1kNdOZEzRsrTqdQyS9W2 HTTP/1.1" 400 36 "-" "Go-http-client/2.0"
::ffff:10.0.0.7 - - [20/Mar/2025:01:10:21 +0000] "GET /plaid/accounts/ HTTP/1.1" 200 11051 "-" "expensesmanager/8 CFNetwork/1568.200.51 Darwin/24.2.0"
::ffff:10.0.0.7 - - [20/Mar/2025:01:10:21 +0000] "GET /plaid/accounts/ HTTP/1.1" 200 11051 "-" "expensesmanager/8 CFNetwork/1568.200.51 Darwin/24.2.0"
::ffff:10.0.0.7 - - [20/Mar/2025:01:10:21 +0000] "GET /plaid/accounts/ HTTP/1.1" 200 11051 "-" "expensesmanager/8 CFNetwork/1568.200.51 Darwin/24.2.0"
::ffff:10.0.0.7 - - [20/Mar/2025:01:10:21 +0000] "GET /plaid/accounts/ HTTP/1.1" 200 11051 "-" "expensesmanager/8 CFNetwork/1568.200.51 Darwin/24.2.0"
::ffff:10.0.0.7 - - [20/Mar/2025:01:10:21 +0000] "GET /plaid/accounts/ HTTP/1.1" 200 11051 "-" "expensesmanager/8 CFNetwork/1568.200.51 Darwin/24.2.0"
::ffff:10.0.0.7 - - [20/Mar/2025:01:10:21 +0000] "GET /plaid/accounts/ HTTP/1.1" 200 11051 "-" "expensesmanager/8 CFNetwork/1568.200.51 Darwin/24.2.0"
::ffff:10.0.0.7 - - [20/Mar/2025:01:10:21 +0000] "GET /plaid/accounts/ HTTP/1.1" 200 11051 "-" "expensesmanager/8 CFNetwork/1568.200.51 Darwin/24.2.0"
::ffff:10.0.0.7 - - [20/Mar/2025:01:10:21 +0000] "GET /plaid/accounts/ HTTP/1.1" 200 11051 "-" "expensesmanager/8 CFNetwork/1568.200.51 Darwin/24.2.0"
::ffff:10.0.0.7 - - [20/Mar/2025:01:10:21 +0000] "GET /plaid/accounts/ HTTP/1.1" 200 11051 "-" "expensesmanager/8 CFNetwork/1568.200.51 Darwin/24.2.0"
::ffff:10.0.0.7 - - [20/Mar/2025:01:10:21 +0000] "GET /plaid/accounts/ HTTP/1.1" 200 11051 "-" "expensesmanager/8 CFNetwork/1568.200.51 Darwin/24.2.0"
::ffff:10.0.0.7 - - [20/Mar/2025:01:10:21 +0000] "GET /plaid/accounts/ HTTP/1.1" 200 11051 "-" "expensesmanager/8 CFNetwork/1568.200.51 Darwin/24.2.0"
::ffff:10.0.0.7 - - [20/Mar/2025:01:10:22 +0000] "GET /plaid/accounts/ HTTP/1.1" 200 11051 "-" "expensesmanager/8 CFNetwork/1568.200.51 Darwin/24.2.0"
::ffff:10.0.0.7 - - [20/Mar/2025:01:10:22 +0000] "GET /plaid/accounts/ HTTP/1.1" 200 11051 "-" "expensesmanager/8 CFNetwork/1568.200.51 Darwin/24.2.0"
::ffff:10.0.0.7 - - [20/Mar/2025:01:10:22 +0000] "GET /plaid/accounts/ HTTP/1.1" 200 11051 "-" "expensesmanager/8 CFNetwork/1568.200.51 Darwin/24.2.0"
::ffff:10.0.0.7 - - [20/Mar/2025:01:10:22 +0000] "GET /plaid/accounts/ HTTP/1.1" 200 11051 "-" "expensesmanager/8 CFNetwork/1568.200.51 Darwin/24.2.0"
::ffff:10.0.0.7 - - [20/Mar/2025:01:10:22 +0000] "GET /plaid/accounts/ HTTP/1.1" 200 11051 "-" "expensesmanager/8 CFNetwork/1568.200.51 Darwin/24.2.0"
::ffff:10.0.0.7 - - [20/Mar/2025:01:10:22 +0000] "GET /plaid/accounts/ HTTP/1.1" 200 11051 "-" "expensesmanager/8 CFNetwork/1568.200.51 Darwin/24.2.0"
::ffff:10.0.0.7 - - [20/Mar/2025:01:10:22 +0000] "GET /plaid/accounts/ HTTP/1.1" 200 11051 "-" "expensesmanager/8 CFNetwork/1568.200.51 Darwin/24.2.0"
::ffff:10.0.0.7 - - [20/Mar/2025:01:10:26 +0000] "GET /plaid/accounts/ HTTP/1.1" 200 11051 "-" "expensesmanager/8 CFNetwork/1568.200.51 Darwin/24.2.0"
::1 - - [20/Mar/2025:01:10:44 +0000] "POST /plaid/publicTokenWebhook?uid=shZE8UeO1kNdOZEzRsrTqdQyS9W2 HTTP/1.1" 400 36 "-" "Go-http-client/2.0"
::1 - - [20/Mar/2025:01:10:49 +0000] "POST /plaid/publicTokenWebhook?uid=shZE8UeO1kNdOZEzRsrTqdQyS9W2 HTTP/1.1" 400 36 "-" "Go-http-client/2.0"
::1 - - [20/Mar/2025:01:10:51 +0000] "POST /plaid/publicTokenWebhook?uid=shZE8UeO1kNdOZEzRsrTqdQyS9W2 HTTP/1.1" 400 36 "-" "Go-http-client/2.0"
::1 - - [20/Mar/2025:01:12:44 +0000] "POST /plaid/publicTokenWebhook?uid=shZE8UeO1kNdOZEzRsrTqdQyS9W2 HTTP/1.1" 400 36 "-" "Go-http-client/2.0"
::1 - - [20/Mar/2025:01:12:49 +0000] "POST /plaid/publicTokenWebhook?uid=shZE8UeO1kNdOZEzRsrTqdQyS9W2 HTTP/1.1" 400 36 "-" "Go-http-client/2.0"
::1 - - [20/Mar/2025:01:12:51 +0000] "POST /plaid/publicTokenWebhook?uid=shZE8UeO1kNdOZEzRsrTqdQyS9W2 HTTP/1.1" 400 36 "-" "Go-http-client/2.0"
::1 - - [20/Mar/2025:01:20:45 +0000] "POST /plaid/publicTokenWebhook?uid=shZE8UeO1kNdOZEzRsrTqdQyS9W2 HTTP/1.1" 400 36 "-" "Go-http-client/2.0"
::1 - - [20/Mar/2025:01:20:49 +0000] "POST /plaid/publicTokenWebhook?uid=shZE8UeO1kNdOZEzRsrTqdQyS9W2 HTTP/1.1" 400 36 "-" "Go-http-client/2.0"
::1 - - [20/Mar/2025:01:20:51 +0000] "POST /plaid/publicTokenWebhook?uid=shZE8UeO1kNdOZEzRsrTqdQyS9W2 HTTP/1.1" 400 36 "-" "Go-http-client/2.0"
::1 - - [20/Mar/2025:01:52:44 +0000] "POST /plaid/publicTokenWebhook?uid=shZE8UeO1kNdOZEzRsrTqdQyS9W2 HTTP/1.1" 400 36 "-" "Go-http-client/2.0"
::1 - - [20/Mar/2025:01:52:49 +0000] "POST /plaid/publicTokenWebhook?uid=shZE8UeO1kNdOZEzRsrTqdQyS9W2 HTTP/1.1" 400 36 "-" "Go-http-client/2.0"
::1 - - [20/Mar/2025:01:52:50 +0000] "POST /plaid/publicTokenWebhook?uid=shZE8UeO1kNdOZEzRsrTqdQyS9W2 HTTP/1.1" 400 36 "-" "Go-http-client/2.0"
::ffff:10.0.0.7 - - [20/Mar/2025:02:17:00 +0000] "GET /plaid/accounts/ HTTP/1.1" 304 - "-" "expensesmanager/8 CFNetwork/1568.200.51 Darwin/24.2.0"
::1 - - [20/Mar/2025:02:23:40 +0000] "POST /plaid/publicTokenWebhook?uid=shZE8UeO1kNdOZEzRsrTqdQyS9W2 HTTP/1.1" 400 36 "-" "Go-http-client/2.0"
::1 - - [20/Mar/2025:02:23:45 +0000] "POST /plaid/publicTokenWebhook?uid=shZE8UeO1kNdOZEzRsrTqdQyS9W2 HTTP/1.1" 400 36 "-" "Go-http-client/2.0"
::1 - - [20/Mar/2025:02:23:48 +0000] "POST /plaid/publicTokenWebhook?uid=shZE8UeO1kNdOZEzRsrTqdQyS9W2 HTTP/1.1" 400 36 "-" "Go-http-client/2.0"
::ffff:10.0.0.7 - - [20/Mar/2025:02:32:39 +0000] "GET /plaid/accounts/ HTTP/1.1" 200 7499 "-" "expensesmanager/8 CFNetwork/1568.200.51 Darwin/24.2.0"
::ffff:10.0.0.7 - - [20/Mar/2025:02:41:57 +0000] "GET /plaid/accounts/ HTTP/1.1" 304 - "-" "expensesmanager/8 CFNetwork/1568.200.51 Darwin/24.2.0"
::ffff:10.0.0.7 - - [20/Mar/2025:02:42:20 +0000] "GET /plaid/accounts/ HTTP/1.1" 200 7499 "-" "expensesmanager/8 CFNetwork/1568.200.51 Darwin/24.2.0"
::ffff:10.0.0.7 - - [20/Mar/2025:02:42:24 +0000] "GET /plaid/accounts/ HTTP/1.1" 200 7499 "-" "expensesmanager/8 CFNetwork/1568.200.51 Darwin/24.2.0"
::ffff:10.0.0.7 - - [20/Mar/2025:02:46:31 +0000] "GET /plaid/accounts/ HTTP/1.1" 200 7499 "-" "expensesmanager/8 CFNetwork/1568.200.51 Darwin/24.2.0"
::ffff:10.0.0.7 - - [20/Mar/2025:02:47:38 +0000] "GET /plaid/accounts/ HTTP/1.1" 304 - "-" "expensesmanager/8 CFNetwork/1568.200.51 Darwin/24.2.0"
::ffff:10.0.0.7 - - [20/Mar/2025:02:48:13 +0000] "GET /plaid/accounts/ HTTP/1.1" 304 - "-" "expensesmanager/8 CFNetwork/1568.200.51 Darwin/24.2.0"
::ffff:10.0.0.7 - - [20/Mar/2025:02:48:41 +0000] "GET /plaid/accounts/ HTTP/1.1" 200 7499 "-" "expensesmanager/8 CFNetwork/1568.200.51 Darwin/24.2.0"
::ffff:10.0.0.7 - - [20/Mar/2025:02:48:44 +0000] "GET /plaid/accounts/ HTTP/1.1" 200 7499 "-" "expensesmanager/8 CFNetwork/1568.200.51 Darwin/24.2.0"
::ffff:10.0.0.7 - - [20/Mar/2025:02:50:20 +0000] "GET /plaid/accounts/ HTTP/1.1" 304 - "-" "expensesmanager/8 CFNetwork/1568.200.51 Darwin/24.2.0"
::ffff:10.0.0.7 - - [20/Mar/2025:02:53:53 +0000] "GET /plaid/accounts/ HTTP/1.1" 304 - "-" "expensesmanager/8 CFNetwork/1568.200.51 Darwin/24.2.0"
::ffff:10.0.0.7 - - [20/Mar/2025:02:54:18 +0000] "GET /plaid/accounts/ HTTP/1.1" 200 7499 "-" "expensesmanager/8 CFNetwork/1568.200.51 Darwin/24.2.0"
::ffff:10.0.0.7 - - [20/Mar/2025:02:54:27 +0000] "GET /plaid/accounts/ HTTP/1.1" 200 7499 "-" "expensesmanager/8 CFNetwork/1568.200.51 Darwin/24.2.0"
::ffff:10.0.0.7 - - [20/Mar/2025:02:55:12 +0000] "GET /plaid/accounts/ HTTP/1.1" 200 7499 "-" "expensesmanager/8 CFNetwork/1568.200.51 Darwin/24.2.0"
::ffff:10.0.0.7 - - [20/Mar/2025:02:55:20 +0000] "GET /plaid/accounts/ HTTP/1.1" 200 7499 "-" "expensesmanager/8 CFNetwork/1568.200.51 Darwin/24.2.0"
::ffff:10.0.0.7 - - [20/Mar/2025:02:55:28 +0000] "GET /plaid/accounts/ HTTP/1.1" 200 7499 "-" "expensesmanager/8 CFNetwork/1568.200.51 Darwin/24.2.0"
::ffff:10.0.0.7 - - [20/Mar/2025:02:55:46 +0000] "GET /plaid/accounts/ HTTP/1.1" 304 - "-" "expensesmanager/8 CFNetwork/1568.200.51 Darwin/24.2.0"
::ffff:10.0.0.7 - - [20/Mar/2025:02:55:53 +0000] "GET /plaid/accounts/ HTTP/1.1" 200 7499 "-" "expensesmanager/8 CFNetwork/1568.200.51 Darwin/24.2.0"
::ffff:10.0.0.7 - - [20/Mar/2025:02:56:05 +0000] "GET /plaid/accounts/ HTTP/1.1" 200 7499 "-" "expensesmanager/8 CFNetwork/1568.200.51 Darwin/24.2.0"
::ffff:10.0.0.7 - - [20/Mar/2025:02:56:09 +0000] "GET /plaid/accounts/ HTTP/1.1" 200 7499 "-" "expensesmanager/8 CFNetwork/1568.200.51 Darwin/24.2.0"
::ffff:10.0.0.7 - - [20/Mar/2025:02:56:15 +0000] "GET /plaid/accounts/ HTTP/1.1" 304 - "-" "expensesmanager/8 CFNetwork/1568.200.51 Darwin/24.2.0"
::ffff:10.0.0.7 - - [20/Mar/2025:02:57:18 +0000] "GET /plaid/accounts/ HTTP/1.1" 200 7499 "-" "expensesmanager/8 CFNetwork/1568.200.51 Darwin/24.2.0"
::ffff:10.0.0.7 - - [20/Mar/2025:02:57:53 +0000] "GET /plaid/accounts/ HTTP/1.1" 304 - "-" "expensesmanager/8 CFNetwork/1568.200.51 Darwin/24.2.0"
::ffff:10.0.0.7 - - [20/Mar/2025:02:58:07 +0000] "GET /plaid/accounts/ HTTP/1.1" 200 7499 "-" "expensesmanager/8 CFNetwork/1568.200.51 Darwin/24.2.0"
::ffff:10.0.0.7 - - [20/Mar/2025:02:58:10 +0000] "GET /plaid/accounts/ HTTP/1.1" 304 - "-" "expensesmanager/8 CFNetwork/1568.200.51 Darwin/24.2.0"
::ffff:10.0.0.7 - - [20/Mar/2025:02:58:14 +0000] "GET /plaid/accounts/ HTTP/1.1" 200 7499 "-" "expensesmanager/8 CFNetwork/1568.200.51 Darwin/24.2.0"
::ffff:10.0.0.7 - - [20/Mar/2025:02:58:16 +0000] "GET /plaid/accounts/ HTTP/1.1" 200 7499 "-" "expensesmanager/8 CFNetwork/1568.200.51 Darwin/24.2.0"
::ffff:10.0.0.7 - - [20/Mar/2025:02:58:20 +0000] "GET /plaid/accounts/ HTTP/1.1" 304 - "-" "expensesmanager/8 CFNetwork/1568.200.51 Darwin/24.2.0"
::ffff:10.0.0.7 - - [20/Mar/2025:02:58:27 +0000] "GET /plaid/accounts/ HTTP/1.1" 304 - "-" "expensesmanager/8 CFNetwork/1568.200.51 Darwin/24.2.0"
::ffff:10.0.0.7 - - [20/Mar/2025:02:58:41 +0000] "GET /plaid/accounts/ HTTP/1.1" 304 - "-" "expensesmanager/8 CFNetwork/1568.200.51 Darwin/24.2.0"
::ffff:10.0.0.7 - - [20/Mar/2025:02:58:46 +0000] "GET /plaid/accounts/ HTTP/1.1" 304 - "-" "expensesmanager/8 CFNetwork/1568.200.51 Darwin/24.2.0"
::ffff:10.0.0.7 - - [20/Mar/2025:02:59:01 +0000] "GET /plaid/accounts/ HTTP/1.1" 200 7499 "-" "expensesmanager/8 CFNetwork/1568.200.51 Darwin/24.2.0"
::ffff:10.0.0.7 - - [20/Mar/2025:02:59:07 +0000] "GET /plaid/accounts/ HTTP/1.1" 200 7499 "-" "expensesmanager/8 CFNetwork/1568.200.51 Darwin/24.2.0"
::ffff:10.0.0.7 - - [20/Mar/2025:02:59:24 +0000] "GET /plaid/accounts/ HTTP/1.1" 200 7499 "-" "expensesmanager/8 CFNetwork/1568.200.51 Darwin/24.2.0"
::ffff:10.0.0.7 - - [20/Mar/2025:03:00:00 +0000] "GET /plaid/accounts/ HTTP/1.1" 304 - "-" "expensesmanager/8 CFNetwork/1568.200.51 Darwin/24.2.0"
::ffff:10.0.0.7 - - [20/Mar/2025:03:00:15 +0000] "GET /plaid/accounts/ HTTP/1.1" 200 7499 "-" "expensesmanager/8 CFNetwork/1568.200.51 Darwin/24.2.0"
::ffff:10.0.0.7 - - [20/Mar/2025:03:00:20 +0000] "GET /plaid/accounts/ HTTP/1.1" 200 7499 "-" "expensesmanager/8 CFNetwork/1568.200.51 Darwin/24.2.0"
::ffff:10.0.0.7 - - [20/Mar/2025:03:00:34 +0000] "GET /plaid/accounts/ HTTP/1.1" 304 - "-" "expensesmanager/8 CFNetwork/1568.200.51 Darwin/24.2.0"
::ffff:10.0.0.7 - - [20/Mar/2025:03:00:39 +0000] "GET /plaid/accounts/ HTTP/1.1" 304 - "-" "expensesmanager/8 CFNetwork/1568.200.51 Darwin/24.2.0"
::ffff:10.0.0.7 - - [20/Mar/2025:03:00:45 +0000] "GET /plaid/accounts/ HTTP/1.1" 304 - "-" "expensesmanager/8 CFNetwork/1568.200.51 Darwin/24.2.0"
::ffff:10.0.0.7 - - [20/Mar/2025:03:00:49 +0000] "GET /plaid/accounts/ HTTP/1.1" 304 - "-" "expensesmanager/8 CFNetwork/1568.200.51 Darwin/24.2.0"
::ffff:10.0.0.7 - - [20/Mar/2025:03:01:02 +0000] "GET /plaid/accounts/ HTTP/1.1" 200 7499 "-" "expensesmanager/8 CFNetwork/1568.200.51 Darwin/24.2.0"
::ffff:10.0.0.7 - - [20/Mar/2025:03:01:05 +0000] "GET /plaid/accounts/ HTTP/1.1" 200 7499 "-" "expensesmanager/8 CFNetwork/1568.200.51 Darwin/24.2.0"
::ffff:10.0.0.7 - - [20/Mar/2025:03:02:21 +0000] "GET /plaid/accounts/ HTTP/1.1" 200 7499 "-" "expensesmanager/8 CFNetwork/1568.200.51 Darwin/24.2.0"
::ffff:10.0.0.7 - - [20/Mar/2025:03:03:01 +0000] "GET /plaid/accounts/ HTTP/1.1" 304 - "-" "expensesmanager/8 CFNetwork/1568.200.51 Darwin/24.2.0"
::ffff:10.0.0.7 - - [20/Mar/2025:03:03:45 +0000] "GET /plaid/accounts/ HTTP/1.1" 200 7499 "-" "expensesmanager/8 CFNetwork/1568.200.51 Darwin/24.2.0"
::ffff:10.0.0.7 - - [20/Mar/2025:03:04:20 +0000] "GET /plaid/accounts/ HTTP/1.1" 200 7499 "-" "expensesmanager/8 CFNetwork/1568.200.51 Darwin/24.2.0"
::ffff:10.0.0.7 - - [20/Mar/2025:03:04:23 +0000] "GET /plaid/accounts/ HTTP/1.1" 200 7499 "-" "expensesmanager/8 CFNetwork/1568.200.51 Darwin/24.2.0"
::ffff:10.0.0.7 - - [20/Mar/2025:03:05:57 +0000] "GET /plaid/accounts/ HTTP/1.1" 304 - "-" "expensesmanager/8 CFNetwork/1568.200.51 Darwin/24.2.0"
::ffff:10.0.0.7 - - [20/Mar/2025:03:06:21 +0000] "GET /plaid/link-token/ HTTP/1.1" 500 59 "-" "expensesmanager/8 CFNetwork/1568.200.51 Darwin/24.2.0"
::ffff:10.0.0.7 - - [20/Mar/2025:03:06:27 +0000] "GET /plaid/accounts/ HTTP/1.1" 200 7499 "-" "expensesmanager/8 CFNetwork/1568.200.51 Darwin/24.2.0"
::ffff:10.0.0.7 - - [20/Mar/2025:03:06:30 +0000] "GET /plaid/link-token/ HTTP/1.1" 500 59 "-" "expensesmanager/8 CFNetwork/1568.200.51 Darwin/24.2.0"
::ffff:10.0.0.7 - - [20/Mar/2025:03:06:48 +0000] "GET /plaid/accounts/ HTTP/1.1" 200 7499 "-" "expensesmanager/8 CFNetwork/1568.200.51 Darwin/24.2.0"
::ffff:10.0.0.7 - - [20/Mar/2025:03:06:51 +0000] "GET /plaid/link-token/ HTTP/1.1" 500 59 "-" "expensesmanager/8 CFNetwork/1568.200.51 Darwin/24.2.0"
::ffff:10.0.0.7 - - [20/Mar/2025:03:07:56 +0000] "GET /plaid/link-token/ HTTP/1.1" 500 59 "-" "expensesmanager/8 CFNetwork/1568.200.51 Darwin/24.2.0"
::ffff:10.0.0.7 - - [20/Mar/2025:03:08:57 +0000] "POST /notification/enable-notifications/ HTTP/1.1" 200 48 "-" "expensesmanager/8 CFNetwork/1568.200.51 Darwin/24.2.0"
::ffff:10.0.0.7 - - [20/Mar/2025:03:09:02 +0000] "GET /plaid/accounts/ HTTP/1.1" 304 - "-" "expensesmanager/8 CFNetwork/1568.200.51 Darwin/24.2.0"
::ffff:10.0.0.7 - - [20/Mar/2025:03:09:03 +0000] "GET /plaid/link-token/ HTTP/1.1" 500 59 "-" "expensesmanager/8 CFNetwork/1568.200.51 Darwin/24.2.0"
::ffff:10.0.0.7 - - [20/Mar/2025:03:09:09 +0000] "GET /plaid/link-token/ HTTP/1.1" 500 59 "-" "expensesmanager/8 CFNetwork/1568.200.51 Darwin/24.2.0"
::ffff:10.0.0.7 - - [20/Mar/2025:03:09:35 +0000] "GET /plaid/link-token/ HTTP/1.1" 500 59 "-" "expensesmanager/8 CFNetwork/1568.200.51 Darwin/24.2.0"
::ffff:10.0.0.7 - - [20/Mar/2025:03:14:06 +0000] "GET /plaid/link-token/ HTTP/1.1" 500 59 "-" "expensesmanager/8 CFNetwork/1568.200.51 Darwin/24.2.0"
::1 - - [20/Mar/2025:03:17:31 +0000] "OPTIONS /admin/auth HTTP/1.1" 204 0 "http://localhost:4200/" "Mozilla/5.0 (Macintosh; Intel Mac OS X 10_15_7) AppleWebKit/537.36 (KHTML, like Gecko) Chrome/134.0.0.0 Safari/537.36"
::1 - - [20/Mar/2025:03:17:31 +0000] "GET /admin/auth HTTP/1.1" 401 45 "http://localhost:4200/" "Mozilla/5.0 (Macintosh; Intel Mac OS X 10_15_7) AppleWebKit/537.36 (KHTML, like Gecko) Chrome/134.0.0.0 Safari/537.36"
::1 - - [20/Mar/2025:03:17:39 +0000] "GET /admin/auth/refresh HTTP/1.1" - - "http://localhost:4200/" "Mozilla/5.0 (Macintosh; Intel Mac OS X 10_15_7) AppleWebKit/537.36 (KHTML, like Gecko) Chrome/134.0.0.0 Safari/537.36"
::1 - - [20/Mar/2025:03:17:39 +0000] "OPTIONS /admin/auth HTTP/1.1" 204 0 "http://localhost:4200/" "Mozilla/5.0 (Macintosh; Intel Mac OS X 10_15_7) AppleWebKit/537.36 (KHTML, like Gecko) Chrome/134.0.0.0 Safari/537.36"
::1 - - [20/Mar/2025:03:17:39 +0000] "GET /admin/auth HTTP/1.1" 401 45 "http://localhost:4200/" "Mozilla/5.0 (Macintosh; Intel Mac OS X 10_15_7) AppleWebKit/537.36 (KHTML, like Gecko) Chrome/134.0.0.0 Safari/537.36"
::1 - - [20/Mar/2025:03:17:43 +0000] "OPTIONS /admin/auth/signin HTTP/1.1" 204 0 "http://localhost:4200/" "Mozilla/5.0 (Macintosh; Intel Mac OS X 10_15_7) AppleWebKit/537.36 (KHTML, like Gecko) Chrome/134.0.0.0 Safari/537.36"
::1 - - [20/Mar/2025:03:17:44 +0000] "POST /admin/auth/signin HTTP/1.1" 200 153 "http://localhost:4200/" "Mozilla/5.0 (Macintosh; Intel Mac OS X 10_15_7) AppleWebKit/537.36 (KHTML, like Gecko) Chrome/134.0.0.0 Safari/537.36"
::1 - - [20/Mar/2025:03:17:44 +0000] "OPTIONS /admin/notification/active-devices HTTP/1.1" 204 0 "http://localhost:4200/" "Mozilla/5.0 (Macintosh; Intel Mac OS X 10_15_7) AppleWebKit/537.36 (KHTML, like Gecko) Chrome/134.0.0.0 Safari/537.36"
::1 - - [20/Mar/2025:03:17:48 +0000] "GET /admin/notification/active-devices HTTP/1.1" 200 108424 "http://localhost:4200/" "Mozilla/5.0 (Macintosh; Intel Mac OS X 10_15_7) AppleWebKit/537.36 (KHTML, like Gecko) Chrome/134.0.0.0 Safari/537.36"
::1 - - [20/Mar/2025:03:17:55 +0000] "GET /admin/auth/refresh HTTP/1.1" - - "http://localhost:4200/" "Mozilla/5.0 (Macintosh; Intel Mac OS X 10_15_7) AppleWebKit/537.36 (KHTML, like Gecko) Chrome/134.0.0.0 Safari/537.36"
::1 - - [20/Mar/2025:03:17:55 +0000] "OPTIONS /admin/auth HTTP/1.1" 204 0 "http://localhost:4200/" "Mozilla/5.0 (Macintosh; Intel Mac OS X 10_15_7) AppleWebKit/537.36 (KHTML, like Gecko) Chrome/134.0.0.0 Safari/537.36"
::1 - - [20/Mar/2025:03:17:56 +0000] "GET /admin/auth HTTP/1.1" 200 409 "http://localhost:4200/" "Mozilla/5.0 (Macintosh; Intel Mac OS X 10_15_7) AppleWebKit/537.36 (KHTML, like Gecko) Chrome/134.0.0.0 Safari/537.36"
::1 - - [20/Mar/2025:03:17:56 +0000] "OPTIONS /admin/account-deletion/pending HTTP/1.1" 204 0 "http://localhost:4200/" "Mozilla/5.0 (Macintosh; Intel Mac OS X 10_15_7) AppleWebKit/537.36 (KHTML, like Gecko) Chrome/134.0.0.0 Safari/537.36"
::1 - - [20/Mar/2025:03:17:56 +0000] "GET /admin/account-deletion/pending HTTP/1.1" 200 994 "http://localhost:4200/" "Mozilla/5.0 (Macintosh; Intel Mac OS X 10_15_7) AppleWebKit/537.36 (KHTML, like Gecko) Chrome/134.0.0.0 Safari/537.36"
::1 - - [20/Mar/2025:03:18:25 +0000] "OPTIONS /admin/account-deletion/a7jFWXVWOrYwTWl1TjZHn4LnsH03 HTTP/1.1" 204 0 "http://localhost:4200/" "Mozilla/5.0 (Macintosh; Intel Mac OS X 10_15_7) AppleWebKit/537.36 (KHTML, like Gecko) Chrome/134.0.0.0 Safari/537.36"
::1 - - [20/Mar/2025:03:18:25 +0000] "PUT /admin/account-deletion/a7jFWXVWOrYwTWl1TjZHn4LnsH03 HTTP/1.1" 200 40 "http://localhost:4200/" "Mozilla/5.0 (Macintosh; Intel Mac OS X 10_15_7) AppleWebKit/537.36 (KHTML, like Gecko) Chrome/134.0.0.0 Safari/537.36"
::1 - - [20/Mar/2025:03:18:25 +0000] "OPTIONS /admin/account-deletion/pending HTTP/1.1" 204 0 "http://localhost:4200/" "Mozilla/5.0 (Macintosh; Intel Mac OS X 10_15_7) AppleWebKit/537.36 (KHTML, like Gecko) Chrome/134.0.0.0 Safari/537.36"
::1 - - [20/Mar/2025:03:18:26 +0000] "GET /admin/account-deletion/pending HTTP/1.1" 200 793 "http://localhost:4200/" "Mozilla/5.0 (Macintosh; Intel Mac OS X 10_15_7) AppleWebKit/537.36 (KHTML, like Gecko) Chrome/134.0.0.0 Safari/537.36"
::1 - - [20/Mar/2025:03:18:29 +0000] "OPTIONS /admin/account-deletion/fe0tSLNPxdhdpepasBl7ATa7Tco1 HTTP/1.1" 204 0 "http://localhost:4200/" "Mozilla/5.0 (Macintosh; Intel Mac OS X 10_15_7) AppleWebKit/537.36 (KHTML, like Gecko) Chrome/134.0.0.0 Safari/537.36"
::1 - - [20/Mar/2025:03:18:32 +0000] "DELETE /admin/account-deletion/fe0tSLNPxdhdpepasBl7ATa7Tco1 HTTP/1.1" 200 55 "http://localhost:4200/" "Mozilla/5.0 (Macintosh; Intel Mac OS X 10_15_7) AppleWebKit/537.36 (KHTML, like Gecko) Chrome/134.0.0.0 Safari/537.36"
::1 - - [20/Mar/2025:03:18:32 +0000] "OPTIONS /admin/account-deletion/pending HTTP/1.1" 204 0 "http://localhost:4200/" "Mozilla/5.0 (Macintosh; Intel Mac OS X 10_15_7) AppleWebKit/537.36 (KHTML, like Gecko) Chrome/134.0.0.0 Safari/537.36"
::1 - - [20/Mar/2025:03:18:32 +0000] "GET /admin/account-deletion/pending HTTP/1.1" 200 479 "http://localhost:4200/" "Mozilla/5.0 (Macintosh; Intel Mac OS X 10_15_7) AppleWebKit/537.36 (KHTML, like Gecko) Chrome/134.0.0.0 Safari/537.36"
::1 - - [20/Mar/2025:03:18:44 +0000] "OPTIONS /admin/account-deletion/shZE8UeO1kNdOZEzRsrTqdQyS9W2 HTTP/1.1" 204 0 "http://localhost:4200/" "Mozilla/5.0 (Macintosh; Intel Mac OS X 10_15_7) AppleWebKit/537.36 (KHTML, like Gecko) Chrome/134.0.0.0 Safari/537.36"
::1 - - [20/Mar/2025:03:18:45 +0000] "DELETE /admin/account-deletion/shZE8UeO1kNdOZEzRsrTqdQyS9W2 HTTP/1.1" 200 55 "http://localhost:4200/" "Mozilla/5.0 (Macintosh; Intel Mac OS X 10_15_7) AppleWebKit/537.36 (KHTML, like Gecko) Chrome/134.0.0.0 Safari/537.36"
::1 - - [20/Mar/2025:03:18:45 +0000] "OPTIONS /admin/account-deletion/pending HTTP/1.1" 204 0 "http://localhost:4200/" "Mozilla/5.0 (Macintosh; Intel Mac OS X 10_15_7) AppleWebKit/537.36 (KHTML, like Gecko) Chrome/134.0.0.0 Safari/537.36"
::1 - - [20/Mar/2025:03:18:45 +0000] "GET /admin/account-deletion/pending HTTP/1.1" 200 288 "http://localhost:4200/" "Mozilla/5.0 (Macintosh; Intel Mac OS X 10_15_7) AppleWebKit/537.36 (KHTML, like Gecko) Chrome/134.0.0.0 Safari/537.36"
::1 - - [20/Mar/2025:03:18:57 +0000] "OPTIONS /admin/account-deletion/dUzCNLot1PSoM7YNlUTaeCgBHrq1 HTTP/1.1" 204 0 "http://localhost:4200/" "Mozilla/5.0 (Macintosh; Intel Mac OS X 10_15_7) AppleWebKit/537.36 (KHTML, like Gecko) Chrome/134.0.0.0 Safari/537.36"
::1 - - [20/Mar/2025:03:18:58 +0000] "DELETE /admin/account-deletion/dUzCNLot1PSoM7YNlUTaeCgBHrq1 HTTP/1.1" 200 55 "http://localhost:4200/" "Mozilla/5.0 (Macintosh; Intel Mac OS X 10_15_7) AppleWebKit/537.36 (KHTML, like Gecko) Chrome/134.0.0.0 Safari/537.36"
::1 - - [20/Mar/2025:03:18:58 +0000] "OPTIONS /admin/account-deletion/pending HTTP/1.1" 204 0 "http://localhost:4200/" "Mozilla/5.0 (Macintosh; Intel Mac OS X 10_15_7) AppleWebKit/537.36 (KHTML, like Gecko) Chrome/134.0.0.0 Safari/537.36"
::1 - - [20/Mar/2025:03:18:58 +0000] "GET /admin/account-deletion/pending HTTP/1.1" 200 45 "http://localhost:4200/" "Mozilla/5.0 (Macintosh; Intel Mac OS X 10_15_7) AppleWebKit/537.36 (KHTML, like Gecko) Chrome/134.0.0.0 Safari/537.36"
::1 - - [20/Mar/2025:03:19:00 +0000] "OPTIONS /admin/user/new-version HTTP/1.1" 204 0 "http://localhost:4200/" "Mozilla/5.0 (Macintosh; Intel Mac OS X 10_15_7) AppleWebKit/537.36 (KHTML, like Gecko) Chrome/134.0.0.0 Safari/537.36"
::1 - - [20/Mar/2025:03:19:00 +0000] "GET /admin/user/new-version HTTP/1.1" 200 43029 "http://localhost:4200/" "Mozilla/5.0 (Macintosh; Intel Mac OS X 10_15_7) AppleWebKit/537.36 (KHTML, like Gecko) Chrome/134.0.0.0 Safari/537.36"
::ffff:10.0.0.7 - - [20/Mar/2025:03:19:18 +0000] "POST /notification/destroy-notifications/ HTTP/1.1" 401 181 "-" "expensesmanager/8 CFNetwork/1568.200.51 Darwin/24.2.0"
::ffff:10.0.0.7 - - [20/Mar/2025:03:20:25 +0000] "POST /notification/enable-notifications/ HTTP/1.1" 200 48 "-" "expensesmanager/8 CFNetwork/1568.200.51 Darwin/24.2.0"
::ffff:10.0.0.7 - - [20/Mar/2025:03:25:14 +0000] "POST /notification/enable-notifications/ HTTP/1.1" 200 48 "-" "expensesmanager/8 CFNetwork/1568.200.51 Darwin/24.2.0"
::ffff:10.0.0.7 - - [20/Mar/2025:03:25:38 +0000] "POST /notification/enable-notifications/ HTTP/1.1" 200 48 "-" "expensesmanager/8 CFNetwork/1568.200.51 Darwin/24.2.0"
::1 - - [20/Mar/2025:03:26:19 +0000] "OPTIONS /admin/auth HTTP/1.1" 204 0 "http://localhost:4200/" "Mozilla/5.0 (Macintosh; Intel Mac OS X 10_15_7) AppleWebKit/537.36 (KHTML, like Gecko) Chrome/134.0.0.0 Safari/537.36"
::1 - - [20/Mar/2025:03:26:19 +0000] "OPTIONS /admin/user/new-version HTTP/1.1" 204 0 "http://localhost:4200/" "Mozilla/5.0 (Macintosh; Intel Mac OS X 10_15_7) AppleWebKit/537.36 (KHTML, like Gecko) Chrome/134.0.0.0 Safari/537.36"
::1 - - [20/Mar/2025:03:26:19 +0000] "GET /admin/user/new-version HTTP/1.1" 200 43442 "http://localhost:4200/" "Mozilla/5.0 (Macintosh; Intel Mac OS X 10_15_7) AppleWebKit/537.36 (KHTML, like Gecko) Chrome/134.0.0.0 Safari/537.36"
::1 - - [20/Mar/2025:03:26:25 +0000] "OPTIONS /admin/auth HTTP/1.1" 204 0 "http://localhost:4200/" "Mozilla/5.0 (Macintosh; Intel Mac OS X 10_15_7) AppleWebKit/537.36 (KHTML, like Gecko) Chrome/134.0.0.0 Safari/537.36"
::1 - - [20/Mar/2025:03:26:26 +0000] "GET /admin/auth HTTP/1.1" 304 - "http://localhost:4200/" "Mozilla/5.0 (Macintosh; Intel Mac OS X 10_15_7) AppleWebKit/537.36 (KHTML, like Gecko) Chrome/134.0.0.0 Safari/537.36"
::1 - - [20/Mar/2025:03:26:30 +0000] "OPTIONS /admin/account-deletion/678NkwBnFAXbb62O1fBDug6sPTn1 HTTP/1.1" 204 0 "http://localhost:4200/" "Mozilla/5.0 (Macintosh; Intel Mac OS X 10_15_7) AppleWebKit/537.36 (KHTML, like Gecko) Chrome/134.0.0.0 Safari/537.36"
::1 - - [20/Mar/2025:03:26:30 +0000] "POST /admin/account-deletion/678NkwBnFAXbb62O1fBDug6sPTn1 HTTP/1.1" 200 133 "http://localhost:4200/" "Mozilla/5.0 (Macintosh; Intel Mac OS X 10_15_7) AppleWebKit/537.36 (KHTML, like Gecko) Chrome/134.0.0.0 Safari/537.36"
::1 - - [20/Mar/2025:03:26:33 +0000] "OPTIONS /admin/auth HTTP/1.1" 204 0 "http://localhost:4200/" "Mozilla/5.0 (Macintosh; Intel Mac OS X 10_15_7) AppleWebKit/537.36 (KHTML, like Gecko) Chrome/134.0.0.0 Safari/537.36"
::1 - - [20/Mar/2025:03:26:33 +0000] "GET /admin/auth HTTP/1.1" 304 - "http://localhost:4200/" "Mozilla/5.0 (Macintosh; Intel Mac OS X 10_15_7) AppleWebKit/537.36 (KHTML, like Gecko) Chrome/134.0.0.0 Safari/537.36"
::1 - - [20/Mar/2025:03:26:33 +0000] "OPTIONS /admin/user/new-version HTTP/1.1" 204 0 "http://localhost:4200/" "Mozilla/5.0 (Macintosh; Intel Mac OS X 10_15_7) AppleWebKit/537.36 (KHTML, like Gecko) Chrome/134.0.0.0 Safari/537.36"
::1 - - [20/Mar/2025:03:26:33 +0000] "GET /admin/user/new-version HTTP/1.1" 304 - "http://localhost:4200/" "Mozilla/5.0 (Macintosh; Intel Mac OS X 10_15_7) AppleWebKit/537.36 (KHTML, like Gecko) Chrome/134.0.0.0 Safari/537.36"
::1 - - [20/Mar/2025:03:26:37 +0000] "OPTIONS /admin/account-deletion/pending HTTP/1.1" 204 0 "http://localhost:4200/" "Mozilla/5.0 (Macintosh; Intel Mac OS X 10_15_7) AppleWebKit/537.36 (KHTML, like Gecko) Chrome/134.0.0.0 Safari/537.36"
::1 - - [20/Mar/2025:03:26:37 +0000] "GET /admin/account-deletion/pending HTTP/1.1" 200 234 "http://localhost:4200/" "Mozilla/5.0 (Macintosh; Intel Mac OS X 10_15_7) AppleWebKit/537.36 (KHTML, like Gecko) Chrome/134.0.0.0 Safari/537.36"
::1 - - [20/Mar/2025:03:26:52 +0000] "OPTIONS /admin/account-deletion/678NkwBnFAXbb62O1fBDug6sPTn1 HTTP/1.1" 204 0 "http://localhost:4200/" "Mozilla/5.0 (Macintosh; Intel Mac OS X 10_15_7) AppleWebKit/537.36 (KHTML, like Gecko) Chrome/134.0.0.0 Safari/537.36"
::1 - - [20/Mar/2025:03:26:53 +0000] "DELETE /admin/account-deletion/678NkwBnFAXbb62O1fBDug6sPTn1 HTTP/1.1" 200 55 "http://localhost:4200/" "Mozilla/5.0 (Macintosh; Intel Mac OS X 10_15_7) AppleWebKit/537.36 (KHTML, like Gecko) Chrome/134.0.0.0 Safari/537.36"
::1 - - [20/Mar/2025:03:26:53 +0000] "OPTIONS /admin/account-deletion/pending HTTP/1.1" 204 0 "http://localhost:4200/" "Mozilla/5.0 (Macintosh; Intel Mac OS X 10_15_7) AppleWebKit/537.36 (KHTML, like Gecko) Chrome/134.0.0.0 Safari/537.36"
::1 - - [20/Mar/2025:03:26:53 +0000] "GET /admin/account-deletion/pending HTTP/1.1" 200 45 "http://localhost:4200/" "Mozilla/5.0 (Macintosh; Intel Mac OS X 10_15_7) AppleWebKit/537.36 (KHTML, like Gecko) Chrome/134.0.0.0 Safari/537.36"
::ffff:10.0.0.7 - - [20/Mar/2025:03:26:53 +0000] "POST /notification/destroy-notifications/ HTTP/1.1" 401 181 "-" "expensesmanager/8 CFNetwork/1568.200.51 Darwin/24.2.0"
::ffff:10.0.0.7 - - [20/Mar/2025:03:27:25 +0000] "POST /notification/enable-notifications/ HTTP/1.1" 200 48 "-" "expensesmanager/8 CFNetwork/1568.200.51 Darwin/24.2.0"
::ffff:10.0.0.7 - - [20/Mar/2025:03:27:46 +0000] "GET /plaid/accounts/ HTTP/1.1" 500 43 "-" "expensesmanager/8 CFNetwork/1568.200.51 Darwin/24.2.0"
::ffff:10.0.0.7 - - [20/Mar/2025:03:27:50 +0000] "GET /plaid/link-token/ HTTP/1.1" 500 120 "-" "expensesmanager/8 CFNetwork/1568.200.51 Darwin/24.2.0"
::ffff:10.0.0.7 - - [20/Mar/2025:03:28:22 +0000] "GET /plaid/link-token/ HTTP/1.1" 200 109 "-" "expensesmanager/8 CFNetwork/1568.200.51 Darwin/24.2.0"
::1 - - [20/Mar/2025:03:29:42 +0000] "POST /plaid/publicTokenWebhook?uid=spl8wOi213gKu73RDUhPXviOC9V2 HTTP/1.1" 400 36 "-" "Go-http-client/2.0"
::1 - - [20/Mar/2025:03:30:05 +0000] "POST /plaid/publicTokenWebhook?uid=spl8wOi213gKu73RDUhPXviOC9V2 HTTP/1.1" 400 36 "-" "Go-http-client/2.0"
::1 - - [20/Mar/2025:03:30:10 +0000] "POST /plaid/publicTokenWebhook?uid=spl8wOi213gKu73RDUhPXviOC9V2 HTTP/1.1" 200 286 "-" "Go-http-client/2.0"
::ffff:10.0.0.7 - - [20/Mar/2025:03:30:11 +0000] "GET /plaid/accounts/ HTTP/1.1" 200 7499 "-" "expensesmanager/8 CFNetwork/1568.200.51 Darwin/24.2.0"
::ffff:10.0.0.7 - - [20/Mar/2025:03:30:11 +0000] "GET /plaid/accounts/ HTTP/1.1" 200 7499 "-" "expensesmanager/8 CFNetwork/1568.200.51 Darwin/24.2.0"
::ffff:10.0.0.7 - - [20/Mar/2025:03:30:11 +0000] "GET /plaid/accounts/ HTTP/1.1" 200 7499 "-" "expensesmanager/8 CFNetwork/1568.200.51 Darwin/24.2.0"
::ffff:10.0.0.7 - - [20/Mar/2025:03:30:11 +0000] "GET /plaid/accounts/ HTTP/1.1" 200 7499 "-" "expensesmanager/8 CFNetwork/1568.200.51 Darwin/24.2.0"
::1 - - [20/Mar/2025:03:30:12 +0000] "POST /plaid/publicTokenWebhook?uid=spl8wOi213gKu73RDUhPXviOC9V2 HTTP/1.1" 400 36 "-" "Go-http-client/2.0"
::1 - - [20/Mar/2025:03:30:12 +0000] "POST /plaid/publicTokenWebhook?uid=spl8wOi213gKu73RDUhPXviOC9V2 HTTP/1.1" 400 36 "-" "Go-http-client/2.0"
::1 - - [20/Mar/2025:03:30:12 +0000] "POST /plaid/publicTokenWebhook?uid=spl8wOi213gKu73RDUhPXviOC9V2 HTTP/1.1" 400 36 "-" "Go-http-client/2.0"
::1 - - [20/Mar/2025:03:30:19 +0000] "POST /plaid/publicTokenWebhook?uid=spl8wOi213gKu73RDUhPXviOC9V2 HTTP/1.1" 400 36 "-" "Go-http-client/2.0"
::1 - - [20/Mar/2025:03:30:19 +0000] "POST /plaid/publicTokenWebhook?uid=spl8wOi213gKu73RDUhPXviOC9V2 HTTP/1.1" 400 36 "-" "Go-http-client/2.0"
::1 - - [20/Mar/2025:03:30:36 +0000] "POST /plaid/publicTokenWebhook?uid=spl8wOi213gKu73RDUhPXviOC9V2 HTTP/1.1" 400 36 "-" "Go-http-client/2.0"
::1 - - [20/Mar/2025:03:30:42 +0000] "POST /plaid/publicTokenWebhook?uid=spl8wOi213gKu73RDUhPXviOC9V2 HTTP/1.1" 400 36 "-" "Go-http-client/2.0"
::1 - - [20/Mar/2025:03:30:43 +0000] "POST /plaid/publicTokenWebhook?uid=spl8wOi213gKu73RDUhPXviOC9V2 HTTP/1.1" 400 36 "-" "Go-http-client/2.0"
::1 - - [20/Mar/2025:03:30:50 +0000] "POST /plaid/publicTokenWebhook?uid=spl8wOi213gKu73RDUhPXviOC9V2 HTTP/1.1" 400 36 "-" "Go-http-client/2.0"
::ffff:10.0.0.7 - - [20/Mar/2025:03:30:52 +0000] "GET /plaid/accounts/ HTTP/1.1" 200 7499 "-" "expensesmanager/8 CFNetwork/1568.200.51 Darwin/24.2.0"
::ffff:10.0.0.7 - - [20/Mar/2025:03:30:56 +0000] "GET /plaid/accounts/ HTTP/1.1" 200 7499 "-" "expensesmanager/8 CFNetwork/1568.200.51 Darwin/24.2.0"
::ffff:10.0.0.7 - - [20/Mar/2025:03:30:59 +0000] "GET /plaid/accounts/ HTTP/1.1" 304 - "-" "expensesmanager/8 CFNetwork/1568.200.51 Darwin/24.2.0"
::1 - - [20/Mar/2025:03:31:53 +0000] "POST /plaid/publicTokenWebhook?uid=spl8wOi213gKu73RDUhPXviOC9V2 HTTP/1.1" 400 36 "-" "Go-http-client/2.0"
::1 - - [20/Mar/2025:03:31:58 +0000] "POST /plaid/publicTokenWebhook?uid=spl8wOi213gKu73RDUhPXviOC9V2 HTTP/1.1" 200 397 "-" "Go-http-client/2.0"
::ffff:10.0.0.7 - - [20/Mar/2025:03:32:00 +0000] "GET /plaid/accounts/ HTTP/1.1" 200 11228 "-" "expensesmanager/8 CFNetwork/1568.200.51 Darwin/24.2.0"
::ffff:10.0.0.7 - - [20/Mar/2025:03:32:00 +0000] "GET /plaid/accounts/ HTTP/1.1" 200 11228 "-" "expensesmanager/8 CFNetwork/1568.200.51 Darwin/24.2.0"
::ffff:10.0.0.7 - - [20/Mar/2025:03:32:00 +0000] "GET /plaid/accounts/ HTTP/1.1" 200 11228 "-" "expensesmanager/8 CFNetwork/1568.200.51 Darwin/24.2.0"
::ffff:10.0.0.7 - - [20/Mar/2025:03:32:00 +0000] "GET /plaid/accounts/ HTTP/1.1" 200 11228 "-" "expensesmanager/8 CFNetwork/1568.200.51 Darwin/24.2.0"
::ffff:10.0.0.7 - - [20/Mar/2025:03:32:00 +0000] "GET /plaid/accounts/ HTTP/1.1" 200 11228 "-" "expensesmanager/8 CFNetwork/1568.200.51 Darwin/24.2.0"
::ffff:10.0.0.7 - - [20/Mar/2025:03:32:00 +0000] "GET /plaid/accounts/ HTTP/1.1" 200 11228 "-" "expensesmanager/8 CFNetwork/1568.200.51 Darwin/24.2.0"
::1 - - [20/Mar/2025:03:32:00 +0000] "POST /plaid/publicTokenWebhook?uid=spl8wOi213gKu73RDUhPXviOC9V2 HTTP/1.1" 400 36 "-" "Go-http-client/2.0"
::ffff:10.0.0.7 - - [20/Mar/2025:03:32:00 +0000] "GET /plaid/accounts/ HTTP/1.1" 200 11228 "-" "expensesmanager/8 CFNetwork/1568.200.51 Darwin/24.2.0"
::ffff:10.0.0.7 - - [20/Mar/2025:03:32:00 +0000] "GET /plaid/accounts/ HTTP/1.1" 200 11228 "-" "expensesmanager/8 CFNetwork/1568.200.51 Darwin/24.2.0"
::1 - - [20/Mar/2025:03:32:13 +0000] "POST /plaid/publicTokenWebhook?uid=spl8wOi213gKu73RDUhPXviOC9V2 HTTP/1.1" 400 36 "-" "Go-http-client/2.0"
::1 - - [20/Mar/2025:03:32:24 +0000] "POST /plaid/publicTokenWebhook?uid=spl8wOi213gKu73RDUhPXviOC9V2 HTTP/1.1" 400 36 "-" "Go-http-client/2.0"
::1 - - [20/Mar/2025:03:32:30 +0000] "POST /plaid/publicTokenWebhook?uid=spl8wOi213gKu73RDUhPXviOC9V2 HTTP/1.1" 400 36 "-" "Go-http-client/2.0"
::1 - - [20/Mar/2025:03:32:30 +0000] "POST /plaid/publicTokenWebhook?uid=spl8wOi213gKu73RDUhPXviOC9V2 HTTP/1.1" 400 36 "-" "Go-http-client/2.0"
::1 - - [20/Mar/2025:03:32:36 +0000] "POST /plaid/publicTokenWebhook?uid=spl8wOi213gKu73RDUhPXviOC9V2 HTTP/1.1" 400 36 "-" "Go-http-client/2.0"
::1 - - [20/Mar/2025:03:32:42 +0000] "POST /plaid/publicTokenWebhook?uid=spl8wOi213gKu73RDUhPXviOC9V2 HTTP/1.1" 400 36 "-" "Go-http-client/2.0"
::1 - - [20/Mar/2025:03:32:43 +0000] "POST /plaid/publicTokenWebhook?uid=spl8wOi213gKu73RDUhPXviOC9V2 HTTP/1.1" 400 36 "-" "Go-http-client/2.0"
::1 - - [20/Mar/2025:03:32:49 +0000] "POST /plaid/publicTokenWebhook?uid=spl8wOi213gKu73RDUhPXviOC9V2 HTTP/1.1" 400 36 "-" "Go-http-client/2.0"
::1 - - [20/Mar/2025:03:32:50 +0000] "POST /plaid/publicTokenWebhook?uid=spl8wOi213gKu73RDUhPXviOC9V2 HTTP/1.1" 400 36 "-" "Go-http-client/2.0"
::ffff:10.0.0.7 - - [20/Mar/2025:03:34:03 +0000] "GET /plaid/accounts/ HTTP/1.1" 200 25862 "-" "expensesmanager/8 CFNetwork/1568.200.51 Darwin/24.2.0"
::1 - - [20/Mar/2025:03:34:24 +0000] "POST /plaid/publicTokenWebhook?uid=spl8wOi213gKu73RDUhPXviOC9V2 HTTP/1.1" 400 36 "-" "Go-http-client/2.0"
::1 - - [20/Mar/2025:03:34:30 +0000] "POST /plaid/publicTokenWebhook?uid=spl8wOi213gKu73RDUhPXviOC9V2 HTTP/1.1" 400 36 "-" "Go-http-client/2.0"
::1 - - [20/Mar/2025:03:34:30 +0000] "POST /plaid/publicTokenWebhook?uid=spl8wOi213gKu73RDUhPXviOC9V2 HTTP/1.1" 400 36 "-" "Go-http-client/2.0"
::ffff:10.0.0.7 - - [20/Mar/2025:03:40:08 +0000] "GET /plaid/accounts/ HTTP/1.1" 200 25862 "-" "expensesmanager/8 CFNetwork/1568.200.51 Darwin/24.2.0"
::1 - - [20/Mar/2025:03:40:13 +0000] "POST /plaid/publicTokenWebhook?uid=spl8wOi213gKu73RDUhPXviOC9V2 HTTP/1.1" 400 36 "-" "Go-http-client/2.0"
::ffff:10.0.0.7 - - [20/Mar/2025:03:40:15 +0000] "GET /plaid/accounts/ HTTP/1.1" 200 25862 "-" "expensesmanager/8 CFNetwork/1568.200.51 Darwin/24.2.0"
::ffff:10.0.0.7 - - [20/Mar/2025:03:40:23 +0000] "GET /plaid/accounts/ HTTP/1.1" 200 25862 "-" "expensesmanager/8 CFNetwork/1568.200.51 Darwin/24.2.0"
::ffff:10.0.0.7 - - [20/Mar/2025:03:40:26 +0000] "GET /plaid/accounts/ HTTP/1.1" 304 - "-" "expensesmanager/8 CFNetwork/1568.200.51 Darwin/24.2.0"
::ffff:10.0.0.7 - - [20/Mar/2025:03:40:29 +0000] "GET /plaid/accounts/ HTTP/1.1" 304 - "-" "expensesmanager/8 CFNetwork/1568.200.51 Darwin/24.2.0"
::ffff:10.0.0.7 - - [20/Mar/2025:03:40:35 +0000] "GET /plaid/accounts/ HTTP/1.1" 200 25862 "-" "expensesmanager/8 CFNetwork/1568.200.51 Darwin/24.2.0"
::1 - - [20/Mar/2025:03:40:36 +0000] "POST /plaid/publicTokenWebhook?uid=spl8wOi213gKu73RDUhPXviOC9V2 HTTP/1.1" 400 36 "-" "Go-http-client/2.0"
::ffff:10.0.0.7 - - [20/Mar/2025:03:40:36 +0000] "GET /plaid/accounts/ HTTP/1.1" 200 25862 "-" "expensesmanager/8 CFNetwork/1568.200.51 Darwin/24.2.0"
::ffff:10.0.0.7 - - [20/Mar/2025:03:40:39 +0000] "GET /plaid/accounts/ HTTP/1.1" 200 25862 "-" "expensesmanager/8 CFNetwork/1568.200.51 Darwin/24.2.0"
::ffff:10.0.0.7 - - [20/Mar/2025:03:40:42 +0000] "GET /plaid/accounts/ HTTP/1.1" 200 25862 "-" "expensesmanager/8 CFNetwork/1568.200.51 Darwin/24.2.0"
::1 - - [20/Mar/2025:03:40:43 +0000] "POST /plaid/publicTokenWebhook?uid=spl8wOi213gKu73RDUhPXviOC9V2 HTTP/1.1" 400 36 "-" "Go-http-client/2.0"
::1 - - [20/Mar/2025:03:40:43 +0000] "POST /plaid/publicTokenWebhook?uid=spl8wOi213gKu73RDUhPXviOC9V2 HTTP/1.1" 400 36 "-" "Go-http-client/2.0"
::ffff:10.0.0.7 - - [20/Mar/2025:03:40:45 +0000] "GET /plaid/accounts/ HTTP/1.1" 200 25862 "-" "expensesmanager/8 CFNetwork/1568.200.51 Darwin/24.2.0"
::ffff:10.0.0.7 - - [20/Mar/2025:03:40:48 +0000] "GET /plaid/accounts/ HTTP/1.1" 200 25862 "-" "expensesmanager/8 CFNetwork/1568.200.51 Darwin/24.2.0"
::1 - - [20/Mar/2025:03:40:50 +0000] "POST /plaid/publicTokenWebhook?uid=spl8wOi213gKu73RDUhPXviOC9V2 HTTP/1.1" 400 36 "-" "Go-http-client/2.0"
::ffff:10.0.0.7 - - [20/Mar/2025:03:40:50 +0000] "GET /plaid/accounts/ HTTP/1.1" 304 - "-" "expensesmanager/8 CFNetwork/1568.200.51 Darwin/24.2.0"
::1 - - [20/Mar/2025:03:40:50 +0000] "POST /plaid/publicTokenWebhook?uid=spl8wOi213gKu73RDUhPXviOC9V2 HTTP/1.1" 400 36 "-" "Go-http-client/2.0"
::ffff:10.0.0.7 - - [20/Mar/2025:03:40:55 +0000] "GET /plaid/accounts/ HTTP/1.1" 304 - "-" "expensesmanager/8 CFNetwork/1568.200.51 Darwin/24.2.0"
::ffff:10.0.0.7 - - [20/Mar/2025:03:41:00 +0000] "GET /plaid/accounts/ HTTP/1.1" 200 25862 "-" "expensesmanager/8 CFNetwork/1568.200.51 Darwin/24.2.0"
::ffff:10.0.0.7 - - [20/Mar/2025:03:41:23 +0000] "GET /plaid/accounts/ HTTP/1.1" 200 25862 "-" "expensesmanager/8 CFNetwork/1568.200.51 Darwin/24.2.0"
::ffff:10.0.0.7 - - [20/Mar/2025:03:42:11 +0000] "GET /plaid/accounts/ HTTP/1.1" 200 25862 "-" "expensesmanager/8 CFNetwork/1568.200.51 Darwin/24.2.0"
::1 - - [20/Mar/2025:03:42:24 +0000] "POST /plaid/publicTokenWebhook?uid=spl8wOi213gKu73RDUhPXviOC9V2 HTTP/1.1" 400 36 "-" "Go-http-client/2.0"
::1 - - [20/Mar/2025:03:42:30 +0000] "POST /plaid/publicTokenWebhook?uid=spl8wOi213gKu73RDUhPXviOC9V2 HTTP/1.1" 400 36 "-" "Go-http-client/2.0"
::ffff:10.0.0.7 - - [20/Mar/2025:03:43:06 +0000] "GET /plaid/accounts/ HTTP/1.1" 200 25862 "-" "expensesmanager/8 CFNetwork/1568.200.51 Darwin/24.2.0"
::ffff:10.0.0.7 - - [20/Mar/2025:03:43:52 +0000] "GET /plaid/accounts/ HTTP/1.1" 200 25862 "-" "expensesmanager/8 CFNetwork/1568.200.51 Darwin/24.2.0"
::ffff:10.0.0.7 - - [20/Mar/2025:03:47:21 +0000] "GET /plaid/accounts/ HTTP/1.1" 200 25862 "-" "expensesmanager/8 CFNetwork/1568.200.51 Darwin/24.2.0"
